###############################################################################
#                                                                             #
# IAR ANSI C/C++ Compiler V6.10.2.52244/W32 for ARM     14/Jul/2015  18:59:22 #
# Copyright 1999-2010 IAR Systems AB.                                         #
#                                                                             #
#    Cpu mode     =  arm                                                      #
#    Endian       =  little                                                   #
#    Source file  =  C:\DUII\TargetHW\GUI\CHECKBOX_SetDefaultImage.c          #
#    Command line =  C:\DUII\TargetHW\GUI\CHECKBOX_SetDefaultImage.c -D       #
#                    DEBUG=1 -D SDRAM_TARGET=1 -D USB_IS_HIGH_SPEED -D        #
#                    XIGNORE_TEMPERATURE -D BUILD_DEBUG_PORT -D PROFILER      #
#                    -lCN C:\DUII\TargetHW\Output\AT91SAM9RL64\Debug_SDRAM\Li #
#                    st\ -o C:\DUII\TargetHW\Output\AT91SAM9RL64\Debug_SDRAM\ #
#                    Obj\ --debug --endian=little --cpu=ARM926EJ-S -e         #
#                    --fpu=None --dlib_config "C:\Program Files (x86)\IAR     #
#                    Systems\Embedded Workbench 6.0\arm\INC\c\DLib_Config_Ful #
#                    l.h" -I C:\DUII\TargetHW\Application\SEGGERDEMO\ -I      #
#                    C:\DUII\TargetHW\Application\SEGGERDEMO\Src\ -I          #
#                    C:\DUII\TargetHW\Config\ -I C:\DUII\TargetHW\FS\ -I      #
#                    C:\DUII\TargetHW\GUI\ -I C:\DUII\TargetHW\Inc\ -I        #
#                    C:\DUII\TargetHW\OS\ -I C:\DUII\TargetHW\Setup\ -I       #
#                    \DUII\DUII\ -I \DUII\DUII\Graphics\ -I PROFILER\         #
#                    --cpu_mode arm -Ohs --use_c++_inline                     #
#                    --require_prototypes                                     #
#    List file    =  C:\DUII\TargetHW\Output\AT91SAM9RL64\Debug_SDRAM\List\CH #
#                    ECKBOX_SetDefaultImage.lst                               #
#    Object file  =  C:\DUII\TargetHW\Output\AT91SAM9RL64\Debug_SDRAM\Obj\CHE #
#                    CKBOX_SetDefaultImage.o                                  #
#                                                                             #
#                                                                             #
###############################################################################

C:\DUII\TargetHW\GUI\CHECKBOX_SetDefaultImage.c
      1          /*********************************************************************
      2          *                SEGGER Microcontroller GmbH & Co. KG                *
      3          *        Solutions for real time microcontroller applications        *
      4          **********************************************************************
      5          *                                                                    *
      6          *        (c) 1996 - 2010  SEGGER Microcontroller GmbH & Co. KG       *
      7          *                                                                    *
      8          *        Internet: www.segger.com    Support:  support@segger.com    *
      9          *                                                                    *
     10          **********************************************************************
     11          
     12          ** emWin V5.06 - Graphical user interface for embedded applications **
     13          emWin is protected by international copyright laws.   Knowledge of the
     14          source code may not be used to write a similar product.  This file may
     15          only be used in accordance with a license and should not be re-
     16          distributed in any way. We appreciate your understanding and fairness.
     17          ----------------------------------------------------------------------
     18          File        : CHECKBOX_SetDefaultImage.c
     19          Purpose     : Implementation of checkbox widget
     20          ---------------------------END-OF-HEADER------------------------------
     21          */
     22          
     23          #include "CHECKBOX_Private.h"
     24          
     25          #if GUI_WINSUPPORT
     26          
     27          /*********************************************************************
     28          *
     29          *       Exported code
     30          *
     31          **********************************************************************
     32          */

   \                                 In section .text, align 4, keep-with-next
     33          void CHECKBOX_SetDefaultImage(const GUI_BITMAP * pBitmap, unsigned int Index) {
     34            if (Index <= GUI_COUNTOF(CHECKBOX__DefaultProps.apBm)) {
   \                     CHECKBOX_SetDefaultImage:
   \   00000000   070051E3           CMP      R1,#+7
     35              CHECKBOX__DefaultProps.apBm[Index] = pBitmap;
   \   00000004   08209F35           LDRCC    R2,??CHECKBOX_SetDefaultImage_0
   \   00000008   01118230           ADDCC    R1,R2,R1, LSL #+2
   \   0000000C   24008135           STRCC    R0,[R1, #+36]
     36            }
     37          }
   \   00000010   1EFF2FE1           BX       LR               ;; return
   \                     ??CHECKBOX_SetDefaultImage_0:
   \   00000014   ........           DC32     CHECKBOX__DefaultProps
     38          
     39          #else                            /* Avoid problems with empty object modules */
     40            void CHECKBOX_SetDefaultImage_C(void);
     41            void CHECKBOX_SetDefaultImage_C(void) {}
     42          #endif

   Maximum stack usage in bytes:

     Function                 .cstack
     --------                 -------
     CHECKBOX_SetDefaultImage      0


   Section sizes:

     Function/Label           Bytes
     --------------           -----
     CHECKBOX_SetDefaultImage   24

 
 24 bytes in section .text
 
 24 bytes of CODE memory

Errors: none
Warnings: none
