###############################################################################
#                                                                             #
# IAR ELF Linker V6.10.2.52244/W32 for ARM              02/Feb/2016  18:32:12 #
# Copyright 2007-2010 IAR Systems AB.                                         #
#                                                                             #
#    Output file  =  C:\DUII\TargetHW\Output\AT91SAM9RL64\Debug_SDRAM\Exe\DUI #
#                    I.bin                                                    #
#    Map file     =  C:\DUII\TargetHW\Output\AT91SAM9RL64\Debug_SDRAM\List\DU #
#                    II.map                                                   #
#    Command line =  -f C:\DUII\TargetHW\EW3418.tmp                           #
#                    (C:\DUII\TargetHW\OS\os5t_al__dp.a                       #
#                    C:\DUII\TargetHW\OS\os5t_al__r.a                         #
#                    C:\DUII\TargetHW\Output\AT91SAM9RL64\Debug_SDRAM\Obj\0.o #
#                     C:\DUII\TargetHW\Output\AT91SAM9RL64\Debug_SDRAM\Obj\1. #
#                    o C:\DUII\TargetHW\Output\AT91SAM9RL64\Debug_SDRAM\Obj\2 #
#                    .o C:\DUII\TargetHW\Output\AT91SAM9RL64\Debug_SDRAM\Obj\ #
#                    3.o C:\DUII\TargetHW\Output\AT91SAM9RL64\Debug_SDRAM\Obj #
#                    \4.o C:\DUII\TargetHW\Output\AT91SAM9RL64\Debug_SDRAM\Ob #
#                    j\5.o C:\DUII\TargetHW\Output\AT91SAM9RL64\Debug_SDRAM\O #
#                    bj\AeroGrip.o C:\DUII\TargetHW\Output\AT91SAM9RL64\Debug #
#                    _SDRAM\Obj\AeroandTire.o C:\DUII\TargetHW\Output\AT91SAM #
#                    9RL64\Debug_SDRAM\Obj\Alarm.o                            #
#                    C:\DUII\TargetHW\Output\AT91SAM9RL64\Debug_SDRAM\Obj\Ala #
#                    rm1Active.o C:\DUII\TargetHW\Output\AT91SAM9RL64\Debug_S #
#                    DRAM\Obj\Alarm2Active.o C:\DUII\TargetHW\Output\AT91SAM9 #
#                    RL64\Debug_SDRAM\Obj\AlarmText.o                         #
#                    C:\DUII\TargetHW\Output\AT91SAM9RL64\Debug_SDRAM\Obj\Ana #
#                    log.o C:\DUII\TargetHW\Output\AT91SAM9RL64\Debug_SDRAM\O #
#                    bj\AnalogGaugeButtonOff.o C:\DUII\TargetHW\Output\AT91SA #
#                    M9RL64\Debug_SDRAM\Obj\AnalogInputSettings.o             #
#                    C:\DUII\TargetHW\Output\AT91SAM9RL64\Debug_SDRAM\Obj\Ana #
#                    logInputsScale.o C:\DUII\TargetHW\Output\AT91SAM9RL64\De #
#                    bug_SDRAM\Obj\Analogs.o C:\DUII\TargetHW\Output\AT91SAM9 #
#                    RL64\Debug_SDRAM\Obj\Archive.o                           #
#                    C:\DUII\TargetHW\Output\AT91SAM9RL64\Debug_SDRAM\Obj\Aut #
#                    o-xRally.o C:\DUII\TargetHW\Output\AT91SAM9RL64\Debug_SD #
#                    RAM\Obj\AutoOffButton.o C:\DUII\TargetHW\Output\AT91SAM9 #
#                    RL64\Debug_SDRAM\Obj\AutoOn.o                            #
#                    C:\DUII\TargetHW\Output\AT91SAM9RL64\Debug_SDRAM\Obj\Aut #
#                    oOnButton.o C:\DUII\TargetHW\Output\AT91SAM9RL64\Debug_S #
#                    DRAM\Obj\AutoStartButton.o C:\DUII\TargetHW\Output\AT91S #
#                    AM9RL64\Debug_SDRAM\Obj\AutoStartSetupText.o             #
#                    C:\DUII\TargetHW\Output\AT91SAM9RL64\Debug_SDRAM\Obj\Aut #
#                    oXAnalogGaugeButtonOn.o C:\DUII\TargetHW\Output\AT91SAM9 #
#                    RL64\Debug_SDRAM\Obj\AutoXDigitalGaugeButtonOn.o         #
#                    C:\DUII\TargetHW\Output\AT91SAM9RL64\Debug_SDRAM\Obj\Aut #
#                    oXSweepTachButtonOn.o C:\DUII\TargetHW\Output\AT91SAM9RL #
#                    64\Debug_SDRAM\Obj\AutocrossStageBackground.o            #
#                    C:\DUII\TargetHW\Output\AT91SAM9RL64\Debug_SDRAM\Obj\Aut #
#                    ocrossTouchToStage.o C:\DUII\TargetHW\Output\AT91SAM9RL6 #
#                    4\Debug_SDRAM\Obj\BSP.o C:\DUII\TargetHW\Output\AT91SAM9 #
#                    RL64\Debug_SDRAM\Obj\BUTTON.o                            #
#                    C:\DUII\TargetHW\Output\AT91SAM9RL64\Debug_SDRAM\Obj\BUT #
#                    TON_BMP.o C:\DUII\TargetHW\Output\AT91SAM9RL64\Debug_SDR #
#                    AM\Obj\BUTTON_Bitmap.o C:\DUII\TargetHW\Output\AT91SAM9R #
#                    L64\Debug_SDRAM\Obj\BUTTON_Color.o                       #
#                    C:\DUII\TargetHW\Output\AT91SAM9RL64\Debug_SDRAM\Obj\BUT #
#                    TON_Create.o C:\DUII\TargetHW\Output\AT91SAM9RL64\Debug_ #
#                    SDRAM\Obj\BUTTON_CreateIndirect.o                        #
#                    C:\DUII\TargetHW\Output\AT91SAM9RL64\Debug_SDRAM\Obj\BUT #
#                    TON_Default.o C:\DUII\TargetHW\Output\AT91SAM9RL64\Debug #
#                    _SDRAM\Obj\BUTTON_Get.o C:\DUII\TargetHW\Output\AT91SAM9 #
#                    RL64\Debug_SDRAM\Obj\BUTTON_GetBitmap.o                  #
#                    C:\DUII\TargetHW\Output\AT91SAM9RL64\Debug_SDRAM\Obj\BUT #
#                    TON_IsPressed.o C:\DUII\TargetHW\Output\AT91SAM9RL64\Deb #
#                    ug_SDRAM\Obj\BUTTON_SelfDraw.o                           #
#                    C:\DUII\TargetHW\Output\AT91SAM9RL64\Debug_SDRAM\Obj\BUT #
#                    TON_SetFocusColor.o C:\DUII\TargetHW\Output\AT91SAM9RL64 #
#                    \Debug_SDRAM\Obj\BUTTON_SetTextAlign.o                   #
#                    C:\DUII\TargetHW\Output\AT91SAM9RL64\Debug_SDRAM\Obj\BUT #
#                    TON_Skin.o C:\DUII\TargetHW\Output\AT91SAM9RL64\Debug_SD #
#                    RAM\Obj\BUTTON_SkinClassic.o                             #
#                    C:\DUII\TargetHW\Output\AT91SAM9RL64\Debug_SDRAM\Obj\BUT #
#                    TON_SkinFlex.o C:\DUII\TargetHW\Output\AT91SAM9RL64\Debu #
#                    g_SDRAM\Obj\BUTTON_StreamedBitmap.o                      #
#                    C:\DUII\TargetHW\Output\AT91SAM9RL64\Debug_SDRAM\Obj\BUT #
#                    TON__SetBitmapObj.o C:\DUII\TargetHW\Output\AT91SAM9RL64 #
#                    \Debug_SDRAM\Obj\Background.o                            #
#                    C:\DUII\TargetHW\Output\AT91SAM9RL64\Debug_SDRAM\Obj\Bac #
#                    kgroundWithPanel.o C:\DUII\TargetHW\Output\AT91SAM9RL64\ #
#                    Debug_SDRAM\Obj\Banner.o C:\DUII\TargetHW\Output\AT91SAM #
#                    9RL64\Debug_SDRAM\Obj\BestLapEver.o                      #
#                    C:\DUII\TargetHW\Output\AT91SAM9RL64\Debug_SDRAM\Obj\Bes #
#                    tLapSession.o C:\DUII\TargetHW\Output\AT91SAM9RL64\Debug #
#                    _SDRAM\Obj\BigGrayButton.o C:\DUII\TargetHW\Output\AT91S #
#                    AM9RL64\Debug_SDRAM\Obj\BigGreenButton.o                 #
#                    C:\DUII\TargetHW\Output\AT91SAM9RL64\Debug_SDRAM\Obj\Bla #
#                    ckBlankButton.o C:\DUII\TargetHW\Output\AT91SAM9RL64\Deb #
#                    ug_SDRAM\Obj\BlackButton.o C:\DUII\TargetHW\Output\AT91S #
#                    AM9RL64\Debug_SDRAM\Obj\BlueButton.o                     #
#                    C:\DUII\TargetHW\Output\AT91SAM9RL64\Debug_SDRAM\Obj\Bot #
#                    tomBar.o C:\DUII\TargetHW\Output\AT91SAM9RL64\Debug_SDRA #
#                    M\Obj\BrightIcon.o C:\DUII\TargetHW\Output\AT91SAM9RL64\ #
#                    Debug_SDRAM\Obj\BrownInputButton.o                       #
#                    C:\DUII\TargetHW\Output\AT91SAM9RL64\Debug_SDRAM\Obj\CHE #
#                    CKBOX.o C:\DUII\TargetHW\Output\AT91SAM9RL64\Debug_SDRAM #
#                    \Obj\CHECKBOX_Create.o C:\DUII\TargetHW\Output\AT91SAM9R #
#                    L64\Debug_SDRAM\Obj\CHECKBOX_CreateIndirect.o            #
#                    C:\DUII\TargetHW\Output\AT91SAM9RL64\Debug_SDRAM\Obj\CHE #
#                    CKBOX_Default.o C:\DUII\TargetHW\Output\AT91SAM9RL64\Deb #
#                    ug_SDRAM\Obj\CHECKBOX_GetState.o                         #
#                    C:\DUII\TargetHW\Output\AT91SAM9RL64\Debug_SDRAM\Obj\CHE #
#                    CKBOX_GetText.o C:\DUII\TargetHW\Output\AT91SAM9RL64\Deb #
#                    ug_SDRAM\Obj\CHECKBOX_Image.o                            #
#                    C:\DUII\TargetHW\Output\AT91SAM9RL64\Debug_SDRAM\Obj\CHE #
#                    CKBOX_IsChecked.o C:\DUII\TargetHW\Output\AT91SAM9RL64\D #
#                    ebug_SDRAM\Obj\CHECKBOX_SetBkColor.o                     #
#                    C:\DUII\TargetHW\Output\AT91SAM9RL64\Debug_SDRAM\Obj\CHE #
#                    CKBOX_SetBoxBkColor.o C:\DUII\TargetHW\Output\AT91SAM9RL #
#                    64\Debug_SDRAM\Obj\CHECKBOX_SetDefaultImage.o            #
#                    C:\DUII\TargetHW\Output\AT91SAM9RL64\Debug_SDRAM\Obj\CHE #
#                    CKBOX_SetFocusColor.o C:\DUII\TargetHW\Output\AT91SAM9RL #
#                    64\Debug_SDRAM\Obj\CHECKBOX_SetFont.o                    #
#                    C:\DUII\TargetHW\Output\AT91SAM9RL64\Debug_SDRAM\Obj\CHE #
#                    CKBOX_SetImage.o C:\DUII\TargetHW\Output\AT91SAM9RL64\De #
#                    bug_SDRAM\Obj\CHECKBOX_SetNumStates.o                    #
#                    C:\DUII\TargetHW\Output\AT91SAM9RL64\Debug_SDRAM\Obj\CHE #
#                    CKBOX_SetSpacing.o C:\DUII\TargetHW\Output\AT91SAM9RL64\ #
#                    Debug_SDRAM\Obj\CHECKBOX_SetState.o                      #
#                    C:\DUII\TargetHW\Output\AT91SAM9RL64\Debug_SDRAM\Obj\CHE #
#                    CKBOX_SetText.o C:\DUII\TargetHW\Output\AT91SAM9RL64\Deb #
#                    ug_SDRAM\Obj\CHECKBOX_SetTextAlign.o                     #
#                    C:\DUII\TargetHW\Output\AT91SAM9RL64\Debug_SDRAM\Obj\CHE #
#                    CKBOX_SetTextColor.o C:\DUII\TargetHW\Output\AT91SAM9RL6 #
#                    4\Debug_SDRAM\Obj\CHECKBOX_Skin.o                        #
#                    C:\DUII\TargetHW\Output\AT91SAM9RL64\Debug_SDRAM\Obj\CHE #
#                    CKBOX_SkinClassic.o C:\DUII\TargetHW\Output\AT91SAM9RL64 #
#                    \Debug_SDRAM\Obj\CHECKBOX_SkinFlex.o                     #
#                    C:\DUII\TargetHW\Output\AT91SAM9RL64\Debug_SDRAM\Obj\Cam #
#                    era.o C:\DUII\TargetHW\Output\AT91SAM9RL64\Debug_SDRAM\O #
#                    bj\CameraBlankIcon.o C:\DUII\TargetHW\Output\AT91SAM9RL6 #
#                    4\Debug_SDRAM\Obj\CameraNotReadyIcon.o                   #
#                    C:\DUII\TargetHW\Output\AT91SAM9RL64\Debug_SDRAM\Obj\Cam #
#                    eraReadyIcon.o C:\DUII\TargetHW\Output\AT91SAM9RL64\Debu #
#                    g_SDRAM\Obj\CameraRecordIcon.o                           #
#                    C:\DUII\TargetHW\Output\AT91SAM9RL64\Debug_SDRAM\Obj\Cam #
#                    eraSetupBanner.o C:\DUII\TargetHW\Output\AT91SAM9RL64\De #
#                    bug_SDRAM\Obj\CameraText.o C:\DUII\TargetHW\Output\AT91S #
#                    AM9RL64\Debug_SDRAM\Obj\Capital.o                        #
#                    C:\DUII\TargetHW\Output\AT91SAM9RL64\Debug_SDRAM\Obj\Car #
#                    MetricsBanner.o C:\DUII\TargetHW\Output\AT91SAM9RL64\Deb #
#                    ug_SDRAM\Obj\CarMetricsButton.o                          #
#                    C:\DUII\TargetHW\Output\AT91SAM9RL64\Debug_SDRAM\Obj\Cha #
#                    seCamIcon.o C:\DUII\TargetHW\Output\AT91SAM9RL64\Debug_S #
#                    DRAM\Obj\CheckIcon.o C:\DUII\TargetHW\Output\AT91SAM9RL6 #
#                    4\Debug_SDRAM\Obj\CheckTimesText.o                       #
#                    C:\DUII\TargetHW\Output\AT91SAM9RL64\Debug_SDRAM\Obj\Cho #
#                    oseTrack.o C:\DUII\TargetHW\Output\AT91SAM9RL64\Debug_SD #
#                    RAM\Obj\ChronoGauge.o C:\DUII\TargetHW\Output\AT91SAM9RL #
#                    64\Debug_SDRAM\Obj\ChronoScreen.o                        #
#                    C:\DUII\TargetHW\Output\AT91SAM9RL64\Debug_SDRAM\Obj\Chr #
#                    onometric.o C:\DUII\TargetHW\Output\AT91SAM9RL64\Debug_S #
#                    DRAM\Obj\Chronometric_NoTrans.o                          #
#                    C:\DUII\TargetHW\Output\AT91SAM9RL64\Debug_SDRAM\Obj\Chr #
#                    onometric_NoTrans_2.o C:\DUII\TargetHW\Output\AT91SAM9RL #
#                    64\Debug_SDRAM\Obj\Chronometric_original.o               #
#                    C:\DUII\TargetHW\Output\AT91SAM9RL64\Debug_SDRAM\Obj\Com #
#                    mSetup.o C:\DUII\TargetHW\Output\AT91SAM9RL64\Debug_SDRA #
#                    M\Obj\CommTask.o C:\DUII\TargetHW\Output\AT91SAM9RL64\De #
#                    bug_SDRAM\Obj\CompassList.o                              #
#                    C:\DUII\TargetHW\Output\AT91SAM9RL64\Debug_SDRAM\Obj\Con #
#                    figScreens.o C:\DUII\TargetHW\Output\AT91SAM9RL64\Debug_ #
#                    SDRAM\Obj\ConfigurableGaugeCommon.o                      #
#                    C:\DUII\TargetHW\Output\AT91SAM9RL64\Debug_SDRAM\Obj\Con #
#                    trolBase.o C:\DUII\TargetHW\Output\AT91SAM9RL64\Debug_SD #
#                    RAM\Obj\CustomArc.o C:\DUII\TargetHW\Output\AT91SAM9RL64 #
#                    \Debug_SDRAM\Obj\DIALOG.o C:\DUII\TargetHW\Output\AT91SA #
#                    M9RL64\Debug_SDRAM\Obj\DROPDOWN.o                        #
#                    C:\DUII\TargetHW\Output\AT91SAM9RL64\Debug_SDRAM\Obj\DRO #
#                    PDOWN_AddString.o C:\DUII\TargetHW\Output\AT91SAM9RL64\D #
#                    ebug_SDRAM\Obj\DROPDOWN_Create.o                         #
#                    C:\DUII\TargetHW\Output\AT91SAM9RL64\Debug_SDRAM\Obj\DRO #
#                    PDOWN_CreateIndirect.o C:\DUII\TargetHW\Output\AT91SAM9R #
#                    L64\Debug_SDRAM\Obj\DROPDOWN_Default.o                   #
#                    C:\DUII\TargetHW\Output\AT91SAM9RL64\Debug_SDRAM\Obj\DRO #
#                    PDOWN_DeleteItem.o C:\DUII\TargetHW\Output\AT91SAM9RL64\ #
#                    Debug_SDRAM\Obj\DROPDOWN_Expanded.o                      #
#                    C:\DUII\TargetHW\Output\AT91SAM9RL64\Debug_SDRAM\Obj\DRO #
#                    PDOWN_GetNumItems.o C:\DUII\TargetHW\Output\AT91SAM9RL64 #
#                    \Debug_SDRAM\Obj\DROPDOWN_InsertString.o                 #
#                    C:\DUII\TargetHW\Output\AT91SAM9RL64\Debug_SDRAM\Obj\DRO #
#                    PDOWN_ItemDisabled.o C:\DUII\TargetHW\Output\AT91SAM9RL6 #
#                    4\Debug_SDRAM\Obj\DROPDOWN_ItemSpacing.o                 #
#                    C:\DUII\TargetHW\Output\AT91SAM9RL64\Debug_SDRAM\Obj\DRO #
#                    PDOWN_SetAutoScroll.o C:\DUII\TargetHW\Output\AT91SAM9RL #
#                    64\Debug_SDRAM\Obj\DROPDOWN_SetBkColor.o                 #
#                    C:\DUII\TargetHW\Output\AT91SAM9RL64\Debug_SDRAM\Obj\DRO #
#                    PDOWN_SetColor.o C:\DUII\TargetHW\Output\AT91SAM9RL64\De #
#                    bug_SDRAM\Obj\DROPDOWN_SetFont.o                         #
#                    C:\DUII\TargetHW\Output\AT91SAM9RL64\Debug_SDRAM\Obj\DRO #
#                    PDOWN_SetScrollbarColor.o C:\DUII\TargetHW\Output\AT91SA #
#                    M9RL64\Debug_SDRAM\Obj\DROPDOWN_SetScrollbarWidth.o      #
#                    C:\DUII\TargetHW\Output\AT91SAM9RL64\Debug_SDRAM\Obj\DRO #
#                    PDOWN_SetTextAlign.o C:\DUII\TargetHW\Output\AT91SAM9RL6 #
#                    4\Debug_SDRAM\Obj\DROPDOWN_SetTextColor.o                #
#                    C:\DUII\TargetHW\Output\AT91SAM9RL64\Debug_SDRAM\Obj\DRO #
#                    PDOWN_SetTextHeight.o C:\DUII\TargetHW\Output\AT91SAM9RL #
#                    64\Debug_SDRAM\Obj\DROPDOWN_Skin.o                       #
#                    C:\DUII\TargetHW\Output\AT91SAM9RL64\Debug_SDRAM\Obj\DRO #
#                    PDOWN_SkinClassic.o C:\DUII\TargetHW\Output\AT91SAM9RL64 #
#                    \Debug_SDRAM\Obj\DROPDOWN_SkinFlex.o                     #
#                    C:\DUII\TargetHW\Output\AT91SAM9RL64\Debug_SDRAM\Obj\DUI #
#                    I_Main.o C:\DUII\TargetHW\Output\AT91SAM9RL64\Debug_SDRA #
#                    M\Obj\DarkAsphalt.o C:\DUII\TargetHW\Output\AT91SAM9RL64 #
#                    \Debug_SDRAM\Obj\DarkIcon.o                              #
#                    C:\DUII\TargetHW\Output\AT91SAM9RL64\Debug_SDRAM\Obj\Dat #
#                    aHandler.o C:\DUII\TargetHW\Output\AT91SAM9RL64\Debug_SD #
#                    RAM\Obj\DefaultGauge.o C:\DUII\TargetHW\Output\AT91SAM9R #
#                    L64\Debug_SDRAM\Obj\DeleteKey.o                          #
#                    C:\DUII\TargetHW\Output\AT91SAM9RL64\Debug_SDRAM\Obj\Dia #
#                    logBox.o C:\DUII\TargetHW\Output\AT91SAM9RL64\Debug_SDRA #
#                    M\Obj\DiffRatio.o C:\DUII\TargetHW\Output\AT91SAM9RL64\D #
#                    ebug_SDRAM\Obj\Digital.o C:\DUII\TargetHW\Output\AT91SAM #
#                    9RL64\Debug_SDRAM\Obj\DigitalAlarm.o                     #
#                    C:\DUII\TargetHW\Output\AT91SAM9RL64\Debug_SDRAM\Obj\Dig #
#                    italBarBlueSweep.o C:\DUII\TargetHW\Output\AT91SAM9RL64\ #
#                    Debug_SDRAM\Obj\DigitalDisplay.o                         #
#                    C:\DUII\TargetHW\Output\AT91SAM9RL64\Debug_SDRAM\Obj\Dig #
#                    italGaugeButtonOff.o C:\DUII\TargetHW\Output\AT91SAM9RL6 #
#                    4\Debug_SDRAM\Obj\DigitalGaugeScreen.o                   #
#                    C:\DUII\TargetHW\Output\AT91SAM9RL64\Debug_SDRAM\Obj\Dig #
#                    italInputSettings.o C:\DUII\TargetHW\Output\AT91SAM9RL64 #
#                    \Debug_SDRAM\Obj\DigitalStringOutput.o                   #
#                    C:\DUII\TargetHW\Output\AT91SAM9RL64\Debug_SDRAM\Obj\Dis #
#                    play.o C:\DUII\TargetHW\Output\AT91SAM9RL64\Debug_SDRAM\ #
#                    Obj\DisplayText.o C:\DUII\TargetHW\Output\AT91SAM9RL64\D #
#                    ebug_SDRAM\Obj\DoubleBlueButton.o                        #
#                    C:\DUII\TargetHW\Output\AT91SAM9RL64\Debug_SDRAM\Obj\Dra #
#                    gAnalogGaugeButtonOn.o C:\DUII\TargetHW\Output\AT91SAM9R #
#                    L64\Debug_SDRAM\Obj\DragAutoXScreens.o                   #
#                    C:\DUII\TargetHW\Output\AT91SAM9RL64\Debug_SDRAM\Obj\Dra #
#                    gButton.o C:\DUII\TargetHW\Output\AT91SAM9RL64\Debug_SDR #
#                    AM\Obj\DragDigitalGaugeButtonOn.o                        #
#                    C:\DUII\TargetHW\Output\AT91SAM9RL64\Debug_SDRAM\Obj\Dra #
#                    gStageBackground.o C:\DUII\TargetHW\Output\AT91SAM9RL64\ #
#                    Debug_SDRAM\Obj\DragSweepTachButtonOn.o                  #
#                    C:\DUII\TargetHW\Output\AT91SAM9RL64\Debug_SDRAM\Obj\Dra #
#                    gTouchToStage.o C:\DUII\TargetHW\Output\AT91SAM9RL64\Deb #
#                    ug_SDRAM\Obj\Drive.o C:\DUII\TargetHW\Output\AT91SAM9RL6 #
#                    4\Debug_SDRAM\Obj\DriveButton.o                          #
#                    C:\DUII\TargetHW\Output\AT91SAM9RL64\Debug_SDRAM\Obj\Dri #
#                    veMode.o C:\DUII\TargetHW\Output\AT91SAM9RL64\Debug_SDRA #
#                    M\Obj\DriveModeBackground.o                              #
#                    C:\DUII\TargetHW\Output\AT91SAM9RL64\Debug_SDRAM\Obj\Dri #
#                    veModeBackgroundNewCompass.o                             #
#                    C:\DUII\TargetHW\Output\AT91SAM9RL64\Debug_SDRAM\Obj\Dri #
#                    veModeBackground_Live.o C:\DUII\TargetHW\Output\AT91SAM9 #
#                    RL64\Debug_SDRAM\Obj\DriveModeScreen.o                   #
#                    C:\DUII\TargetHW\Output\AT91SAM9RL64\Debug_SDRAM\Obj\Dri #
#                    veModeSetup.o C:\DUII\TargetHW\Output\AT91SAM9RL64\Debug #
#                    _SDRAM\Obj\DriveScreen.o C:\DUII\TargetHW\Output\AT91SAM #
#                    9RL64\Debug_SDRAM\Obj\Driver.o                           #
#                    C:\DUII\TargetHW\Output\AT91SAM9RL64\Debug_SDRAM\Obj\Dri #
#                    verName.o C:\DUII\TargetHW\Output\AT91SAM9RL64\Debug_SDR #
#                    AM\Obj\DriverText.o C:\DUII\TargetHW\Output\AT91SAM9RL64 #
#                    \Debug_SDRAM\Obj\DualGaugeBackground.o                   #
#                    C:\DUII\TargetHW\Output\AT91SAM9RL64\Debug_SDRAM\Obj\Dua #
#                    lGaugeScreen.o C:\DUII\TargetHW\Output\AT91SAM9RL64\Debu #
#                    g_SDRAM\Obj\DummyAnalog.o C:\DUII\TargetHW\Output\AT91SA #
#                    M9RL64\Debug_SDRAM\Obj\DummyDigital.o                    #
#                    C:\DUII\TargetHW\Output\AT91SAM9RL64\Debug_SDRAM\Obj\E.o #
#                     C:\DUII\TargetHW\Output\AT91SAM9RL64\Debug_SDRAM\Obj\ED #
#                    IT.o C:\DUII\TargetHW\Output\AT91SAM9RL64\Debug_SDRAM\Ob #
#                    j\EDITBin.o C:\DUII\TargetHW\Output\AT91SAM9RL64\Debug_S #
#                    DRAM\Obj\EDITDec.o C:\DUII\TargetHW\Output\AT91SAM9RL64\ #
#                    Debug_SDRAM\Obj\EDITFloat.o                              #
#                    C:\DUII\TargetHW\Output\AT91SAM9RL64\Debug_SDRAM\Obj\EDI #
#                    THex.o C:\DUII\TargetHW\Output\AT91SAM9RL64\Debug_SDRAM\ #
#                    Obj\EDITUlong.o C:\DUII\TargetHW\Output\AT91SAM9RL64\Deb #
#                    ug_SDRAM\Obj\EDIT_Create.o C:\DUII\TargetHW\Output\AT91S #
#                    AM9RL64\Debug_SDRAM\Obj\EDIT_CreateIndirect.o            #
#                    C:\DUII\TargetHW\Output\AT91SAM9RL64\Debug_SDRAM\Obj\EDI #
#                    T_Default.o C:\DUII\TargetHW\Output\AT91SAM9RL64\Debug_S #
#                    DRAM\Obj\EDIT_EnableBlink.o                              #
#                    C:\DUII\TargetHW\Output\AT91SAM9RL64\Debug_SDRAM\Obj\EDI #
#                    T_GetCursorPixelPos.o C:\DUII\TargetHW\Output\AT91SAM9RL #
#                    64\Debug_SDRAM\Obj\EDIT_GetCursorPos.o                   #
#                    C:\DUII\TargetHW\Output\AT91SAM9RL64\Debug_SDRAM\Obj\EDI #
#                    T_GetNumChars.o C:\DUII\TargetHW\Output\AT91SAM9RL64\Deb #
#                    ug_SDRAM\Obj\EDIT_SetCursorAtChar.o                      #
#                    C:\DUII\TargetHW\Output\AT91SAM9RL64\Debug_SDRAM\Obj\EDI #
#                    T_SetFocussable.o C:\DUII\TargetHW\Output\AT91SAM9RL64\D #
#                    ebug_SDRAM\Obj\EDIT_SetInsertMode.o                      #
#                    C:\DUII\TargetHW\Output\AT91SAM9RL64\Debug_SDRAM\Obj\EDI #
#                    T_SetSel.o C:\DUII\TargetHW\Output\AT91SAM9RL64\Debug_SD #
#                    RAM\Obj\EDIT_SetTextMode.o C:\DUII\TargetHW\Output\AT91S #
#                    AM9RL64\Debug_SDRAM\Obj\EDIT_SetpfAddKeyEx.o             #
#                    C:\DUII\TargetHW\Output\AT91SAM9RL64\Debug_SDRAM\Obj\EDI #
#                    T_SetpfUpdateBuffer.o C:\DUII\TargetHW\Output\AT91SAM9RL #
#                    64\Debug_SDRAM\Obj\ENE.o C:\DUII\TargetHW\Output\AT91SAM #
#                    9RL64\Debug_SDRAM\Obj\ESE.o                              #
#                    C:\DUII\TargetHW\Output\AT91SAM9RL64\Debug_SDRAM\Obj\Eng #
#                    ineCylinders.o C:\DUII\TargetHW\Output\AT91SAM9RL64\Debu #
#                    g_SDRAM\Obj\EraseAll.o C:\DUII\TargetHW\Output\AT91SAM9R #
#                    L64\Debug_SDRAM\Obj\EraseSD.o                            #
#                    C:\DUII\TargetHW\Output\AT91SAM9RL64\Debug_SDRAM\Obj\F08 #
#                    _1.o C:\DUII\TargetHW\Output\AT91SAM9RL64\Debug_SDRAM\Ob #
#                    j\F08_ASCII.o C:\DUII\TargetHW\Output\AT91SAM9RL64\Debug #
#                    _SDRAM\Obj\F10S_1.o C:\DUII\TargetHW\Output\AT91SAM9RL64 #
#                    \Debug_SDRAM\Obj\F10S_ASCII.o                            #
#                    C:\DUII\TargetHW\Output\AT91SAM9RL64\Debug_SDRAM\Obj\F10 #
#                    _1.o C:\DUII\TargetHW\Output\AT91SAM9RL64\Debug_SDRAM\Ob #
#                    j\F10_ASCII.o C:\DUII\TargetHW\Output\AT91SAM9RL64\Debug #
#                    _SDRAM\Obj\F13B_1.o C:\DUII\TargetHW\Output\AT91SAM9RL64 #
#                    \Debug_SDRAM\Obj\F13B_ASCII.o                            #
#                    C:\DUII\TargetHW\Output\AT91SAM9RL64\Debug_SDRAM\Obj\F13 #
#                    HB_1.o C:\DUII\TargetHW\Output\AT91SAM9RL64\Debug_SDRAM\ #
#                    Obj\F13HB_ASCII.o C:\DUII\TargetHW\Output\AT91SAM9RL64\D #
#                    ebug_SDRAM\Obj\F13H_1.o C:\DUII\TargetHW\Output\AT91SAM9 #
#                    RL64\Debug_SDRAM\Obj\F13H_ASCII.o                        #
#                    C:\DUII\TargetHW\Output\AT91SAM9RL64\Debug_SDRAM\Obj\F13 #
#                    _1.o C:\DUII\TargetHW\Output\AT91SAM9RL64\Debug_SDRAM\Ob #
#                    j\F13_ASCII.o C:\DUII\TargetHW\Output\AT91SAM9RL64\Debug #
#                    _SDRAM\Obj\F16B_1.o C:\DUII\TargetHW\Output\AT91SAM9RL64 #
#                    \Debug_SDRAM\Obj\F16B_ASCII.o                            #
#                    C:\DUII\TargetHW\Output\AT91SAM9RL64\Debug_SDRAM\Obj\F16 #
#                    _1.o C:\DUII\TargetHW\Output\AT91SAM9RL64\Debug_SDRAM\Ob #
#                    j\F16_1HK.o C:\DUII\TargetHW\Output\AT91SAM9RL64\Debug_S #
#                    DRAM\Obj\F16_ASCII.o C:\DUII\TargetHW\Output\AT91SAM9RL6 #
#                    4\Debug_SDRAM\Obj\F16_HK.o C:\DUII\TargetHW\Output\AT91S #
#                    AM9RL64\Debug_SDRAM\Obj\F20B_1.o                         #
#                    C:\DUII\TargetHW\Output\AT91SAM9RL64\Debug_SDRAM\Obj\F20 #
#                    B_ASCII.o C:\DUII\TargetHW\Output\AT91SAM9RL64\Debug_SDR #
#                    AM\Obj\F20F_ASCII.o C:\DUII\TargetHW\Output\AT91SAM9RL64 #
#                    \Debug_SDRAM\Obj\F20_1.o C:\DUII\TargetHW\Output\AT91SAM #
#                    9RL64\Debug_SDRAM\Obj\F20_ASCII.o                        #
#                    C:\DUII\TargetHW\Output\AT91SAM9RL64\Debug_SDRAM\Obj\F24 #
#                    B_1.o C:\DUII\TargetHW\Output\AT91SAM9RL64\Debug_SDRAM\O #
#                    bj\F24B_ASCII.o C:\DUII\TargetHW\Output\AT91SAM9RL64\Deb #
#                    ug_SDRAM\Obj\F24_1.o C:\DUII\TargetHW\Output\AT91SAM9RL6 #
#                    4\Debug_SDRAM\Obj\F24_ASCII.o                            #
#                    C:\DUII\TargetHW\Output\AT91SAM9RL64\Debug_SDRAM\Obj\F32 #
#                    B_1.o C:\DUII\TargetHW\Output\AT91SAM9RL64\Debug_SDRAM\O #
#                    bj\F32B_ASCII.o C:\DUII\TargetHW\Output\AT91SAM9RL64\Deb #
#                    ug_SDRAM\Obj\F32_1.o C:\DUII\TargetHW\Output\AT91SAM9RL6 #
#                    4\Debug_SDRAM\Obj\F32_ASCII.o                            #
#                    C:\DUII\TargetHW\Output\AT91SAM9RL64\Debug_SDRAM\Obj\F4x #
#                    6.o C:\DUII\TargetHW\Output\AT91SAM9RL64\Debug_SDRAM\Obj #
#                    \F6x8.o C:\DUII\TargetHW\Output\AT91SAM9RL64\Debug_SDRAM #
#                    \Obj\F6x8_1.o C:\DUII\TargetHW\Output\AT91SAM9RL64\Debug #
#                    _SDRAM\Obj\F6x8_ASCII.o C:\DUII\TargetHW\Output\AT91SAM9 #
#                    RL64\Debug_SDRAM\Obj\F8x10_ASCII.o                       #
#                    C:\DUII\TargetHW\Output\AT91SAM9RL64\Debug_SDRAM\Obj\F8x #
#                    12_ASCII.o C:\DUII\TargetHW\Output\AT91SAM9RL64\Debug_SD #
#                    RAM\Obj\F8x13_1.o C:\DUII\TargetHW\Output\AT91SAM9RL64\D #
#                    ebug_SDRAM\Obj\F8x13_ASCII.o                             #
#                    C:\DUII\TargetHW\Output\AT91SAM9RL64\Debug_SDRAM\Obj\F8x #
#                    15B_1.o C:\DUII\TargetHW\Output\AT91SAM9RL64\Debug_SDRAM #
#                    \Obj\F8x15B_ASCII.o C:\DUII\TargetHW\Output\AT91SAM9RL64 #
#                    \Debug_SDRAM\Obj\F8x16.o C:\DUII\TargetHW\Output\AT91SAM #
#                    9RL64\Debug_SDRAM\Obj\F8x16_1.o                          #
#                    C:\DUII\TargetHW\Output\AT91SAM9RL64\Debug_SDRAM\Obj\F8x #
#                    16_ASCII.o C:\DUII\TargetHW\Output\AT91SAM9RL64\Debug_SD #
#                    RAM\Obj\F8x8.o C:\DUII\TargetHW\Output\AT91SAM9RL64\Debu #
#                    g_SDRAM\Obj\F8x8_1.o C:\DUII\TargetHW\Output\AT91SAM9RL6 #
#                    4\Debug_SDRAM\Obj\F8x8_ASCII.o                           #
#                    C:\DUII\TargetHW\Output\AT91SAM9RL64\Debug_SDRAM\Obj\FAT #
#                    _API.o C:\DUII\TargetHW\Output\AT91SAM9RL64\Debug_SDRAM\ #
#                    Obj\FAT_CheckDisk.o C:\DUII\TargetHW\Output\AT91SAM9RL64 #
#                    \Debug_SDRAM\Obj\FAT_Dir.o C:\DUII\TargetHW\Output\AT91S #
#                    AM9RL64\Debug_SDRAM\Obj\FAT_DirEntry.o                   #
#                    C:\DUII\TargetHW\Output\AT91SAM9RL64\Debug_SDRAM\Obj\FAT #
#                    _DiskInfo.o C:\DUII\TargetHW\Output\AT91SAM9RL64\Debug_S #
#                    DRAM\Obj\FAT_Format.o C:\DUII\TargetHW\Output\AT91SAM9RL #
#                    64\Debug_SDRAM\Obj\FAT_FormatSD.o                        #
#                    C:\DUII\TargetHW\Output\AT91SAM9RL64\Debug_SDRAM\Obj\FAT #
#                    _Ioct.o C:\DUII\TargetHW\Output\AT91SAM9RL64\Debug_SDRAM #
#                    \Obj\FAT_LFN.o C:\DUII\TargetHW\Output\AT91SAM9RL64\Debu #
#                    g_SDRAM\Obj\FAT_Misc.o C:\DUII\TargetHW\Output\AT91SAM9R #
#                    L64\Debug_SDRAM\Obj\FAT_Move.o                           #
#                    C:\DUII\TargetHW\Output\AT91SAM9RL64\Debug_SDRAM\Obj\FAT #
#                    _Open.o C:\DUII\TargetHW\Output\AT91SAM9RL64\Debug_SDRAM #
#                    \Obj\FAT_Read.o C:\DUII\TargetHW\Output\AT91SAM9RL64\Deb #
#                    ug_SDRAM\Obj\FAT_Rename.o C:\DUII\TargetHW\Output\AT91SA #
#                    M9RL64\Debug_SDRAM\Obj\FAT_SetEndOfFile.o                #
#                    C:\DUII\TargetHW\Output\AT91SAM9RL64\Debug_SDRAM\Obj\FAT #
#                    _VolumeLabel.o C:\DUII\TargetHW\Output\AT91SAM9RL64\Debu #
#                    g_SDRAM\Obj\FAT_Write.o C:\DUII\TargetHW\Output\AT91SAM9 #
#                    RL64\Debug_SDRAM\Obj\FComic18B_1.o                       #
#                    C:\DUII\TargetHW\Output\AT91SAM9RL64\Debug_SDRAM\Obj\FCo #
#                    mic18B_ASCII.o C:\DUII\TargetHW\Output\AT91SAM9RL64\Debu #
#                    g_SDRAM\Obj\FComic24B_1.o C:\DUII\TargetHW\Output\AT91SA #
#                    M9RL64\Debug_SDRAM\Obj\FComic24B_ASCII.o                 #
#                    C:\DUII\TargetHW\Output\AT91SAM9RL64\Debug_SDRAM\Obj\FD2 #
#                    4x32.o C:\DUII\TargetHW\Output\AT91SAM9RL64\Debug_SDRAM\ #
#                    Obj\FD32.o C:\DUII\TargetHW\Output\AT91SAM9RL64\Debug_SD #
#                    RAM\Obj\FD36x48.o C:\DUII\TargetHW\Output\AT91SAM9RL64\D #
#                    ebug_SDRAM\Obj\FD48.o C:\DUII\TargetHW\Output\AT91SAM9RL #
#                    64\Debug_SDRAM\Obj\FD48x64.o                             #
#                    C:\DUII\TargetHW\Output\AT91SAM9RL64\Debug_SDRAM\Obj\FD6 #
#                    0x80.o C:\DUII\TargetHW\Output\AT91SAM9RL64\Debug_SDRAM\ #
#                    Obj\FD64.o C:\DUII\TargetHW\Output\AT91SAM9RL64\Debug_SD #
#                    RAM\Obj\FD80.o C:\DUII\TargetHW\Output\AT91SAM9RL64\Debu #
#                    g_SDRAM\Obj\FRAMEWIN.o C:\DUII\TargetHW\Output\AT91SAM9R #
#                    L64\Debug_SDRAM\Obj\FRAMEWIN_AddMenu.o                   #
#                    C:\DUII\TargetHW\Output\AT91SAM9RL64\Debug_SDRAM\Obj\FRA #
#                    MEWIN_Button.o C:\DUII\TargetHW\Output\AT91SAM9RL64\Debu #
#                    g_SDRAM\Obj\FRAMEWIN_ButtonClose.o                       #
#                    C:\DUII\TargetHW\Output\AT91SAM9RL64\Debug_SDRAM\Obj\FRA #
#                    MEWIN_ButtonMax.o C:\DUII\TargetHW\Output\AT91SAM9RL64\D #
#                    ebug_SDRAM\Obj\FRAMEWIN_ButtonMin.o                      #
#                    C:\DUII\TargetHW\Output\AT91SAM9RL64\Debug_SDRAM\Obj\FRA #
#                    MEWIN_Create.o C:\DUII\TargetHW\Output\AT91SAM9RL64\Debu #
#                    g_SDRAM\Obj\FRAMEWIN_CreateIndirect.o                    #
#                    C:\DUII\TargetHW\Output\AT91SAM9RL64\Debug_SDRAM\Obj\FRA #
#                    MEWIN_Default.o C:\DUII\TargetHW\Output\AT91SAM9RL64\Deb #
#                    ug_SDRAM\Obj\FRAMEWIN_Get.o                              #
#                    C:\DUII\TargetHW\Output\AT91SAM9RL64\Debug_SDRAM\Obj\FRA #
#                    MEWIN_IsMinMax.o C:\DUII\TargetHW\Output\AT91SAM9RL64\De #
#                    bug_SDRAM\Obj\FRAMEWIN_MinMaxRest.o                      #
#                    C:\DUII\TargetHW\Output\AT91SAM9RL64\Debug_SDRAM\Obj\FRA #
#                    MEWIN_SetBorderSize.o C:\DUII\TargetHW\Output\AT91SAM9RL #
#                    64\Debug_SDRAM\Obj\FRAMEWIN_SetColors.o                  #
#                    C:\DUII\TargetHW\Output\AT91SAM9RL64\Debug_SDRAM\Obj\FRA #
#                    MEWIN_SetFont.o C:\DUII\TargetHW\Output\AT91SAM9RL64\Deb #
#                    ug_SDRAM\Obj\FRAMEWIN_SetOwnerDraw.o                     #
#                    C:\DUII\TargetHW\Output\AT91SAM9RL64\Debug_SDRAM\Obj\FRA #
#                    MEWIN_SetResizeable.o C:\DUII\TargetHW\Output\AT91SAM9RL #
#                    64\Debug_SDRAM\Obj\FRAMEWIN_SetTitleHeight.o             #
#                    C:\DUII\TargetHW\Output\AT91SAM9RL64\Debug_SDRAM\Obj\FRA #
#                    MEWIN_SetTitleVis.o C:\DUII\TargetHW\Output\AT91SAM9RL64 #
#                    \Debug_SDRAM\Obj\FRAMEWIN_Skin.o                         #
#                    C:\DUII\TargetHW\Output\AT91SAM9RL64\Debug_SDRAM\Obj\FRA #
#                    MEWIN_SkinClassic.o C:\DUII\TargetHW\Output\AT91SAM9RL64 #
#                    \Debug_SDRAM\Obj\FRAMEWIN_SkinFlex.o                     #
#                    C:\DUII\TargetHW\Output\AT91SAM9RL64\Debug_SDRAM\Obj\FRA #
#                    MEWIN__UpdateButtons.o C:\DUII\TargetHW\Output\AT91SAM9R #
#                    L64\Debug_SDRAM\Obj\FS_AddSpaceHex.o                     #
#                    C:\DUII\TargetHW\Output\AT91SAM9RL64\Debug_SDRAM\Obj\FS_ #
#                    AssignCache.o C:\DUII\TargetHW\Output\AT91SAM9RL64\Debug #
#                    _SDRAM\Obj\FS_Attrib.o C:\DUII\TargetHW\Output\AT91SAM9R #
#                    L64\Debug_SDRAM\Obj\FS_CLib.o                            #
#                    C:\DUII\TargetHW\Output\AT91SAM9RL64\Debug_SDRAM\Obj\FS_ #
#                    CRC32.o C:\DUII\TargetHW\Output\AT91SAM9RL64\Debug_SDRAM #
#                    \Obj\FS_CacheAll.o C:\DUII\TargetHW\Output\AT91SAM9RL64\ #
#                    Debug_SDRAM\Obj\FS_CacheMan.o                            #
#                    C:\DUII\TargetHW\Output\AT91SAM9RL64\Debug_SDRAM\Obj\FS_ #
#                    CacheRW.o C:\DUII\TargetHW\Output\AT91SAM9RL64\Debug_SDR #
#                    AM\Obj\FS_CacheRWQuota.o C:\DUII\TargetHW\Output\AT91SAM #
#                    9RL64\Debug_SDRAM\Obj\FS_ConfigIO.o                      #
#                    C:\DUII\TargetHW\Output\AT91SAM9RL64\Debug_SDRAM\Obj\FS_ #
#                    ConfigMMC_CM_Atmel_AT91SAM9RL64.o                        #
#                    C:\DUII\TargetHW\Output\AT91SAM9RL64\Debug_SDRAM\Obj\FS_ #
#                    CopyFile.o C:\DUII\TargetHW\Output\AT91SAM9RL64\Debug_SD #
#                    RAM\Obj\FS_Core.o C:\DUII\TargetHW\Output\AT91SAM9RL64\D #
#                    ebug_SDRAM\Obj\FS_CreateDir.o                            #
#                    C:\DUII\TargetHW\Output\AT91SAM9RL64\Debug_SDRAM\Obj\FS_ #
#                    Dir.o C:\DUII\TargetHW\Output\AT91SAM9RL64\Debug_SDRAM\O #
#                    bj\FS_DirOld.o C:\DUII\TargetHW\Output\AT91SAM9RL64\Debu #
#                    g_SDRAM\Obj\FS_ErrorNo2Text.o                            #
#                    C:\DUII\TargetHW\Output\AT91SAM9RL64\Debug_SDRAM\Obj\FS_ #
#                    ErrorOut.o C:\DUII\TargetHW\Output\AT91SAM9RL64\Debug_SD #
#                    RAM\Obj\FS_FRead.o C:\DUII\TargetHW\Output\AT91SAM9RL64\ #
#                    Debug_SDRAM\Obj\FS_FWrite.o                              #
#                    C:\DUII\TargetHW\Output\AT91SAM9RL64\Debug_SDRAM\Obj\FS_ #
#                    Format.o C:\DUII\TargetHW\Output\AT91SAM9RL64\Debug_SDRA #
#                    M\Obj\FS_GetFilePos.o C:\DUII\TargetHW\Output\AT91SAM9RL #
#                    64\Debug_SDRAM\Obj\FS_GetFileSize.o                      #
#                    C:\DUII\TargetHW\Output\AT91SAM9RL64\Debug_SDRAM\Obj\FS_ #
#                    GetNumFiles.o C:\DUII\TargetHW\Output\AT91SAM9RL64\Debug #
#                    _SDRAM\Obj\FS_GetNumOpenFiles.o                          #
#                    C:\DUII\TargetHW\Output\AT91SAM9RL64\Debug_SDRAM\Obj\FS_ #
#                    Log.o C:\DUII\TargetHW\Output\AT91SAM9RL64\Debug_SDRAM\O #
#                    bj\FS_LogBlock.o C:\DUII\TargetHW\Output\AT91SAM9RL64\De #
#                    bug_SDRAM\Obj\FS_LogVolume.o                             #
#                    C:\DUII\TargetHW\Output\AT91SAM9RL64\Debug_SDRAM\Obj\FS_ #
#                    MAP.o C:\DUII\TargetHW\Output\AT91SAM9RL64\Debug_SDRAM\O #
#                    bj\FS_MCI_HW_AT91SAM9RL64.o                              #
#                    C:\DUII\TargetHW\Output\AT91SAM9RL64\Debug_SDRAM\Obj\FS_ #
#                    Misc.o C:\DUII\TargetHW\Output\AT91SAM9RL64\Debug_SDRAM\ #
#                    Obj\FS_Move.o C:\DUII\TargetHW\Output\AT91SAM9RL64\Debug #
#                    _SDRAM\Obj\FS_OS_Interface.o                             #
#                    C:\DUII\TargetHW\Output\AT91SAM9RL64\Debug_SDRAM\Obj\FS_ #
#                    Partition.o C:\DUII\TargetHW\Output\AT91SAM9RL64\Debug_S #
#                    DRAM\Obj\FS_Read.o C:\DUII\TargetHW\Output\AT91SAM9RL64\ #
#                    Debug_SDRAM\Obj\FS_Rename.o                              #
#                    C:\DUII\TargetHW\Output\AT91SAM9RL64\Debug_SDRAM\Obj\FS_ #
#                    SetEndOfFile.o C:\DUII\TargetHW\Output\AT91SAM9RL64\Debu #
#                    g_SDRAM\Obj\FS_SetFilePos.o                              #
#                    C:\DUII\TargetHW\Output\AT91SAM9RL64\Debug_SDRAM\Obj\FS_ #
#                    Storage.o C:\DUII\TargetHW\Output\AT91SAM9RL64\Debug_SDR #
#                    AM\Obj\FS_Time.o C:\DUII\TargetHW\Output\AT91SAM9RL64\De #
#                    bug_SDRAM\Obj\FS_Truncate.o                              #
#                    C:\DUII\TargetHW\Output\AT91SAM9RL64\Debug_SDRAM\Obj\FS_ #
#                    Unmount.o C:\DUII\TargetHW\Output\AT91SAM9RL64\Debug_SDR #
#                    AM\Obj\FS_Verify.o C:\DUII\TargetHW\Output\AT91SAM9RL64\ #
#                    Debug_SDRAM\Obj\FS_Volume.o                              #
#                    C:\DUII\TargetHW\Output\AT91SAM9RL64\Debug_SDRAM\Obj\FS_ #
#                    Warn.o C:\DUII\TargetHW\Output\AT91SAM9RL64\Debug_SDRAM\ #
#                    Obj\FS_Write.o C:\DUII\TargetHW\Output\AT91SAM9RL64\Debu #
#                    g_SDRAM\Obj\FS_X_embOS.o C:\DUII\TargetHW\Output\AT91SAM #
#                    9RL64\Debug_SDRAM\Obj\FS__ECC256.o                       #
#                    C:\DUII\TargetHW\Output\AT91SAM9RL64\Debug_SDRAM\Obj\FS_ #
#                    memcpy.o C:\DUII\TargetHW\Output\AT91SAM9RL64\Debug_SDRA #
#                    M\Obj\FactoryCheckout.o C:\DUII\TargetHW\Output\AT91SAM9 #
#                    RL64\Debug_SDRAM\Obj\FactoryDefaults.o                   #
#                    C:\DUII\TargetHW\Output\AT91SAM9RL64\Debug_SDRAM\Obj\Fla #
#                    shLights.o C:\DUII\TargetHW\Output\AT91SAM9RL64\Debug_SD #
#                    RAM\Obj\FlashReadWrite.o C:\DUII\TargetHW\Output\AT91SAM #
#                    9RL64\Debug_SDRAM\Obj\FormatSD.o                         #
#                    C:\DUII\TargetHW\Output\AT91SAM9RL64\Debug_SDRAM\Obj\GMe #
#                    ter.o C:\DUII\TargetHW\Output\AT91SAM9RL64\Debug_SDRAM\O #
#                    bj\GMeterBackground.o C:\DUII\TargetHW\Output\AT91SAM9RL #
#                    64\Debug_SDRAM\Obj\GMeterScreen.o                        #
#                    C:\DUII\TargetHW\Output\AT91SAM9RL64\Debug_SDRAM\Obj\GPS #
#                    InfoScreen.o C:\DUII\TargetHW\Output\AT91SAM9RL64\Debug_ #
#                    SDRAM\Obj\GPSInfoText.o C:\DUII\TargetHW\Output\AT91SAM9 #
#                    RL64\Debug_SDRAM\Obj\GPSsignal.o                         #
#                    C:\DUII\TargetHW\Output\AT91SAM9RL64\Debug_SDRAM\Obj\GRA #
#                    PH.o C:\DUII\TargetHW\Output\AT91SAM9RL64\Debug_SDRAM\Ob #
#                    j\GRAPH_CreateIndirect.o C:\DUII\TargetHW\Output\AT91SAM #
#                    9RL64\Debug_SDRAM\Obj\GRAPH_DATA_XY.o                    #
#                    C:\DUII\TargetHW\Output\AT91SAM9RL64\Debug_SDRAM\Obj\GRA #
#                    PH_DATA_YT.o C:\DUII\TargetHW\Output\AT91SAM9RL64\Debug_ #
#                    SDRAM\Obj\GRAPH_SCALE.o C:\DUII\TargetHW\Output\AT91SAM9 #
#                    RL64\Debug_SDRAM\Obj\GUIAA_Arc.o                         #
#                    C:\DUII\TargetHW\Output\AT91SAM9RL64\Debug_SDRAM\Obj\GUI #
#                    AA_Char.o C:\DUII\TargetHW\Output\AT91SAM9RL64\Debug_SDR #
#                    AM\Obj\GUIAA_Char2.o C:\DUII\TargetHW\Output\AT91SAM9RL6 #
#                    4\Debug_SDRAM\Obj\GUIAA_Char2Ext.o                       #
#                    C:\DUII\TargetHW\Output\AT91SAM9RL64\Debug_SDRAM\Obj\GUI #
#                    AA_Char2Ext_XBF.o C:\DUII\TargetHW\Output\AT91SAM9RL64\D #
#                    ebug_SDRAM\Obj\GUIAA_Char4.o                             #
#                    C:\DUII\TargetHW\Output\AT91SAM9RL64\Debug_SDRAM\Obj\GUI #
#                    AA_Char4Ext.o C:\DUII\TargetHW\Output\AT91SAM9RL64\Debug #
#                    _SDRAM\Obj\GUIAA_Char4Ext_XBF.o                          #
#                    C:\DUII\TargetHW\Output\AT91SAM9RL64\Debug_SDRAM\Obj\GUI #
#                    AA_Circle.o C:\DUII\TargetHW\Output\AT91SAM9RL64\Debug_S #
#                    DRAM\Obj\GUIAA_DrawRoundedRect.o                         #
#                    C:\DUII\TargetHW\Output\AT91SAM9RL64\Debug_SDRAM\Obj\GUI #
#                    AA_FillRoundedRect.o C:\DUII\TargetHW\Output\AT91SAM9RL6 #
#                    4\Debug_SDRAM\Obj\GUIAA_Lib.o                            #
#                    C:\DUII\TargetHW\Output\AT91SAM9RL64\Debug_SDRAM\Obj\GUI #
#                    AA_Line.o C:\DUII\TargetHW\Output\AT91SAM9RL64\Debug_SDR #
#                    AM\Obj\GUIAA_Poly.o C:\DUII\TargetHW\Output\AT91SAM9RL64 #
#                    \Debug_SDRAM\Obj\GUIAA_PolyOut.o                         #
#                    C:\DUII\TargetHW\Output\AT91SAM9RL64\Debug_SDRAM\Obj\GUI #
#                    AA_SIF2.o C:\DUII\TargetHW\Output\AT91SAM9RL64\Debug_SDR #
#                    AM\Obj\GUIAA_SIF2Ext.o C:\DUII\TargetHW\Output\AT91SAM9R #
#                    L64\Debug_SDRAM\Obj\GUIAA_SIF4.o                         #
#                    C:\DUII\TargetHW\Output\AT91SAM9RL64\Debug_SDRAM\Obj\GUI #
#                    AA_SIF4Ext.o C:\DUII\TargetHW\Output\AT91SAM9RL64\Debug_ #
#                    SDRAM\Obj\GUICC_0.o C:\DUII\TargetHW\Output\AT91SAM9RL64 #
#                    \Debug_SDRAM\Obj\GUICC_1.o C:\DUII\TargetHW\Output\AT91S #
#                    AM9RL64\Debug_SDRAM\Obj\GUICC_111.o                      #
#                    C:\DUII\TargetHW\Output\AT91SAM9RL64\Debug_SDRAM\Obj\GUI #
#                    CC_2.o C:\DUII\TargetHW\Output\AT91SAM9RL64\Debug_SDRAM\ #
#                    Obj\GUICC_222.o C:\DUII\TargetHW\Output\AT91SAM9RL64\Deb #
#                    ug_SDRAM\Obj\GUICC_233.o C:\DUII\TargetHW\Output\AT91SAM #
#                    9RL64\Debug_SDRAM\Obj\GUICC_323.o                        #
#                    C:\DUII\TargetHW\Output\AT91SAM9RL64\Debug_SDRAM\Obj\GUI #
#                    CC_332.o C:\DUII\TargetHW\Output\AT91SAM9RL64\Debug_SDRA #
#                    M\Obj\GUICC_4.o C:\DUII\TargetHW\Output\AT91SAM9RL64\Deb #
#                    ug_SDRAM\Obj\GUICC_444_12.o                              #
#                    C:\DUII\TargetHW\Output\AT91SAM9RL64\Debug_SDRAM\Obj\GUI #
#                    CC_444_12_1.o C:\DUII\TargetHW\Output\AT91SAM9RL64\Debug #
#                    _SDRAM\Obj\GUICC_444_16.o C:\DUII\TargetHW\Output\AT91SA #
#                    M9RL64\Debug_SDRAM\Obj\GUICC_5.o                         #
#                    C:\DUII\TargetHW\Output\AT91SAM9RL64\Debug_SDRAM\Obj\GUI #
#                    CC_555.o C:\DUII\TargetHW\Output\AT91SAM9RL64\Debug_SDRA #
#                    M\Obj\GUICC_555_Index2Color.o                            #
#                    C:\DUII\TargetHW\Output\AT91SAM9RL64\Debug_SDRAM\Obj\GUI #
#                    CC_556.o C:\DUII\TargetHW\Output\AT91SAM9RL64\Debug_SDRA #
#                    M\Obj\GUICC_565.o C:\DUII\TargetHW\Output\AT91SAM9RL64\D #
#                    ebug_SDRAM\Obj\GUICC_565_Index2Color.o                   #
#                    C:\DUII\TargetHW\Output\AT91SAM9RL64\Debug_SDRAM\Obj\GUI #
#                    CC_655.o C:\DUII\TargetHW\Output\AT91SAM9RL64\Debug_SDRA #
#                    M\Obj\GUICC_666.o C:\DUII\TargetHW\Output\AT91SAM9RL64\D #
#                    ebug_SDRAM\Obj\GUICC_822216.o                            #
#                    C:\DUII\TargetHW\Output\AT91SAM9RL64\Debug_SDRAM\Obj\GUI #
#                    CC_84444.o C:\DUII\TargetHW\Output\AT91SAM9RL64\Debug_SD #
#                    RAM\Obj\GUICC_8666.o C:\DUII\TargetHW\Output\AT91SAM9RL6 #
#                    4\Debug_SDRAM\Obj\GUICC_8666_1.o                         #
#                    C:\DUII\TargetHW\Output\AT91SAM9RL64\Debug_SDRAM\Obj\GUI #
#                    CC_888.o C:\DUII\TargetHW\Output\AT91SAM9RL64\Debug_SDRA #
#                    M\Obj\GUICC_8888.o C:\DUII\TargetHW\Output\AT91SAM9RL64\ #
#                    Debug_SDRAM\Obj\GUICC_8888_Index2Color.o                 #
#                    C:\DUII\TargetHW\Output\AT91SAM9RL64\Debug_SDRAM\Obj\GUI #
#                    CC_888_Index2Color.o C:\DUII\TargetHW\Output\AT91SAM9RL6 #
#                    4\Debug_SDRAM\Obj\GUICC_M233.o                           #
#                    C:\DUII\TargetHW\Output\AT91SAM9RL64\Debug_SDRAM\Obj\GUI #
#                    CC_M323.o C:\DUII\TargetHW\Output\AT91SAM9RL64\Debug_SDR #
#                    AM\Obj\GUICC_M332.o C:\DUII\TargetHW\Output\AT91SAM9RL64 #
#                    \Debug_SDRAM\Obj\GUICC_M444_12.o                         #
#                    C:\DUII\TargetHW\Output\AT91SAM9RL64\Debug_SDRAM\Obj\GUI #
#                    CC_M444_16.o C:\DUII\TargetHW\Output\AT91SAM9RL64\Debug_ #
#                    SDRAM\Obj\GUICC_M555.o C:\DUII\TargetHW\Output\AT91SAM9R #
#                    L64\Debug_SDRAM\Obj\GUICC_M555_Index2Color.o             #
#                    C:\DUII\TargetHW\Output\AT91SAM9RL64\Debug_SDRAM\Obj\GUI #
#                    CC_M556.o C:\DUII\TargetHW\Output\AT91SAM9RL64\Debug_SDR #
#                    AM\Obj\GUICC_M565.o C:\DUII\TargetHW\Output\AT91SAM9RL64 #
#                    \Debug_SDRAM\Obj\GUICC_M565_Index2Color.o                #
#                    C:\DUII\TargetHW\Output\AT91SAM9RL64\Debug_SDRAM\Obj\GUI #
#                    CC_M655.o C:\DUII\TargetHW\Output\AT91SAM9RL64\Debug_SDR #
#                    AM\Obj\GUICC_M666.o C:\DUII\TargetHW\Output\AT91SAM9RL64 #
#                    \Debug_SDRAM\Obj\GUICC_M8565.o                           #
#                    C:\DUII\TargetHW\Output\AT91SAM9RL64\Debug_SDRAM\Obj\GUI #
#                    CC_M888.o C:\DUII\TargetHW\Output\AT91SAM9RL64\Debug_SDR #
#                    AM\Obj\GUICC_M8888.o C:\DUII\TargetHW\Output\AT91SAM9RL6 #
#                    4\Debug_SDRAM\Obj\GUICC_M888_Index2Color.o               #
#                    C:\DUII\TargetHW\Output\AT91SAM9RL64\Debug_SDRAM\Obj\GUI #
#                    Conf.o C:\DUII\TargetHW\Output\AT91SAM9RL64\Debug_SDRAM\ #
#                    Obj\GUIDEV.o C:\DUII\TargetHW\Output\AT91SAM9RL64\Debug_ #
#                    SDRAM\Obj\GUIDEV_1.o C:\DUII\TargetHW\Output\AT91SAM9RL6 #
#                    4\Debug_SDRAM\Obj\GUIDEV_16.o                            #
#                    C:\DUII\TargetHW\Output\AT91SAM9RL64\Debug_SDRAM\Obj\GUI #
#                    DEV_32.o C:\DUII\TargetHW\Output\AT91SAM9RL64\Debug_SDRA #
#                    M\Obj\GUIDEV_8.o C:\DUII\TargetHW\Output\AT91SAM9RL64\De #
#                    bug_SDRAM\Obj\GUIDEV_AA.o C:\DUII\TargetHW\Output\AT91SA #
#                    M9RL64\Debug_SDRAM\Obj\GUIDEV_Auto.o                     #
#                    C:\DUII\TargetHW\Output\AT91SAM9RL64\Debug_SDRAM\Obj\GUI #
#                    DEV_Banding.o C:\DUII\TargetHW\Output\AT91SAM9RL64\Debug #
#                    _SDRAM\Obj\GUIDEV_Clear.o C:\DUII\TargetHW\Output\AT91SA #
#                    M9RL64\Debug_SDRAM\Obj\GUIDEV_CmpWithLCD.o               #
#                    C:\DUII\TargetHW\Output\AT91SAM9RL64\Debug_SDRAM\Obj\GUI #
#                    DEV_CopyFromLCD.o C:\DUII\TargetHW\Output\AT91SAM9RL64\D #
#                    ebug_SDRAM\Obj\GUIDEV_CreateFixed.o                      #
#                    C:\DUII\TargetHW\Output\AT91SAM9RL64\Debug_SDRAM\Obj\GUI #
#                    DEV_GetDataPtr.o C:\DUII\TargetHW\Output\AT91SAM9RL64\De #
#                    bug_SDRAM\Obj\GUIDEV_GetPos.o                            #
#                    C:\DUII\TargetHW\Output\AT91SAM9RL64\Debug_SDRAM\Obj\GUI #
#                    DEV_GetXSize.o C:\DUII\TargetHW\Output\AT91SAM9RL64\Debu #
#                    g_SDRAM\Obj\GUIDEV_GetYSize.o                            #
#                    C:\DUII\TargetHW\Output\AT91SAM9RL64\Debug_SDRAM\Obj\GUI #
#                    DEV_Measure.o C:\DUII\TargetHW\Output\AT91SAM9RL64\Debug #
#                    _SDRAM\Obj\GUIDEV_MoveAndFade.o                          #
#                    C:\DUII\TargetHW\Output\AT91SAM9RL64\Debug_SDRAM\Obj\GUI #
#                    DEV_MoveAndFadeWin.o C:\DUII\TargetHW\Output\AT91SAM9RL6 #
#                    4\Debug_SDRAM\Obj\GUIDEV_Perspective.o                   #
#                    C:\DUII\TargetHW\Output\AT91SAM9RL64\Debug_SDRAM\Obj\GUI #
#                    DEV_ReadLine.o C:\DUII\TargetHW\Output\AT91SAM9RL64\Debu #
#                    g_SDRAM\Obj\GUIDEV_ReduceYSize.o                         #
#                    C:\DUII\TargetHW\Output\AT91SAM9RL64\Debug_SDRAM\Obj\GUI #
#                    DEV_Rotate.o C:\DUII\TargetHW\Output\AT91SAM9RL64\Debug_ #
#                    SDRAM\Obj\GUIDEV_SetColorConv.o                          #
#                    C:\DUII\TargetHW\Output\AT91SAM9RL64\Debug_SDRAM\Obj\GUI #
#                    DEV_SetOrg.o C:\DUII\TargetHW\Output\AT91SAM9RL64\Debug_ #
#                    SDRAM\Obj\GUIDEV_StaticDevices.o                         #
#                    C:\DUII\TargetHW\Output\AT91SAM9RL64\Debug_SDRAM\Obj\GUI #
#                    DEV_Usage.o C:\DUII\TargetHW\Output\AT91SAM9RL64\Debug_S #
#                    DRAM\Obj\GUIDEV_UsageBM.o C:\DUII\TargetHW\Output\AT91SA #
#                    M9RL64\Debug_SDRAM\Obj\GUIDEV_Write.o                    #
#                    C:\DUII\TargetHW\Output\AT91SAM9RL64\Debug_SDRAM\Obj\GUI #
#                    DEV_WriteAlpha.o C:\DUII\TargetHW\Output\AT91SAM9RL64\De #
#                    bug_SDRAM\Obj\GUIDEV_WriteEx.o                           #
#                    C:\DUII\TargetHW\Output\AT91SAM9RL64\Debug_SDRAM\Obj\GUI #
#                    DEV_WriteToActiveAlpha.o C:\DUII\TargetHW\Output\AT91SAM #
#                    9RL64\Debug_SDRAM\Obj\GUIDEV_WriteToActiveOpaque.o       #
#                    C:\DUII\TargetHW\Output\AT91SAM9RL64\Debug_SDRAM\Obj\GUI #
#                    DEV_XY2PTR.o C:\DUII\TargetHW\Output\AT91SAM9RL64\Debug_ #
#                    SDRAM\Obj\GUIDRV_Lin_1.o C:\DUII\TargetHW\Output\AT91SAM #
#                    9RL64\Debug_SDRAM\Obj\GUIDRV_Lin_16.o                    #
#                    C:\DUII\TargetHW\Output\AT91SAM9RL64\Debug_SDRAM\Obj\GUI #
#                    DRV_Lin_2.o C:\DUII\TargetHW\Output\AT91SAM9RL64\Debug_S #
#                    DRAM\Obj\GUIDRV_Lin_24.o C:\DUII\TargetHW\Output\AT91SAM #
#                    9RL64\Debug_SDRAM\Obj\GUIDRV_Lin_32.o                    #
#                    C:\DUII\TargetHW\Output\AT91SAM9RL64\Debug_SDRAM\Obj\GUI #
#                    DRV_Lin_4.o C:\DUII\TargetHW\Output\AT91SAM9RL64\Debug_S #
#                    DRAM\Obj\GUIDRV_Lin_8.o C:\DUII\TargetHW\Output\AT91SAM9 #
#                    RL64\Debug_SDRAM\Obj\GUIDRV_Lin_OSX_16.o                 #
#                    C:\DUII\TargetHW\Output\AT91SAM9RL64\Debug_SDRAM\Obj\GUI #
#                    DRV_Lin_OSX_24.o C:\DUII\TargetHW\Output\AT91SAM9RL64\De #
#                    bug_SDRAM\Obj\GUIDRV_Lin_OSX_32.o                        #
#                    C:\DUII\TargetHW\Output\AT91SAM9RL64\Debug_SDRAM\Obj\GUI #
#                    DRV_Lin_OSY_16.o C:\DUII\TargetHW\Output\AT91SAM9RL64\De #
#                    bug_SDRAM\Obj\GUIDRV_Lin_OSY_24.o                        #
#                    C:\DUII\TargetHW\Output\AT91SAM9RL64\Debug_SDRAM\Obj\GUI #
#                    DRV_Lin_OSY_32.o C:\DUII\TargetHW\Output\AT91SAM9RL64\De #
#                    bug_SDRAM\Obj\GUIDRV_Lin_OS_16.o                         #
#                    C:\DUII\TargetHW\Output\AT91SAM9RL64\Debug_SDRAM\Obj\GUI #
#                    DRV_Lin_OS_24.o C:\DUII\TargetHW\Output\AT91SAM9RL64\Deb #
#                    ug_SDRAM\Obj\GUIDRV_Lin_OS_32.o                          #
#                    C:\DUII\TargetHW\Output\AT91SAM9RL64\Debug_SDRAM\Obj\GUI #
#                    DRV_Lin_OXY_16.o C:\DUII\TargetHW\Output\AT91SAM9RL64\De #
#                    bug_SDRAM\Obj\GUIDRV_Lin_OXY_24.o                        #
#                    C:\DUII\TargetHW\Output\AT91SAM9RL64\Debug_SDRAM\Obj\GUI #
#                    DRV_Lin_OXY_32.o C:\DUII\TargetHW\Output\AT91SAM9RL64\De #
#                    bug_SDRAM\Obj\GUIDRV_Lin_OX_16.o                         #
#                    C:\DUII\TargetHW\Output\AT91SAM9RL64\Debug_SDRAM\Obj\GUI #
#                    DRV_Lin_OX_24.o C:\DUII\TargetHW\Output\AT91SAM9RL64\Deb #
#                    ug_SDRAM\Obj\GUIDRV_Lin_OX_32.o                          #
#                    C:\DUII\TargetHW\Output\AT91SAM9RL64\Debug_SDRAM\Obj\GUI #
#                    DRV_Lin_OY_16.o C:\DUII\TargetHW\Output\AT91SAM9RL64\Deb #
#                    ug_SDRAM\Obj\GUIDRV_Lin_OY_24.o                          #
#                    C:\DUII\TargetHW\Output\AT91SAM9RL64\Debug_SDRAM\Obj\GUI #
#                    DRV_Lin_OY_32.o C:\DUII\TargetHW\Output\AT91SAM9RL64\Deb #
#                    ug_SDRAM\Obj\GUIDRV_NoOpt_1_8.o                          #
#                    C:\DUII\TargetHW\Output\AT91SAM9RL64\Debug_SDRAM\Obj\GUI #
#                    DRV_Win32.o C:\DUII\TargetHW\Output\AT91SAM9RL64\Debug_S #
#                    DRAM\Obj\GUI_2DLib.o C:\DUII\TargetHW\Output\AT91SAM9RL6 #
#                    4\Debug_SDRAM\Obj\GUI_ALLOC_AllocInit.o                  #
#                    C:\DUII\TargetHW\Output\AT91SAM9RL64\Debug_SDRAM\Obj\GUI #
#                    _ALLOC_AllocZero.o C:\DUII\TargetHW\Output\AT91SAM9RL64\ #
#                    Debug_SDRAM\Obj\GUI_ARRAY.o                              #
#                    C:\DUII\TargetHW\Output\AT91SAM9RL64\Debug_SDRAM\Obj\GUI #
#                    _ARRAY_DeleteItem.o C:\DUII\TargetHW\Output\AT91SAM9RL64 #
#                    \Debug_SDRAM\Obj\GUI_ARRAY_InsertItem.o                  #
#                    C:\DUII\TargetHW\Output\AT91SAM9RL64\Debug_SDRAM\Obj\GUI #
#                    _ARRAY_ResizeItem.o C:\DUII\TargetHW\Output\AT91SAM9RL64 #
#                    \Debug_SDRAM\Obj\GUI_AddBin.o                            #
#                    C:\DUII\TargetHW\Output\AT91SAM9RL64\Debug_SDRAM\Obj\GUI #
#                    _AddDec.o C:\DUII\TargetHW\Output\AT91SAM9RL64\Debug_SDR #
#                    AM\Obj\GUI_AddDecMin.o C:\DUII\TargetHW\Output\AT91SAM9R #
#                    L64\Debug_SDRAM\Obj\GUI_AddDecShift.o                    #
#                    C:\DUII\TargetHW\Output\AT91SAM9RL64\Debug_SDRAM\Obj\GUI #
#                    _AddHex.o C:\DUII\TargetHW\Output\AT91SAM9RL64\Debug_SDR #
#                    AM\Obj\GUI_Alloc.o C:\DUII\TargetHW\Output\AT91SAM9RL64\ #
#                    Debug_SDRAM\Obj\GUI_Arc.o C:\DUII\TargetHW\Output\AT91SA #
#                    M9RL64\Debug_SDRAM\Obj\GUI_BMP.o                         #
#                    C:\DUII\TargetHW\Output\AT91SAM9RL64\Debug_SDRAM\Obj\GUI #
#                    _BMP_DrawScaled.o C:\DUII\TargetHW\Output\AT91SAM9RL64\D #
#                    ebug_SDRAM\Obj\GUI_BMP_Serialize.o                       #
#                    C:\DUII\TargetHW\Output\AT91SAM9RL64\Debug_SDRAM\Obj\GUI #
#                    _CalcColorDist.o C:\DUII\TargetHW\Output\AT91SAM9RL64\De #
#                    bug_SDRAM\Obj\GUI_Char.o C:\DUII\TargetHW\Output\AT91SAM #
#                    9RL64\Debug_SDRAM\Obj\GUI_CharLine.o                     #
#                    C:\DUII\TargetHW\Output\AT91SAM9RL64\Debug_SDRAM\Obj\GUI #
#                    _CharM.o C:\DUII\TargetHW\Output\AT91SAM9RL64\Debug_SDRA #
#                    M\Obj\GUI_CharP.o C:\DUII\TargetHW\Output\AT91SAM9RL64\D #
#                    ebug_SDRAM\Obj\GUI_CharPExt.o                            #
#                    C:\DUII\TargetHW\Output\AT91SAM9RL64\Debug_SDRAM\Obj\GUI #
#                    _CharPFrm.o C:\DUII\TargetHW\Output\AT91SAM9RL64\Debug_S #
#                    DRAM\Obj\GUI_Circ.o C:\DUII\TargetHW\Output\AT91SAM9RL64 #
#                    \Debug_SDRAM\Obj\GUI_ClearRectEx.o                       #
#                    C:\DUII\TargetHW\Output\AT91SAM9RL64\Debug_SDRAM\Obj\GUI #
#                    _Color2Index.o C:\DUII\TargetHW\Output\AT91SAM9RL64\Debu #
#                    g_SDRAM\Obj\GUI_Color2VisColor.o                         #
#                    C:\DUII\TargetHW\Output\AT91SAM9RL64\Debug_SDRAM\Obj\GUI #
#                    _Core.o C:\DUII\TargetHW\Output\AT91SAM9RL64\Debug_SDRAM #
#                    \Obj\GUI_Curs1.o C:\DUII\TargetHW\Output\AT91SAM9RL64\De #
#                    bug_SDRAM\Obj\GUI_CursorArrowL.o                         #
#                    C:\DUII\TargetHW\Output\AT91SAM9RL64\Debug_SDRAM\Obj\GUI #
#                    _CursorArrowLI.o C:\DUII\TargetHW\Output\AT91SAM9RL64\De #
#                    bug_SDRAM\Obj\GUI_CursorArrowLPx.o                       #
#                    C:\DUII\TargetHW\Output\AT91SAM9RL64\Debug_SDRAM\Obj\GUI #
#                    _CursorArrowM.o C:\DUII\TargetHW\Output\AT91SAM9RL64\Deb #
#                    ug_SDRAM\Obj\GUI_CursorArrowMI.o                         #
#                    C:\DUII\TargetHW\Output\AT91SAM9RL64\Debug_SDRAM\Obj\GUI #
#                    _CursorArrowMPx.o C:\DUII\TargetHW\Output\AT91SAM9RL64\D #
#                    ebug_SDRAM\Obj\GUI_CursorArrowS.o                        #
#                    C:\DUII\TargetHW\Output\AT91SAM9RL64\Debug_SDRAM\Obj\GUI #
#                    _CursorArrowSI.o C:\DUII\TargetHW\Output\AT91SAM9RL64\De #
#                    bug_SDRAM\Obj\GUI_CursorArrowSPx.o                       #
#                    C:\DUII\TargetHW\Output\AT91SAM9RL64\Debug_SDRAM\Obj\GUI #
#                    _CursorCrossL.o C:\DUII\TargetHW\Output\AT91SAM9RL64\Deb #
#                    ug_SDRAM\Obj\GUI_CursorCrossLI.o                         #
#                    C:\DUII\TargetHW\Output\AT91SAM9RL64\Debug_SDRAM\Obj\GUI #
#                    _CursorCrossLPx.o C:\DUII\TargetHW\Output\AT91SAM9RL64\D #
#                    ebug_SDRAM\Obj\GUI_CursorCrossM.o                        #
#                    C:\DUII\TargetHW\Output\AT91SAM9RL64\Debug_SDRAM\Obj\GUI #
#                    _CursorCrossMI.o C:\DUII\TargetHW\Output\AT91SAM9RL64\De #
#                    bug_SDRAM\Obj\GUI_CursorCrossMPx.o                       #
#                    C:\DUII\TargetHW\Output\AT91SAM9RL64\Debug_SDRAM\Obj\GUI #
#                    _CursorCrossS.o C:\DUII\TargetHW\Output\AT91SAM9RL64\Deb #
#                    ug_SDRAM\Obj\GUI_CursorCrossSI.o                         #
#                    C:\DUII\TargetHW\Output\AT91SAM9RL64\Debug_SDRAM\Obj\GUI #
#                    _CursorCrossSPx.o C:\DUII\TargetHW\Output\AT91SAM9RL64\D #
#                    ebug_SDRAM\Obj\GUI_CursorHeaderM.o                       #
#                    C:\DUII\TargetHW\Output\AT91SAM9RL64\Debug_SDRAM\Obj\GUI #
#                    _CursorHeaderMI.o C:\DUII\TargetHW\Output\AT91SAM9RL64\D #
#                    ebug_SDRAM\Obj\GUI_CursorHeaderMPx.o                     #
#                    C:\DUII\TargetHW\Output\AT91SAM9RL64\Debug_SDRAM\Obj\GUI #
#                    _CursorPal.o C:\DUII\TargetHW\Output\AT91SAM9RL64\Debug_ #
#                    SDRAM\Obj\GUI_CursorPalI.o C:\DUII\TargetHW\Output\AT91S #
#                    AM9RL64\Debug_SDRAM\Obj\GUI_DRAW.o                       #
#                    C:\DUII\TargetHW\Output\AT91SAM9RL64\Debug_SDRAM\Obj\GUI #
#                    _DRAW_BITMAP.o C:\DUII\TargetHW\Output\AT91SAM9RL64\Debu #
#                    g_SDRAM\Obj\GUI_DRAW_BMP.o C:\DUII\TargetHW\Output\AT91S #
#                    AM9RL64\Debug_SDRAM\Obj\GUI_DRAW_STREAMED.o              #
#                    C:\DUII\TargetHW\Output\AT91SAM9RL64\Debug_SDRAM\Obj\GUI #
#                    _DRAW_Self.o C:\DUII\TargetHW\Output\AT91SAM9RL64\Debug_ #
#                    SDRAM\Obj\GUI_Device.o C:\DUII\TargetHW\Output\AT91SAM9R #
#                    L64\Debug_SDRAM\Obj\GUI_DispBin.o                        #
#                    C:\DUII\TargetHW\Output\AT91SAM9RL64\Debug_SDRAM\Obj\GUI #
#                    _DispCEOL.o C:\DUII\TargetHW\Output\AT91SAM9RL64\Debug_S #
#                    DRAM\Obj\GUI_DispChar.o C:\DUII\TargetHW\Output\AT91SAM9 #
#                    RL64\Debug_SDRAM\Obj\GUI_DispChars.o                     #
#                    C:\DUII\TargetHW\Output\AT91SAM9RL64\Debug_SDRAM\Obj\GUI #
#                    _DispHex.o C:\DUII\TargetHW\Output\AT91SAM9RL64\Debug_SD #
#                    RAM\Obj\GUI_DispString.o C:\DUII\TargetHW\Output\AT91SAM #
#                    9RL64\Debug_SDRAM\Obj\GUI_DispStringAt.o                 #
#                    C:\DUII\TargetHW\Output\AT91SAM9RL64\Debug_SDRAM\Obj\GUI #
#                    _DispStringAtCEOL.o C:\DUII\TargetHW\Output\AT91SAM9RL64 #
#                    \Debug_SDRAM\Obj\GUI_DispStringHCenter.o                 #
#                    C:\DUII\TargetHW\Output\AT91SAM9RL64\Debug_SDRAM\Obj\GUI #
#                    _DispStringInRect.o C:\DUII\TargetHW\Output\AT91SAM9RL64 #
#                    \Debug_SDRAM\Obj\GUI_DispStringInRectEx.o                #
#                    C:\DUII\TargetHW\Output\AT91SAM9RL64\Debug_SDRAM\Obj\GUI #
#                    _DispStringInRectWrap.o C:\DUII\TargetHW\Output\AT91SAM9 #
#                    RL64\Debug_SDRAM\Obj\GUI_DispStringLen.o                 #
#                    C:\DUII\TargetHW\Output\AT91SAM9RL64\Debug_SDRAM\Obj\GUI #
#                    _DrawBitmap.o C:\DUII\TargetHW\Output\AT91SAM9RL64\Debug #
#                    _SDRAM\Obj\GUI_DrawBitmapEx.o                            #
#                    C:\DUII\TargetHW\Output\AT91SAM9RL64\Debug_SDRAM\Obj\GUI #
#                    _DrawBitmapExp.o C:\DUII\TargetHW\Output\AT91SAM9RL64\De #
#                    bug_SDRAM\Obj\GUI_DrawBitmapHWAlpha.o                    #
#                    C:\DUII\TargetHW\Output\AT91SAM9RL64\Debug_SDRAM\Obj\GUI #
#                    _DrawBitmapMag.o C:\DUII\TargetHW\Output\AT91SAM9RL64\De #
#                    bug_SDRAM\Obj\GUI_DrawBitmap_24.o                        #
#                    C:\DUII\TargetHW\Output\AT91SAM9RL64\Debug_SDRAM\Obj\GUI #
#                    _DrawBitmap_555.o C:\DUII\TargetHW\Output\AT91SAM9RL64\D #
#                    ebug_SDRAM\Obj\GUI_DrawBitmap_565.o                      #
#                    C:\DUII\TargetHW\Output\AT91SAM9RL64\Debug_SDRAM\Obj\GUI #
#                    _DrawBitmap_888.o C:\DUII\TargetHW\Output\AT91SAM9RL64\D #
#                    ebug_SDRAM\Obj\GUI_DrawBitmap_8888.o                     #
#                    C:\DUII\TargetHW\Output\AT91SAM9RL64\Debug_SDRAM\Obj\GUI #
#                    _DrawFocusRect.o C:\DUII\TargetHW\Output\AT91SAM9RL64\De #
#                    bug_SDRAM\Obj\GUI_DrawGradient.o                         #
#                    C:\DUII\TargetHW\Output\AT91SAM9RL64\Debug_SDRAM\Obj\GUI #
#                    _DrawGradientRounded.o C:\DUII\TargetHW\Output\AT91SAM9R #
#                    L64\Debug_SDRAM\Obj\GUI_DrawGraph.o                      #
#                    C:\DUII\TargetHW\Output\AT91SAM9RL64\Debug_SDRAM\Obj\GUI #
#                    _DrawGraphEx.o C:\DUII\TargetHW\Output\AT91SAM9RL64\Debu #
#                    g_SDRAM\Obj\GUI_DrawHLine.o                              #
#                    C:\DUII\TargetHW\Output\AT91SAM9RL64\Debug_SDRAM\Obj\GUI #
#                    _DrawLine.o C:\DUII\TargetHW\Output\AT91SAM9RL64\Debug_S #
#                    DRAM\Obj\GUI_DrawPie.o C:\DUII\TargetHW\Output\AT91SAM9R #
#                    L64\Debug_SDRAM\Obj\GUI_DrawPixel.o                      #
#                    C:\DUII\TargetHW\Output\AT91SAM9RL64\Debug_SDRAM\Obj\GUI #
#                    _DrawPoint.o C:\DUII\TargetHW\Output\AT91SAM9RL64\Debug_ #
#                    SDRAM\Obj\GUI_DrawPolygon.o                              #
#                    C:\DUII\TargetHW\Output\AT91SAM9RL64\Debug_SDRAM\Obj\GUI #
#                    _DrawPolyline.o C:\DUII\TargetHW\Output\AT91SAM9RL64\Deb #
#                    ug_SDRAM\Obj\GUI_DrawRectEx.o                            #
#                    C:\DUII\TargetHW\Output\AT91SAM9RL64\Debug_SDRAM\Obj\GUI #
#                    _DrawRoundedFrame.o C:\DUII\TargetHW\Output\AT91SAM9RL64 #
#                    \Debug_SDRAM\Obj\GUI_DrawRoundedRect.o                   #
#                    C:\DUII\TargetHW\Output\AT91SAM9RL64\Debug_SDRAM\Obj\GUI #
#                    _DrawVLine.o C:\DUII\TargetHW\Output\AT91SAM9RL64\Debug_ #
#                    SDRAM\Obj\GUI_EditBin.o C:\DUII\TargetHW\Output\AT91SAM9 #
#                    RL64\Debug_SDRAM\Obj\GUI_EditDec.o                       #
#                    C:\DUII\TargetHW\Output\AT91SAM9RL64\Debug_SDRAM\Obj\GUI #
#                    _EditFloat.o C:\DUII\TargetHW\Output\AT91SAM9RL64\Debug_ #
#                    SDRAM\Obj\GUI_EditHex.o C:\DUII\TargetHW\Output\AT91SAM9 #
#                    RL64\Debug_SDRAM\Obj\GUI_EditString.o                    #
#                    C:\DUII\TargetHW\Output\AT91SAM9RL64\Debug_SDRAM\Obj\GUI #
#                    _EnableAlpha.o C:\DUII\TargetHW\Output\AT91SAM9RL64\Debu #
#                    g_SDRAM\Obj\GUI_EncExt.o C:\DUII\TargetHW\Output\AT91SAM #
#                    9RL64\Debug_SDRAM\Obj\GUI_EncJS.o                        #
#                    C:\DUII\TargetHW\Output\AT91SAM9RL64\Debug_SDRAM\Obj\GUI #
#                    _ErrorOut.o C:\DUII\TargetHW\Output\AT91SAM9RL64\Debug_S #
#                    DRAM\Obj\GUI_Exec.o C:\DUII\TargetHW\Output\AT91SAM9RL64 #
#                    \Debug_SDRAM\Obj\GUI_FillPolygon.o                       #
#                    C:\DUII\TargetHW\Output\AT91SAM9RL64\Debug_SDRAM\Obj\GUI #
#                    _FillRect.o C:\DUII\TargetHW\Output\AT91SAM9RL64\Debug_S #
#                    DRAM\Obj\GUI_FillRectEx.o C:\DUII\TargetHW\Output\AT91SA #
#                    M9RL64\Debug_SDRAM\Obj\GUI_FillRoundedRect.o             #
#                    C:\DUII\TargetHW\Output\AT91SAM9RL64\Debug_SDRAM\Obj\GUI #
#                    _GIF.o C:\DUII\TargetHW\Output\AT91SAM9RL64\Debug_SDRAM\ #
#                    Obj\GUI_GIF_DrawScaled.o C:\DUII\TargetHW\Output\AT91SAM #
#                    9RL64\Debug_SDRAM\Obj\GUI_GetBitmapPixelColor.o          #
#                    C:\DUII\TargetHW\Output\AT91SAM9RL64\Debug_SDRAM\Obj\GUI #
#                    _GetBitmapPixelIndex.o C:\DUII\TargetHW\Output\AT91SAM9R #
#                    L64\Debug_SDRAM\Obj\GUI_GetBlankCols.o                   #
#                    C:\DUII\TargetHW\Output\AT91SAM9RL64\Debug_SDRAM\Obj\GUI #
#                    _GetClientRect.o C:\DUII\TargetHW\Output\AT91SAM9RL64\De #
#                    bug_SDRAM\Obj\GUI_GetColor.o                             #
#                    C:\DUII\TargetHW\Output\AT91SAM9RL64\Debug_SDRAM\Obj\GUI #
#                    _GetDispPos.o C:\DUII\TargetHW\Output\AT91SAM9RL64\Debug #
#                    _SDRAM\Obj\GUI_GetDrawMode.o                             #
#                    C:\DUII\TargetHW\Output\AT91SAM9RL64\Debug_SDRAM\Obj\GUI #
#                    _GetFont.o C:\DUII\TargetHW\Output\AT91SAM9RL64\Debug_SD #
#                    RAM\Obj\GUI_GetFontInfo.o C:\DUII\TargetHW\Output\AT91SA #
#                    M9RL64\Debug_SDRAM\Obj\GUI_GetFontSizeY.o                #
#                    C:\DUII\TargetHW\Output\AT91SAM9RL64\Debug_SDRAM\Obj\GUI #
#                    _GetLineStyle.o C:\DUII\TargetHW\Output\AT91SAM9RL64\Deb #
#                    ug_SDRAM\Obj\GUI_GetOrg.o C:\DUII\TargetHW\Output\AT91SA #
#                    M9RL64\Debug_SDRAM\Obj\GUI_GetStringDistX.o              #
#                    C:\DUII\TargetHW\Output\AT91SAM9RL64\Debug_SDRAM\Obj\GUI #
#                    _GetTextAlign.o C:\DUII\TargetHW\Output\AT91SAM9RL64\Deb #
#                    ug_SDRAM\Obj\GUI_GetTextExtend.o                         #
#                    C:\DUII\TargetHW\Output\AT91SAM9RL64\Debug_SDRAM\Obj\GUI #
#                    _GetTextMode.o C:\DUII\TargetHW\Output\AT91SAM9RL64\Debu #
#                    g_SDRAM\Obj\GUI_GetVersionString.o                       #
#                    C:\DUII\TargetHW\Output\AT91SAM9RL64\Debug_SDRAM\Obj\GUI #
#                    _GetYSizeOfFont.o C:\DUII\TargetHW\Output\AT91SAM9RL64\D #
#                    ebug_SDRAM\Obj\GUI_Goto.o C:\DUII\TargetHW\Output\AT91SA #
#                    M9RL64\Debug_SDRAM\Obj\GUI_HOOK.o                        #
#                    C:\DUII\TargetHW\Output\AT91SAM9RL64\Debug_SDRAM\Obj\GUI #
#                    _Index2Color.o C:\DUII\TargetHW\Output\AT91SAM9RL64\Debu #
#                    g_SDRAM\Obj\GUI_InitLUT.o C:\DUII\TargetHW\Output\AT91SA #
#                    M9RL64\Debug_SDRAM\Obj\GUI_InvertRect.o                  #
#                    C:\DUII\TargetHW\Output\AT91SAM9RL64\Debug_SDRAM\Obj\GUI #
#                    _IsInFont.o C:\DUII\TargetHW\Output\AT91SAM9RL64\Debug_S #
#                    DRAM\Obj\GUI_JOYSTICK.o C:\DUII\TargetHW\Output\AT91SAM9 #
#                    RL64\Debug_SDRAM\Obj\GUI_JPEG.o                          #
#                    C:\DUII\TargetHW\Output\AT91SAM9RL64\Debug_SDRAM\Obj\GUI #
#                    _JPEG_DrawScaled.o C:\DUII\TargetHW\Output\AT91SAM9RL64\ #
#                    Debug_SDRAM\Obj\GUI_Log.o C:\DUII\TargetHW\Output\AT91SA #
#                    M9RL64\Debug_SDRAM\Obj\GUI_MOUSE.o                       #
#                    C:\DUII\TargetHW\Output\AT91SAM9RL64\Debug_SDRAM\Obj\GUI #
#                    _MOUSE_DriverPS2.o C:\DUII\TargetHW\Output\AT91SAM9RL64\ #
#                    Debug_SDRAM\Obj\GUI_MergeRect.o                          #
#                    C:\DUII\TargetHW\Output\AT91SAM9RL64\Debug_SDRAM\Obj\GUI #
#                    _MoveRect.o C:\DUII\TargetHW\Output\AT91SAM9RL64\Debug_S #
#                    DRAM\Obj\GUI_OnKey.o C:\DUII\TargetHW\Output\AT91SAM9RL6 #
#                    4\Debug_SDRAM\Obj\GUI_PID.o                              #
#                    C:\DUII\TargetHW\Output\AT91SAM9RL64\Debug_SDRAM\Obj\GUI #
#                    _Pen.o C:\DUII\TargetHW\Output\AT91SAM9RL64\Debug_SDRAM\ #
#                    Obj\GUI_PolyEnlarge.o C:\DUII\TargetHW\Output\AT91SAM9RL #
#                    64\Debug_SDRAM\Obj\GUI_PolyMagnify.o                     #
#                    C:\DUII\TargetHW\Output\AT91SAM9RL64\Debug_SDRAM\Obj\GUI #
#                    _PolyRotate.o C:\DUII\TargetHW\Output\AT91SAM9RL64\Debug #
#                    _SDRAM\Obj\GUI_Realloc.o C:\DUII\TargetHW\Output\AT91SAM #
#                    9RL64\Debug_SDRAM\Obj\GUI_RectsIntersect.o               #
#                    C:\DUII\TargetHW\Output\AT91SAM9RL64\Debug_SDRAM\Obj\GUI #
#                    _SIF.o C:\DUII\TargetHW\Output\AT91SAM9RL64\Debug_SDRAM\ #
#                    Obj\GUI_SIF_Prop.o C:\DUII\TargetHW\Output\AT91SAM9RL64\ #
#                    Debug_SDRAM\Obj\GUI_SIF_PropExt.o                        #
#                    C:\DUII\TargetHW\Output\AT91SAM9RL64\Debug_SDRAM\Obj\GUI #
#                    _SIF_PropExtFrmInfo.o C:\DUII\TargetHW\Output\AT91SAM9RL #
#                    64\Debug_SDRAM\Obj\GUI_SIF_PropFrm.o                     #
#                    C:\DUII\TargetHW\Output\AT91SAM9RL64\Debug_SDRAM\Obj\GUI #
#                    _SPRITE.o C:\DUII\TargetHW\Output\AT91SAM9RL64\Debug_SDR #
#                    AM\Obj\GUI_SaveContext.o C:\DUII\TargetHW\Output\AT91SAM #
#                    9RL64\Debug_SDRAM\Obj\GUI_ScreenSize.o                   #
#                    C:\DUII\TargetHW\Output\AT91SAM9RL64\Debug_SDRAM\Obj\GUI #
#                    _SelectLCD.o C:\DUII\TargetHW\Output\AT91SAM9RL64\Debug_ #
#                    SDRAM\Obj\GUI_SelectLayer.o                              #
#                    C:\DUII\TargetHW\Output\AT91SAM9RL64\Debug_SDRAM\Obj\GUI #
#                    _SetAlpha.o C:\DUII\TargetHW\Output\AT91SAM9RL64\Debug_S #
#                    DRAM\Obj\GUI_SetClipRect.o C:\DUII\TargetHW\Output\AT91S #
#                    AM9RL64\Debug_SDRAM\Obj\GUI_SetColor.o                   #
#                    C:\DUII\TargetHW\Output\AT91SAM9RL64\Debug_SDRAM\Obj\GUI #
#                    _SetColorIndex.o C:\DUII\TargetHW\Output\AT91SAM9RL64\De #
#                    bug_SDRAM\Obj\GUI_SetDecChar.o                           #
#                    C:\DUII\TargetHW\Output\AT91SAM9RL64\Debug_SDRAM\Obj\GUI #
#                    _SetDefault.o C:\DUII\TargetHW\Output\AT91SAM9RL64\Debug #
#                    _SDRAM\Obj\GUI_SetDrawMode.o                             #
#                    C:\DUII\TargetHW\Output\AT91SAM9RL64\Debug_SDRAM\Obj\GUI #
#                    _SetFont.o C:\DUII\TargetHW\Output\AT91SAM9RL64\Debug_SD #
#                    RAM\Obj\GUI_SetLBorder.o C:\DUII\TargetHW\Output\AT91SAM #
#                    9RL64\Debug_SDRAM\Obj\GUI_SetLineStyle.o                 #
#                    C:\DUII\TargetHW\Output\AT91SAM9RL64\Debug_SDRAM\Obj\GUI #
#                    _SetOrg.o C:\DUII\TargetHW\Output\AT91SAM9RL64\Debug_SDR #
#                    AM\Obj\GUI_SetOrientation.o                              #
#                    C:\DUII\TargetHW\Output\AT91SAM9RL64\Debug_SDRAM\Obj\GUI #
#                    _SetOrientationC0.o C:\DUII\TargetHW\Output\AT91SAM9RL64 #
#                    \Debug_SDRAM\Obj\GUI_SetOrientationC16.o                 #
#                    C:\DUII\TargetHW\Output\AT91SAM9RL64\Debug_SDRAM\Obj\GUI #
#                    _SetOrientationC32.o C:\DUII\TargetHW\Output\AT91SAM9RL6 #
#                    4\Debug_SDRAM\Obj\GUI_SetOrientationC8.o                 #
#                    C:\DUII\TargetHW\Output\AT91SAM9RL64\Debug_SDRAM\Obj\GUI #
#                    _SetPixelIndex.o C:\DUII\TargetHW\Output\AT91SAM9RL64\De #
#                    bug_SDRAM\Obj\GUI_SetTextAlign.o                         #
#                    C:\DUII\TargetHW\Output\AT91SAM9RL64\Debug_SDRAM\Obj\GUI #
#                    _SetTextMode.o C:\DUII\TargetHW\Output\AT91SAM9RL64\Debu #
#                    g_SDRAM\Obj\GUI_SetTextStyle.o                           #
#                    C:\DUII\TargetHW\Output\AT91SAM9RL64\Debug_SDRAM\Obj\GUI #
#                    _Stream.o C:\DUII\TargetHW\Output\AT91SAM9RL64\Debug_SDR #
#                    AM\Obj\GUI_StreamCreate.o C:\DUII\TargetHW\Output\AT91SA #
#                    M9RL64\Debug_SDRAM\Obj\GUI_TOUCH.o                       #
#                    C:\DUII\TargetHW\Output\AT91SAM9RL64\Debug_SDRAM\Obj\GUI #
#                    _TOUCH_DriverAnalog.o C:\DUII\TargetHW\Output\AT91SAM9RL #
#                    64\Debug_SDRAM\Obj\GUI_TOUCH_StoreState.o                #
#                    C:\DUII\TargetHW\Output\AT91SAM9RL64\Debug_SDRAM\Obj\GUI #
#                    _TOUCH_StoreUnstable.o C:\DUII\TargetHW\Output\AT91SAM9R #
#                    L64\Debug_SDRAM\Obj\GUI_Task.o                           #
#                    C:\DUII\TargetHW\Output\AT91SAM9RL64\Debug_SDRAM\Obj\GUI #
#                    _Time.o C:\DUII\TargetHW\Output\AT91SAM9RL64\Debug_SDRAM #
#                    \Obj\GUI_Timer.o C:\DUII\TargetHW\Output\AT91SAM9RL64\De #
#                    bug_SDRAM\Obj\GUI_UC.o C:\DUII\TargetHW\Output\AT91SAM9R #
#                    L64\Debug_SDRAM\Obj\GUI_UC0.o                            #
#                    C:\DUII\TargetHW\Output\AT91SAM9RL64\Debug_SDRAM\Obj\GUI #
#                    _UC_ConvertUC2UTF8.o C:\DUII\TargetHW\Output\AT91SAM9RL6 #
#                    4\Debug_SDRAM\Obj\GUI_UC_ConvertUTF82UC.o                #
#                    C:\DUII\TargetHW\Output\AT91SAM9RL64\Debug_SDRAM\Obj\GUI #
#                    _UC_DispString.o C:\DUII\TargetHW\Output\AT91SAM9RL64\De #
#                    bug_SDRAM\Obj\GUI_UC_EnableBIDI.o                        #
#                    C:\DUII\TargetHW\Output\AT91SAM9RL64\Debug_SDRAM\Obj\GUI #
#                    _UC_EncodeNone.o C:\DUII\TargetHW\Output\AT91SAM9RL64\De #
#                    bug_SDRAM\Obj\GUI_UC_EncodeUTF8.o                        #
#                    C:\DUII\TargetHW\Output\AT91SAM9RL64\Debug_SDRAM\Obj\GUI #
#                    _Val.o C:\DUII\TargetHW\Output\AT91SAM9RL64\Debug_SDRAM\ #
#                    Obj\GUI_Valf.o C:\DUII\TargetHW\Output\AT91SAM9RL64\Debu #
#                    g_SDRAM\Obj\GUI_WaitEvent.o                              #
#                    C:\DUII\TargetHW\Output\AT91SAM9RL64\Debug_SDRAM\Obj\GUI #
#                    _WaitKey.o C:\DUII\TargetHW\Output\AT91SAM9RL64\Debug_SD #
#                    RAM\Obj\GUI_Warn.o C:\DUII\TargetHW\Output\AT91SAM9RL64\ #
#                    Debug_SDRAM\Obj\GUI_XBF.o C:\DUII\TargetHW\Output\AT91SA #
#                    M9RL64\Debug_SDRAM\Obj\GUI_XBF_Prop.o                    #
#                    C:\DUII\TargetHW\Output\AT91SAM9RL64\Debug_SDRAM\Obj\GUI #
#                    _XBF_PropExt.o C:\DUII\TargetHW\Output\AT91SAM9RL64\Debu #
#                    g_SDRAM\Obj\GUI_XBF_PropFrm.o                            #
#                    C:\DUII\TargetHW\Output\AT91SAM9RL64\Debug_SDRAM\Obj\GUI #
#                    _X_embOS.o C:\DUII\TargetHW\Output\AT91SAM9RL64\Debug_SD #
#                    RAM\Obj\GUI__AddSpaceHex.o C:\DUII\TargetHW\Output\AT91S #
#                    AM9RL64\Debug_SDRAM\Obj\GUI__Arabic.o                    #
#                    C:\DUII\TargetHW\Output\AT91SAM9RL64\Debug_SDRAM\Obj\GUI #
#                    __BiDiRouting.o C:\DUII\TargetHW\Output\AT91SAM9RL64\Deb #
#                    ug_SDRAM\Obj\GUI__CalcTextRect.o                         #
#                    C:\DUII\TargetHW\Output\AT91SAM9RL64\Debug_SDRAM\Obj\GUI #
#                    __CompactPixelIndices.o C:\DUII\TargetHW\Output\AT91SAM9 #
#                    RL64\Debug_SDRAM\Obj\GUI__DivideRound.o                  #
#                    C:\DUII\TargetHW\Output\AT91SAM9RL64\Debug_SDRAM\Obj\GUI #
#                    __DivideRound32.o C:\DUII\TargetHW\Output\AT91SAM9RL64\D #
#                    ebug_SDRAM\Obj\GUI__DrawBitmap16bpp.o                    #
#                    C:\DUII\TargetHW\Output\AT91SAM9RL64\Debug_SDRAM\Obj\GUI #
#                    __DrawTwinArc.o C:\DUII\TargetHW\Output\AT91SAM9RL64\Deb #
#                    ug_SDRAM\Obj\GUI__ExpandPixelIndices.o                   #
[...]
ndigs                   0x0203e9f28     0x28  Data  Lc  xstoul.o [3]
newName                 0x02116ef64     0x14  Data  Gb  RaceSetupScreens.o [1]
newSUCameraSelection    0x021175c38      0x1  Data  Lc  VehicleSettingsScreens.o [1]
newScreen               0x021082c9c      0x4  Data  Gb  DataHandler.o [1]
newTDCameraSelection    0x021175c39      0x1  Data  Lc  VehicleSettingsScreens.o [1]
nextScreen              0x021081e50      0x4  Data  Lc  ConfigScreens.o [1]
nonModalPopupCallback   0x0203b6bdc     0xb8  Code  Gb  SystemSettingsScreens.o [1]
notifyCameraChange      0x0203cc97c      0xc  Code  Gb  InterTask.o [1]
notifyConfigChange      0x0203cc970      0xc  Code  Gb  InterTask.o [1]
notifyFinishSet         0x0203cc9b8      0xc  Code  Gb  InterTask.o [1]
notifyGPS               0x0203cc9c4      0xc  Code  Gb  InterTask.o [1]
notifyGPSSimChange      0x0203cc988     0x24  Code  Gb  InterTask.o [1]
notifyModeChange        0x0203cc964      0xc  Code  Gb  InterTask.o [1]
notifyStartSet          0x0203cc9ac      0xc  Code  Gb  InterTask.o [1]
notifyTQM               0x0203cc9d0     0x14  Code  Gb  InterTask.o [1]
numDrivers              0x02116ef38      0x4  Data  Gb  RaceSetupScreens.o [1]
numLaps                 0x021172ec4      0x4  Data  Gb  RaceSetupScreens.o [1]
numSessions             0x021081e44      0x4  Data  Gb  ConfigScreens.o [1]
numTracks               0x02116ef40      0x4  Data  Gb  RaceSetupScreens.o [1]
numVehicles             0x02116ef3c      0x4  Data  Gb  RaceSetupScreens.o [1]
numberOfShortListTracks
                        0x021175a08      0x4  Data  Gb  TrackDetect.o [1]
numberOfShortListTracksUser
                        0x02116ebec      0x4  Data  Gb  RaceSetupScreens.o [1]
numberOfTracks          0x021175a0c      0x4  Data  Gb  TrackDetect.o [1]
numtouches              0x02138c9fc      0x4  Data  Lc  NewLCDConf.o [1]
offset                  0x02117f580      0x4  Data  Lc  DriveScreen.o [1]
okToUseSDCard           0x02117f4a2      0x1  Data  Lc  DUII_Main.o [1]
oldScreen               0x02116e438      0x4  Data  Gb  HelpScreens.o [1]
oldScreenType           0x02116e494      0x1  Data  Gb  HelpScreens.o [1]
ones                    0x021175c40      0x4  Data  Gb  VehicleSettingsScreens.o [1]
operator delete (void *)
                        0x02040d7e8     0x18  Code  Gb  delop_0.o [4]
operator new (unsigned int)
                        0x02040ca14     0x40  Code  Gb  newop_0.o [4]
originalSUCameraSelection
                        0x021175c36      0x1  Data  Lc  VehicleSettingsScreens.o [1]
originalTDCameraSelection
                        0x021175c37      0x1  Data  Lc  VehicleSettingsScreens.o [1]
outstanding_msg         0x02117f0bc      0x8  Data  Gb  CommTask.o [1]
pAlarmValue             0x021080060      0x4  Data  Lc  AnalogInputSettings.o [1]
pAnalog0Gauge           0x02117f674      0x4  Data  Gb  DualGaugeScreen.o [1]
pAnalog0Gauge           0x021382f54      0x4  Data  Lc  LinearGaugeScreen.o [1]
pAnalog0Red             0x02117f67c      0x4  Data  Lc  DualGaugeScreen.o [1]
pAnalog1Gauge           0x02117f678      0x4  Data  Gb  DualGaugeScreen.o [1]
pAnalog1Gauge           0x021382f58      0x4  Data  Lc  LinearGaugeScreen.o [1]
pAnalog1Red             0x02117f680      0x4  Data  Lc  DualGaugeScreen.o [1]
pAnalog2Gauge           0x021382f5c      0x4  Data  Lc  LinearGaugeScreen.o [1]
pAnalog3Gauge           0x021382f60      0x4  Data  Lc  LinearGaugeScreen.o [1]
pAnimation              0x021082ca4      0x4  Data  Gb  DataHandler.o [1]
pConvert                0x02137fb10      0x4  Data  Lc  GUIDEV_WriteToActiveAlpha.o [1]
pCurrent                0x02137fb0c      0x4  Data  Lc  GUIDEV_WriteToActiveAlpha.o [1]
pData                   0x021082ca8     0x14  Data  Lc  DigitalGaugeScreen.o [1]
pData                   0x021085214     0x14  Data  Lc  GMeterScreen.o [1]
pData                   0x0210854e4     0x14  Data  Lc  GaugeScreen.o [1]
pData                   0x02116eb70     0x14  Data  Lc  RPMSweepScreen.o [1]
pDataEntryKeyboard      0x02138ca18      0x4  Data  Lc  PersonalizeScreens.o [1]
pDest                   0x02138ca1c      0x4  Data  Lc  PersonalizeScreens.o [1]
pDisplayText            0x021174844     0x14  Data  Gb  ReviewSessionsScreens.o [1]
pDistance               0x02117f548      0x4  Data  Lc  DragAutoXScreens.o [1]
pDrivers                0x02116ebf0     0xcc  Data  Gb  RaceSetupScreens.o [1]
pEighth                 0x02137fe1c      0x4  Data  Lc  GearRatios.o [1]
pEntryKeyboard          0x021085600      0x4  Data  Lc  GearingScreens.o [1]
pEntryKeyboard          0x02116ef48      0x4  Data  Lc  RaceSetupScreens.o [1]
pFifth                  0x02137fe10      0x4  Data  Lc  GearRatios.o [1]
pFirst                  0x02137fe00      0x4  Data  Lc  GearRatios.o [1]
pFourth                 0x02137fe0c      0x4  Data  Lc  GearRatios.o [1]
pGM                     0x02117fadc      0x4  Data  Gb  GMeterScreen.o [1]
pGap                    0x02117f544      0x4  Data  Lc  DragAutoXScreens.o [1]
pGauge                  0x02117f554      0x4  Data  Lc  DragAutoXScreens.o [1]
pGauge                  0x02137fd78      0x4  Data  Lc  GaugeScreen.o [1]
pHelpScreens            0x02116e420      0x4  Data  Gb  HelpScreens.o [1]
pHelpText               0x021081e84      0x4  Data  Gb  ConfigScreens.o [1]
pHelpTitle              0x021081e88      0x4  Data  Gb  ConfigScreens.o [1]
pLapList                0x021174868      0x4  Data  Gb  ReviewSessionsScreens.o [1]
pLapTime                0x02117f540      0x4  Data  Lc  DragAutoXScreens.o [1]
pLapTime                0x02137fd84      0x4  Data  Lc  GaugeScreen.o [1]
pLapTimer               0x02117f550      0x4  Data  Lc  DragAutoXScreens.o [1]
pLapTimer               0x02138ca74      0x4  Data  Lc  RPMSweepScreen.o [1]
pLaps                   0x021172ec0      0x4  Data  Gb  RaceSetupScreens.o [1]
pMPH                    0x02117f560      0x4  Data  Lc  DragAutoXScreens.o [1]
pMPH                    0x02138ca70      0x4  Data  Lc  RPMSweepScreen.o [1]
pName                   0x021082cbc     0x14  Data  Lc  DigitalGaugeScreen.o [1]
pName                   0x021085228     0x14  Data  Lc  GMeterScreen.o [1]
pName                   0x0210854f8     0x14  Data  Lc  GaugeScreen.o [1]
pName                   0x02116eb84     0x14  Data  Lc  RPMSweepScreen.o [1]
pPredictiveLap          0x02117f510      0x4  Data  Lc  DigitalGaugeScreen.o [1]
pPredictiveLap          0x02117f558      0x4  Data  Lc  DragAutoXScreens.o [1]
pPredictiveLap          0x02137fd7c      0x4  Data  Lc  GaugeScreen.o [1]
pPredictiveLap          0x02138ca78      0x4  Data  Lc  RPMSweepScreen.o [1]
pRed                    0x02117f568      0x4  Data  Lc  DragAutoXScreens.o [1]
pRed                    0x02137fd90      0x4  Data  Lc  GaugeScreen.o [1]
pRed                    0x02138ca84      0x4  Data  Lc  RPMSweepScreen.o [1]
pRenameHigh             0x02117f528      0x4  Data  Lc  DigitalInputSettings.o [1]
pRenameInput            0x021080058      0x4  Data  Lc  AnalogInputSettings.o [1]
pRenameInput            0x02117f530      0x4  Data  Lc  DigitalInputSettings.o [1]
pRenameLow              0x02117f52c      0x4  Data  Lc  DigitalInputSettings.o [1]
pRenameUnits            0x02108005c      0x4  Data  Lc  AnalogInputSettings.o [1]
pSFKeyboard             0x021390594      0x4  Data  Lc  SFScreens.o [1]
pScreens                0x02116e43c      0x4  Data  Gb  HelpScreens.o [1]
pSecond                 0x02137fe04      0x4  Data  Lc  GearRatios.o [1]
pSeventh                0x02137fe18      0x4  Data  Lc  GearRatios.o [1]
pSixth                  0x02137fe14      0x4  Data  Lc  GearRatios.o [1]
pSpeed                  0x02117f54c      0x4  Data  Lc  DragAutoXScreens.o [1]
pSpeed                  0x02137fd88      0x4  Data  Lc  GaugeScreen.o [1]
pSweep                  0x02117f55c      0x4  Data  Lc  DragAutoXScreens.o [1]
pSweep                  0x02138ca6c      0x4  Data  Lc  RPMSweepScreen.o [1]
pThird                  0x02137fe08      0x4  Data  Lc  GearRatios.o [1]
pTrackTypes             0x021175a70     0x1c  Data  Gb  TrackSettingsScreens.o [1]
pTracksShort            0x02116ebe8      0x4  Data  Gb  RaceSetupScreens.o [1]
pUnits                  0x021082cd0     0x14  Data  Lc  DigitalGaugeScreen.o [1]
pUnits                  0x02108523c     0x14  Data  Lc  GMeterScreen.o [1]
pUnits                  0x02108550c     0x14  Data  Lc  GaugeScreen.o [1]
pUnits                  0x02116eb98     0x14  Data  Lc  RPMSweepScreen.o [1]
pValueHigh              0x02117efbc      0x4  Data  Lc  AnalogInputsScale.o [1]
pValueLow               0x02117efb8      0x4  Data  Lc  AnalogInputsScale.o [1]
pVehicles               0x02116ecbc    0x25c  Data  Gb  RaceSetupScreens.o [1]
pVoltsHigh              0x02117efb4      0x4  Data  Lc  AnalogInputsScale.o [1]
pVoltsLow               0x02117efb0      0x4  Data  Lc  AnalogInputsScale.o [1]
pYellow                 0x02117f564      0x4  Data  Lc  DragAutoXScreens.o [1]
pYellow                 0x02137fd8c      0x4  Data  Lc  GaugeScreen.o [1]
pYellow                 0x02138ca80      0x4  Data  Lc  RPMSweepScreen.o [1]
parentSave              0x021390564      0x4  Data  Gb  SFScreens.o [1]
parseName               0x0203b2bec     0x94  Code  Gb  RaceSetupScreens.o [1]
parseSessionName        0x0203b3390    0x20c  Code  Gb  RaceSetupScreens.o [1]
pdrlancstatus           0x02117f4a3      0x1  Data  Gb  CommTask.o [1]
peekingScreenHandle     0x021174888      0x4  Data  Lc  RunningGauges.o [1]
peekingScreenID         0x02117488c      0x4  Data  Lc  RunningGauges.o [1]
popupCallback           0x0203a8128    0x184  Code  Gb  ConfigScreens.o [1]
popupTitleTextColor     0x0210822b4      0x4  Data  Gb  DUII_Main.o [1]
pows                    0x020411470     0x48  Data  Lc  xdtento.o [5]
predictiveLap           0x02137fd80      0x4  Data  Lc  GaugeScreen.o [1]
predictiveLap           0x02138caa4      0x4  Data  Gb  RPMSweepScreen.o [1]
prepend_alloc           0x0203e7e30    0x460  Code  Lc  dlmalloc.o [3]
pressingbutton_semaphore
                        0x021081e34      0x4  Data  Gb  ConfigScreens.o [1]
previousOffset          0x02117f584      0x4  Data  Lc  DriveScreen.o [1]
previous_touch_state    0x021081e4c      0x4  Data  Lc  ConfigScreens.o [1]
processingScreenTransition
                        0x02117f68a      0x1  Data  Gb  ConfigScreens.o [1]
qsort                   0x0204159cc     0x18  Code  Gb  qsort.o [3]
raceMode                0x021390568      0x1  Data  Gb  SFScreens.o [1]
raceModeState           0x021081e8d      0x1  Data  Gb  ConfigScreens.o [1]
redFirstTime            0x021175c34      0x1  Data  Lc  VehicleSettingsScreens.o [1]
refsectornum            0x02116eac8      0x4  Data  Lc  LapTimerTask.o [1]
reset                   0x0203f6910     0x18  Code  Gb  reset.o [1]
reviewAutoXDisplay      0x02117350a      0x1  Data  Gb  RaceSetupScreens.o [1]
reviewDragDisplay       0x02117350b      0x1  Data  Gb  RaceSetupScreens.o [1]
reviewDriveDisplay      0x021173509      0x1  Data  Gb  RaceSetupScreens.o [1]
reviewHillDisplay       0x02117350c      0x1  Data  Gb  RaceSetupScreens.o [1]
reviewRaceDisplay       0x021173508      0x1  Data  Gb  RaceSetupScreens.o [1]
reviewingSession        0x021081e92      0x1  Data  Gb  ConfigScreens.o [1]
romTrackTable           0x0203de5f8   0x6978  Data  Gb  TrackDetect.o [1]
rot3                    0x020415310     0xb8  Code  Lc  qsort.o [3]
rotate                  0x0204153c8     0x74  Code  Lc  qsort.o [3]
rpm                     0x02138ca8c      0x4  Data  Gb  RPMSweepScreen.o [1]
rpmListStart            0x021174c7c      0x4  Data  Gb  TachSetupScreens.o [1]
scratchpad              0x021080218     0x80  Data  Gb  CommTask.o [1]
screenID                0x02138ca20      0x1  Data  Lc  PersonalizeScreens.o [1]
screenIndex             0x02116e440      0x4  Data  Gb  HelpScreens.o [1]
screen_scrolling        0x021081e30      0x4  Data  Gb  ConfigScreens.o [1]
sdCardManagerStack      0x02138b91c    0x800  Data  Lc  Main.o [1]
sdCardManagerTCB        0x02138c11c     0x44  Data  Gb  Main.o [1]
sector                  0x0213806ac   0x28a0  Data  Lc  LapTimerTask.o [1]
seekhdg                 0x02116ead0      0x4  Data  Lc  LapTimerTask.o [1]
seeklat                 0x02116eab0      0x8  Data  Lc  LapTimerTask.o [1]
seeklon                 0x02116eab8      0x8  Data  Lc  LapTimerTask.o [1]
selectedRaceMode        0x021081e8e      0x1  Data  Gb  ConfigScreens.o [1]
selectedSessionSorted   0x021081e78      0x4  Data  Gb  ConfigScreens.o [1]
selectedSessionUnsorted
                        0x021081e3c      0x4  Data  Gb  ConfigScreens.o [1]
selectedTrackName       0x02116ef78     0x14  Data  Gb  RaceSetupScreens.o [1]
sessionFile             0x0210802dc      0x4  Data  Gb  CommTask.o [1]
sessionName             0x02117352c     0x50  Data  Gb  RaceSetupScreens.o [1]
shifting                0x021082c4c      0x4  Data  Gb  DataHandler.o [1]
slideoutState           0x021081e8c      0x1  Data  Gb  ConfigScreens.o [1]
slideoutStepSize        0x021081e18      0x4  Data  Gb  ConfigScreens.o [1]
slideoutStepTime        0x021081e1c      0x4  Data  Gb  ConfigScreens.o [1]
slideoutXPos            0x021081e04      0x4  Data  Gb  ConfigScreens.o [1]
slideoutYPos            0x021081e08      0x4  Data  Gb  ConfigScreens.o [1]
speed                   0x02117f590      0x4  Data  Lc  DriveScreen.o [1]
speed                   0x02116eac0      0x8  Data  Lc  LapTimerTask.o [1]
speed                   0x02138caa0      0x4  Data  Gb  RPMSweepScreen.o [1]
speedDirection          0x021082c48      0x4  Data  Gb  DataHandler.o [1]
speedStr                0x02117f59c     0x20  Data  Lc  DriveScreen.o [1]
speedStr                0x02137fda4     0x14  Data  Gb  GaugeScreen.o [1]
splashScreenStartTime   0x02117f498      0x4  Data  Gb  DUII_Main.o [1]
sprintf                 0x0203d5a14     0x58  Code  Gb  sprintf.o [3]
sqrt                    0x0203f150c           Code  Gb  sqrt.o [5]
sqrtl                   0x0203f150c           Code  Gb  sqrt.o [5]
stationaryTimer         0x021081db4     0x14  Data  Gb  CommTask.o [1]
stopRecording           0x02041b6d8     0x10  Code  Lc  CommTask.o [1]
stopTSScan              0x02138c9ec      0x4  Data  Lc  NewLCDConf.o [1]
strcat                  0x0203d5a6c     0x34  Code  Gb  strcat.o [3]
strchr                  0x020418f70           Code  Gb  strchr.o [7]
strcmp                  0x0203cc868           Code  Gb  strcmp.o [7]
strcpy                  0x0203d5350           Code  Gb  strcpy.o [7]
strlen                  0x0203d595c           Code  Gb  strlen.o [7]
strncmp                 0x0203e6b00     0x4c  Code  Gb  strncmp.o [3]
strncpy                 0x0203dd2a4           Code  Gb  strncpy.o [7]
suData                  0x02117f87c     0x24  Data  Gb  FlashReadWrite.o [1]
suspendForHelp          0x02116e41c      0x4  Data  Gb  HelpScreens.o [1]
swap                    0x020415278     0x98  Code  Lc  qsort.o [3]
sysData                 0x02117618c     0xf4  Data  Gb  FlashReadWrite.o [1]
sys_alloc               0x0203e856c    0x218  Code  Lc  dlmalloc.o [3]
syslock_o               0x021390d3c      0x4  Data  Lc  xsyslock.o [3]
systemSettingsPopupScreen
                        0x0213905cc      0x4  Data  Gb  SystemSettingsScreens.o [1]
tachLEDPWMSetting       0x02116e9f4      0x4  Data  Gb  LEDHandler.o [1]
tanf                    0x02041e2c0    0x120  Code  Gb  tanf.o [5]
taskProfile             0x021082de0     0xc4  Data  Gb  FlashReadWrite.o [1]
tempCameraIndex         0x021175c2c      0x4  Data  Lc  VehicleSettingsScreens.o [1]
tempCorrection          0x02116e9fc      0x4  Data  Gb  LEDHandler.o [1]
tempVehicleName         0x021172eac     0x14  Data  Gb  RaceSetupScreens.o [1]
tenths                  0x021175c44      0x4  Data  Gb  VehicleSettingsScreens.o [1]
testCamera              0x021175be8      0x4  Data  Gb  VehicleSettingsScreens.o [1]
testMode                0x02117f48c      0x4  Data  Gb  DUII_Main.o [1]
testfirsttimethrough    0x02117fb08      0x1  Data  Lc  GPSInfoScreen.o [1]
testfirsttimethrough    0x02138ca64      0x1  Data  Lc  ProfilerScreen.o [1]
timeStr                 0x02117f600     0x20  Data  Lc  DriveScreen.o [1]
timeString              0x0213905f8     0x10  Data  Gb  Utilities.o [1]
tireCircumference       0x02108570c      0xc  Data  Gb  GearingScreens.o [1]
tmalloc_large           0x0203e878c    0x52c  Code  Lc  dlmalloc.o [3]
tmalloc_small           0x0203e8cb8    0x2e0  Code  Lc  dlmalloc.o [3]
tolower                 0x0203dd33c     0x1c  Code  Gb  tolower.o [3]
topLEDCenter            0x0213806a4      0x4  Data  Gb  LEDHandler.o [1]
totalCorrection         0x02116ea00      0x4  Data  Gb  LEDHandler.o [1]
totalWaitForCameraTime  0x021390554      0x4  Data  Lc  SFScreens.o [1]
toupper                 0x0203e9b6c     0x24  Code  Gb  toupper.o [3]
tqmOpen                 0x0203cc9e4     0x2c  Code  Gb  InterTask.o [1]
tqmQMem                 0x02138c1b8    0x800  Data  Gb  Main.o [1]
tqmWrite                0x0203cca10     0x2c  Code  Gb  InterTask.o [1]
tqmheader               0x021080b88   0x122c  Data  Gb  CommTask.o [1]
tqmsample               0x02117f0c4     0x7c  Data  Gb  CommTask.o [1]
trackData               0x021176360   0x14a0  Data  Gb  FlashReadWrite.o [1]
trackShortList          0x021175364    0x6a4  Data  Gb  TrackDetect.o [1]
trackTable              0x021177810   0x7788  Data  Gb  TrackDetect.o [1]
trackTableIndex         0x02116ef4c      0x4  Data  Gb  RaceSetupScreens.o [1]
trim                    0x0203e63c8     0x58  Code  Gb  Utilities.o [1]
trimn                   0x0203e6420     0x64  Code  Gb  Utilities.o [1]
tripDistStr             0x02117f620     0x20  Data  Lc  DriveScreen.o [1]
typeSave                0x021390569      0x1  Data  Gb  SFScreens.o [1]
uSDelay                 0x0203f3830     0x44  Code  Gb  SPI_AT91SAM9RL64.o [1]
unpack_velocities       0x0203f3af8     0x74  Code  Gb  datadecode.o [1]
unsavedSysData          0x021176280     0xe0  Data  Gb  FlashReadWrite.o [1]
upperLEDOnReason        0x02116e9a8     0x18  Data  Gb  LEDHandler.o [1]
userAbort               0x021081e91      0x1  Data  Gb  ConfigScreens.o [1]
valueHighString         0x02117effc     0x14  Data  Gb  AnalogInputsScale.o [1]
valueLowString          0x02117efe8     0x14  Data  Gb  AnalogInputsScale.o [1]
vehicleData             0x021175fb0    0x1dc  Data  Gb  FlashReadWrite.o [1]
vehicleSelectionChanged
                        0x02116ef60      0x1  Data  Gb  RaceSetupScreens.o [1]
verifyData              0x0203ccaac    0x1ec  Code  Gb  FlashReadWrite.o [1]
voltsHighString         0x02117efd4     0x14  Data  Gb  AnalogInputsScale.o [1]
voltsLowString          0x02117efc0     0x14  Data  Gb  AnalogInputsScale.o [1]
waitedForSF             0x021081e8f      0x1  Data  Lc  ConfigScreens.o [1]
waiting_usb_camera      0x0210802e0      0x4  Data  Gb  CommTask.o [1]
warningLEDPWMSetting    0x02116e9f0      0x4  Data  Gb  LEDHandler.o [1]
workString              0x02138ca24     0x34  Data  Gb  PersonalizeScreens.o [1]
workingOffset           0x02117f588      0x4  Data  Lc  DriveScreen.o [1]
xGStr                   0x02117f5c8      0xc  Data  Lc  DriveScreen.o [1]
xferSPI                 0x0203f38c0     0x2c  Code  Gb  SPI_AT91SAM9RL64.o [1]
xhistory                0x02138c9cc     0x10  Data  Lc  NewLCDConf.o [1]
yGStr                   0x02117f5bc      0xc  Data  Lc  DriveScreen.o [1]
yellowFirstTime         0x021175c35      0x1  Data  Lc  VehicleSettingsScreens.o [1]
yhistory                0x02138c9dc     0x10  Data  Lc  NewLCDConf.o [1]


[1] = C:\DUII\TargetHW\Output\AT91SAM9RL64\Debug_SDRAM\Obj
[2] = command line
[3] = dl5E_alf.a
[4] = dlpp5E_al_fe.a
[5] = m5E_al.a
[6] = os5t_al__dp.a
[7] = rt5E_al.a
[8] = shs_l.a

     586 008 bytes of readonly  code memory
   5 781 000 bytes of readonly  data memory
  12 417 216 bytes of readwrite data memory

Errors: none
Warnings: none
