###############################################################################
#                                                                             #
# IAR ANSI C/C++ Compiler V6.10.2.52244/W32 for ARM     14/Jul/2015  18:59:22 #
# Copyright 1999-2010 IAR Systems AB.                                         #
#                                                                             #
#    Cpu mode     =  arm                                                      #
#    Endian       =  little                                                   #
#    Source file  =  C:\DUII\TargetHW\GUI\WM_GetInsideRect.c                  #
#    Command line =  C:\DUII\TargetHW\GUI\WM_GetInsideRect.c -D DEBUG=1 -D    #
#                    SDRAM_TARGET=1 -D USB_IS_HIGH_SPEED -D                   #
#                    XIGNORE_TEMPERATURE -D BUILD_DEBUG_PORT -D PROFILER      #
#                    -lCN C:\DUII\TargetHW\Output\AT91SAM9RL64\Debug_SDRAM\Li #
#                    st\ -o C:\DUII\TargetHW\Output\AT91SAM9RL64\Debug_SDRAM\ #
#                    Obj\ --debug --endian=little --cpu=ARM926EJ-S -e         #
#                    --fpu=None --dlib_config "C:\Program Files (x86)\IAR     #
#                    Systems\Embedded Workbench 6.0\arm\INC\c\DLib_Config_Ful #
#                    l.h" -I C:\DUII\TargetHW\Application\SEGGERDEMO\ -I      #
#                    C:\DUII\TargetHW\Application\SEGGERDEMO\Src\ -I          #
#                    C:\DUII\TargetHW\Config\ -I C:\DUII\TargetHW\FS\ -I      #
#                    C:\DUII\TargetHW\GUI\ -I C:\DUII\TargetHW\Inc\ -I        #
#                    C:\DUII\TargetHW\OS\ -I C:\DUII\TargetHW\Setup\ -I       #
#                    \DUII\DUII\ -I \DUII\DUII\Graphics\ -I PROFILER\         #
#                    --cpu_mode arm -Ohs --use_c++_inline                     #
#                    --require_prototypes                                     #
#    List file    =  C:\DUII\TargetHW\Output\AT91SAM9RL64\Debug_SDRAM\List\WM #
#                    _GetInsideRect.lst                                       #
#    Object file  =  C:\DUII\TargetHW\Output\AT91SAM9RL64\Debug_SDRAM\Obj\WM_ #
#                    GetInsideRect.o                                          #
#                                                                             #
#                                                                             #
###############################################################################

C:\DUII\TargetHW\GUI\WM_GetInsideRect.c
      1          /*********************************************************************
      2          *                SEGGER Microcontroller GmbH & Co. KG                *
      3          *        Solutions for real time microcontroller applications        *
      4          **********************************************************************
      5          *                                                                    *
      6          *        (c) 1996 - 2010  SEGGER Microcontroller GmbH & Co. KG       *
      7          *                                                                    *
      8          *        Internet: www.segger.com    Support:  support@segger.com    *
      9          *                                                                    *
     10          **********************************************************************
     11          
     12          ** emWin V5.06 - Graphical user interface for embedded applications **
     13          emWin is protected by international copyright laws.   Knowledge of the
     14          source code may not be used to write a similar product.  This file may
     15          only be used in accordance with a license and should not be re-
     16          distributed in any way. We appreciate your understanding and fairness.
     17          ----------------------------------------------------------------------
     18          File        : WM_GetInsideRect.c
     19          Purpose     : Windows manager, submodule
     20          ----------------------------------------------------------------------
     21          */
     22          
     23          #include "WM_Intern.h"
     24          
     25          #if GUI_WINSUPPORT    /* If 0, WM will not generate any code */
     26          
     27          /*********************************************************************
     28          *
     29          *       Public code
     30          *
     31          **********************************************************************
     32          */
     33          /*********************************************************************
     34          *
     35          *       WM_GetInsideRectEx
     36          *
     37            Purpose:
     38              Return the inside rectangle in client coordinates.
     39              The inside rectangle is the client rectangle minus the effect,
     40              which typically reduces the rectangle by 0 - 3 pixels on either side
     41              (2 for the standard 3D effect).
     42          */        

   \                                 In section .text, align 4, keep-with-next
     43          void WM_GetInsideRectEx(WM_HWIN hWin, GUI_RECT* pRect) {
   \                     WM_GetInsideRectEx:
   \   00000000   00402DE9           PUSH     {LR}
   \   00000004   14D04DE2           SUB      SP,SP,#+20
     44            WM_MESSAGE Msg;
     45            Msg.Data.p = pRect;
   \   00000008   0C108DE5           STR      R1,[SP, #+12]
     46            Msg.MsgId  = WM_GET_INSIDE_RECT;
   \   0000000C   1420A0E3           MOV      R2,#+20
   \   00000010   00208DE5           STR      R2,[SP, #+0]
     47            WM_SendMessage(hWin, &Msg);
   \   00000014   0D10A0E1           MOV      R1,SP
   \   00000018   ........           BL       WM_SendMessage
     48          }
   \   0000001C   14D08DE2           ADD      SP,SP,#+20       ;; stack cleaning
   \   00000020   0080BDE8           POP      {PC}             ;; return
     49          
     50          /*********************************************************************
     51          *
     52          *       WM_GetInsideRect
     53          */

   \                                 In section .text, align 4, keep-with-next
     54          void WM_GetInsideRect(GUI_RECT* pRect) {
   \                     WM_GetInsideRect:
   \   00000000   00402DE9           PUSH     {LR}
   \   00000004   14D04DE2           SUB      SP,SP,#+20
     55            WM_GetInsideRectEx(GUI_Context.hAWin, pRect);
   \   00000008   0C008DE5           STR      R0,[SP, #+12]
   \   0000000C   1410A0E3           MOV      R1,#+20
   \   00000010   ........           LDR      R0,??DataTable0
   \   00000014   00108DE5           STR      R1,[SP, #+0]
   \   00000018   0D10A0E1           MOV      R1,SP
   \   0000001C   3C0090E5           LDR      R0,[R0, #+60]
   \   00000020   ........           BL       WM_SendMessage
     56          }
   \   00000024   14D08DE2           ADD      SP,SP,#+20       ;; stack cleaning
   \   00000028   0080BDE8           POP      {PC}             ;; return

   \                                 In section .text, align 4, keep-with-next
   \                     ??DataTable0:
   \   00000000   ........           DC32     GUI_Context
     57          
     58          #else
     59            void WM_GetInsideRect_C(void) {} /* avoid empty object files */
     60          #endif   /* GUI_WINSUPPORT */
     61          
     62          /*************************** End of file ****************************/

   Maximum stack usage in bytes:

     Function           .cstack
     --------           -------
     WM_GetInsideRect       24
     WM_GetInsideRectEx     24


   Section sizes:

     Function/Label     Bytes
     --------------     -----
     WM_GetInsideRectEx   36
     WM_GetInsideRect     44
     ??DataTable0          4

 
 84 bytes in section .text
 
 84 bytes of CODE memory

Errors: none
Warnings: none
