###############################################################################
#                                                                             #
# IAR ANSI C/C++ Compiler V6.10.2.52244/W32 for ARM     14/Jul/2015  19:02:26 #
# Copyright 1999-2010 IAR Systems AB.                                         #
#                                                                             #
#    Cpu mode     =  arm                                                      #
#    Endian       =  little                                                   #
#    Source file  =  C:\DUII\DUII\Graphics\YellowDigits.c                     #
#    Command line =  C:\DUII\DUII\Graphics\YellowDigits.c -D DEBUG=1 -D       #
#                    SDRAM_TARGET=1 -D USB_IS_HIGH_SPEED -D                   #
#                    XIGNORE_TEMPERATURE -D BUILD_DEBUG_PORT -D PROFILER      #
#                    -lCN C:\DUII\TargetHW\Output\AT91SAM9RL64\Debug_SDRAM\Li #
#                    st\ -o C:\DUII\TargetHW\Output\AT91SAM9RL64\Debug_SDRAM\ #
#                    Obj\ --debug --endian=little --cpu=ARM926EJ-S -e         #
#                    --fpu=None --dlib_config "C:\Program Files (x86)\IAR     #
#                    Systems\Embedded Workbench 6.0\arm\INC\c\DLib_Config_Ful #
#                    l.h" -I C:\DUII\TargetHW\Application\SEGGERDEMO\ -I      #
#                    C:\DUII\TargetHW\Application\SEGGERDEMO\Src\ -I          #
#                    C:\DUII\TargetHW\Config\ -I C:\DUII\TargetHW\FS\ -I      #
#                    C:\DUII\TargetHW\GUI\ -I C:\DUII\TargetHW\Inc\ -I        #
#                    C:\DUII\TargetHW\OS\ -I C:\DUII\TargetHW\Setup\ -I       #
#                    \DUII\DUII\ -I \DUII\DUII\Graphics\ -I PROFILER\         #
#                    --cpu_mode arm -Ohs --use_c++_inline                     #
#                    --require_prototypes                                     #
#    List file    =  C:\DUII\TargetHW\Output\AT91SAM9RL64\Debug_SDRAM\List\Ye #
#                    llowDigits.lst                                           #
#    Object file  =  C:\DUII\TargetHW\Output\AT91SAM9RL64\Debug_SDRAM\Obj\Yel #
#                    lowDigits.o                                              #
#                                                                             #
#                                                                             #
###############################################################################

C:\DUII\DUII\Graphics\YellowDigits.c
      1          /*********************************************************************
      2          *                SEGGER MICROCONTROLLER SYSTEME GmbH                 *
      3          *        Solutions for real time microcontroller applications        *
      4          *                           www.segger.com                           *
      5          **********************************************************************
      6          *
      7          * C-file generated by
      8          *
      9          *        Bitmap converter for emWin V5.04.
     10          *        Compiled Jan  8 2010, 16:37:17
     11          *        (C) 1998 - 2005 Segger Microcontroller Systeme GmbH
     12          *
     13          **********************************************************************
     14          *
     15          * Source file: YellowDigits
     16          * Dimensions:  40 * 442
     17          * NumColors:   2
     18          *
     19          **********************************************************************
     20          */
     21          
     22          #include <stdlib.h>
     23          
     24          #include "GUI.h"
     25          
     26          #ifndef GUI_CONST_STORAGE
     27            #define GUI_CONST_STORAGE const
     28          #endif
     29          
     30          /*   Palette
     31          The following are the entries of the palette table.
     32          Every entry is a 32-bit value (of which 24 bits are actually used)
     33          the lower   8 bits represent the Red component,
     34          the middle  8 bits represent the Green component,
     35          the highest 8 bits (of the 24 bits used) represent the Blue component
     36          as follows:   0xBBGGRR
     37          */
     38          

   \                                 In section .rodata, align 4, keep-with-next
     39          static GUI_CONST_STORAGE GUI_COLOR ColorsYellowDigits[] = {
   \                     ColorsYellowDigits:
   \   00000000                      ; Initializer data, 8 bytes
   \   00000000   00000000FFFF       DC32 0, 65535
   \              0000        
     40               0x000000,0x00FFFF
     41          };
     42          

   \                                 In section .rodata, align 4, keep-with-next
     43          static GUI_CONST_STORAGE GUI_LOGPALETTE PalYellowDigits = {
   \                     PalYellowDigits:
   \   00000000                      ; Initializer data, 12 bytes
   \   00000000   02000000           DC32 2
   \   00000004   00000000           DC8 0, 0, 0, 0
   \   00000008   ........           DC32 ColorsYellowDigits
     44            2,	/* number of entries */
     45            0, 	/* No transparency */
     46            &ColorsYellowDigits[0]
     47          };
     48          

   \                                 In section .rodata, align 4, keep-with-next
     49          static GUI_CONST_STORAGE unsigned char acYellowDigits[] = {
   \                     acYellowDigits:
   \   00000000                      ; Initializer data, 2212 bytes
   \   00000000   000000000000       DC8 0, 0, 0, 0, 0, 0, 0, 0, 0, 0
   \              00000000    
   \   0000000A   000000000000       DC8 0, 0, 0, 0, 0, 0, 0, 0, 0, 0
   \              00000000    
   \   00000014   000000000000       DC8 0, 0, 0, 0, 0, 0, 0, 0, 0, 0
   \              00000000    
   \   0000001E   000000000000       DC8 0, 0, 0, 0, 0, 0, 0, 0, 0, 0
   \              00000000    
   \   00000028   000000000000       DC8 0, 0, 0, 0, 0, 0, 0, 0, 0, 0
   \              00000000    
   \   00000032   0000FE000000       DC8 0, 0, 254, 0, 0, 0, 3, 199, 128, 0
   \              03C78000    
   \   0000003C   000783C00000       DC8 0, 7, 131, 192, 0, 0, 15, 3, 224, 0
   \              0F03E000    
   \   00000046   000F01E00000       DC8 0, 15, 1, 224, 0, 0, 31, 1, 240, 0
   \              1F01F000    
   \   00000050   001F01F00000       DC8 0, 31, 1, 240, 0, 0, 31, 1, 240, 0
   \              1F01F000    
   \   0000005A   001F01F00000       DC8 0, 31, 1, 240, 0, 0, 31, 1, 240, 0
   \              1F01F000    
   \   00000064   000F01E00000       DC8 0, 15, 1, 224, 0, 0, 15, 131, 224, 0
   \              0F83E000    
   \   0000006E   000783C00000       DC8 0, 7, 131, 192, 0, 0, 3, 199, 128, 0
   \              03C78000    
   \   00000078   0000FE000000       DC8 0, 0, 254, 0, 0, 0, 0, 0, 0, 0
   \              00000000    
   \   00000082   000000000000       DC8 0, 0, 0, 0, 0, 0, 0, 0, 0, 0
   \              00000000    
   \   0000008C   000000000000       DC8 0, 0, 0, 0, 0, 0, 0, 0, 0, 0
   \              00000000    
   \   00000096   000000000000       DC8 0, 0, 0, 0, 0, 0, 0, 0, 0, 0
   \              00000000    
   \   000000A0   000000000000       DC8 0, 0, 0, 0, 0, 0, 0, 0, 0, 0
   \              00000000    
   \   000000AA   000000000000       DC8 0, 0, 0, 0, 0, 0, 0, 0, 0, 0
   \              00000000    
   \   000000B4   000000000000       DC8 0, 0, 0, 0, 0, 0, 0, 0, 0, 0
   \              00000000    
   \   000000BE   000000000000       DC8 0, 0, 0, 0, 0, 0, 0, 0, 0, 0
   \              00000000    
   \   000000C8   000000000000       DC8 0, 0, 0, 0, 0, 0, 0, 112, 0, 0
   \              00700000    
   \   000000D2   0000F0000000       DC8 0, 0, 240, 0, 0, 0, 15, 240, 0, 0
   \              0FF00000    
   \   000000DC   0001F0000000       DC8 0, 1, 240, 0, 0, 0, 1, 240, 0, 0
   \              01F00000    
   \   000000E6   0001F0000000       DC8 0, 1, 240, 0, 0, 0, 1, 240, 0, 0
   \              01F00000    
   \   000000F0   0001F0000000       DC8 0, 1, 240, 0, 0, 0, 1, 240, 0, 0
   \              01F00000    
   \   000000FA   0001F0000000       DC8 0, 1, 240, 0, 0, 0, 1, 240, 0, 0
   \              01F00000    
   \   00000104   0001F0000000       DC8 0, 1, 240, 0, 0, 0, 1, 240, 0, 0
   \              01F00000    
   \   0000010E   0003F8000000       DC8 0, 3, 248, 0, 0, 0, 15, 254, 0, 0
   \              0FFE0000    
   \   00000118   000000000000       DC8 0, 0, 0, 0, 0, 0, 0, 0, 0, 0
   \              00000000    
   \   00000122   000000000000       DC8 0, 0, 0, 0, 0, 0, 0, 0, 0, 0
   \              00000000    
   \   0000012C   000000000000       DC8 0, 0, 0, 0, 0, 0, 0, 0, 0, 0
   \              00000000    
   \   00000136   000000000000       DC8 0, 0, 0, 0, 0, 0, 0, 0, 0, 0
   \              00000000    
   \   00000140   000000000000       DC8 0, 0, 0, 0, 0, 0, 0, 0, 0, 0
   \              00000000    
   \   0000014A   000000000000       DC8 0, 0, 0, 0, 0, 0, 0, 0, 0, 0
   \              00000000    
   \   00000154   000000000000       DC8 0, 0, 0, 0, 0, 0, 0, 0, 0, 0
   \              00000000    
   \   0000015E   000000000000       DC8 0, 0, 0, 0, 0, 0, 0, 0, 0, 0
   \              00000000    
   \   00000168   0003FC000000       DC8 0, 3, 252, 0, 0, 0, 14, 31, 0, 0
   \              0E1F0000    
   \   00000172   001F0F800000       DC8 0, 31, 15, 128, 0, 0, 31, 15, 128, 0
   \              1F0F8000    
   \   0000017C   001F0F800000       DC8 0, 31, 15, 128, 0, 0, 14, 15, 128, 0
   \              0E0F8000    
   \   00000186   00001F000000       DC8 0, 0, 31, 0, 0, 0, 0, 62, 0, 0
   \              003E0000    
   \   00000190   000078000000       DC8 0, 0, 120, 0, 0, 0, 1, 192, 0, 0
   \              01C00000    
   \   0000019A   000600000000       DC8 0, 6, 0, 0, 0, 0, 15, 255, 192, 0
   \              0FFFC000    
   \   000001A4   001FFFC00000       DC8 0, 31, 255, 192, 0, 0, 31, 255, 192, 0
   \              1FFFC000    
   \   000001AE   001FFFC00000       DC8 0, 31, 255, 192, 0, 0, 0, 0, 0, 0
   \              00000000    
   \   000001B8   000000000000       DC8 0, 0, 0, 0, 0, 0, 0, 0, 0, 0
   \              00000000    
   \   000001C2   000000000000       DC8 0, 0, 0, 0, 0, 0, 0, 0, 0, 0
   \              00000000    
   \   000001CC   000000000000       DC8 0, 0, 0, 0, 0, 0, 0, 0, 0, 0
   \              00000000    
   \   000001D6   000000000000       DC8 0, 0, 0, 0, 0, 0, 0, 0, 0, 0
   \              00000000    
   \   000001E0   000000000000       DC8 0, 0, 0, 0, 0, 0, 0, 0, 0, 0
   \              00000000    
   \   000001EA   000000000000       DC8 0, 0, 0, 0, 0, 0, 0, 0, 0, 0
   \              00000000    
   \   000001F4   000000000000       DC8 0, 0, 0, 0, 0, 0, 0, 0, 0, 0
   \              00000000    
   \   000001FE   000000000000       DC8 0, 0, 0, 0, 0, 0, 1, 252, 0, 0
   \              01FC0000    
   \   00000208   00071E000000       DC8 0, 7, 30, 0, 0, 0, 15, 143, 0, 0
   \              0F8F0000    
   \   00000212   000F8F800000       DC8 0, 15, 143, 128, 0, 0, 15, 143, 128, 0
   \              0F8F8000    
   \   0000021C   00070F800000       DC8 0, 7, 15, 128, 0, 0, 0, 15, 128, 0
   \              000F8000    
   \   00000226   00000F000000       DC8 0, 0, 15, 0, 0, 0, 0, 30, 0, 0
   \              001E0000    
   \   00000230   0000F8000000       DC8 0, 0, 248, 0, 0, 0, 0, 254, 0, 0
   \              00FE0000    
   \   0000023A   00000F800000       DC8 0, 0, 15, 128, 0, 0, 0, 7, 192, 0
   \              0007C000    
   \   00000244   000007C00000       DC8 0, 0, 7, 192, 0, 0, 14, 7, 192, 0
   \              0E07C000    
   \   0000024E   001F07C00000       DC8 0, 31, 7, 192, 0, 0, 31, 7, 128, 0
   \              1F078000    
   \   00000258   001F0F800000       DC8 0, 31, 15, 128, 0, 0, 14, 30, 0, 0
   \              0E1E0000    
   \   00000262   0003F8000000       DC8 0, 3, 248, 0, 0, 0, 0, 0, 0, 0
   \              00000000    
   \   0000026C   000000000000       DC8 0, 0, 0, 0, 0, 0, 0, 0, 0, 0
   \              00000000    
   \   00000276   000000000000       DC8 0, 0, 0, 0, 0, 0, 0, 0, 0, 0
   \              00000000    
   \   00000280   000000000000       DC8 0, 0, 0, 0, 0, 0, 0, 0, 0, 0
   \              00000000    
   \   0000028A   000000000000       DC8 0, 0, 0, 0, 0, 0, 0, 0, 0, 0
   \              00000000    
   \   00000294   000000000000       DC8 0, 0, 0, 0, 0, 0, 0, 0, 0, 0
   \              00000000    
   \   0000029E   00001F000000       DC8 0, 0, 31, 0, 0, 0, 0, 31, 0, 0
   \              001F0000    
   \   000002A8   00003F000000       DC8 0, 0, 63, 0, 0, 0, 0, 95, 0, 0
   \              005F0000    
   \   000002B2   00005F000000       DC8 0, 0, 95, 0, 0, 0, 0, 159, 0, 0
   \              009F0000    
   \   000002BC   00011F000000       DC8 0, 1, 31, 0, 0, 0, 2, 31, 0, 0
   \              021F0000    
   \   000002C6   00021F000000       DC8 0, 2, 31, 0, 0, 0, 4, 31, 0, 0
   \              041F0000    
   \   000002D0   00081F000000       DC8 0, 8, 31, 0, 0, 0, 8, 31, 0, 0
   \              081F0000    
   \   000002DA   001FFFE00000       DC8 0, 31, 255, 224, 0, 0, 31, 255, 224, 0
   \              1FFFE000    
   \   000002E4   001FFFE00000       DC8 0, 31, 255, 224, 0, 0, 0, 31, 0, 0
   \              001F0000    
   \   000002EE   00001F000000       DC8 0, 0, 31, 0, 0, 0, 0, 31, 0, 0
   \              001F0000    
   \   000002F8   00001F000000       DC8 0, 0, 31, 0, 0, 0, 0, 31, 0, 0
   \              001F0000    
   \   00000302   000000000000       DC8 0, 0, 0, 0, 0, 0, 0, 0, 0, 0
   \              00000000    
   \   0000030C   000000000000       DC8 0, 0, 0, 0, 0, 0, 0, 0, 0, 0
   \              00000000    
   \   00000316   000000000000       DC8 0, 0, 0, 0, 0, 0, 0, 0, 0, 0
   \              00000000    
   \   00000320   000000000000       DC8 0, 0, 0, 0, 0, 0, 0, 0, 0, 0
   \              00000000    
   \   0000032A   000000000000       DC8 0, 0, 0, 0, 0, 0, 0, 0, 0, 0
   \              00000000    
   \   00000334   000000000000       DC8 0, 0, 0, 0, 0, 0, 7, 255, 0, 0
   \              07FF0000    
   \   0000033E   0007FF000000       DC8 0, 7, 255, 0, 0, 0, 7, 255, 0, 0
   \              07FF0000    
   \   00000348   0007FF000000       DC8 0, 7, 255, 0, 0, 0, 4, 0, 0, 0
   \              04000000    
   \   00000352   000800000000       DC8 0, 8, 0, 0, 0, 0, 8, 0, 0, 0
   \              08000000    
   \   0000035C   0009F8000000       DC8 0, 9, 248, 0, 0, 0, 15, 254, 0, 0
   \              0FFE0000    
   \   00000366   000C3F000000       DC8 0, 12, 63, 0, 0, 0, 0, 31, 0, 0
   \              001F0000    
   \   00000370   00000F800000       DC8 0, 0, 15, 128, 0, 0, 0, 15, 128, 0
   \              000F8000    
   \   0000037A   00000F800000       DC8 0, 0, 15, 128, 0, 0, 14, 15, 128, 0
   \              0E0F8000    
   \   00000384   001F0F800000       DC8 0, 31, 15, 128, 0, 0, 31, 15, 0, 0
   \              1F0F0000    
   \   0000038E   001F1E000000       DC8 0, 31, 30, 0, 0, 0, 14, 60, 0, 0
   \              0E3C0000    
   \   00000398   0003F0000000       DC8 0, 3, 240, 0, 0, 0, 0, 0, 0, 0
   \              00000000    
   \   000003A2   000000000000       DC8 0, 0, 0, 0, 0, 0, 0, 0, 0, 0
   \              00000000    
   \   000003AC   000000000000       DC8 0, 0, 0, 0, 0, 0, 0, 0, 0, 0
   \              00000000    
   \   000003B6   000000000000       DC8 0, 0, 0, 0, 0, 0, 0, 0, 0, 0
   \              00000000    
   \   000003C0   000007000000       DC8 0, 0, 7, 0, 0, 0, 0, 60, 0, 0
   \              003C0000    
   \   000003CA   0000F0000000       DC8 0, 0, 240, 0, 0, 0, 1, 192, 0, 0
   \              01C00000    
   \   000003D4   0003C0000000       DC8 0, 3, 192, 0, 0, 0, 7, 128, 0, 0
   \              07800000    
   \   000003DE   000F80000000       DC8 0, 15, 128, 0, 0, 0, 15, 63, 0, 0
   \              0F3F0000    
   \   000003E8   001FFF800000       DC8 0, 31, 255, 128, 0, 0, 31, 135, 192, 0
   \              1F87C000    
   \   000003F2   001F07E00000       DC8 0, 31, 7, 224, 0, 0, 31, 3, 224, 0
   \              1F03E000    
   \   000003FC   001F03E00000       DC8 0, 31, 3, 224, 0, 0, 31, 3, 224, 0
   \              1F03E000    
   \   00000406   000F03E00000       DC8 0, 15, 3, 224, 0, 0, 15, 3, 192, 0
   \              0F03C000    
   \   00000410   000787C00000       DC8 0, 7, 135, 192, 0, 0, 3, 199, 0, 0
   \              03C70000    
   \   0000041A   0000FC000000       DC8 0, 0, 252, 0, 0, 0, 0, 0, 0, 0
   \              00000000    
   \   00000424   000000000000       DC8 0, 0, 0, 0, 0, 0, 0, 0, 0, 0
   \              00000000    
   \   0000042E   000000000000       DC8 0, 0, 0, 0, 0, 0, 0, 0, 0, 0
   \              00000000    
   \   00000438   000000000000       DC8 0, 0, 0, 0, 0, 0, 0, 0, 0, 0
   \              00000000    
   \   00000442   000000000000       DC8 0, 0, 0, 0, 0, 0, 0, 0, 0, 0
   \              00000000    
   \   0000044C   000000000000       DC8 0, 0, 0, 0, 0, 0, 0, 0, 0, 0
   \              00000000    
   \   00000456   000000000000       DC8 0, 0, 0, 0, 0, 0, 0, 0, 0, 0
   \              00000000    
   \   00000460   000000000000       DC8 0, 0, 0, 0, 0, 0, 0, 0, 0, 0
   \              00000000    
   \   0000046A   000000000000       DC8 0, 0, 0, 0, 0, 0, 31, 255, 128, 0
   \              1FFF8000    
   \   00000474   001FFF800000       DC8 0, 31, 255, 128, 0, 0, 31, 255, 128, 0
   \              1FFF8000    
   \   0000047E   001FFF000000       DC8 0, 31, 255, 0, 0, 0, 24, 2, 0, 0
   \              18020000    
   \   00000488   001006000000       DC8 0, 16, 6, 0, 0, 0, 0, 12, 0, 0
   \              000C0000    
   \   00000492   00000C000000       DC8 0, 0, 12, 0, 0, 0, 0, 24, 0, 0
   \              00180000    
   \   0000049C   000018000000       DC8 0, 0, 24, 0, 0, 0, 0, 48, 0, 0
   \              00300000    
   \   000004A6   000030000000       DC8 0, 0, 48, 0, 0, 0, 0, 96, 0, 0
   \              00600000    
   \   000004B0   000060000000       DC8 0, 0, 96, 0, 0, 0, 0, 192, 0, 0
   \              00C00000    
   \   000004BA   0001C0000000       DC8 0, 1, 192, 0, 0, 0, 1, 128, 0, 0
   \              01800000    
   \   000004C4   000380000000       DC8 0, 3, 128, 0, 0, 0, 3, 0, 0, 0
   \              03000000    
   \   000004CE   000700000000       DC8 0, 7, 0, 0, 0, 0, 0, 0, 0, 0
   \              00000000    
   \   000004D8   000000000000       DC8 0, 0, 0, 0, 0, 0, 0, 0, 0, 0
   \              00000000    
   \   000004E2   000000000000       DC8 0, 0, 0, 0, 0, 0, 0, 0, 0, 0
   \              00000000    
   \   000004EC   000000000000       DC8 0, 0, 0, 0, 0, 0, 0, 0, 0, 0
   \              00000000    
   \   000004F6   0000FE000000       DC8 0, 0, 254, 0, 0, 0, 3, 207, 0, 0
   \              03CF0000    
   \   00000500   000787800000       DC8 0, 7, 135, 128, 0, 0, 15, 135, 192, 0
   \              0F87C000    
   \   0000050A   000F87C00000       DC8 0, 15, 135, 192, 0, 0, 15, 135, 192, 0
   \              0F87C000    
   \   00000514   000FC7800000       DC8 0, 15, 199, 128, 0, 0, 7, 247, 0, 0
   \              07F70000    
   \   0000051E   0003FC000000       DC8 0, 3, 252, 0, 0, 0, 1, 255, 0, 0
   \              01FF0000    
   \   00000528   0003FFC00000       DC8 0, 3, 255, 192, 0, 0, 15, 31, 224, 0
   \              0F1FE000    
   \   00000532   001F07E00000       DC8 0, 31, 7, 224, 0, 0, 31, 3, 224, 0
   \              1F03E000    
   \   0000053C   001F03E00000       DC8 0, 31, 3, 224, 0, 0, 31, 3, 224, 0
   \              1F03E000    
   \   00000546   000F83C00000       DC8 0, 15, 131, 192, 0, 0, 7, 135, 128, 0
   \              07878000    
   \   00000550   0001FC000000       DC8 0, 1, 252, 0, 0, 0, 0, 0, 0, 0
   \              00000000    
   \   0000055A   000000000000       DC8 0, 0, 0, 0, 0, 0, 0, 0, 0, 0
   \              00000000    
   \   00000564   000000000000       DC8 0, 0, 0, 0, 0, 0, 0, 0, 0, 0
   \              00000000    
   \   0000056E   000000000000       DC8 0, 0, 0, 0, 0, 0, 0, 0, 0, 0
   \              00000000    
   \   00000578   000000000000       DC8 0, 0, 0, 0, 0, 0, 0, 0, 0, 0
   \              00000000    
   \   00000582   000000000000       DC8 0, 0, 0, 0, 0, 0, 0, 0, 0, 0
   \              00000000    
   \   0000058C   000000000000       DC8 0, 0, 0, 0, 0, 0, 0, 0, 0, 0
   \              00000000    
   \   00000596   000000000000       DC8 0, 0, 0, 0, 0, 0, 0, 0, 0, 0
   \              00000000    
   \   000005A0   000000000000       DC8 0, 0, 0, 0, 0, 0, 0, 252, 0, 0
   \              00FC0000    
   \   000005AA   0003CF000000       DC8 0, 3, 207, 0, 0, 0, 7, 135, 128, 0
   \              07878000    
   \   000005B4   000F07C00000       DC8 0, 15, 7, 192, 0, 0, 31, 3, 192, 0
   \              1F03C000    
   \   000005BE   001F03E00000       DC8 0, 31, 3, 224, 0, 0, 31, 3, 224, 0
   \              1F03E000    
   \   000005C8   001F03E00000       DC8 0, 31, 3, 224, 0, 0, 31, 3, 224, 0
   \              1F03E000    
   \   000005D2   000F83E00000       DC8 0, 15, 131, 224, 0, 0, 15, 199, 224, 0
   \              0FC7E000    
   \   000005DC   0007FFE00000       DC8 0, 7, 255, 224, 0, 0, 3, 243, 192, 0
   \              03F3C000    
   \   000005E6   000007C00000       DC8 0, 0, 7, 192, 0, 0, 0, 7, 128, 0
   \              00078000    
   \   000005F0   00000F000000       DC8 0, 0, 15, 0, 0, 0, 0, 14, 0, 0
   \              000E0000    
   \   000005FA   00003C000000       DC8 0, 0, 60, 0, 0, 0, 0, 240, 0, 0
   \              00F00000    
   \   00000604   000380000000       DC8 0, 3, 128, 0, 0, 0, 0, 0, 0, 0
   \              00000000    
   \   0000060E   000000000000       DC8 0, 0, 0, 0, 0, 0, 0, 0, 0, 0
   \              00000000    
   \   00000618   000000000000       DC8 0, 0, 0, 0, 0, 0, 0, 0, 0, 0
   \              00000000    
   \   00000622   000000000000       DC8 0, 0, 0, 0, 0, 0, 0, 0, 0, 0
   \              00000000    
   \   0000062C   000000000000       DC8 0, 0, 0, 0, 0, 0, 0, 0, 0, 0
   \              00000000    
   \   00000636   000000000000       DC8 0, 0, 0, 0, 0, 0, 0, 0, 0, 0
   \              00000000    
   \   00000640   0000FE000000       DC8 0, 0, 254, 0, 0, 0, 3, 199, 128, 0
   \              03C78000    
   \   0000064A   000783C00000       DC8 0, 7, 131, 192, 0, 0, 15, 3, 224, 0
   \              0F03E000    
   \   00000654   000F01E00000       DC8 0, 15, 1, 224, 0, 0, 31, 1, 240, 0
   \              1F01F000    
   \   0000065E   001F01F00000       DC8 0, 31, 1, 240, 0, 0, 31, 1, 240, 0
   \              1F01F000    
   \   00000668   001F01F00000       DC8 0, 31, 1, 240, 0, 0, 31, 1, 240, 0
   \              1F01F000    
   \   00000672   000F01E00000       DC8 0, 15, 1, 224, 0, 0, 15, 131, 224, 0
   \              0F83E000    
   \   0000067C   000783C00000       DC8 0, 7, 131, 192, 0, 0, 3, 199, 128, 0
   \              03C78000    
   \   00000686   0000FE000000       DC8 0, 0, 254, 0, 0, 0, 0, 0, 0, 0
   \              00000000    
   \   00000690   000000000000       DC8 0, 0, 0, 0, 0, 0, 0, 0, 0, 0
   \              00000000    
   \   0000069A   000000000000       DC8 0, 0, 0, 0, 0, 0, 0, 0, 0, 0
   \              00000000    
   \   000006A4   000000000000       DC8 0, 0, 0, 0, 0, 0, 0, 0, 0, 0
   \              00000000    
   \   000006AE   000000000000       DC8 0, 0, 0, 0, 0, 0, 0, 0, 0, 0
   \              00000000    
   \   000006B8   000000000000       DC8 0, 0, 0, 0, 0, 0, 0, 0, 0, 0
   \              00000000    
   \   000006C2   000000000000       DC8 0, 0, 0, 0, 0, 0, 0, 0, 0, 0
   \              00000000    
   \   000006CC   000000000000       DC8 0, 0, 0, 0, 0, 0, 0, 0, 0, 0
   \              00000000    
   \   000006D6   000000000000       DC8 0, 0, 0, 0, 0, 0, 0, 112, 0, 0
   \              00700000    
   \   000006E0   0000F0000000       DC8 0, 0, 240, 0, 0, 0, 15, 240, 0, 0
   \              0FF00000    
   \   000006EA   0001F0000000       DC8 0, 1, 240, 0, 0, 0, 1, 240, 0, 0
   \              01F00000    
   \   000006F4   0001F0000000       DC8 0, 1, 240, 0, 0, 0, 1, 240, 0, 0
   \              01F00000    
   \   000006FE   0001F0000000       DC8 0, 1, 240, 0, 0, 0, 1, 240, 0, 0
   \              01F00000    
   \   00000708   0001F0000000       DC8 0, 1, 240, 0, 0, 0, 1, 240, 0, 0
   \              01F00000    
   \   00000712   0001F0000000       DC8 0, 1, 240, 0, 0, 0, 1, 240, 0, 0
   \              01F00000    
   \   0000071C   0003F8000000       DC8 0, 3, 248, 0, 0, 0, 15, 254, 0, 0
   \              0FFE0000    
   \   00000726   000000000000       DC8 0, 0, 0, 0, 0, 0, 0, 0, 0, 0
   \              00000000    
   \   00000730   000000000000       DC8 0, 0, 0, 0, 0, 0, 0, 0, 0, 0
   \              00000000    
   \   0000073A   000000000000       DC8 0, 0, 0, 0, 0, 0, 0, 0, 0, 0
   \              00000000    
   \   00000744   000000000000       DC8 0, 0, 0, 0, 0, 0, 0, 0, 0, 0
   \              00000000    
   \   0000074E   000000000000       DC8 0, 0, 0, 0, 0, 0, 0, 0, 0, 0
   \              00000000    
   \   00000758   000000000000       DC8 0, 0, 0, 0, 0, 0, 0, 0, 0, 0
   \              00000000    
   \   00000762   000000000000       DC8 0, 0, 0, 0, 0, 0, 0, 0, 0, 0
   \              00000000    
   \   0000076C   000000000000       DC8 0, 0, 0, 0, 0, 0, 0, 0, 0, 0
   \              00000000    
   \   00000776   0003FC000000       DC8 0, 3, 252, 0, 0, 0, 14, 31, 0, 0
   \              0E1F0000    
   \   00000780   001F0F800000       DC8 0, 31, 15, 128, 0, 0, 31, 15, 128, 0
   \              1F0F8000    
   \   0000078A   001F0F800000       DC8 0, 31, 15, 128, 0, 0, 14, 15, 128, 0
   \              0E0F8000    
   \   00000794   00001F000000       DC8 0, 0, 31, 0, 0, 0, 0, 62, 0, 0
   \              003E0000    
   \   0000079E   000078000000       DC8 0, 0, 120, 0, 0, 0, 1, 192, 0, 0
   \              01C00000    
   \   000007A8   000600000000       DC8 0, 6, 0, 0, 0, 0, 15, 255, 192, 0
   \              0FFFC000    
   \   000007B2   001FFFC00000       DC8 0, 31, 255, 192, 0, 0, 31, 255, 192, 0
   \              1FFFC000    
   \   000007BC   001FFFC00000       DC8 0, 31, 255, 192, 0, 0, 0, 0, 0, 0
   \              00000000    
   \   000007C6   000000000000       DC8 0, 0, 0, 0, 0, 0, 0, 0, 0, 0
   \              00000000    
   \   000007D0   000000000000       DC8 0, 0, 0, 0, 0, 0, 0, 0, 0, 0
   \              00000000    
   \   000007DA   000000000000       DC8 0, 0, 0, 0, 0, 0, 0, 0, 0, 0
   \              00000000    
   \   000007E4   000000000000       DC8 0, 0, 0, 0, 0, 0, 0, 0, 0, 0
   \              00000000    
   \   000007EE   000000000000       DC8 0, 0, 0, 0, 0, 0, 0, 0, 0, 0
   \              00000000    
   \   000007F8   000000000000       DC8 0, 0, 0, 0, 0, 0, 0, 0, 0, 0
   \              00000000    
   \   00000802   000000000000       DC8 0, 0, 0, 0, 0, 0, 0, 0, 0, 0
   \              00000000    
   \   0000080C   000000000000       DC8 0, 0, 0, 0, 0, 0, 1, 252, 0, 0
   \              01FC0000    
   \   00000816   00071E000000       DC8 0, 7, 30, 0, 0, 0, 15, 143, 0, 0
   \              0F8F0000    
   \   00000820   000F8F800000       DC8 0, 15, 143, 128, 0, 0, 15, 143, 128, 0
   \              0F8F8000    
   \   0000082A   00070F800000       DC8 0, 7, 15, 128, 0, 0, 0, 15, 128, 0
   \              000F8000    
   \   00000834   00000F000000       DC8 0, 0, 15, 0, 0, 0, 0, 30, 0, 0
   \              001E0000    
   \   0000083E   0000F8000000       DC8 0, 0, 248, 0, 0, 0, 0, 254, 0, 0
   \              00FE0000    
   \   00000848   00000F800000       DC8 0, 0, 15, 128, 0, 0, 0, 7, 192, 0
   \              0007C000    
   \   00000852   000007C00000       DC8 0, 0, 7, 192, 0, 0, 14, 7, 192, 0
   \              0E07C000    
   \   0000085C   001F07C00000       DC8 0, 31, 7, 192, 0, 0, 31, 7, 128, 0
   \              1F078000    
   \   00000866   001F0F800000       DC8 0, 31, 15, 128, 0, 0, 14, 30, 0, 0
   \              0E1E0000    
   \   00000870   0003F8000000       DC8 0, 3, 248, 0, 0, 0, 0, 0, 0, 0
   \              00000000    
   \   0000087A   000000000000       DC8 0, 0, 0, 0, 0, 0, 0, 0, 0, 0
   \              00000000    
   \   00000884   000000000000       DC8 0, 0, 0, 0, 0, 0, 0, 0, 0, 0
   \              00000000    
   \   0000088E   000000000000       DC8 0, 0, 0, 0, 0, 0, 0, 0, 0, 0
   \              00000000    
   \   00000898   000000000000       DC8 0, 0, 0, 0, 0, 0, 0, 0, 0, 0
   \              00000000    
   \   000008A2   0000               DC8 0, 0
     50            ________, ________, ________, ________, ________,
     51            ________, ________, ________, ________, ________,
     52            ________, ________, ________, ________, ________,
     53            ________, ________, ________, ________, ________,
     54            ________, ________, ________, ________, ________,
     55            ________, ________, ________, ________, ________,
     56            ________, ________, ________, ________, ________,
     57            ________, ________, ________, ________, ________,
     58            ________, ________, ________, ________, ________,
     59            ________, ________, ________, ________, ________,
     60            ________, ________, XXXXXXX_, ________, ________,
     61            ________, ______XX, XX___XXX, X_______, ________,
     62            ________, _____XXX, X_____XX, XX______, ________,
     63            ________, ____XXXX, ______XX, XXX_____, ________,
     64            ________, ____XXXX, _______X, XXX_____, ________,
     65            ________, ___XXXXX, _______X, XXXX____, ________,
     66            ________, ___XXXXX, _______X, XXXX____, ________,
     67            ________, ___XXXXX, _______X, XXXX____, ________,
     68            ________, ___XXXXX, _______X, XXXX____, ________,
     69            ________, ___XXXXX, _______X, XXXX____, ________,
     70            ________, ____XXXX, _______X, XXX_____, ________,
     71            ________, ____XXXX, X_____XX, XXX_____, ________,
     72            ________, _____XXX, X_____XX, XX______, ________,
     73            ________, ______XX, XX___XXX, X_______, ________,
     74            ________, ________, XXXXXXX_, ________, ________,
     75            ________, ________, ________, ________, ________,
     76            ________, ________, ________, ________, ________,
     77            ________, ________, ________, ________, ________,
     78            ________, ________, ________, ________, ________,
     79            ________, ________, ________, ________, ________,
     80            ________, ________, ________, ________, ________,
     81            ________, ________, ________, ________, ________,
     82            ________, ________, ________, ________, ________,
     83            ________, ________, ________, ________, ________,
     84            ________, ________, ________, ________, ________,
     85            ________, ________, ________, ________, ________,
     86            ________, ________, ________, ________, ________,
     87            ________, ________, ________, ________, ________,
     88            ________, ________, ________, ________, ________,
     89            ________, ________, ________, ________, ________,
     90            ________, ________, ________, ________, ________,
     91            ________, ________, _XXX____, ________, ________,
     92            ________, ________, XXXX____, ________, ________,
     93            ________, ____XXXX, XXXX____, ________, ________,
     94            ________, _______X, XXXX____, ________, ________,
     95            ________, _______X, XXXX____, ________, ________,
     96            ________, _______X, XXXX____, ________, ________,
     97            ________, _______X, XXXX____, ________, ________,
     98            ________, _______X, XXXX____, ________, ________,
     99            ________, _______X, XXXX____, ________, ________,
    100            ________, _______X, XXXX____, ________, ________,
    101            ________, _______X, XXXX____, ________, ________,
    102            ________, _______X, XXXX____, ________, ________,
    103            ________, _______X, XXXX____, ________, ________,
    104            ________, ______XX, XXXXX___, ________, ________,
    105            ________, ____XXXX, XXXXXXX_, ________, ________,
    106            ________, ________, ________, ________, ________,
    107            ________, ________, ________, ________, ________,
    108            ________, ________, ________, ________, ________,
    109            ________, ________, ________, ________, ________,
    110            ________, ________, ________, ________, ________,
    111            ________, ________, ________, ________, ________,
    112            ________, ________, ________, ________, ________,
    113            ________, ________, ________, ________, ________,
    114            ________, ________, ________, ________, ________,
    115            ________, ________, ________, ________, ________,
    116            ________, ________, ________, ________, ________,
    117            ________, ________, ________, ________, ________,
    118            ________, ________, ________, ________, ________,
    119            ________, ________, ________, ________, ________,
    120            ________, ________, ________, ________, ________,
    121            ________, ________, ________, ________, ________,
    122            ________, ______XX, XXXXXX__, ________, ________,
    123            ________, ____XXX_, ___XXXXX, ________, ________,
    124            ________, ___XXXXX, ____XXXX, X_______, ________,
    125            ________, ___XXXXX, ____XXXX, X_______, ________,
    126            ________, ___XXXXX, ____XXXX, X_______, ________,
    127            ________, ____XXX_, ____XXXX, X_______, ________,
    128            ________, ________, ___XXXXX, ________, ________,
    129            ________, ________, __XXXXX_, ________, ________,
    130            ________, ________, _XXXX___, ________, ________,
    131            ________, _______X, XX______, ________, ________,
    132            ________, _____XX_, ________, ________, ________,
    133            ________, ____XXXX, XXXXXXXX, XX______, ________,
    134            ________, ___XXXXX, XXXXXXXX, XX______, ________,
    135            ________, ___XXXXX, XXXXXXXX, XX______, ________,
    136            ________, ___XXXXX, XXXXXXXX, XX______, ________,
    137            ________, ________, ________, ________, ________,
    138            ________, ________, ________, ________, ________,
    139            ________, ________, ________, ________, ________,
    140            ________, ________, ________, ________, ________,
    141            ________, ________, ________, ________, ________,
    142            ________, ________, ________, ________, ________,
    143            ________, ________, ________, ________, ________,
    144            ________, ________, ________, ________, ________,
    145            ________, ________, ________, ________, ________,
    146            ________, ________, ________, ________, ________,
    147            ________, ________, ________, ________, ________,
    148            ________, ________, ________, ________, ________,
    149            ________, ________, ________, ________, ________,
    150            ________, ________, ________, ________, ________,
    151            ________, ________, ________, ________, ________,
    152            ________, ________, ________, ________, ________,
    153            ________, _______X, XXXXXX__, ________, ________,
    154            ________, _____XXX, ___XXXX_, ________, ________,
    155            ________, ____XXXX, X___XXXX, ________, ________,
    156            ________, ____XXXX, X___XXXX, X_______, ________,
    157            ________, ____XXXX, X___XXXX, X_______, ________,
    158            ________, _____XXX, ____XXXX, X_______, ________,
    159            ________, ________, ____XXXX, X_______, ________,
    160            ________, ________, ____XXXX, ________, ________,
    161            ________, ________, ___XXXX_, ________, ________,
    162            ________, ________, XXXXX___, ________, ________,
    163            ________, ________, XXXXXXX_, ________, ________,
    164            ________, ________, ____XXXX, X_______, ________,
    165            ________, ________, _____XXX, XX______, ________,
    166            ________, ________, _____XXX, XX______, ________,
    167            ________, ____XXX_, _____XXX, XX______, ________,
    168            ________, ___XXXXX, _____XXX, XX______, ________,
    169            ________, ___XXXXX, _____XXX, X_______, ________,
    170            ________, ___XXXXX, ____XXXX, X_______, ________,
    171            ________, ____XXX_, ___XXXX_, ________, ________,
    172            ________, ______XX, XXXXX___, ________, ________,
    173            ________, ________, ________, ________, ________,
    174            ________, ________, ________, ________, ________,
    175            ________, ________, ________, ________, ________,
    176            ________, ________, ________, ________, ________,
    177            ________, ________, ________, ________, ________,
    178            ________, ________, ________, ________, ________,
    179            ________, ________, ________, ________, ________,
    180            ________, ________, ________, ________, ________,
    181            ________, ________, ________, ________, ________,
    182            ________, ________, ________, ________, ________,
    183            ________, ________, ________, ________, ________,
    184            ________, ________, ___XXXXX, ________, ________,
    185            ________, ________, ___XXXXX, ________, ________,
    186            ________, ________, __XXXXXX, ________, ________,
    187            ________, ________, _X_XXXXX, ________, ________,
    188            ________, ________, _X_XXXXX, ________, ________,
    189            ________, ________, X__XXXXX, ________, ________,
    190            ________, _______X, ___XXXXX, ________, ________,
    191            ________, ______X_, ___XXXXX, ________, ________,
    192            ________, ______X_, ___XXXXX, ________, ________,
    193            ________, _____X__, ___XXXXX, ________, ________,
    194            ________, ____X___, ___XXXXX, ________, ________,
    195            ________, ____X___, ___XXXXX, ________, ________,
    196            ________, ___XXXXX, XXXXXXXX, XXX_____, ________,
    197            ________, ___XXXXX, XXXXXXXX, XXX_____, ________,
    198            ________, ___XXXXX, XXXXXXXX, XXX_____, ________,
    199            ________, ________, ___XXXXX, ________, ________,
    200            ________, ________, ___XXXXX, ________, ________,
    201            ________, ________, ___XXXXX, ________, ________,
    202            ________, ________, ___XXXXX, ________, ________,
    203            ________, ________, ___XXXXX, ________, ________,
    204            ________, ________, ________, ________, ________,
    205            ________, ________, ________, ________, ________,
    206            ________, ________, ________, ________, ________,
    207            ________, ________, ________, ________, ________,
    208            ________, ________, ________, ________, ________,
    209            ________, ________, ________, ________, ________,
    210            ________, ________, ________, ________, ________,
    211            ________, ________, ________, ________, ________,
    212            ________, ________, ________, ________, ________,
    213            ________, ________, ________, ________, ________,
    214            ________, ________, ________, ________, ________,
    215            ________, _____XXX, XXXXXXXX, ________, ________,
    216            ________, _____XXX, XXXXXXXX, ________, ________,
    217            ________, _____XXX, XXXXXXXX, ________, ________,
    218            ________, _____XXX, XXXXXXXX, ________, ________,
    219            ________, _____X__, ________, ________, ________,
    220            ________, ____X___, ________, ________, ________,
    221            ________, ____X___, ________, ________, ________,
    222            ________, ____X__X, XXXXX___, ________, ________,
    223            ________, ____XXXX, XXXXXXX_, ________, ________,
    224            ________, ____XX__, __XXXXXX, ________, ________,
    225            ________, ________, ___XXXXX, ________, ________,
    226            ________, ________, ____XXXX, X_______, ________,
    227            ________, ________, ____XXXX, X_______, ________,
    228            ________, ________, ____XXXX, X_______, ________,
    229            ________, ____XXX_, ____XXXX, X_______, ________,
    230            ________, ___XXXXX, ____XXXX, X_______, ________,
    231            ________, ___XXXXX, ____XXXX, ________, ________,
    232            ________, ___XXXXX, ___XXXX_, ________, ________,
    233            ________, ____XXX_, __XXXX__, ________, ________,
    234            ________, ______XX, XXXX____, ________, ________,
    235            ________, ________, ________, ________, ________,
    236            ________, ________, ________, ________, ________,
    237            ________, ________, ________, ________, ________,
    238            ________, ________, ________, ________, ________,
    239            ________, ________, ________, ________, ________,
    240            ________, ________, ________, ________, ________,
    241            ________, ________, ________, ________, ________,
    242            ________, ________, _____XXX, ________, ________,
    243            ________, ________, __XXXX__, ________, ________,
    244            ________, ________, XXXX____, ________, ________,
    245            ________, _______X, XX______, ________, ________,
    246            ________, ______XX, XX______, ________, ________,
    247            ________, _____XXX, X_______, ________, ________,
    248            ________, ____XXXX, X_______, ________, ________,
    249            ________, ____XXXX, __XXXXXX, ________, ________,
    250            ________, ___XXXXX, XXXXXXXX, X_______, ________,
    251            ________, ___XXXXX, X____XXX, XX______, ________,
    252            ________, ___XXXXX, _____XXX, XXX_____, ________,
    253            ________, ___XXXXX, ______XX, XXX_____, ________,
    254            ________, ___XXXXX, ______XX, XXX_____, ________,
    255            ________, ___XXXXX, ______XX, XXX_____, ________,
    256            ________, ____XXXX, ______XX, XXX_____, ________,
    257            ________, ____XXXX, ______XX, XX______, ________,
    258            ________, _____XXX, X____XXX, XX______, ________,
    259            ________, ______XX, XX___XXX, ________, ________,
    260            ________, ________, XXXXXX__, ________, ________,
    261            ________, ________, ________, ________, ________,
    262            ________, ________, ________, ________, ________,
    263            ________, ________, ________, ________, ________,
    264            ________, ________, ________, ________, ________,
    265            ________, ________, ________, ________, ________,
    266            ________, ________, ________, ________, ________,
    267            ________, ________, ________, ________, ________,
    268            ________, ________, ________, ________, ________,
    269            ________, ________, ________, ________, ________,
    270            ________, ________, ________, ________, ________,
    271            ________, ________, ________, ________, ________,
    272            ________, ________, ________, ________, ________,
    273            ________, ________, ________, ________, ________,
    274            ________, ________, ________, ________, ________,
    275            ________, ________, ________, ________, ________,
    276            ________, ________, ________, ________, ________,
    277            ________, ___XXXXX, XXXXXXXX, X_______, ________,
    278            ________, ___XXXXX, XXXXXXXX, X_______, ________,
    279            ________, ___XXXXX, XXXXXXXX, X_______, ________,
    280            ________, ___XXXXX, XXXXXXXX, ________, ________,
    281            ________, ___XX___, ______X_, ________, ________,
    282            ________, ___X____, _____XX_, ________, ________,
    283            ________, ________, ____XX__, ________, ________,
    284            ________, ________, ____XX__, ________, ________,
    285            ________, ________, ___XX___, ________, ________,
    286            ________, ________, ___XX___, ________, ________,
    287            ________, ________, __XX____, ________, ________,
    288            ________, ________, __XX____, ________, ________,
    289            ________, ________, _XX_____, ________, ________,
    290            ________, ________, _XX_____, ________, ________,
    291            ________, ________, XX______, ________, ________,
    292            ________, _______X, XX______, ________, ________,
    293            ________, _______X, X_______, ________, ________,
    294            ________, ______XX, X_______, ________, ________,
    295            ________, ______XX, ________, ________, ________,
    296            ________, _____XXX, ________, ________, ________,
    297            ________, ________, ________, ________, ________,
    298            ________, ________, ________, ________, ________,
    299            ________, ________, ________, ________, ________,
    300            ________, ________, ________, ________, ________,
    301            ________, ________, ________, ________, ________,
    302            ________, ________, ________, ________, ________,
    303            ________, ________, ________, ________, ________,
    304            ________, ________, XXXXXXX_, ________, ________,
    305            ________, ______XX, XX__XXXX, ________, ________,
    306            ________, _____XXX, X____XXX, X_______, ________,
    307            ________, ____XXXX, X____XXX, XX______, ________,
    308            ________, ____XXXX, X____XXX, XX______, ________,
    309            ________, ____XXXX, X____XXX, XX______, ________,
    310            ________, ____XXXX, XX___XXX, X_______, ________,
    311            ________, _____XXX, XXXX_XXX, ________, ________,
    312            ________, ______XX, XXXXXX__, ________, ________,
    313            ________, _______X, XXXXXXXX, ________, ________,
    314            ________, ______XX, XXXXXXXX, XX______, ________,
    315            ________, ____XXXX, ___XXXXX, XXX_____, ________,
    316            ________, ___XXXXX, _____XXX, XXX_____, ________,
    317            ________, ___XXXXX, ______XX, XXX_____, ________,
    318            ________, ___XXXXX, ______XX, XXX_____, ________,
    319            ________, ___XXXXX, ______XX, XXX_____, ________,
    320            ________, ____XXXX, X_____XX, XX______, ________,
    321            ________, _____XXX, X____XXX, X_______, ________,
    322            ________, _______X, XXXXXX__, ________, ________,
    323            ________, ________, ________, ________, ________,
    324            ________, ________, ________, ________, ________,
    325            ________, ________, ________, ________, ________,
    326            ________, ________, ________, ________, ________,
    327            ________, ________, ________, ________, ________,
    328            ________, ________, ________, ________, ________,
    329            ________, ________, ________, ________, ________,
    330            ________, ________, ________, ________, ________,
    331            ________, ________, ________, ________, ________,
    332            ________, ________, ________, ________, ________,
    333            ________, ________, ________, ________, ________,
    334            ________, ________, ________, ________, ________,
    335            ________, ________, ________, ________, ________,
    336            ________, ________, ________, ________, ________,
    337            ________, ________, ________, ________, ________,
    338            ________, ________, ________, ________, ________,
    339            ________, ________, XXXXXX__, ________, ________,
    340            ________, ______XX, XX__XXXX, ________, ________,
    341            ________, _____XXX, X____XXX, X_______, ________,
    342            ________, ____XXXX, _____XXX, XX______, ________,
    343            ________, ___XXXXX, ______XX, XX______, ________,
    344            ________, ___XXXXX, ______XX, XXX_____, ________,
    345            ________, ___XXXXX, ______XX, XXX_____, ________,
    346            ________, ___XXXXX, ______XX, XXX_____, ________,
    347            ________, ___XXXXX, ______XX, XXX_____, ________,
    348            ________, ____XXXX, X_____XX, XXX_____, ________,
    349            ________, ____XXXX, XX___XXX, XXX_____, ________,
    350            ________, _____XXX, XXXXXXXX, XXX_____, ________,
    351            ________, ______XX, XXXX__XX, XX______, ________,
    352            ________, ________, _____XXX, XX______, ________,
    353            ________, ________, _____XXX, X_______, ________,
    354            ________, ________, ____XXXX, ________, ________,
    355            ________, ________, ____XXX_, ________, ________,
    356            ________, ________, __XXXX__, ________, ________,
    357            ________, ________, XXXX____, ________, ________,
    358            ________, ______XX, X_______, ________, ________,
    359            ________, ________, ________, ________, ________,
    360            ________, ________, ________, ________, ________,
    361            ________, ________, ________, ________, ________,
    362            ________, ________, ________, ________, ________,
    363            ________, ________, ________, ________, ________,
    364            ________, ________, ________, ________, ________,
    365            ________, ________, ________, ________, ________,
    366            ________, ________, ________, ________, ________,
    367            ________, ________, ________, ________, ________,
    368            ________, ________, ________, ________, ________,
    369            ________, ________, ________, ________, ________,
    370            ________, ________, XXXXXXX_, ________, ________,
    371            ________, ______XX, XX___XXX, X_______, ________,
    372            ________, _____XXX, X_____XX, XX______, ________,
    373            ________, ____XXXX, ______XX, XXX_____, ________,
    374            ________, ____XXXX, _______X, XXX_____, ________,
    375            ________, ___XXXXX, _______X, XXXX____, ________,
    376            ________, ___XXXXX, _______X, XXXX____, ________,
    377            ________, ___XXXXX, _______X, XXXX____, ________,
    378            ________, ___XXXXX, _______X, XXXX____, ________,
    379            ________, ___XXXXX, _______X, XXXX____, ________,
    380            ________, ____XXXX, _______X, XXX_____, ________,
    381            ________, ____XXXX, X_____XX, XXX_____, ________,
    382            ________, _____XXX, X_____XX, XX______, ________,
    383            ________, ______XX, XX___XXX, X_______, ________,
    384            ________, ________, XXXXXXX_, ________, ________,
    385            ________, ________, ________, ________, ________,
    386            ________, ________, ________, ________, ________,
    387            ________, ________, ________, ________, ________,
    388            ________, ________, ________, ________, ________,
    389            ________, ________, ________, ________, ________,
    390            ________, ________, ________, ________, ________,
    391            ________, ________, ________, ________, ________,
    392            ________, ________, ________, ________, ________,
    393            ________, ________, ________, ________, ________,
    394            ________, ________, ________, ________, ________,
    395            ________, ________, ________, ________, ________,
    396            ________, ________, ________, ________, ________,
    397            ________, ________, ________, ________, ________,
    398            ________, ________, ________, ________, ________,
    399            ________, ________, ________, ________, ________,
    400            ________, ________, ________, ________, ________,
    401            ________, ________, _XXX____, ________, ________,
    402            ________, ________, XXXX____, ________, ________,
    403            ________, ____XXXX, XXXX____, ________, ________,
    404            ________, _______X, XXXX____, ________, ________,
    405            ________, _______X, XXXX____, ________, ________,
    406            ________, _______X, XXXX____, ________, ________,
    407            ________, _______X, XXXX____, ________, ________,
    408            ________, _______X, XXXX____, ________, ________,
    409            ________, _______X, XXXX____, ________, ________,
    410            ________, _______X, XXXX____, ________, ________,
    411            ________, _______X, XXXX____, ________, ________,
    412            ________, _______X, XXXX____, ________, ________,
    413            ________, _______X, XXXX____, ________, ________,
    414            ________, ______XX, XXXXX___, ________, ________,
    415            ________, ____XXXX, XXXXXXX_, ________, ________,
    416            ________, ________, ________, ________, ________,
    417            ________, ________, ________, ________, ________,
    418            ________, ________, ________, ________, ________,
    419            ________, ________, ________, ________, ________,
    420            ________, ________, ________, ________, ________,
    421            ________, ________, ________, ________, ________,
    422            ________, ________, ________, ________, ________,
    423            ________, ________, ________, ________, ________,
    424            ________, ________, ________, ________, ________,
    425            ________, ________, ________, ________, ________,
    426            ________, ________, ________, ________, ________,
    427            ________, ________, ________, ________, ________,
    428            ________, ________, ________, ________, ________,
    429            ________, ________, ________, ________, ________,
    430            ________, ________, ________, ________, ________,
    431            ________, ________, ________, ________, ________,
    432            ________, ______XX, XXXXXX__, ________, ________,
    433            ________, ____XXX_, ___XXXXX, ________, ________,
    434            ________, ___XXXXX, ____XXXX, X_______, ________,
    435            ________, ___XXXXX, ____XXXX, X_______, ________,
    436            ________, ___XXXXX, ____XXXX, X_______, ________,
    437            ________, ____XXX_, ____XXXX, X_______, ________,
    438            ________, ________, ___XXXXX, ________, ________,
    439            ________, ________, __XXXXX_, ________, ________,
    440            ________, ________, _XXXX___, ________, ________,
    441            ________, _______X, XX______, ________, ________,
    442            ________, _____XX_, ________, ________, ________,
    443            ________, ____XXXX, XXXXXXXX, XX______, ________,
    444            ________, ___XXXXX, XXXXXXXX, XX______, ________,
    445            ________, ___XXXXX, XXXXXXXX, XX______, ________,
    446            ________, ___XXXXX, XXXXXXXX, XX______, ________,
    447            ________, ________, ________, ________, ________,
    448            ________, ________, ________, ________, ________,
    449            ________, ________, ________, ________, ________,
    450            ________, ________, ________, ________, ________,
    451            ________, ________, ________, ________, ________,
    452            ________, ________, ________, ________, ________,
    453            ________, ________, ________, ________, ________,
    454            ________, ________, ________, ________, ________,
    455            ________, ________, ________, ________, ________,
    456            ________, ________, ________, ________, ________,
    457            ________, ________, ________, ________, ________,
    458            ________, ________, ________, ________, ________,
    459            ________, ________, ________, ________, ________,
    460            ________, ________, ________, ________, ________,
    461            ________, ________, ________, ________, ________,
    462            ________, ________, ________, ________, ________,
    463            ________, _______X, XXXXXX__, ________, ________,
    464            ________, _____XXX, ___XXXX_, ________, ________,
    465            ________, ____XXXX, X___XXXX, ________, ________,
    466            ________, ____XXXX, X___XXXX, X_______, ________,
    467            ________, ____XXXX, X___XXXX, X_______, ________,
    468            ________, _____XXX, ____XXXX, X_______, ________,
    469            ________, ________, ____XXXX, X_______, ________,
    470            ________, ________, ____XXXX, ________, ________,
    471            ________, ________, ___XXXX_, ________, ________,
    472            ________, ________, XXXXX___, ________, ________,
    473            ________, ________, XXXXXXX_, ________, ________,
    474            ________, ________, ____XXXX, X_______, ________,
    475            ________, ________, _____XXX, XX______, ________,
    476            ________, ________, _____XXX, XX______, ________,
    477            ________, ____XXX_, _____XXX, XX______, ________,
    478            ________, ___XXXXX, _____XXX, XX______, ________,
    479            ________, ___XXXXX, _____XXX, X_______, ________,
    480            ________, ___XXXXX, ____XXXX, X_______, ________,
    481            ________, ____XXX_, ___XXXX_, ________, ________,
    482            ________, ______XX, XXXXX___, ________, ________,
    483            ________, ________, ________, ________, ________,
    484            ________, ________, ________, ________, ________,
    485            ________, ________, ________, ________, ________,
    486            ________, ________, ________, ________, ________,
    487            ________, ________, ________, ________, ________,
    488            ________, ________, ________, ________, ________,
    489            ________, ________, ________, ________, ________,
    490            ________, ________, ________, ________, ________,
    491            ________, ________, ________, ________, ________
    492          };
    493          

   \                                 In section .rodata, align 4, keep-with-next
    494          GUI_CONST_STORAGE GUI_BITMAP bmYellowDigits = {
   \                     bmYellowDigits:
   \   00000000                      ; Initializer data, 20 bytes
   \   00000000   2800BA010500       DC16 40, 442, 5, 1
   \              0100        
   \   00000008   ............       DC32 acYellowDigits, PalYellowDigits
   \              ....        
   \   00000010   00000000           DC8 0, 0, 0, 0
    495            40, /* XSize */
    496            442, /* YSize */
    497            5, /* BytesPerLine */
    498            1, /* BitsPerPixel */
    499            acYellowDigits,  /* Pointer to picture data (indices) */
    500            &PalYellowDigits  /* Pointer to palette */
    501          };
    502          
    503          /* *** End of file *** */


   Section sizes:

     Function/Label     Bytes
     --------------     -----
     ColorsYellowDigits    8
     PalYellowDigits      12
     acYellowDigits     2212
     bmYellowDigits       20

 
 2 252 bytes in section .rodata
 
 2 252 bytes of CONST memory

Errors: none
Warnings: none
