BL51 BANKED LINKER/LOCATER V6.22                                                        01/05/2016  18:47:25  PAGE 1


BL51 BANKED LINKER/LOCATER V6.22, INVOKED BY:
C:\KEIL\C51\BIN\BL51.EXE adc.obj, digipot.obj, lancsetup.obj, sensorunit.obj, smbus.obj, suports.obj, ubx.obj, .\cygfx12
>> 0.obj, .\cygnalflash.obj, .\dataflash.obj, .\factorytest.obj, .\message.obj, .\session.obj, .\roadblock.obj, .\crc.ob
>> j, .\fdlold.obj TO SensorUnit RAMSIZE (256) CODE (ROADBLOCK (0XFDFE), ?PR?*FDL (0XFE02))


MEMORY MODEL: SMALL WITH FLOATING POINT ARITHMETIC


INPUT MODULES INCLUDED:
  adc.obj (ADC)
  digipot.obj (DIGIPOT)
  lancsetup.obj (LANCSETUP)
  sensorunit.obj (SENSORUNIT)
  smbus.obj (SMBUS)
  suports.obj (SUPORTS)
  ubx.obj (UBX)
  .\cygfx120.obj (CYGFX120)
  .\cygnalflash.obj (CYGNALFLASH)
  .\dataflash.obj (DATAFLASH)
  .\factorytest.obj (FACTORYTEST)
  .\message.obj (MESSAGE)
  .\session.obj (SESSION)
  .\roadblock.obj (ROADBLOCK)
  .\crc.obj (CRC)
  .\fdlold.obj (FDL)
  C:\KEIL\C51\LIB\C51FPS.LIB (?C?FPADD)
  C:\KEIL\C51\LIB\C51FPS.LIB (?C?FPMUL)
  C:\KEIL\C51\LIB\C51FPS.LIB (?C?FPDIV)
  C:\KEIL\C51\LIB\C51FPS.LIB (?C?FPCMP)
  C:\KEIL\C51\LIB\C51FPS.LIB (?C?FPNEG)
  C:\KEIL\C51\LIB\C51FPS.LIB (?C?FCAST)
  C:\KEIL\C51\LIB\C51FPS.LIB (?C?CASTF)
  C:\KEIL\C51\LIB\C51FPS.LIB (PRINTF)
  C:\KEIL\C51\LIB\C51FPS.LIB (?C?FPGETOPN)
  C:\KEIL\C51\LIB\C51FPS.LIB (?C?FPROUND)
  C:\KEIL\C51\LIB\C51FPS.LIB (?C?FPCONVERT)
  C:\KEIL\C51\LIB\C51FPS.LIB (?C?FTNPWR)
  C:\KEIL\C51\LIB\C51S.LIB (?C_STARTUP)
  C:\KEIL\C51\LIB\C51S.LIB (?C?COPY)
  C:\KEIL\C51\LIB\C51S.LIB (?C?SCDIV)
  C:\KEIL\C51\LIB\C51S.LIB (?C?CLDPTR)
  C:\KEIL\C51\LIB\C51S.LIB (?C?CLDOPTR)
  C:\KEIL\C51\LIB\C51S.LIB (?C?CILDOPTR)
  C:\KEIL\C51\LIB\C51S.LIB (?C?CSTPTR)
  C:\KEIL\C51\LIB\C51S.LIB (?C?CSTOPTR)
  C:\KEIL\C51\LIB\C51S.LIB (?C?UIDIV)
  C:\KEIL\C51\LIB\C51S.LIB (?C?SIDIV)
  C:\KEIL\C51\LIB\C51S.LIB (?C?IILDX)
  C:\KEIL\C51\LIB\C51S.LIB (?C?ILDIX)
  C:\KEIL\C51\LIB\C51S.LIB (?C?ILDPTR)
  C:\KEIL\C51\LIB\C51S.LIB (?C?ILDOPTR)
  C:\KEIL\C51\LIB\C51S.LIB (?C?ISTPTR)
  C:\KEIL\C51\LIB\C51S.LIB (?C?ISTOPTR)
  C:\KEIL\C51\LIB\C51S.LIB (?C?LADD)
  C:\KEIL\C51\LIB\C51S.LIB (?C?LSUB)
  C:\KEIL\C51\LIB\C51S.LIB (?C?ULDIV)
  C:\KEIL\C51\LIB\C51S.LIB (?C?SLDIV)
BL51 BANKED LINKER/LOCATER V6.22                                                      01/05/2016  18:47:25  PAGE 2


  C:\KEIL\C51\LIB\C51S.LIB (?C?LOR)
  C:\KEIL\C51\LIB\C51S.LIB (?C?LNEG)
  C:\KEIL\C51\LIB\C51S.LIB (?C?SLCMP)
  C:\KEIL\C51\LIB\C51S.LIB (?C?ULCMP)
  C:\KEIL\C51\LIB\C51S.LIB (?C?LLDPTR)
  C:\KEIL\C51\LIB\C51S.LIB (?C?LLDOPTR)
  C:\KEIL\C51\LIB\C51S.LIB (?C?LSTPTR)
  C:\KEIL\C51\LIB\C51S.LIB (?C?LSTOPTR)
  C:\KEIL\C51\LIB\C51S.LIB (?C?LLDXDATA)
  C:\KEIL\C51\LIB\C51S.LIB (?C?LLDXDATA0)
  C:\KEIL\C51\LIB\C51S.LIB (?C?LLDCODE0)
  C:\KEIL\C51\LIB\C51S.LIB (?C?LILDIDATA)
  C:\KEIL\C51\LIB\C51S.LIB (?C?LSTXDATA)
  C:\KEIL\C51\LIB\C51S.LIB (?C?LSTKXDATA)
  C:\KEIL\C51\LIB\C51S.LIB (?C?LSTKPTR)
  C:\KEIL\C51\LIB\C51S.LIB (?C?LSTKOPTR)
  C:\KEIL\C51\LIB\C51S.LIB (?C?OFFXADD)
  C:\KEIL\C51\LIB\C51S.LIB (?C?PLDIIDATA)
  C:\KEIL\C51\LIB\C51S.LIB (?C?PLDXDATA)
  C:\KEIL\C51\LIB\C51S.LIB (?C?PSTXDATA)
  C:\KEIL\C51\LIB\C51S.LIB (?C?PLDOPTR)
  C:\KEIL\C51\LIB\C51S.LIB (?C?PSTOPTR)
  C:\KEIL\C51\LIB\C51S.LIB (?C?CCASE)
  C:\KEIL\C51\LIB\C51S.LIB (?C?ICASE)
  C:\KEIL\C51\LIB\C51S.LIB (?C?ICALL)
  C:\KEIL\C51\LIB\C51S.LIB (PUTCHAR)
  C:\KEIL\C51\LIB\C51S.LIB (ISPRINT)
  C:\KEIL\C51\LIB\C51S.LIB (STRLEN)
  C:\KEIL\C51\LIB\C51S.LIB (?C?IMUL_F120)
  C:\KEIL\C51\LIB\C51S.LIB (?C?LMUL_F120)
  C:\KEIL\C51\LIB\C51S.LIB (?C?LSHL_F120)
  C:\KEIL\C51\LIB\C51S.LIB (?C?ULSHR_F120)
  C:\KEIL\C51\LIB\C51S.LIB (?C_INIT)
  C:\KEIL\C51\LIB\C51S.LIB (?C?LLDIDATA)
  C:\KEIL\C51\LIB\C51S.LIB (?C?LLDPDATA)
  C:\KEIL\C51\LIB\C51S.LIB (?C?LLDCODE)
  C:\KEIL\C51\LIB\C51S.LIB (?C?LSTIDATA)
  C:\KEIL\C51\LIB\C51S.LIB (?C?LSTPDATA)
  C:\KEIL\C51\LIB\C51S.LIB (?C?LSTKIDATA)
  C:\KEIL\C51\LIB\C51S.LIB (?C?LSTKPDATA)
  C:\KEIL\C51\LIB\C51S.LIB (?C?PLDIDATA)
  C:\KEIL\C51\LIB\C51S.LIB (?C?PSTIDATA)
  C:\KEIL\C51\LIB\C51S.LIB (?C?PLDPDATA)
  C:\KEIL\C51\LIB\C51S.LIB (?C?PSTPDATA)
  C:\KEIL\C51\LIB\C51S.LIB (?C?PLDCODE)


LINK MAP OF MODULE:  SensorUnit (ADC)


            TYPE    BASE      LENGTH    RELOCATION   SEGMENT NAME
            -----------------------------------------------------

            * * * * * * *   D A T A   M E M O R Y   * * * * * * *
            REG     0000H     0008H     ABSOLUTE     "REG BANK 0"
            DATA    0008H     0011H     UNIT         ?DT?CYGFX120
            DATA    0019H     0005H     UNIT         ?DT?SUPORTS
BL51 BANKED LINKER/LOCATER V6.22                                                      01/05/2016  18:47:25  PAGE 3


            IDATA   001EH     0002H     UNIT         _IDATA_GROUP_
            BIT     0020H.0   0001H.3   UNIT         _BIT_GROUP_
            BIT     0021H.3   0000H.2   UNIT         ?BI?SMBUS
                    0021H.5   0000H.3                *** GAP ***
            DATA    0022H     0043H     UNIT         _DATA_GROUP_
            DATA    0065H     000BH     UNIT         ?DT?SENSORUNIT
            IDATA   0070H     0001H     UNIT         ?STACK

            * * * * * * *  X D A T A   M E M O R Y  * * * * * * *
            XDATA   0000H     0F05H     UNIT         ?XD?SENSORUNIT
            XDATA   0F05H     0113H     UNIT         _XDATA_GROUP_
            XDATA   1018H     0010H     UNIT         ?XD?FACTORYTEST
            XDATA   1028H     0008H     UNIT         ?XD?UBX
            XDATA   1030H     0003H     UNIT         ?XD?CYGFX120

            * * * * * * *   C O D E   M E M O R Y   * * * * * * *
            CODE    0000H     0003H     ABSOLUTE     
            CODE    0003H     0003H     ABSOLUTE     
                    0006H     0005H                  *** GAP ***
            CODE    000BH     0003H     ABSOLUTE     
            CODE    000EH     0015H     UNIT         ?PR?_STRLEN?STRLEN
            CODE    0023H     0003H     ABSOLUTE     
            CODE    0026H     0012H     UNIT         ?PR?SPIO_INIT?CYGFX120
                    0038H     0003H                  *** GAP ***
            CODE    003BH     0003H     ABSOLUTE     
            CODE    003EH     0011H     UNIT         ?PR?_XFERSPI?CYGFX120
                    004FH     0004H                  *** GAP ***
            CODE    0053H     0003H     ABSOLUTE     
                    0056H     0005H                  *** GAP ***
            CODE    005BH     0003H     ABSOLUTE     
            CODE    005EH     000FH     UNIT         ?PR?_ISPRINT?ISPRINT
                    006DH     0006H                  *** GAP ***
            CODE    0073H     0003H     ABSOLUTE     
                    0076H     0005H                  *** GAP ***
            CODE    007BH     0003H     ABSOLUTE     
            CODE    007EH     0023H     UNIT         ?PR?C?LSHL_F120
                    00A1H     0002H                  *** GAP ***
            CODE    00A3H     0003H     ABSOLUTE     
            CODE    00A6H     15FDH     UNIT         ?PR?UBXINIT?UBX
            CODE    16A3H     0E33H     UNIT         ?PR?CALIBRATE?FACTORYTEST
            CODE    24D6H     0D21H     UNIT         ?PR?MAIN?SENSORUNIT
            CODE    31F7H     0CE2H     UNIT         ?C?LIB_CODE
            CODE    3ED9H     09A1H     UNIT         ?PR?_PARSE_UBX?UBX
            CODE    487AH     097FH     UNIT         ?PR?_PARSE_MESSAGE?MESSAGE
            CODE    51F9H     06F4H     UNIT         ?PR?INPUTTEST?FACTORYTEST
            CODE    58EDH     0661H     UNIT         ?PR?DIGIOTEST?FACTORYTEST
            CODE    5F4EH     0585H     UNIT         ?PR?ADTEST?FACTORYTEST
            CODE    64D3H     0482H     UNIT         ?PR?SETUP_RECORDING?SENSORUNIT
            CODE    6955H     046FH     UNIT         ?PR?PRINTF?PRINTF
            CODE    6DC4H     045CH     UNIT         ?PR?SMB_MASTER_TEST?FACTORYTEST
            CODE    7220H     043DH     UNIT         ?PR?AUTOONTEST?FACTORYTEST
            CODE    765DH     0432H     UNIT         ?CO?FACTORYTEST
            CODE    7A8FH     0404H     UNIT         ?PR?ZEROOUTXY?FACTORYTEST
            CODE    7E93H     0380H     UNIT         ?PR?_DATAFLASHTEST?FACTORYTEST
            CODE    8213H     0344H     UNIT         ?C_INITSEG
            CODE    8557H     0333H     UNIT         ?PR?UBXBAUDCHANGE?UBX
            CODE    888AH     02AAH     UNIT         ?PR?OUTPUTTEST?FACTORYTEST
BL51 BANKED LINKER/LOCATER V6.22                                                      01/05/2016  18:47:25  PAGE 4


            CODE    8B34H     023EH     UNIT         ?PR?PROCESS_IO?SENSORUNIT
            CODE    8D72H     0237H     UNIT         ?CO?SENSORUNIT
            CODE    8FA9H     0237H     UNIT         ?PR?UBX1_ISR?CYGFX120
            CODE    91E0H     022EH     UNIT         ?PR?SMB_SLAVE_TEST?FACTORYTEST
            CODE    940EH     0204H     UNIT         ?PR?_UART_INIT?CYGFX120
            CODE    9612H     01F8H     UNIT         ?PR?MSG0_ISR?CYGFX120
            CODE    980AH     01E8H     UNIT         ?PR?_SENDMESSAGE?MESSAGE
            CODE    99F2H     01DFH     UNIT         ?PR?SMB_ISR?SMBUS
            CODE    9BD1H     01D3H     UNIT         ?PR?STABILIZE?FACTORYTEST
            CODE    9DA4H     01B7H     UNIT         ?PR?ADC0_ISR?ADC
            CODE    9F5BH     017DH     UNIT         ?PR?FREQ0_RISING_ISR?SUPORTS
            CODE    A0D8H     013AH     UNIT         ?PR?NEW_ACCESSORY_SETUP?LANCSETUP
            CODE    A212H     0125H     UNIT         ?PR?INITSUSCRATCHPAD?CYGNALFLASH
            CODE    A337H     010BH     UNIT         ?PR?STOP_RECORDING?SENSORUNIT
            CODE    A442H     00E2H     UNIT         ?PR?_DATAFLASH_INIT?DATAFLASH
            CODE    A524H     00C4H     UNIT         ?PR?_UBXSENDPACKET?UBX
            CODE    A5E8H     00B0H     UNIT         ?PR?_SAVEDOWNLOAD?MESSAGE
            CODE    A698H     00AAH     UNIT         ?PR?T3_ISR?CYGFX120
            CODE    A742H     00A5H     UNIT         ?PR?INIT_CAMERAS?SENSORUNIT
            CODE    A7E7H     0099H     UNIT         ?PR?_DATAFLASH_PAGE_READ?DATAFLASH
            CODE    A880H     0093H     UNIT         ?PR?_DATAFLASH_PAGE_WRITE_ERASE?DATAFLASH
            CODE    A913H     008CH     UNIT         ?C_C51STARTUP
            CODE    A99FH     007EH     UNIT         ?PR?GPSPPS_ISR?SUPORTS
            CODE    AA1DH     0079H     UNIT         ?PR?PORT_INIT_SU?SUPORTS
            CODE    AA96H     006FH     UNIT         ?PR?_WRITESCRATCHPAD?CYGNALFLASH
            CODE    AB05H     006DH     UNIT         ?PR?_DATAFLASH_ERASE_RANGE?DATAFLASH
            CODE    AB72H     0069H     UNIT         ?PR?ADC0_INIT?ADC
            CODE    ABDBH     005BH     UNIT         ?PR?_CRC16?CRC
            CODE    AC36H     005AH     UNIT         ?PR?_XMITUART?CYGFX120
            CODE    AC90H     0057H     UNIT         ?PR?SYSCLK_INIT?CYGFX120
            CODE    ACE7H     0054H     UNIT         ?PR?_READSCRATCHPAD?CYGNALFLASH
            CODE    AD3BH     004FH     UNIT         ?PR?_SENDNAK?MESSAGE
            CODE    AD8AH     004DH     UNIT         ?PR?C?LMUL_F120
            CODE    ADD7H     004AH     UNIT         ?PR?_VERIFY_CRC?MESSAGE
            CODE    AE21H     0049H     UNIT         ?PR?_DATAFLASH_ERASE_BLOCK?DATAFLASH
            CODE    AE6AH     0049H     UNIT         ?PR?_DATAFLASH_ERASE_PAGE?DATAFLASH
            CODE    AEB3H     0048H     UNIT         ?PR?FREQ0_INIT?SUPORTS
            CODE    AEFBH     0047H     UNIT         ?PR?FREQ0_FALLING_ISR?SUPORTS
            CODE    AF42H     0044H     UNIT         ?C?LDIV
            CODE    AF86H     0033H     UNIT         ?PR?T0_ISR?SUPORTS
            CODE    AFB9H     0033H     UNIT         ?PR?_JUMPCOPY?MESSAGE
            CODE    AFECH     0031H     UNIT         ?CO?UBX
            CODE    B01DH     002EH     UNIT         ?PR?ERASESCRATCHPAD?CYGNALFLASH
            CODE    B04BH     002AH     UNIT         ?PR?_TIMER3_INIT?CYGFX120
            CODE    B075H     0028H     UNIT         ?PR?_DIGIPOT?DIGIPOT
            CODE    B09DH     0027H     UNIT         ?PR?PUTCHAR?PUTCHAR
            CODE    B0C4H     0023H     UNIT         ?PR?C?ULSHR_F120
            CODE    B0E7H     0022H     UNIT         ?PR?DATAFLASH_READ_STATUS?DATAFLASH
            CODE    B109H     001DH     UNIT         ?PR?C?IMUL_F120
            CODE    B126H     001CH     UNIT         ?PR?SMB_READ?SMBUS
            CODE    B142H     0019H     UNIT         ?PR?SMB_WRITE?SMBUS
            CODE    B15BH     0016H     UNIT         ?PR?SMB_INIT?SMBUS
            CODE    B171H     000EH     UNIT         ?PR?PPS_INIT?SUPORTS
                    B17FH     4C7FH                  *** GAP ***
            CODE    FDFEH     0002H     UNIT         ROADBLOCK
            CODE    FE00H     0002H     ABSOLUTE     
            CODE    FE02H     01BEH     UNIT         ?PR?_COPYTOCODESPACE?FDL
BL51 BANKED LINKER/LOCATER V6.22                                                      01/05/2016  18:47:25  PAGE 5


            CODE    FFC0H     0019H     UNIT         ?PR?_FDL_XFERSPI?FDL
            CODE    FFD9H     0024H     UNIT         ?PR?FDL_DATAFLASH_READ_STATUS?FDL



OVERLAY MAP OF MODULE:   SensorUnit (ADC)


SEGMENT                                             BIT_GROUP          DATA_GROUP          IDATA_GROUP         XDATA_GRO
>> UP
  +--> CALLED SEGMENT                            START    LENGTH     START    LENGTH     START    LENGTH     START    LE
>> NGTH
------------------------------------------------------------------------------------------------------------------------
>> ----
?PR?ADC0_ISR?ADC                                 -----    -----      0022H    0002H      -----    -----      -----    --
>> ---
  +--> ?PR?C?IMUL_F120

*** NEW ROOT ***************************************************

?PR?SMB_ISR?SMBUS                                0020H.0  0000H.1    -----    -----      -----    -----      -----    --
>> ---

*** NEW ROOT ***************************************************

?PR?FREQ0_RISING_ISR?SUPORTS                     -----    -----      0024H    0003H      -----    -----      -----    --
>> ---

*** NEW ROOT ***************************************************

?PR?MSG0_ISR?CYGFX120                            -----    -----      0027H    0001H      -----    -----      -----    --
>> ---
  +--> ?PR?C?IMUL_F120

*** NEW ROOT ***************************************************

?PR?UBX1_ISR?CYGFX120                            -----    -----      0028H    0002H      -----    -----      -----    --
>> ---

*** NEW ROOT ***************************************************

?C_C51STARTUP                                    -----    -----      -----    -----      -----    -----      -----    --
>> ---
  +--> ?PR?MAIN?SENSORUNIT
  +--> ?C_INITSEG

?PR?MAIN?SENSORUNIT                              -----    -----      002AH    0007H      -----    -----      0F05H    00
>> 17H
  +--> ?PR?SYSCLK_INIT?CYGFX120
  +--> ?PR?PORT_INIT_SU?SUPORTS
  +--> ?PR?SPIO_INIT?CYGFX120
  +--> ?PR?_DATAFLASH_INIT?DATAFLASH
  +--> ?PR?INITSUSCRATCHPAD?CYGNALFLASH
  +--> ?PR?ADC0_INIT?ADC
  +--> ?PR?_TIMER3_INIT?CYGFX120
  +--> ?PR?PPS_INIT?SUPORTS
  +--> ?PR?FREQ0_INIT?SUPORTS
BL51 BANKED LINKER/LOCATER V6.22                                                      01/05/2016  18:47:25  PAGE 6


  +--> ?PR?_UART_INIT?CYGFX120
  +--> ?PR?SMB_INIT?SMBUS
  +--> ?PR?NEW_ACCESSORY_SETUP?LANCSETUP
  +--> ?PR?UBXBAUDCHANGE?UBX
  +--> ?PR?UBXINIT?UBX
  +--> ?PR?INIT_CAMERAS?SENSORUNIT
  +--> ?PR?_SENDMESSAGE?MESSAGE
  +--> ?PR?C?LMUL_F120
  +--> ?CO?SENSORUNIT
  +--> ?PR?_PARSE_MESSAGE?MESSAGE
  +--> ?PR?_DATAFLASH_ERASE_RANGE?DATAFLASH
  +--> ?PR?SETUP_RECORDING?SENSORUNIT
  +--> ?PR?STOP_RECORDING?SENSORUNIT
  +--> ?PR?PROCESS_IO?SENSORUNIT
  +--> ?PR?C?IMUL_F120
  +--> ?PR?_PARSE_UBX?UBX

?PR?_DATAFLASH_INIT?DATAFLASH                    -----    -----      0031H    0008H      -----    -----      -----    --
>> ---
  +--> ?PR?DATAFLASH_READ_STATUS?DATAFLASH

?PR?DATAFLASH_READ_STATUS?DATAFLASH              -----    -----      0059H    0002H      -----    -----      -----    --
>> ---
  +--> ?PR?_XFERSPI?CYGFX120

?PR?INITSUSCRATCHPAD?CYGNALFLASH                 -----    -----      -----    -----      -----    -----      0FBCH    00
>> 01H
  +--> ?PR?_READSCRATCHPAD?CYGNALFLASH
  +--> ?PR?_ISPRINT?ISPRINT
  +--> ?PR?ERASESCRATCHPAD?CYGNALFLASH
  +--> ?PR?_WRITESCRATCHPAD?CYGNALFLASH

?PR?_READSCRATCHPAD?CYGNALFLASH                  -----    -----      0045H    0007H      -----    -----      -----    --
>> ---

?PR?ERASESCRATCHPAD?CYGNALFLASH                  -----    -----      -----    -----      001EH    0002H      -----    --
>> ---

?PR?_WRITESCRATCHPAD?CYGNALFLASH                 -----    -----      0045H    0008H      001EH    0002H      -----    --
>> ---

?PR?ADC0_INIT?ADC                                -----    -----      0031H    0001H      -----    -----      -----    --
>> ---
  +--> ?PR?_READSCRATCHPAD?CYGNALFLASH

?PR?_UART_INIT?CYGFX120                          -----    -----      0042H    0008H      -----    -----      -----    --
>> ---

?PR?NEW_ACCESSORY_SETUP?LANCSETUP                -----    -----      0031H    0004H      -----    -----      0F1CH    00
>> 08H
  +--> ?PR?_DATAFLASH_PAGE_READ?DATAFLASH

?PR?_DATAFLASH_PAGE_READ?DATAFLASH               -----    -----      0049H    000BH      -----    -----      -----    --
>> ---
  +--> ?PR?DATAFLASH_READ_STATUS?DATAFLASH
  +--> ?PR?_XFERSPI?CYGFX120

BL51 BANKED LINKER/LOCATER V6.22                                                      01/05/2016  18:47:25  PAGE 7


?PR?UBXBAUDCHANGE?UBX                            -----    -----      0031H    0009H      -----    -----      0F1CH    00
>> 08H
  +--> ?PR?_UBXSENDPACKET?UBX
  +--> ?PR?_UART_INIT?CYGFX120

?PR?_UBXSENDPACKET?UBX                           -----    -----      0050H    0006H      -----    -----      -----    --
>> ---
  +--> ?PR?_XMITUART?CYGFX120

?PR?_XMITUART?CYGFX120                           -----    -----      0056H    0004H      -----    -----      -----    --
>> ---

?PR?UBXINIT?UBX                                  -----    -----      0046H    000AH      -----    -----      0F1CH    00
>> 29H
  +--> ?CO?UBX
  +--> ?PR?_UBXSENDPACKET?UBX
  +--> ?PR?C?ULSHR_F120
  +--> ?PR?C?LSHL_F120

?PR?INIT_CAMERAS?SENSORUNIT                      -----    -----      -----    -----      -----    -----      -----    --
>> ---
  +--> ?PR?_DATAFLASH_PAGE_READ?DATAFLASH

?PR?_SENDMESSAGE?MESSAGE                         -----    -----      0049H    0009H      -----    -----      -----    --
>> ---
  +--> ?CO?SENSORUNIT
  +--> ?PR?_CRC16?CRC
  +--> ?PR?_XMITUART?CYGFX120

?PR?_CRC16?CRC                                   -----    -----      0052H    0008H      -----    -----      -----    --
>> ---
  +--> ?CO?SENSORUNIT

?PR?_PARSE_MESSAGE?MESSAGE                       -----    -----      0031H    0011H      -----    -----      0F1CH    00
>> 10H
  +--> ?PR?_VERIFY_CRC?MESSAGE
  +--> ?CO?SENSORUNIT
  +--> ?PR?_SENDMESSAGE?MESSAGE
  +--> ?PR?_SENDNAK?MESSAGE
  +--> ?PR?_DATAFLASH_PAGE_READ?DATAFLASH
  +--> ?PR?_DATAFLASH_PAGE_WRITE_ERASE?DATAF...
  +--> ?PR?INIT_CAMERAS?SENSORUNIT
  +--> ?PR?_READSCRATCHPAD?CYGNALFLASH
  +--> ?PR?ERASESCRATCHPAD?CYGNALFLASH
  +--> ?PR?_WRITESCRATCHPAD?CYGNALFLASH
  +--> ?PR?_DATAFLASH_ERASE_PAGE?DATAFLASH
  +--> ?PR?_DATAFLASH_ERASE_RANGE?DATAFLASH
  +--> ?PR?DATAFLASH_READ_STATUS?DATAFLASH
  +--> ?PR?_UART_INIT?CYGFX120
  +--> ?PR?_DIGIPOT?DIGIPOT
  +--> ?PR?CALIBRATE?FACTORYTEST
  +--> ?PR?INPUTTEST?FACTORYTEST
  +--> ?PR?OUTPUTTEST?FACTORYTEST
  +--> ?PR?ADTEST?FACTORYTEST
  +--> ?PR?DIGIOTEST?FACTORYTEST
  +--> ?PR?AUTOONTEST?FACTORYTEST
  +--> ?PR?SMB_MASTER_TEST?FACTORYTEST
BL51 BANKED LINKER/LOCATER V6.22                                                      01/05/2016  18:47:25  PAGE 8


  +--> ?PR?SMB_SLAVE_TEST?FACTORYTEST
  +--> ?PR?_DATAFLASHTEST?FACTORYTEST
  +--> ?PR?_SAVEDOWNLOAD?MESSAGE
  +--> ?PR?_JUMPCOPY?MESSAGE

?PR?_VERIFY_CRC?MESSAGE                          -----    -----      0042H    0007H      -----    -----      -----    --
>> ---
  +--> ?PR?_CRC16?CRC

?PR?_SENDNAK?MESSAGE                             -----    -----      -----    -----      -----    -----      -----    --
>> ---
  +--> ?CO?SENSORUNIT
  +--> ?PR?_SENDMESSAGE?MESSAGE

?PR?_DATAFLASH_PAGE_WRITE_ERASE?DATAF...         -----    -----      004CH    000DH      -----    -----      -----    --
>> ---
  +--> ?PR?DATAFLASH_READ_STATUS?DATAFLASH
  +--> ?PR?_XFERSPI?CYGFX120

?PR?_DATAFLASH_ERASE_PAGE?DATAFLASH              -----    -----      0049H    0004H      -----    -----      -----    --
>> ---
  +--> ?PR?DATAFLASH_READ_STATUS?DATAFLASH
  +--> ?PR?_XFERSPI?CYGFX120

?PR?_DATAFLASH_ERASE_RANGE?DATAFLASH             -----    -----      0042H    0005H      -----    -----      -----    --
>> ---
  +--> ?PR?_DATAFLASH_ERASE_BLOCK?DATAFLASH
  +--> ?PR?_DATAFLASH_ERASE_PAGE?DATAFLASH

?PR?_DATAFLASH_ERASE_BLOCK?DATAFLASH             -----    -----      0047H    0004H      -----    -----      -----    --
>> ---
  +--> ?PR?DATAFLASH_READ_STATUS?DATAFLASH
  +--> ?PR?_XFERSPI?CYGFX120

?PR?CALIBRATE?FACTORYTEST                        -----    -----      0042H    0003H      -----    -----      0F2CH    00
>> 90H
  +--> ?PR?_READSCRATCHPAD?CYGNALFLASH
  +--> ?CO?SENSORUNIT
  +--> ?CO?FACTORYTEST
  +--> ?PR?PRINTF?PRINTF
  +--> ?PR?_STRLEN?STRLEN
  +--> ?PR?_SENDMESSAGE?MESSAGE
  +--> ?PR?STABILIZE?FACTORYTEST
  +--> ?PR?ZEROOUTXY?FACTORYTEST
  +--> ?PR?ERASESCRATCHPAD?CYGNALFLASH
  +--> ?PR?_WRITESCRATCHPAD?CYGNALFLASH
  +--> ?PR?INITSUSCRATCHPAD?CYGNALFLASH

?PR?PRINTF?PRINTF                                0020H.2  0001H.1    0049H    001CH      -----    -----      -----    --
>> ---
  +--> ?PR?PUTCHAR?PUTCHAR

?PR?ZEROOUTXY?FACTORYTEST                        -----    -----      0045H    0002H      -----    -----      0FBCH    00
>> 5CH
  +--> ?CO?SENSORUNIT
  +--> ?CO?FACTORYTEST
  +--> ?PR?PRINTF?PRINTF
BL51 BANKED LINKER/LOCATER V6.22                                                      01/05/2016  18:47:25  PAGE 9


  +--> ?PR?_STRLEN?STRLEN
  +--> ?PR?_SENDMESSAGE?MESSAGE
  +--> ?PR?STABILIZE?FACTORYTEST

?PR?INPUTTEST?FACTORYTEST                        -----    -----      0042H    0004H      -----    -----      0F2CH    00
>> 78H
  +--> ?CO?FACTORYTEST
  +--> ?CO?SENSORUNIT
  +--> ?PR?PRINTF?PRINTF
  +--> ?PR?_STRLEN?STRLEN
  +--> ?PR?_SENDMESSAGE?MESSAGE

?PR?OUTPUTTEST?FACTORYTEST                       -----    -----      0042H    0005H      -----    -----      0F2CH    00
>> 14H
  +--> ?CO?FACTORYTEST
  +--> ?CO?SENSORUNIT
  +--> ?PR?PRINTF?PRINTF
  +--> ?PR?_STRLEN?STRLEN
  +--> ?PR?_SENDMESSAGE?MESSAGE

?PR?ADTEST?FACTORYTEST                           -----    -----      0042H    0004H      -----    -----      0F2CH    00
>> 64H
  +--> ?CO?SENSORUNIT
  +--> ?CO?FACTORYTEST
  +--> ?PR?PRINTF?PRINTF
  +--> ?PR?_STRLEN?STRLEN
  +--> ?PR?_SENDMESSAGE?MESSAGE

?PR?DIGIOTEST?FACTORYTEST                        -----    -----      0042H    0005H      -----    -----      0F2CH    00
>> 14H
  +--> ?CO?SENSORUNIT
  +--> ?CO?FACTORYTEST
  +--> ?PR?PRINTF?PRINTF
  +--> ?PR?_STRLEN?STRLEN
  +--> ?PR?_SENDMESSAGE?MESSAGE

?PR?AUTOONTEST?FACTORYTEST                       -----    -----      0042H    0001H      -----    -----      0F2CH    00
>> 1CH
  +--> ?CO?SENSORUNIT
  +--> ?CO?FACTORYTEST
  +--> ?PR?PRINTF?PRINTF
  +--> ?PR?_STRLEN?STRLEN
  +--> ?PR?_SENDMESSAGE?MESSAGE
  +--> ?PR?_DIGIPOT?DIGIPOT

?PR?SMB_MASTER_TEST?FACTORYTEST                  0020H.1  0000H.1    0042H    0006H      -----    -----      0F2CH    00
>> 18H
  +--> ?CO?SENSORUNIT
  +--> ?CO?FACTORYTEST
  +--> ?PR?PRINTF?PRINTF
  +--> ?PR?_STRLEN?STRLEN
  +--> ?PR?_SENDMESSAGE?MESSAGE
  +--> ?PR?SMB_WRITE?SMBUS
  +--> ?PR?SMB_READ?SMBUS

?PR?SMB_SLAVE_TEST?FACTORYTEST                   0020H.1  0000H.1    0042H    0003H      -----    -----      0F2CH    00
>> 08H
BL51 BANKED LINKER/LOCATER V6.22                                                      01/05/2016  18:47:25  PAGE 10


  +--> ?CO?SENSORUNIT
  +--> ?CO?FACTORYTEST
  +--> ?PR?PRINTF?PRINTF
  +--> ?PR?_STRLEN?STRLEN
  +--> ?PR?_SENDMESSAGE?MESSAGE

?PR?_DATAFLASHTEST?FACTORYTEST                   -----    -----      0042H    0007H      -----    -----      0F2CH    00
>> 08H
  +--> ?CO?SENSORUNIT
  +--> ?CO?FACTORYTEST
  +--> ?PR?PRINTF?PRINTF
  +--> ?PR?_STRLEN?STRLEN
  +--> ?PR?_SENDMESSAGE?MESSAGE
  +--> ?PR?_DATAFLASH_PAGE_WRITE_ERASE?DATAF...
  +--> ?PR?_DATAFLASH_PAGE_READ?DATAFLASH
  +--> ?PR?_DATAFLASH_ERASE_PAGE?DATAFLASH

?PR?_SAVEDOWNLOAD?MESSAGE                        -----    -----      0042H    000AH      -----    -----      -----    --
>> ---
  +--> ?PR?_DATAFLASH_PAGE_WRITE_ERASE?DATAF...

?PR?_JUMPCOPY?MESSAGE                            -----    -----      0042H    0002H      -----    -----      0F2CH    00
>> 05H
  +--> ?PR?_COPYTOCODESPACE?FDL

?PR?_COPYTOCODESPACE?FDL                         -----    -----      0044H    000CH      -----    -----      -----    --
>> ---
  +--> ?PR?FDL_DATAFLASH_READ_STATUS?FDL
  +--> ?PR?_FDL_XFERSPI?FDL

?PR?FDL_DATAFLASH_READ_STATUS?FDL                -----    -----      0050H    0002H      -----    -----      -----    --
>> ---
  +--> ?PR?_FDL_XFERSPI?FDL

?PR?SETUP_RECORDING?SENSORUNIT                   -----    -----      0031H    0004H      -----    -----      -----    --
>> ---
  +--> ?PR?_DATAFLASH_PAGE_READ?DATAFLASH
  +--> ?PR?C?LMUL_F120
  +--> ?PR?C?IMUL_F120

?PR?STOP_RECORDING?SENSORUNIT                    -----    -----      -----    -----      -----    -----      0F1CH    00
>> 08H
  +--> ?PR?C?LMUL_F120

?PR?PROCESS_IO?SENSORUNIT                        -----    -----      0031H    0004H      -----    -----      -----    --
>> ---

?PR?_PARSE_UBX?UBX                               -----    -----      0031H    0015H      -----    -----      -----    --
>> ---
  +--> ?PR?UBXINIT?UBX
  +--> ?CO?UBX
  +--> ?PR?C?LMUL_F120
  +--> ?PR?C?ULSHR_F120
  +--> ?PR?C?LSHL_F120
  +--> ?CO?SENSORUNIT
  +--> ?PR?_SENDMESSAGE?MESSAGE

BL51 BANKED LINKER/LOCATER V6.22                                                      01/05/2016  18:47:25  PAGE 11




SYMBOL TABLE OF MODULE:  SensorUnit (ADC)

  VALUE           TYPE          NAME
  ----------------------------------

  -------         MODULE        ADC
  C:0000H         SYMBOL        _ICE_DUMMY_
  D:0080H         PUBLIC        P0
  D:00BCH         PUBLIC        ADC0CF
  D:00B0H         PUBLIC        P3
  D:00C8H         PUBLIC        P4
  D:00D8H         PUBLIC        P5
  D:00E8H         PUBLIC        P6
  D:00E7H         PUBLIC        EIE2
  D:00F8H         PUBLIC        P7
  D:00E8H         PUBLIC        ADC0CN
  D:0084H         PUBLIC        SFRPAGE
  D:00FCH         PUBLIC        PCA0CPH0
  D:00FEH         PUBLIC        PCA0CPH1
  D:00FBH         PUBLIC        PCA0CPL0
  D:00FDH         PUBLIC        PCA0CPL1
  D:00DAH         PUBLIC        PCA0CPM0
  D:00D9H         PUBLIC        PCA0MD
  D:00D8H         PUBLIC        PCA0CN
  D:00DBH         PUBLIC        PCA0CPM1
  D:00D1H         PUBLIC        REF0CN
  D:00BAH         PUBLIC        AMX0CF
  B:00E8H.5       PUBLIC        AD0INT
  D:00BBH         PUBLIC        AMX0SL
  C:9DA4H         PUBLIC        ADC0_ISR
  C:AB72H         PUBLIC        ADC0_Init
  D:00BEH         PUBLIC        ADC0
  B:00E8H.4       PUBLIC        AD0BUSY
  -------         PROC          ADC0_INIT
  -------         DO            
  D:0031H         SYMBOL        SFRPAGE_SAVE
  -------         ENDDO         
  C:AB72H         LINE#         38
  C:AB72H         LINE#         39
  C:AB75H         LINE#         42
  C:AB7EH         LINE#         45
  C:AB84H         LINE#         46
  C:AB86H         LINE#         47
  C:AB89H         LINE#         48
  C:AB8CH         LINE#         49
  C:AB8FH         LINE#         50
  C:AB92H         LINE#         52
  C:AB9AH         LINE#         53
  C:ABA2H         LINE#         54
  C:ABAAH         LINE#         55
  C:ABB2H         LINE#         56
  C:ABB2H         LINE#         59
  C:ABC4H         LINE#         62
  C:ABC7H         LINE#         63
  C:ABCAH         LINE#         67
BL51 BANKED LINKER/LOCATER V6.22                                                      01/05/2016  18:47:25  PAGE 12


  C:ABCDH         LINE#         69
  C:ABCFH         LINE#         70
  C:ABD1H         LINE#         71
  C:ABD4H         LINE#         73
  C:ABD7H         LINE#         75
  C:ABDAH         LINE#         76
  -------         ENDPROC       ADC0_INIT
  -------         PROC          ADC0_ISR
  -------         DO            
  D:0002H         SYMBOL        i
  -------         DO            
  D:0022H         SYMBOL        dividefactor
  -------         ENDDO         
  -------         ENDDO         
  C:9DA4H         LINE#         91
  C:9DBFH         LINE#         98
  C:9DC2H         LINE#         100
  C:9DC4H         LINE#         102
  C:9DD9H         LINE#         105
  C:9DFAH         LINE#         106
  C:9DFAH         LINE#         107
  C:9DFDH         LINE#         108
  C:9E00H         LINE#         109
  C:9E02H         LINE#         110
  C:9E02H         LINE#         111
  C:9E05H         LINE#         112
  C:9E08H         LINE#         113
  C:9E0AH         LINE#         114
  C:9E0AH         LINE#         115
  C:9E10H         LINE#         116
  C:9E15H         LINE#         118
  C:9E18H         LINE#         119
  C:9E1BH         LINE#         121
  C:9E1DH         LINE#         122
  C:9E1DH         LINE#         123
  C:9E20H         LINE#         124
  C:9E23H         LINE#         125
  C:9E25H         LINE#         126
  C:9E25H         LINE#         127
  C:9E28H         LINE#         128
  C:9E2BH         LINE#         129
  C:9E2DH         LINE#         130
  C:9E2DH         LINE#         131
  C:9E30H         LINE#         132
  C:9E33H         LINE#         133
  C:9E35H         LINE#         134
  C:9E35H         LINE#         135
  C:9E38H         LINE#         136
  C:9E3BH         LINE#         137
  C:9E3DH         LINE#         138
  C:9E3DH         LINE#         139
  C:9E40H         LINE#         140
  C:9E43H         LINE#         141
  C:9E43H         LINE#         142
  C:9E43H         LINE#         145
  C:9E53H         LINE#         146
  C:9E66H         LINE#         149
BL51 BANKED LINKER/LOCATER V6.22                                                      01/05/2016  18:47:25  PAGE 13


  C:9E69H         LINE#         150
  C:9E75H         LINE#         152
  C:9E95H         LINE#         154
  C:9ECCH         LINE#         157
  C:9EE1H         LINE#         158
  C:9EEFH         LINE#         161
  C:9EF5H         LINE#         163
  C:9F1EH         LINE#         169
  C:9F1EH         LINE#         171
  C:9F30H         LINE#         172
  C:9F36H         LINE#         173
  C:9F36H         LINE#         174
  C:9F40H         LINE#         175
  C:9F42H         LINE#         176
  C:9F42H         LINE#         177
  -------         ENDPROC       ADC0_ISR
  -------         ENDMOD        ADC

  -------         MODULE        DIGIPOT
  C:0000H         SYMBOL        _ICE_DUMMY_
  D:0080H         PUBLIC        P0
  D:00B0H         PUBLIC        P3
  D:00C8H         PUBLIC        P4
  D:00D8H         PUBLIC        P5
  D:00E8H         PUBLIC        P6
  D:00F8H         PUBLIC        P7
  B:00B0H.2       PUBLIC        DIGIPOTCS
  C:B075H         PUBLIC        _DigiPot
  B:00B0H.1       PUBLIC        DIGPOTUD
  -------         PROC          _DIGIPOT
  D:0007H         SYMBOL        autoon
  -------         DO            
  D:0006H         SYMBOL        i
  D:0007H         SYMBOL        j
  -------         ENDDO         
  C:B075H         LINE#         23
  C:B075H         LINE#         31
  C:B078H         LINE#         32
  C:B07CH         LINE#         34
  C:B07EH         LINE#         37
  C:B084H         LINE#         39
  C:B086H         LINE#         40
  C:B08CH         LINE#         43
  C:B08EH         LINE#         44
  C:B090H         LINE#         45
  C:B096H         LINE#         46
  C:B09AH         LINE#         48
  C:B09CH         LINE#         49
  -------         ENDPROC       _DIGIPOT
  -------         ENDMOD        DIGIPOT

  -------         MODULE        LANCSETUP
  C:0000H         SYMBOL        _ICE_DUMMY_
  B:00C8H.0       PUBLIC        DIGOUT0
  D:0080H         PUBLIC        P0
  B:00C8H.2       PUBLIC        DIGOUT2
  D:00B0H         PUBLIC        P3
BL51 BANKED LINKER/LOCATER V6.22                                                      01/05/2016  18:47:25  PAGE 14


  D:00C8H         PUBLIC        P4
  D:00D8H         PUBLIC        P5
  D:00E8H         PUBLIC        P6
  D:00F8H         PUBLIC        P7
  B:00D8H.0       PUBLIC        DIGIN0
  B:00D8H.1       PUBLIC        DIGIN1
  B:00D8H.3       PUBLIC        DIGIN3
  B:00D8H.4       PUBLIC        DIGIN4
  C:A0D8H         PUBLIC        New_Accessory_Setup
  -------         PROC          NEW_ACCESSORY_SETUP
  -------         DO            
  D:0031H         SYMBOL        timeoutctr
  -------         DO            
  X:0F1CH         SYMBOL        zzz
  -------         ENDDO         
  -------         DO            
  D:0033H         SYMBOL        bitctr
  D:0034H         SYMBOL        handshakebits
  -------         DO            
  X:0F20H         SYMBOL        zzz
  -------         ENDDO         
  -------         ENDDO         
  -------         ENDDO         
  C:A0D8H         LINE#         12
  C:A0D8H         LINE#         14
  C:A0E4H         LINE#         15
  C:A0E9H         LINE#         18
  C:A0FBH         LINE#         21
  C:A0FDH         LINE#         22
  C:A0FFH         LINE#         24
  C:A131H         LINE#         25
  C:A13DH         LINE#         26
  C:A13FH         LINE#         28
  C:A144H         LINE#         29
  C:A157H         LINE#         31
  C:A15AH         LINE#         32
  C:A160H         LINE#         33
  C:A161H         LINE#         34
  C:A161H         LINE#         39
  C:A170H         LINE#         40
  C:A176H         LINE#         43
  C:A186H         LINE#         48
  C:A189H         LINE#         49
  C:A18EH         LINE#         50
  C:A190H         LINE#         51
  C:A1C2H         LINE#         52
  C:A1C8H         LINE#         53
  C:A1CFH         LINE#         55
  C:A1D4H         LINE#         56
  C:A1E7H         LINE#         58
  C:A1EDH         LINE#         59
  C:A1F0H         LINE#         60
  C:A1F5H         LINE#         63
  C:A1F7H         LINE#         64
  C:A1F9H         LINE#         65
  C:A1FFH         LINE#         66
  C:A200H         LINE#         74
BL51 BANKED LINKER/LOCATER V6.22                                                      01/05/2016  18:47:25  PAGE 15


  C:A200H         LINE#         75
  C:A206H         LINE#         76
  C:A20CH         LINE#         77
  C:A211H         LINE#         79
  C:A211H         LINE#         81
  C:A211H         LINE#         82
  C:A211H         LINE#         83
  C:A211H         LINE#         84
  -------         ENDPROC       NEW_ACCESSORY_SETUP
  -------         ENDMOD        LANCSETUP

  -------         MODULE        SENSORUNIT
  C:0000H         SYMBOL        _ICE_DUMMY_
  D:0080H         PUBLIC        P0
  B:00C8H.2       PUBLIC        DIGOUT2
  D:00FFH         PUBLIC        WDTCN
  X:0000H         PUBLIC        lastgps
  B:00C8H.4       PUBLIC        DIGOUT4
  D:00B0H         PUBLIC        P3
  D:00C8H         PUBLIC        P4
  X:0001H         PUBLIC        resend
  D:00D8H         PUBLIC        P5
  B:00B0H.3       PUBLIC        LED0
  B:00A8H.7       PUBLIC        EA
  D:00E8H         PUBLIC        P6
  D:00E7H         PUBLIC        EIE2
  X:0002H         PUBLIC        gps_past_due
  B:00B0H.6       PUBLIC        LED1
  D:00F8H         PUBLIC        P7
  X:0004H         PUBLIC        calibrating
  B:00B0H.5       PUBLIC        LED2
  X:0005H         PUBLIC        session
  B:00F8H.4       PUBLIC        EN3VGPS
  B:00B0H.4       PUBLIC        LED3
  D:0084H         PUBLIC        SFRPAGE
  C:8DA9H         PUBLIC        crc16_table
  X:0006H         PUBLIC        digout
  X:0014H         PUBLIC        duconnected
  X:0015H         PUBLIC        simgps
  C:64D3H         PUBLIC        Setup_Recording
  X:0016H         PUBLIC        su2
  B:00F8H.7       PUBLIC        EN5V
  B:00D8H.2       PUBLIC        DIGIN2
  B:00D8H.3       PUBLIC        DIGIN3
  B:00D8H.4       PUBLIC        DIGIN4
  X:0017H         PUBLIC        result
  C:24D6H         PUBLIC        main
  X:0027H         PUBLIC        accumulator
  C:A337H         PUBLIC        Stop_Recording
  X:0037H         PUBLIC        periodbuff
  X:003FH         PUBLIC        smbus
  X:004BH         PUBLIC        secondtick
  D:0065H         PUBLIC        gcnt
  X:004DH         PUBLIC        flashpage
  C:A742H         PUBLIC        Init_Cameras
  X:025DH         PUBLIC        period0
  X:025FH         PUBLIC        clocktick
BL51 BANKED LINKER/LOCATER V6.22                                                      01/05/2016  18:47:25  PAGE 16


  X:0261H         PUBLIC        ioscaling
  X:0265H         PUBLIC        smbusrxbuff
  D:0067H         PUBLIC        iopagecnt
  X:0275H         PUBLIC        com
  X:029BH         PUBLIC        currenttemp
  X:029CH         PUBLIC        adcresults
  X:029DH         PUBLIC        smbustxbuff
  X:02ADH         PUBLIC        revs
  X:02AFH         PUBLIC        nextsecond
  X:02B1H         PUBLIC        iocollect
  X:02B2H         PUBLIC        dop
  D:0069H         PUBLIC        secondcnt
  X:02B4H         PUBLIC        cyl
  X:02B5H         PUBLIC        debounce
  B:00A8H.0       PUBLIC        EX0
  X:02B7H         PUBLIC        previousgps
  X:02E1H         PUBLIC        accessory
  X:02E2H         PUBLIC        new_mode
  X:02E3H         PUBLIC        camlanc
  X:02E8H         PUBLIC        ubxfullset
  C:8DA5H         PUBLIC        msgrouting
  X:02E9H         PUBLIC        firstpulse
  D:006BH         PUBLIC        int_dec
  X:02EBH         PUBLIC        msgrxbuff
  C:8B34H         PUBLIC        Process_IO
  X:0725H         PUBLIC        msgtxbuff
  C:8D72H         PUBLIC        crnotice
  X:0942H         PUBLIC        pagesize
  D:006DH         PUBLIC        channel
  X:0944H         PUBLIC        gpsrxbuff
  X:0BD8H         PUBLIC        new_samp
  X:0BD9H         PUBLIC        gpstxbuff
  X:0C19H         PUBLIC        outstanding_msg
  D:00EFH         PUBLIC        RSTSRC
  X:0C1CH         PUBLIC        numpages
  D:006EH         PUBLIC        pagecnt
  X:0C1EH         PUBLIC        tm_state
  X:0C1FH         PUBLIC        CTS
  X:0C22H         PUBLIC        scratch
  X:0CA2H         PUBLIC        samps_per_sec
  X:0CA3H         PUBLIC        new_iocollect
  X:0CA4H         PUBLIC        mode_change
  X:0CA5H         PUBLIC        cameracontrol
  X:0EFDH         PUBLIC        txbufcnt
  X:0EFEH         PUBLIC        negperiod0
  X:0F00H         PUBLIC        gpslock
  X:0F01H         PUBLIC        gpspulse
  X:0F02H         PUBLIC        ubxdone
  X:0F03H         PUBLIC        stoprecordtick
  -------         PROC          MAIN
  -------         DO            
  X:0F15H         SYMBOL        retval
  X:0F17H         SYMBOL        i
  D:002AH         SYMBOL        onbuttonctr
  X:0F19H         SYMBOL        nextcamupdate
  X:0F1BH         SYMBOL        updatestatus
  -------         DO            
BL51 BANKED LINKER/LOCATER V6.22                                                      01/05/2016  18:47:25  PAGE 17


  X:0F05H         SYMBOL        zzz
  -------         ENDDO         
  -------         DO            
  X:0F09H         SYMBOL        zzz
  -------         ENDDO         
  -------         DO            
  D:002EH         SYMBOL        tmpptr
  -------         ENDDO         
  -------         DO            
  X:0F0DH         SYMBOL        zzz
  X:0F11H         SYMBOL        zzz
  -------         ENDDO         
  -------         DO            
  X:0F11H         SYMBOL        zzz
  -------         ENDDO         
  -------         DO            
  D:002EH         SYMBOL        tmpptr
  -------         ENDDO         
  -------         DO            
  D:002EH         SYMBOL        i
  -------         ENDDO         
  -------         ENDDO         
  C:24D6H         LINE#         80
  C:24D6H         LINE#         83
  C:24DFH         LINE#         85
  C:24E3H         LINE#         93
  C:24E6H         LINE#         96
  C:24E9H         LINE#         97
  C:24ECH         LINE#         99
  C:24EFH         LINE#         100
  C:24F2H         LINE#         109
  C:24F8H         LINE#         111
  C:24FBH         LINE#         112
  C:250DH         LINE#         115
  C:2510H         LINE#         117
  C:2516H         LINE#         118
  C:251BH         LINE#         126
  C:2521H         LINE#         127
  C:257DH         LINE#         128
  C:25B2H         LINE#         129
  C:2606H         LINE#         133
  C:261BH         LINE#         134
  C:2633H         LINE#         135
  C:2638H         LINE#         137
  C:263BH         LINE#         138
  C:2642H         LINE#         139
  C:2645H         LINE#         140
  C:2648H         LINE#         143
  C:264DH         LINE#         148
  C:2653H         LINE#         149
  C:2659H         LINE#         151
  C:2665H         LINE#         152
  C:266FH         LINE#         153
  C:2679H         LINE#         154
  C:2683H         LINE#         155
  C:2688H         LINE#         156
  C:268DH         LINE#         157
BL51 BANKED LINKER/LOCATER V6.22                                                      01/05/2016  18:47:25  PAGE 18


  C:2693H         LINE#         158
  C:26A0H         LINE#         159
  C:26A8H         LINE#         160
  C:26B0H         LINE#         162
  C:26CBH         LINE#         166
  C:26DBH         LINE#         175
  C:26E7H         LINE#         176
  C:26EDH         LINE#         178
  C:26F8H         LINE#         181
  C:26FEH         LINE#         183
  C:270AH         LINE#         184
  C:2714H         LINE#         185
  C:2719H         LINE#         186
  C:271BH         LINE#         187
  C:271FH         LINE#         188
  C:2722H         LINE#         189
  C:2722H         LINE#         191
  C:2728H         LINE#         193
  C:272BH         LINE#         211
  C:272DH         LINE#         218
  C:2733H         LINE#         219
  C:2765H         LINE#         220
  C:2768H         LINE#         221
  C:2768H         LINE#         224
  C:276BH         LINE#         225
  C:2771H         LINE#         236
  C:2776H         LINE#         238
  C:278AH         LINE#         240
  C:278DH         LINE#         243
  C:27AAH         LINE#         244
  C:27C1H         LINE#         252
  C:27C1H         LINE#         254
  C:27D6H         LINE#         259
  C:27DEH         LINE#         262
  C:27E4H         LINE#         263
  C:27E8H         LINE#         265
  C:27EAH         LINE#         269
  C:27F8H         LINE#         272
  C:282AH         LINE#         282
  C:282CH         LINE#         284
  C:282EH         LINE#         286
  C:282EH         LINE#         289
  C:2842H         LINE#         290
  C:2846H         LINE#         291
  C:2850H         LINE#         292
  C:2850H         LINE#         296
  C:2856H         LINE#         297
  C:285DH         LINE#         299
  C:2860H         LINE#         300
  C:2868H         LINE#         301
  C:2868H         LINE#         302
  C:2868H         LINE#         303
  C:286AH         LINE#         304
  C:286AH         LINE#         305
  C:2872H         LINE#         306
  C:2872H         LINE#         307
  C:2872H         LINE#         308
BL51 BANKED LINKER/LOCATER V6.22                                                      01/05/2016  18:47:25  PAGE 19


  C:2872H         LINE#         309
  C:2874H         LINE#         311
  C:2882H         LINE#         312
  C:2885H         LINE#         313
  C:288DH         LINE#         314
  C:288FH         LINE#         315
  C:288FH         LINE#         316
  C:288FH         LINE#         317
  C:2891H         LINE#         318
  C:2891H         LINE#         319
  C:2894H         LINE#         320
  C:289CH         LINE#         321
  C:289EH         LINE#         322
  C:289EH         LINE#         323
  C:289EH         LINE#         324
  C:28A0H         LINE#         325
  C:28A8H         LINE#         326
  C:28ABH         LINE#         327
  C:28B1H         LINE#         328
  C:28B1H         LINE#         329
  C:28B1H         LINE#         330
  C:28B3H         LINE#         331
  C:28B7H         LINE#         332
  C:28BAH         LINE#         333
  C:28C2H         LINE#         334
  C:28C2H         LINE#         335
  C:28C8H         LINE#         336
  C:28CDH         LINE#         338
  C:28D0H         LINE#         339
  C:28D0H         LINE#         340
  C:28D0H         LINE#         341
  C:28D0H         LINE#         344
  C:28E7H         LINE#         345
  C:28FDH         LINE#         346
  C:28FDH         LINE#         347
  C:2938H         LINE#         348
  C:2938H         LINE#         349
  C:293AH         LINE#         350
  C:2940H         LINE#         351
  C:2940H         LINE#         352
  C:2943H         LINE#         353
  C:2943H         LINE#         354
  C:2945H         LINE#         355
  C:294BH         LINE#         356
  C:2951H         LINE#         358
  C:295BH         LINE#         359
  C:295DH         LINE#         360
  C:295DH         LINE#         361
  C:295FH         LINE#         362
  C:295FH         LINE#         363
  C:2961H         LINE#         364
  C:2961H         LINE#         365
  C:2961H         LINE#         366
  C:2961H         LINE#         367
  C:2963H         LINE#         368
  C:2969H         LINE#         369
  C:296FH         LINE#         372
BL51 BANKED LINKER/LOCATER V6.22                                                      01/05/2016  18:47:25  PAGE 20


  C:29C2H         LINE#         373
  C:29C4H         LINE#         374
  C:29C4H         LINE#         375
  C:29C6H         LINE#         376
  C:29CBH         LINE#         377
  C:29CBH         LINE#         378
  C:29CBH         LINE#         379
  C:29CBH         LINE#         380
  C:29CBH         LINE#         381
  C:29CBH         LINE#         384
  C:29F6H         LINE#         385
  C:29F8H         LINE#         387
  C:2A00H         LINE#         388
  C:2A2CH         LINE#         389
  C:2A3BH         LINE#         390
  C:2A3BH         LINE#         391
  C:2A3BH         LINE#         395
  C:2A46H         LINE#         396
  C:2A52H         LINE#         399
  C:2A5EH         LINE#         401
  C:2A71H         LINE#         402
  C:2A71H         LINE#         492
  C:2A7AH         LINE#         496
  C:2A7CH         LINE#         499
  C:2A86H         LINE#         504
  C:2A8CH         LINE#         505
  C:2A91H         LINE#         506
  C:2A94H         LINE#         507
  C:2A96H         LINE#         508
  C:2A99H         LINE#         509
  C:2A99H         LINE#         511
  C:2AADH         LINE#         512
  C:2ADFH         LINE#         513
  C:2AE1H         LINE#         514
  C:2B43H         LINE#         515
  C:2B45H         LINE#         516
  C:2B45H         LINE#         517
  C:2B45H         LINE#         520
  C:2B4DH         LINE#         522
  C:2B4FH         LINE#         526
  C:2B52H         LINE#         528
  C:2B5BH         LINE#         529
  C:2B60H         LINE#         532
  C:2B65H         LINE#         534
  C:2B6BH         LINE#         537
  C:2B73H         LINE#         540
  C:2B75H         LINE#         541
  C:2B78H         LINE#         542
  C:2B7BH         LINE#         544
  C:2B7BH         LINE#         545
  C:2B7EH         LINE#         546
  C:2B82H         LINE#         547
  C:2B86H         LINE#         550
  C:2B8EH         LINE#         552
  C:2B8EH         LINE#         553
  C:2B91H         LINE#         554
  C:2B96H         LINE#         555
BL51 BANKED LINKER/LOCATER V6.22                                                      01/05/2016  18:47:25  PAGE 21


  C:2B9BH         LINE#         558
  C:2BA3H         LINE#         561
  C:2BB8H         LINE#         564
  C:2BBBH         LINE#         567
  C:2BBEH         LINE#         568
  C:2BC1H         LINE#         571
  C:2BC1H         LINE#         574
  C:2BD1H         LINE#         575
  C:2BD3H         LINE#         578
  C:2BE3H         LINE#         579
  C:2BE6H         LINE#         581
  C:2C22H         LINE#         582
  C:2C32H         LINE#         586
  C:2C35H         LINE#         587
  C:2C38H         LINE#         588
  C:2C3DH         LINE#         589
  C:2C66H         LINE#         590
  C:2C68H         LINE#         591
  C:2C68H         LINE#         593
  C:2C78H         LINE#         594
  C:2C7BH         LINE#         595
  C:2C7BH         LINE#         596
  C:2C7BH         LINE#         597
  C:2C83H         LINE#         598
  C:2C88H         LINE#         599
  C:2C88H         LINE#         601
  C:2C88H         LINE#         603
  C:2C9EH         LINE#         609
  C:2CC3H         LINE#         612
  C:2CCCH         LINE#         614
  C:2CDAH         LINE#         615
  C:2CE1H         LINE#         617
  C:2CE7H         LINE#         619
  C:2CF4H         LINE#         620
  C:2CFAH         LINE#         622
  C:2D03H         LINE#         626
  C:2D15H         LINE#         627
  C:2D15H         LINE#         630
  C:2D43H         LINE#         632
  C:2D47H         LINE#         633
  C:2D47H         LINE#         637
  C:2D87H         LINE#         639
  C:2DDFH         LINE#         642
  C:2E37H         LINE#         646
  C:2E58H         LINE#         647
  C:2E98H         LINE#         648
  C:2ED8H         LINE#         649
  C:2F18H         LINE#         650
  C:2F58H         LINE#         651
  C:2F7BH         LINE#         652
  C:2F9EH         LINE#         655
  C:2FADH         LINE#         658
  C:2FB0H         LINE#         684
  C:2FB3H         LINE#         686
  C:2FBFH         LINE#         688
  C:2FD7H         LINE#         691
  C:2FEBH         LINE#         697
BL51 BANKED LINKER/LOCATER V6.22                                                      01/05/2016  18:47:25  PAGE 22


  C:3007H         LINE#         699
  C:3029H         LINE#         767
  C:302CH         LINE#         770
  C:304AH         LINE#         772
  C:3074H         LINE#         775
  C:3077H         LINE#         776
  C:307DH         LINE#         777
  C:3083H         LINE#         778
  C:3089H         LINE#         779
  C:3092H         LINE#         780
  C:3094H         LINE#         782
  C:3099H         LINE#         784
  C:30A3H         LINE#         785
  C:30A3H         LINE#         793
  C:30BDH         LINE#         794
  C:30C6H         LINE#         795
  C:30D3H         LINE#         796
  C:30D8H         LINE#         797
  C:30DAH         LINE#         798
  C:30DAH         LINE#         799
  C:30E7H         LINE#         800
  C:30E9H         LINE#         801
  C:30F1H         LINE#         802
  C:30F1H         LINE#         817
  C:30F1H         LINE#         818
  C:3102H         LINE#         820
  C:3106H         LINE#         821
  C:310AH         LINE#         825
  C:310AH         LINE#         826
  C:310AH         LINE#         827
  C:310DH         LINE#         828
  C:310DH         LINE#         836
  C:3139H         LINE#         837
  C:315CH         LINE#         838
  C:317FH         LINE#         839
  C:31A1H         LINE#         840
  C:31B0H         LINE#         843
  C:31C4H         LINE#         844
  C:31DCH         LINE#         872
  C:31DCH         LINE#         877
  C:31E1H         LINE#         878
  C:31E5H         LINE#         881
  C:31EBH         LINE#         882
  C:31EDH         LINE#         883
  C:31EFH         LINE#         884
  C:31F2H         LINE#         885
  C:31F4H         LINE#         886
  C:31F4H         LINE#         889
  C:31F4H         LINE#         891
  C:31F4H         LINE#         892
  -------         ENDPROC       MAIN
  -------         PROC          INIT_CAMERAS
  C:A742H         LINE#         895
  C:A742H         LINE#         897
  C:A755H         LINE#         900
  C:A75FH         LINE#         901
  C:A76CH         LINE#         905
BL51 BANKED LINKER/LOCATER V6.22                                                      01/05/2016  18:47:25  PAGE 23


  C:A775H         LINE#         906
  C:A780H         LINE#         907
  C:A780H         LINE#         908
  C:A780H         LINE#         909
  C:A782H         LINE#         910
  C:A782H         LINE#         911
  C:A788H         LINE#         912
  C:A7ABH         LINE#         913
  C:A7ABH         LINE#         914
  C:A7B1H         LINE#         915
  C:A7B2H         LINE#         916
  C:A7B2H         LINE#         917
  C:A7B5H         LINE#         918
  C:A7B7H         LINE#         919
  C:A7B7H         LINE#         920
  C:A7BDH         LINE#         921
  C:A7BEH         LINE#         922
  C:A7BEH         LINE#         923
  C:A7C4H         LINE#         924
  C:A7C5H         LINE#         925
  C:A7C5H         LINE#         926
  C:A7CBH         LINE#         927
  C:A7CCH         LINE#         928
  C:A7CCH         LINE#         929
  C:A7D2H         LINE#         930
  C:A7D3H         LINE#         931
  C:A7D3H         LINE#         932
  C:A7D3H         LINE#         933
  C:A7D9H         LINE#         934
  C:A7DAH         LINE#         935
  C:A7DAH         LINE#         936
  C:A7E0H         LINE#         937
  C:A7E6H         LINE#         938
  C:A7E6H         LINE#         939
  C:A7E6H         LINE#         940
  C:A7E6H         LINE#         941
  -------         ENDPROC       INIT_CAMERAS
  -------         PROC          STOP_RECORDING
  -------         DO            
  X:0F1CH         SYMBOL        zzz
  X:0F20H         SYMBOL        zzz
  -------         ENDDO         
  -------         DO            
  X:0F20H         SYMBOL        zzz
  -------         ENDDO         
  C:A337H         LINE#         988
  C:A337H         LINE#         990
  C:A33BH         LINE#         1003
  C:A34FH         LINE#         1004
  C:A38AH         LINE#         1005
  C:A38AH         LINE#         1006
  C:A38CH         LINE#         1007
  C:A38FH         LINE#         1008
  C:A38FH         LINE#         1010
  C:A3C1H         LINE#         1011
  C:A3C3H         LINE#         1012
  C:A425H         LINE#         1013
BL51 BANKED LINKER/LOCATER V6.22                                                      01/05/2016  18:47:25  PAGE 24


  C:A427H         LINE#         1014
  C:A429H         LINE#         1015
  C:A429H         LINE#         1016
  C:A42BH         LINE#         1017
  C:A42BH         LINE#         1018
  C:A42BH         LINE#         1019
  C:A431H         LINE#         1020
  C:A436H         LINE#         1021
  C:A436H         LINE#         1024
  C:A43EH         LINE#         1025
  C:A441H         LINE#         1027
  -------         ENDPROC       STOP_RECORDING
  -------         PROC          SETUP_RECORDING
  -------         DO            
  D:0031H         SYMBOL        itmp
  D:0033H         SYMBOL        clockin
  -------         ENDDO         
  C:64D3H         LINE#         1032
  C:64D3H         LINE#         1034
  C:64DDH         LINE#         1037
  C:64E6H         LINE#         1038
  C:64EAH         LINE#         1039
  C:64ECH         LINE#         1042
  C:6503H         LINE#         1055
  C:650FH         LINE#         1056
  C:650FH         LINE#         1057
  C:6515H         LINE#         1058
  C:6517H         LINE#         1059
  C:6517H         LINE#         1060
  C:651DH         LINE#         1061
  C:651FH         LINE#         1062
  C:651FH         LINE#         1063
  C:651FH         LINE#         1064
  C:6525H         LINE#         1065
  C:6525H         LINE#         1066
  C:6525H         LINE#         1068
  C:6532H         LINE#         1069
  C:653BH         LINE#         1070
  C:653DH         LINE#         1071
  C:653DH         LINE#         1073
  C:6592H         LINE#         1074
  C:65A4H         LINE#         1075
  C:65A4H         LINE#         1078
  C:65ACH         LINE#         1080
  C:65B7H         LINE#         1081
  C:65BFH         LINE#         1082
  C:65BFH         LINE#         1083
  C:65C5H         LINE#         1084
  C:65E3H         LINE#         1085
  C:65E3H         LINE#         1086
  C:65EDH         LINE#         1087
  C:6626H         LINE#         1088
  C:6626H         LINE#         1089
  C:6626H         LINE#         1091
  C:662CH         LINE#         1092
  C:6633H         LINE#         1093
  C:6633H         LINE#         1095
BL51 BANKED LINKER/LOCATER V6.22                                                      01/05/2016  18:47:25  PAGE 25


  C:6646H         LINE#         1098
  C:6650H         LINE#         1099
  C:665DH         LINE#         1102
  C:6662H         LINE#         1103
  C:6680H         LINE#         1104
  C:668FH         LINE#         1105
  C:6691H         LINE#         1106
  C:66A0H         LINE#         1107
  C:66A2H         LINE#         1108
  C:66A2H         LINE#         1109
  C:66B1H         LINE#         1110
  C:66B1H         LINE#         1111
  C:66B1H         LINE#         1112
  C:66BFH         LINE#         1115
  C:66C4H         LINE#         1116
  C:66F0H         LINE#         1119
  C:690DH         LINE#         1122
  C:691EH         LINE#         1123
  C:691EH         LINE#         1126
  C:6925H         LINE#         1127
  C:6928H         LINE#         1130
  C:693CH         LINE#         1131
  C:6954H         LINE#         1133
  -------         ENDPROC       SETUP_RECORDING
  -------         PROC          PROCESS_IO
  -------         DO            
  D:0031H         SYMBOL        checkbits
  -------         DO            
  D:0032H         SYMBOL        tmpch
  -------         DO            
  D:0033H         SYMBOL        warning
  D:0033H         SYMBOL        outbit
  -------         ENDDO         
  -------         DO            
  D:0033H         SYMBOL        outbit
  -------         ENDDO         
  -------         ENDDO         
  -------         ENDDO         
  C:8B34H         LINE#         1138
  C:8B34H         LINE#         1140
  C:8B3DH         LINE#         1143
  C:8B40H         LINE#         1147
  C:8B56H         LINE#         1148
  C:8B74H         LINE#         1150
  C:8B74H         LINE#         1151
  C:8B79H         LINE#         1152
  C:8B7CH         LINE#         1154
  C:8B7CH         LINE#         1155
  C:8B7CH         LINE#         1156
  C:8BBBH         LINE#         1157
  C:8BBEH         LINE#         1158
  C:8BBEH         LINE#         1159
  C:8BBEH         LINE#         1160
  C:8BC1H         LINE#         1162
  C:8C00H         LINE#         1165
  C:8C12H         LINE#         1167
  C:8C34H         LINE#         1168
BL51 BANKED LINKER/LOCATER V6.22                                                      01/05/2016  18:47:25  PAGE 26


  C:8C34H         LINE#         1169
  C:8C4EH         LINE#         1170
  C:8C50H         LINE#         1171
  C:8C50H         LINE#         1172
  C:8C74H         LINE#         1173
  C:8C76H         LINE#         1174
  C:8C76H         LINE#         1175
  C:8C9EH         LINE#         1176
  C:8C9EH         LINE#         1177
  C:8C9EH         LINE#         1179
  C:8CA2H         LINE#         1180
  C:8CB7H         LINE#         1182
  C:8CCAH         LINE#         1183
  C:8CCAH         LINE#         1184
  C:8CCDH         LINE#         1185
  C:8CCDH         LINE#         1187
  C:8CCDH         LINE#         1188
  C:8CD3H         LINE#         1189
  C:8CD6H         LINE#         1190
  C:8CD6H         LINE#         1192
  C:8CE0H         LINE#         1195
  C:8CEFH         LINE#         1196
  C:8CF6H         LINE#         1197
  C:8CFBH         LINE#         1198
  C:8D0BH         LINE#         1199
  C:8D2EH         LINE#         1200
  C:8D2EH         LINE#         1201
  C:8D2EH         LINE#         1202
  C:8D33H         LINE#         1203
  C:8D43H         LINE#         1204
  C:8D63H         LINE#         1205
  C:8D63H         LINE#         1206
  C:8D63H         LINE#         1207
  C:8D63H         LINE#         1208
  C:8D63H         LINE#         1209
  C:8D63H         LINE#         1242
  C:8D63H         LINE#         1243
  C:8D71H         LINE#         1244
  C:8D71H         LINE#         1245
  -------         ENDPROC       PROCESS_IO
  -------         ENDMOD        SENSORUNIT

  -------         MODULE        SMBUS
  C:0000H         SYMBOL        _ICE_DUMMY_
  D:0080H         PUBLIC        P0
  B:00C0H.2       PUBLIC        AA
  D:00B0H         PUBLIC        P3
  D:00C8H         PUBLIC        P4
  D:00E6H         PUBLIC        EIE1
  D:00D8H         PUBLIC        P5
  D:00E8H         PUBLIC        P6
  D:00F8H         PUBLIC        P7
  B:0021H.3       PUBLIC        SMB_BUSY
  D:0084H         PUBLIC        SFRPAGE
  B:00C0H.3       PUBLIC        SI
  D:00C0H         PUBLIC        SMB0CN
  D:00CFH         PUBLIC        SMB0CR
BL51 BANKED LINKER/LOCATER V6.22                                                      01/05/2016  18:47:25  PAGE 27


  C:99F2H         PUBLIC        SMB_ISR
  C:B126H         PUBLIC        SMB_Read
  C:B142H         PUBLIC        SMB_Write
  C:B15BH         PUBLIC        SMB_Init
  B:00C0H.5       PUBLIC        STA
  D:00C3H         PUBLIC        SMB0ADR
  B:0021H.4       PUBLIC        SMB_RW
  D:00C2H         PUBLIC        SMB0DAT
  B:00C0H.4       PUBLIC        STO
  B:00C0H.6       PUBLIC        ENSMB
  D:00C1H         PUBLIC        SMB0STA
  -------         PROC          SMB_INIT
  -------         DO            
  D:0007H         SYMBOL        SFRPAGE_SAVE
  -------         ENDDO         
  C:B15BH         LINE#         134
  C:B15BH         LINE#         135
  C:B15DH         LINE#         137
  C:B160H         LINE#         141
  C:B163H         LINE#         145
  C:B166H         LINE#         152
  C:B169H         LINE#         153
  C:B16BH         LINE#         154
  C:B16EH         LINE#         156
  C:B170H         LINE#         157
  -------         ENDPROC       SMB_INIT
  -------         PROC          SMB_ISR
  -------         DO            
  B:0020H.0       SYMBOL        FAIL
  -------         ENDDO         
  C:99F2H         LINE#         172
  C:9A09H         LINE#         173
  C:9A0BH         LINE#         176
  C:9A57H         LINE#         179
  C:9A57H         LINE#         182
  C:9A57H         LINE#         183
  C:9A5DH         LINE#         184
  C:9A62H         LINE#         185
  C:9A65H         LINE#         186
  C:9A6AH         LINE#         187
  C:9A6CH         LINE#         189
  C:9A71H         LINE#         190
  C:9A75H         LINE#         191
  C:9A78H         LINE#         198
  C:9A78H         LINE#         199
  C:9A78H         LINE#         200
  C:9A86H         LINE#         202
  C:9A96H         LINE#         203
  C:9A9CH         LINE#         204
  C:9A9FH         LINE#         205
  C:9A9FH         LINE#         206
  C:9AA1H         LINE#         207
  C:9AA3H         LINE#         208
  C:9AA3H         LINE#         209
  C:9AA6H         LINE#         212
  C:9AA6H         LINE#         214
  C:9AA6H         LINE#         215
BL51 BANKED LINKER/LOCATER V6.22                                                      01/05/2016  18:47:25  PAGE 28


  C:9AA8H         LINE#         218
  C:9AA8H         LINE#         219
  C:9AAAH         LINE#         220
  C:9AADH         LINE#         225
  C:9AADH         LINE#         230
  C:9AADH         LINE#         231
  C:9AB3H         LINE#         232
  C:9AC9H         LINE#         233
  C:9AC9H         LINE#         234
  C:9ACFH         LINE#         236
  C:9ADCH         LINE#         237
  C:9AE1H         LINE#         239
  C:9AE3H         LINE#         240
  C:9AE6H         LINE#         244
  C:9AE6H         LINE#         245
  C:9B00H         LINE#         246
  C:9B06H         LINE#         247
  C:9B0CH         LINE#         248
  C:9B0EH         LINE#         249
  C:9B10H         LINE#         250
  C:9B12H         LINE#         251
  C:9B15H         LINE#         254
  C:9B15H         LINE#         255
  C:9B17H         LINE#         256
  C:9B1AH         LINE#         260
  C:9B1AH         LINE#         262
  C:9B1AH         LINE#         263
  C:9B1FH         LINE#         264
  C:9B23H         LINE#         265
  C:9B25H         LINE#         266
  C:9B28H         LINE#         271
  C:9B28H         LINE#         275
  C:9B28H         LINE#         276
  C:9B2FH         LINE#         277
  C:9B35H         LINE#         278
  C:9B3AH         LINE#         279
  C:9B3CH         LINE#         281
  C:9B53H         LINE#         282
  C:9B59H         LINE#         284
  C:9B66H         LINE#         285
  C:9B6CH         LINE#         286
  C:9B71H         LINE#         287
  C:9B71H         LINE#         288
  C:9B73H         LINE#         289
  C:9B75H         LINE#         294
  C:9B75H         LINE#         298
  C:9B75H         LINE#         299
  C:9B77H         LINE#         300
  C:9B79H         LINE#         303
  C:9B79H         LINE#         304
  C:9B79H         LINE#         308
  C:9B79H         LINE#         311
  C:9B79H         LINE#         312
  C:9B8BH         LINE#         316
  C:9B8DH         LINE#         320
  C:9B8DH         LINE#         321
  C:9BA7H         LINE#         322
BL51 BANKED LINKER/LOCATER V6.22                                                      01/05/2016  18:47:25  PAGE 29


  C:9BA7H         LINE#         326
  C:9BA7H         LINE#         327
  C:9BA7H         LINE#         330
  C:9BA7H         LINE#         335
  C:9BAAH         LINE#         336
  C:9BADH         LINE#         337
  C:9BB0H         LINE#         338
  C:9BB2H         LINE#         339
  C:9BB4H         LINE#         340
  C:9BB6H         LINE#         342
  C:9BB8H         LINE#         343
  C:9BBAH         LINE#         344
  C:9BBAH         LINE#         346
  C:9BBCH         LINE#         347
  -------         ENDPROC       SMB_ISR
  -------         PROC          SMB_WRITE
  -------         DO            
  D:0007H         SYMBOL        SFRPAGE_SAVE
  -------         ENDDO         
  C:B142H         LINE#         363
  C:B142H         LINE#         364
  C:B144H         LINE#         366
  C:B147H         LINE#         368
  C:B149H         LINE#         369
  C:B14CH         LINE#         370
  C:B14EH         LINE#         371
  C:B150H         LINE#         372
  C:B156H         LINE#         373
  C:B158H         LINE#         375
  C:B15AH         LINE#         376
  -------         ENDPROC       SMB_WRITE
  -------         PROC          SMB_READ
  -------         DO            
  D:0007H         SYMBOL        SFRPAGE_SAVE
  -------         ENDDO         
  C:B126H         LINE#         392
  C:B126H         LINE#         393
  C:B128H         LINE#         395
  C:B12BH         LINE#         397
  C:B12DH         LINE#         398
  C:B130H         LINE#         399
  C:B132H         LINE#         400
  C:B134H         LINE#         401
  C:B13AH         LINE#         402
  C:B13CH         LINE#         404
  C:B13FH         LINE#         406
  C:B141H         LINE#         407
  -------         ENDPROC       SMB_READ
  -------         ENDMOD        SMBUS

  -------         MODULE        SUPORTS
  C:0000H         SYMBOL        _ICE_DUMMY_
  D:0080H         PUBLIC        P0
  D:0090H         PUBLIC        P1
  D:00A0H         PUBLIC        P2
  D:00B0H         PUBLIC        P3
  D:00C8H         PUBLIC        P4
BL51 BANKED LINKER/LOCATER V6.22                                                      01/05/2016  18:47:25  PAGE 30


  D:00E6H         PUBLIC        EIE1
  D:00D8H         PUBLIC        P5
  B:00A8H.7       PUBLIC        EA
  D:00E8H         PUBLIC        P6
  D:00E7H         PUBLIC        EIE2
  D:00F8H         PUBLIC        P7
  B:00F8H.4       PUBLIC        EN3VGPS
  D:0084H         PUBLIC        SFRPAGE
  D:00A4H         PUBLIC        P0MDOUT
  D:00A5H         PUBLIC        P1MDOUT
  D:00A6H         PUBLIC        P2MDOUT
  D:00A7H         PUBLIC        P3MDOUT
  D:009CH         PUBLIC        P4MDOUT
  D:009DH         PUBLIC        P5MDOUT
  D:009EH         PUBLIC        P6MDOUT
  D:009FH         PUBLIC        P7MDOUT
  D:00EAH         PUBLIC        PCA0CPH2
  D:00D9H         PUBLIC        PCA0MD
  D:00D8H         PUBLIC        PCA0CN
  D:00E9H         PUBLIC        PCA0CPL2
  D:00DCH         PUBLIC        PCA0CPM2
  B:00F8H.3       PUBLIC        ENSMBPU
  D:00E1H         PUBLIC        XBR0
  D:00E2H         PUBLIC        XBR1
  D:00E3H         PUBLIC        XBR2
  B:00E8H.5       PUBLIC        AD0INT
  D:00CCH         PUBLIC        TMR3
  D:0089H         PUBLIC        CPT0MD
  D:0088H         PUBLIC        CPT0CN
  D:00ADH         PUBLIC        P1MDIN
  C:A99FH         PUBLIC        GPSPPS_ISR
  C:AEFBH         PUBLIC        Freq0_Falling_ISR
  D:0089H         PUBLIC        TMOD
  C:AEB3H         PUBLIC        Freq0_Init
  D:00BBH         PUBLIC        AMX0SL
  D:00C8H         PUBLIC        TMR3CN
  B:0088H.1       PUBLIC        IE0
  C:AA1DH         PUBLIC        PORT_Init_SU
  B:00A8H.1       PUBLIC        ET0
  B:0088H.5       PUBLIC        TF0
  D:008CH         PUBLIC        TH0
  B:00A8H.0       PUBLIC        EX0
  B:0088H.0       PUBLIC        IT0
  D:00FAH         PUBLIC        PCA0H
  D:008AH         PUBLIC        TL0
  D:00F9H         PUBLIC        PCA0L
  C:AF86H         PUBLIC        T0_ISR
  B:0088H.4       PUBLIC        TR0
  C:9F5BH         PUBLIC        Freq0_Rising_ISR
  C:B171H         PUBLIC        PPS_Init
  D:008EH         PUBLIC        CKCON
  B:00E8H.4       PUBLIC        AD0BUSY
  -------         PROC          PORT_INIT_SU
  -------         DO            
  D:0007H         SYMBOL        SFRPAGE_SAVE
  -------         ENDDO         
  C:AA1DH         LINE#         34
BL51 BANKED LINKER/LOCATER V6.22                                                      01/05/2016  18:47:25  PAGE 31


  C:AA1DH         LINE#         37
  C:AA1FH         LINE#         39
  C:AA22H         LINE#         41
  C:AA25H         LINE#         42
  C:AA28H         LINE#         43
  C:AA2BH         LINE#         45
  C:AA2EH         LINE#         46
  C:AA31H         LINE#         48
  C:AA34H         LINE#         49
  C:AA37H         LINE#         50
  C:AA3AH         LINE#         52
  C:AA3DH         LINE#         53
  C:AA40H         LINE#         55
  C:AA42H         LINE#         56
  C:AA45H         LINE#         58
  C:AA58H         LINE#         60
  C:AA5AH         LINE#         61
  C:AA5DH         LINE#         62
  C:AA60H         LINE#         63
  C:AA62H         LINE#         64
  C:AA62H         LINE#         65
  C:AA65H         LINE#         66
  C:AA68H         LINE#         67
  C:AA68H         LINE#         70
  C:AA6BH         LINE#         71
  C:AA6EH         LINE#         74
  C:AA70H         LINE#         75
  C:AA73H         LINE#         77
  C:AA7AH         LINE#         78
  C:AA7DH         LINE#         79
  C:AA80H         LINE#         80
  C:AA82H         LINE#         81
  C:AA82H         LINE#         82
  C:AA85H         LINE#         83
  C:AA88H         LINE#         84
  C:AA88H         LINE#         87
  C:AA8BH         LINE#         88
  C:AA8DH         LINE#         89
  C:AA8FH         LINE#         90
  C:AA91H         LINE#         92
  C:AA93H         LINE#         94
  C:AA95H         LINE#         95
  -------         ENDPROC       PORT_INIT_SU
  -------         PROC          FREQ0_INIT
  -------         DO            
  D:0007H         SYMBOL        SFRPAGE_SAVE
  -------         ENDDO         
  C:AEB3H         LINE#         99
  C:AEB3H         LINE#         100
  C:AEB5H         LINE#         103
  C:AEB8H         LINE#         104
  C:AEBAH         LINE#         105
  C:AEBDH         LINE#         106
  C:AEBFH         LINE#         107
  C:AEC1H         LINE#         108
  C:AEC3H         LINE#         109
  C:AEC6H         LINE#         110
BL51 BANKED LINKER/LOCATER V6.22                                                      01/05/2016  18:47:25  PAGE 32


  C:AEC9H         LINE#         111
  C:AECCH         LINE#         114
  C:AED8H         LINE#         117
  C:AEDAH         LINE#         118
  C:AEDCH         LINE#         119
  C:AEDFH         LINE#         120
  C:AEE2H         LINE#         121
  C:AEE4H         LINE#         122
  C:AEE6H         LINE#         123
  C:AEE8H         LINE#         124
  C:AEEAH         LINE#         127
  C:AEEDH         LINE#         128
  C:AEF0H         LINE#         131
  C:AEF3H         LINE#         135
  C:AEF5H         LINE#         136
  C:AEF8H         LINE#         138
  C:AEFAH         LINE#         140
  -------         ENDPROC       FREQ0_INIT
  -------         PROC          PPS_INIT
  -------         DO            
  D:0007H         SYMBOL        SFRPAGE_SAVE
  -------         ENDDO         
  C:B171H         LINE#         147
  C:B171H         LINE#         148
  C:B173H         LINE#         150
  C:B176H         LINE#         152
  C:B178H         LINE#         153
  C:B17AH         LINE#         154
  C:B17CH         LINE#         156
  C:B17EH         LINE#         157
  -------         ENDPROC       PPS_INIT
  -------         PROC          FREQ0_RISING_ISR
  -------         DO            
  D:0024H         SYMBOL        temp
  D:0019H         SYMBOL        freqbufferindex
  D:001AH         SYMBOL        freqtotal
  -------         DO            
  D:0026H         SYMBOL        i
  -------         ENDDO         
  -------         ENDDO         
  C:9F5BH         LINE#         160
  C:9F78H         LINE#         165
  C:9F7BH         LINE#         167
  C:9F7EH         LINE#         168
  C:9F8EH         LINE#         171
  C:9FABH         LINE#         173
  C:9FADH         LINE#         174
  C:9FB0H         LINE#         175
  C:9FB3H         LINE#         176
  C:9FB5H         LINE#         177
  C:9FB7H         LINE#         178
  C:9FBCH         LINE#         180
  C:9FBEH         LINE#         181
  C:9FC0H         LINE#         182
  C:9FF7H         LINE#         183
  C:9FFAH         LINE#         184
  C:9FFDH         LINE#         185
BL51 BANKED LINKER/LOCATER V6.22                                                      01/05/2016  18:47:25  PAGE 33


  C:9FFDH         LINE#         186
  C:A009H         LINE#         187
  C:A035H         LINE#         188
  C:A065H         LINE#         189
  C:A074H         LINE#         190
  C:A0A6H         LINE#         191
  C:A0ADH         LINE#         192
  C:A0ADH         LINE#         194
  C:A0B4H         LINE#         195
  C:A0B4H         LINE#         197
  C:A0B7H         LINE#         198
  C:A0BAH         LINE#         200
  C:A0BDH         LINE#         201
  -------         ENDPROC       FREQ0_RISING_ISR
  -------         PROC          FREQ0_FALLING_ISR
  C:AEFBH         LINE#         204
  C:AF0EH         LINE#         206
  C:AF11H         LINE#         208
  C:AF14H         LINE#         209
  C:AF28H         LINE#         211
  C:AF2BH         LINE#         212
  C:AF2EH         LINE#         214
  C:AF31H         LINE#         215
  -------         ENDPROC       FREQ0_FALLING_ISR
  -------         PROC          T0_ISR
  C:AF86H         LINE#         218
  C:AF8CH         LINE#         220
  C:AF8FH         LINE#         222
  C:AF92H         LINE#         223
  C:AF94H         LINE#         224
  C:AF97H         LINE#         225
  C:AF9AH         LINE#         226
  C:AF9CH         LINE#         229
  C:AFA9H         LINE#         231
  C:AFACH         LINE#         232
  C:AFAFH         LINE#         235
  C:AFB2H         LINE#         236
  -------         ENDPROC       T0_ISR
  -------         PROC          GPSPPS_ISR
  -------         DO            
  D:0007H         SYMBOL        i
  D:0003H         SYMBOL        EASAVE
  -------         ENDDO         
  C:A99FH         LINE#         239
  C:A9B8H         LINE#         244
  C:A9BDH         LINE#         246
  C:A9C3H         LINE#         247
  C:A9D5H         LINE#         249
  C:A9D8H         LINE#         250
  C:A9D8H         LINE#         251
  C:A9E2H         LINE#         253
  C:A9E4H         LINE#         254
  C:A9E7H         LINE#         256
  C:A9EAH         LINE#         257
  C:A9ECH         LINE#         258
  C:A9EEH         LINE#         259
  C:A9F1H         LINE#         261
BL51 BANKED LINKER/LOCATER V6.22                                                      01/05/2016  18:47:25  PAGE 34


  C:A9F4H         LINE#         262
  C:A9F7H         LINE#         263
  C:A9FDH         LINE#         264
  C:AA00H         LINE#         265
  C:AA03H         LINE#         267
  C:AA06H         LINE#         268
  -------         ENDPROC       GPSPPS_ISR
  -------         ENDMOD        SUPORTS

  -------         MODULE        UBX
  C:0000H         SYMBOL        _ICE_DUMMY_
  D:0080H         PUBLIC        P0
  D:00B0H         PUBLIC        P3
  D:00C8H         PUBLIC        P4
  D:00D8H         PUBLIC        P5
  D:00E8H         PUBLIC        P6
  C:00A6H         PUBLIC        UBXInit
  D:00F8H         PUBLIC        P7
  C:8557H         PUBLIC        UBXBaudChange
  C:AFECH         SYMBOL        _?ix1000
  C:3ED9H         PUBLIC        _Parse_UBX
  C:A539H         PUBLIC        _UBXSendPacket
  -------         PROC          UBXBAUDCHANGE
  -------         DO            
  D:0031H         SYMBOL        i
  D:0033H         SYMBOL        timeoutctr
  D:0037H         SYMBOL        packet
  -------         DO            
  X:0F1CH         SYMBOL        zzz
  X:0F20H         SYMBOL        zzz
  -------         ENDDO         
  -------         DO            
  X:0F20H         SYMBOL        zzz
  -------         ENDDO         
  -------         ENDDO         
  C:8557H         LINE#         19
  C:8557H         LINE#         24
  C:8563H         LINE#         27
  C:856BH         LINE#         34
  C:856BH         LINE#         35
  C:8570H         LINE#         36
  C:8578H         LINE#         38
  C:8596H         LINE#         39
  C:85ADH         LINE#         40
  C:85C5H         LINE#         41
  C:85DCH         LINE#         43
  C:85F4H         LINE#         44
  C:860BH         LINE#         47
  C:8616H         LINE#         50
  C:8620H         LINE#         52
  C:862AH         LINE#         55
  C:8649H         LINE#         57
  C:8658H         LINE#         58
  C:8658H         LINE#         66
  C:865DH         LINE#         68
  C:867BH         LINE#         69
  C:8692H         LINE#         70
BL51 BANKED LINKER/LOCATER V6.22                                                      01/05/2016  18:47:25  PAGE 35


  C:86A9H         LINE#         71
  C:86C0H         LINE#         72
  C:86D8H         LINE#         73
  C:86F0H         LINE#         74
  C:8707H         LINE#         75
  C:871EH         LINE#         76
  C:8734H         LINE#         77
  C:873FH         LINE#         78
  C:875DH         LINE#         79
  C:8774H         LINE#         80
  C:878CH         LINE#         81
  C:87A3H         LINE#         82
  C:87BAH         LINE#         83
  C:87D1H         LINE#         84
  C:87E8H         LINE#         85
  C:87FFH         LINE#         88
  C:880AH         LINE#         91
  C:8814H         LINE#         94
  C:8846H         LINE#         102
  C:8857H         LINE#         105
  C:8889H         LINE#         107
  -------         ENDPROC       UBXBAUDCHANGE
  -------         PROC          UBXINIT
  -------         DO            
  D:0046H         SYMBOL        i
[...]
  C:FE0EH         LINE#         399
  C:FE10H         LINE#         402
  C:FE12H         LINE#         406
  C:FE13H         LINE#         407
  C:FE15H         LINE#         410
  C:FE18H         LINE#         414
  C:FE1BH         LINE#         418
  C:FE1CH         LINE#         419
  C:FE1EH         LINE#         420
  C:FE20H         LINE#         421
  C:FE22H         LINE#         424
BL51 BANKED LINKER/LOCATER V6.22                                                      01/05/2016  18:47:25  PAGE 92


  C:FE25H         LINE#         425
  C:FE28H         LINE#         426
  C:FE2AH         LINE#         427
  C:FE2BH         LINE#         430
  C:FE2CH         LINE#         431
  C:FE2EH         LINE#         432
  C:FE30H         LINE#         433
  C:FE32H         LINE#         434
  C:FE34H         LINE#         435
  C:FE36H         LINE#         438
  C:FE38H         LINE#         443
  C:FE39H         LINE#         444
  C:FE3BH         LINE#         447
  C:FE3DH         LINE#         448
  C:FE3FH         LINE#         452
  C:FE41H         LINE#         453
  C:FE43H         LINE#         455
  C:FE44H         LINE#         456
  C:FE46H         LINE#         457
  C:FE48H         LINE#         458
  C:FE4AH         LINE#         459
  C:FE4CH         LINE#         460
  C:FE4EH         LINE#         461
  C:FE50H         LINE#         462
  C:FE52H         LINE#         463
  C:FE54H         LINE#         465
  C:FE56H         LINE#         466
  C:FE58H         LINE#         468
  C:FE59H         LINE#         469
  C:FE5BH         LINE#         470
  C:FE5CH         LINE#         471
  C:FE5EH         LINE#         472
  C:FE5FH         LINE#         473
  C:FE61H         LINE#         474
  C:FE64H         LINE#         478
  C:FE67H         LINE#         487
  C:FE69H         LINE#         488
  C:FE6BH         LINE#         489
  C:FE6DH         LINE#         490
  C:FE70H         LINE#         499
  C:FE73H         LINE#         500
  C:FE75H         LINE#         503
  C:FE77H         LINE#         504
  C:FE7AH         LINE#         509
  C:FE7DH         LINE#         512
  C:FE7EH         LINE#         513
  C:FE80H         LINE#         514
  C:FE82H         LINE#         516
  C:FE84H         LINE#         517
  C:FE86H         LINE#         518
  C:FE88H         LINE#         519
  C:FE8AH         LINE#         521
  C:FE8CH         LINE#         522
  C:FE8EH         LINE#         523
  C:FE90H         LINE#         529
  C:FE92H         LINE#         530
  C:FE95H         LINE#         535
BL51 BANKED LINKER/LOCATER V6.22                                                      01/05/2016  18:47:25  PAGE 93


  C:FE97H         LINE#         536
  C:FE99H         LINE#         537
  C:FE9BH         LINE#         539
  C:FE9CH         LINE#         540
  C:FE9DH         LINE#         541
  C:FE9EH         LINE#         542
  C:FE9FH         LINE#         543
  C:FEA0H         LINE#         544
  C:FEA2H         LINE#         545
  C:FEA3H         LINE#         546
  C:FEA6H         LINE#         551
  C:FEA9H         LINE#         556
  C:FEAAH         LINE#         557
  C:FEABH         LINE#         558
  C:FEAEH         LINE#         563
  C:FEAFH         LINE#         564
  C:FEB0H         LINE#         565
  C:FEB3H         LINE#         566
  C:FEB4H         LINE#         567
  C:FEB5H         LINE#         568
  C:FEB8H         LINE#         569
  C:FEB9H         LINE#         570
  C:FEBAH         LINE#         571
  C:FEBDH         LINE#         572
  C:FEBEH         LINE#         573
  C:FEBFH         LINE#         574
  C:FEC2H         LINE#         579
  C:FEC3H         LINE#         580
  C:FEC5H         LINE#         581
  C:FEC7H         LINE#         585
  C:FEC8H         LINE#         586
  C:FEC9H         LINE#         587
  C:FECCH         LINE#         588
  C:FECEH         LINE#         589
  C:FED0H         LINE#         590
  C:FED2H         LINE#         591
  C:FED4H         LINE#         592
  C:FED6H         LINE#         593
  C:FED8H         LINE#         594
  C:FED9H         LINE#         595
  C:FEDAH         LINE#         596
  C:FEDCH         LINE#         597
  C:FEDEH         LINE#         598
  C:FEE0H         LINE#         599
  C:FEE2H         LINE#         601
  C:FEE3H         LINE#         602
  C:FEE5H         LINE#         603
  C:FEE7H         LINE#         604
  C:FEE9H         LINE#         610
  C:FEECH         LINE#         616
  C:FEEDH         LINE#         617
  C:FEEFH         LINE#         620
  C:FEF2H         LINE#         625
  C:FEF4H         LINE#         626
  C:FEF6H         LINE#         630
  C:FEF8H         LINE#         631
  C:FEFAH         LINE#         632
BL51 BANKED LINKER/LOCATER V6.22                                                      01/05/2016  18:47:25  PAGE 94


  C:FEFCH         LINE#         633
  C:FEFEH         LINE#         634
  C:FF00H         LINE#         635
  C:FF02H         LINE#         636
  C:FF03H         LINE#         637
  C:FF04H         LINE#         638
  C:FF06H         LINE#         639
  C:FF08H         LINE#         640
  C:FF0AH         LINE#         641
  C:FF0CH         LINE#         642
  C:FF0EH         LINE#         644
  C:FF0FH         LINE#         645
  C:FF11H         LINE#         646
  C:FF13H         LINE#         647
  C:FF14H         LINE#         648
  C:FF15H         LINE#         649
  C:FF17H         LINE#         650
  C:FF19H         LINE#         651
  C:FF1BH         LINE#         652
  C:FF1DH         LINE#         654
  C:FF20H         LINE#         655
  C:FF22H         LINE#         656
  C:FF25H         LINE#         661
  C:FF26H         LINE#         662
  C:FF28H         LINE#         665
  C:FF2AH         LINE#         666
  C:FF2CH         LINE#         667
  C:FF2EH         LINE#         668
  C:FF30H         LINE#         670
  C:FF33H         LINE#         675
  C:FF34H         LINE#         676
  C:FF36H         LINE#         680
  C:FF39H         LINE#         683
  C:FF3BH         LINE#         684
  C:FF3DH         LINE#         685
  C:FF3FH         LINE#         688
  C:FF40H         LINE#         689
  C:FF42H         LINE#         693
  C:FF45H         LINE#         698
  C:FF47H         LINE#         699
  C:FF49H         LINE#         701
  C:FF4AH         LINE#         702
  C:FF4DH         LINE#         703
  C:FF4EH         LINE#         704
  C:FF50H         LINE#         705
  C:FF53H         LINE#         706
  C:FF54H         LINE#         707
  C:FF56H         LINE#         708
  C:FF58H         LINE#         714
  C:FF5AH         LINE#         715
  C:FF5CH         LINE#         716
  C:FF5EH         LINE#         717
  C:FF61H         LINE#         728
  C:FF64H         LINE#         729
  C:FF66H         LINE#         732
  C:FF68H         LINE#         733
  C:FF6BH         LINE#         737
BL51 BANKED LINKER/LOCATER V6.22                                                      01/05/2016  18:47:25  PAGE 95


  C:FF6EH         LINE#         740
  C:FF6FH         LINE#         741
  C:FF71H         LINE#         742
  C:FF73H         LINE#         744
  C:FF75H         LINE#         745
  C:FF77H         LINE#         746
  C:FF79H         LINE#         747
  C:FF7BH         LINE#         749
  C:FF7DH         LINE#         750
  C:FF7FH         LINE#         751
  C:FF81H         LINE#         757
  C:FF83H         LINE#         758
  C:FF86H         LINE#         763
  C:FF88H         LINE#         764
  C:FF8AH         LINE#         765
  C:FF8CH         LINE#         767
  C:FF8DH         LINE#         768
  C:FF8EH         LINE#         769
  C:FF8FH         LINE#         770
  C:FF90H         LINE#         771
  C:FF91H         LINE#         772
  C:FF93H         LINE#         773
  C:FF94H         LINE#         774
  C:FF97H         LINE#         779
  C:FF9AH         LINE#         784
  C:FF9BH         LINE#         785
  C:FF9CH         LINE#         786
  C:FF9FH         LINE#         790
  C:FFA2H         LINE#         795
  C:FFA4H         LINE#         796
  C:FFA6H         LINE#         797
  C:FFA8H         LINE#         798
  C:FFA9H         LINE#         799
  C:FFABH         LINE#         800
  C:FFADH         LINE#         801
  C:FFAFH         LINE#         809
  C:FFB2H         LINE#         810
  C:FFB4H         LINE#         813
  C:FFB6H         LINE#         814
  C:FFB9H         LINE#         818
  C:FFBAH         LINE#         819
  C:FFBCH         LINE#         824
  C:FFBFH         LINE#         827
  C:FFC0H         LINE#         837
  C:FFC2H         LINE#         838
  C:FFC3H         LINE#         839
  C:FFC5H         LINE#         840
  C:FFC7H         LINE#         841
  C:FFC8H         LINE#         850
  C:FFCAH         LINE#         853
  C:FFCBH         LINE#         854
  C:FFCDH         LINE#         858
  C:FFCFH         LINE#         864
  C:FFD2H         LINE#         869
  C:FFD4H         LINE#         873
  C:FFD6H         LINE#         877
  C:FFD8H         LINE#         884
BL51 BANKED LINKER/LOCATER V6.22                                                      01/05/2016  18:47:25  PAGE 96


  C:FFD9H         LINE#         899
  C:FFDCH         LINE#         902
  C:FFDDH         LINE#         903
  C:FFDFH         LINE#         904
  C:FFE1H         LINE#         906
  C:FFE3H         LINE#         907
  C:FFE5H         LINE#         908
  C:FFE7H         LINE#         909
  C:FFE9H         LINE#         911
  C:FFEBH         LINE#         912
  C:FFEDH         LINE#         913
  C:FFEFH         LINE#         919
  C:FFF1H         LINE#         920
  C:FFF4H         LINE#         924
  C:FFF5H         LINE#         925
  C:FFF6H         LINE#         926
  C:FFF9H         LINE#         931
  C:FFFCH         LINE#         938
  -------         ENDMOD        FDL

  -------         MODULE        ?C?FPADD
  C:31FEH         PUBLIC        ?C?FPADD
  C:31FAH         PUBLIC        ?C?FPSUB
  -------         ENDMOD        ?C?FPADD

  -------         MODULE        ?C?FPMUL
  C:32EFH         PUBLIC        ?C?FPMUL
  -------         ENDMOD        ?C?FPMUL

  -------         MODULE        ?C?FPDIV
  C:33F8H         PUBLIC        ?C?FPDIV
  -------         ENDMOD        ?C?FPDIV

  -------         MODULE        ?C?FPCMP
  C:3497H         PUBLIC        ?C?FPCMP
  C:3495H         PUBLIC        ?C?FPCMP3
  -------         ENDMOD        ?C?FPCMP

  -------         MODULE        ?C?FPNEG
  C:350EH         PUBLIC        ?C?FPNEG
  -------         ENDMOD        ?C?FPNEG

  -------         MODULE        ?C?FCAST
  C:3529H         PUBLIC        ?C?FCASTC
  C:3524H         PUBLIC        ?C?FCASTI
  C:351FH         PUBLIC        ?C?FCASTL
  -------         ENDMOD        ?C?FCAST

  -------         MODULE        ?C?CASTF
  C:355DH         PUBLIC        ?C?CASTF
  -------         ENDMOD        ?C?CASTF

  -------         MODULE        PRINTF
  D:0049H         PUBLIC        ?_PRINTF?BYTE
  D:0049H         PUBLIC        ?_SPRINTF?BYTE
  C:69B7H         PUBLIC        _PRINTF
  C:69B1H         PUBLIC        _SPRINTF
BL51 BANKED LINKER/LOCATER V6.22                                                      01/05/2016  18:47:25  PAGE 97


  -------         ENDMOD        PRINTF

  -------         MODULE        ?C?FPROUND
  C:35DEH         PUBLIC        ?C?FPROUND
  -------         ENDMOD        ?C?FPROUND

  -------         MODULE        ?C?FPCONVERT
  C:360DH         PUBLIC        ?C?FPCONVERT
  -------         ENDMOD        ?C?FPCONVERT

  -------         MODULE        ?C?FTNPWR
  C:3740H         PUBLIC        ?C?FTNPWR
  -------         ENDMOD        ?C?FTNPWR

  -------         MODULE        ?C?COPY
  C:3850H         PUBLIC        ?C?COPY
  -------         ENDMOD        ?C?COPY

  -------         MODULE        ?C?SCDIV
  C:3876H         PUBLIC        ?C?SCDIV
  -------         ENDMOD        ?C?SCDIV

  -------         MODULE        ?C?CLDPTR
  C:3898H         PUBLIC        ?C?CLDPTR
  -------         ENDMOD        ?C?CLDPTR

  -------         MODULE        ?C?CLDOPTR
  C:38B1H         PUBLIC        ?C?CLDOPTR
  -------         ENDMOD        ?C?CLDOPTR

  -------         MODULE        ?C?CILDOPTR
  C:38DEH         PUBLIC        ?C?CILDOPTR
  -------         ENDMOD        ?C?CILDOPTR

  -------         MODULE        ?C?CSTPTR
  C:3911H         PUBLIC        ?C?CSTPTR
  -------         ENDMOD        ?C?CSTPTR

  -------         MODULE        ?C?CSTOPTR
  C:3923H         PUBLIC        ?C?CSTOPTR
  -------         ENDMOD        ?C?CSTOPTR

  -------         MODULE        ?C?UIDIV
  C:3945H         PUBLIC        ?C?UIDIV
  -------         ENDMOD        ?C?UIDIV

  -------         MODULE        ?C?SIDIV
  C:399AH         PUBLIC        ?C?SIDIV
  -------         ENDMOD        ?C?SIDIV

  -------         MODULE        ?C?IILDX
  C:39D0H         PUBLIC        ?C?IILDX
  -------         ENDMOD        ?C?IILDX

  -------         MODULE        ?C?ILDIX
  C:39E6H         PUBLIC        ?C?ILDIX
  -------         ENDMOD        ?C?ILDIX
BL51 BANKED LINKER/LOCATER V6.22                                                      01/05/2016  18:47:25  PAGE 98



  -------         MODULE        ?C?ILDPTR
  C:39FCH         PUBLIC        ?C?ILDPTR
  -------         ENDMOD        ?C?ILDPTR

  -------         MODULE        ?C?ILDOPTR
  C:3A27H         PUBLIC        ?C?ILDOPTR
  -------         ENDMOD        ?C?ILDOPTR

  -------         MODULE        ?C?ISTPTR
  C:3A5FH         PUBLIC        ?C?ISTPTR
  -------         ENDMOD        ?C?ISTPTR

  -------         MODULE        ?C?ISTOPTR
  C:3A7EH         PUBLIC        ?C?ISTOPTR
  -------         ENDMOD        ?C?ISTOPTR

  -------         MODULE        ?C?LADD
  C:3AABH         PUBLIC        ?C?LADD
  -------         ENDMOD        ?C?LADD

  -------         MODULE        ?C?LSUB
  C:3AB8H         PUBLIC        ?C?LSUB
  -------         ENDMOD        ?C?LSUB

  -------         MODULE        ?C?ULDIV
  C:3B02H         PUBLIC        ?C?ULDIV
  -------         ENDMOD        ?C?ULDIV

  -------         MODULE        ?C?SLDIV
  C:AF42H         PUBLIC        ?C?SLDIV
  -------         ENDMOD        ?C?SLDIV

  -------         MODULE        ?C?LOR
  C:3B94H         PUBLIC        ?C?LOR
  -------         ENDMOD        ?C?LOR

  -------         MODULE        ?C?LNEG
  C:3BA1H         PUBLIC        ?C?LNEG
  -------         ENDMOD        ?C?LNEG

  -------         MODULE        ?C?SLCMP
  C:3BAFH         PUBLIC        ?C?SLCMP
  -------         ENDMOD        ?C?SLCMP

  -------         MODULE        ?C?ULCMP
  C:3BC5H         PUBLIC        ?C?ULCMP
  -------         ENDMOD        ?C?ULCMP

  -------         MODULE        ?C?LLDPTR
  C:3BD6H         PUBLIC        ?C?LLDPTR
  -------         ENDMOD        ?C?LLDPTR

  -------         MODULE        ?C?LLDOPTR
  C:3BF6H         PUBLIC        ?C?LLDOPTR
  -------         ENDMOD        ?C?LLDOPTR

BL51 BANKED LINKER/LOCATER V6.22                                                      01/05/2016  18:47:25  PAGE 99


  -------         MODULE        ?C?LSTPTR
  C:3C26H         PUBLIC        ?C?LSTPTR
  -------         ENDMOD        ?C?LSTPTR

  -------         MODULE        ?C?LSTOPTR
  C:3C40H         PUBLIC        ?C?LSTOPTR
  -------         ENDMOD        ?C?LSTOPTR

  -------         MODULE        ?C?LLDXDATA
  C:3C64H         PUBLIC        ?C?LLDXDATA
  -------         ENDMOD        ?C?LLDXDATA

  -------         MODULE        ?C?LLDXDATA0
  C:3C70H         PUBLIC        ?C?LLDXDATA0
  -------         ENDMOD        ?C?LLDXDATA0

  -------         MODULE        ?C?LLDCODE0
  C:3C7CH         PUBLIC        ?C?LLDCODE0
  -------         ENDMOD        ?C?LLDCODE0

  -------         MODULE        ?C?LILDIDATA
  C:3C95H         PUBLIC        ?C?LILDIDATA
  C:3C8CH         PUBLIC        ?C?LILDIDATA1
  C:3C8EH         PUBLIC        ?C?LILDIDATA8
  -------         ENDMOD        ?C?LILDIDATA

  -------         MODULE        ?C?LSTXDATA
  C:3CACH         PUBLIC        ?C?LSTXDATA
  -------         ENDMOD        ?C?LSTXDATA

  -------         MODULE        ?C?LSTKXDATA
  C:3CB8H         PUBLIC        ?C?LSTKXDATA
  -------         ENDMOD        ?C?LSTKXDATA

  -------         MODULE        ?C?LSTKPTR
  C:3CE9H         PUBLIC        ?C?LSTKPTR
  -------         ENDMOD        ?C?LSTKPTR

  -------         MODULE        ?C?LSTKOPTR
  C:3D03H         PUBLIC        ?C?LSTKOPTR
  -------         ENDMOD        ?C?LSTKOPTR

  -------         MODULE        ?C?OFFXADD
  C:3D27H         PUBLIC        ?C?OFFXADD
  -------         ENDMOD        ?C?OFFXADD

  -------         MODULE        ?C?PLDIIDATA
  C:3D33H         PUBLIC        ?C?PLDIIDATA
  -------         ENDMOD        ?C?PLDIIDATA

  -------         MODULE        ?C?PLDXDATA
  C:3D43H         PUBLIC        ?C?PLDXDATA
  -------         ENDMOD        ?C?PLDXDATA

  -------         MODULE        ?C?PSTXDATA
  C:3D4CH         PUBLIC        ?C?PSTXDATA
  -------         ENDMOD        ?C?PSTXDATA
BL51 BANKED LINKER/LOCATER V6.22                                                      01/05/2016  18:47:25  PAGE 100



  -------         MODULE        ?C?PLDOPTR
  C:3D55H         PUBLIC        ?C?PLDOPTR
  -------         ENDMOD        ?C?PLDOPTR

  -------         MODULE        ?C?PSTOPTR
  C:3D85H         PUBLIC        ?C?PSTOPTR
  -------         ENDMOD        ?C?PSTOPTR

  -------         MODULE        ?C?CCASE
  C:3DDEH         PUBLIC        ?C?CCASE
  -------         ENDMOD        ?C?CCASE

  -------         MODULE        ?C?ICASE
  C:3E04H         PUBLIC        ?C?ICASE
  -------         ENDMOD        ?C?ICASE

  -------         MODULE        ?C?ICALL
  C:3E31H         PUBLIC        ?C?ICALL
  C:3E35H         PUBLIC        ?C?ICALL2
  -------         ENDMOD        ?C?ICALL

  -------         MODULE        PUTCHAR
  C:B09DH         PUBLIC        _PUTCHAR
  -------         ENDMOD        PUTCHAR

  -------         MODULE        ISPRINT
  C:005EH         PUBLIC        _isprint
  -------         ENDMOD        ISPRINT

  -------         MODULE        STRLEN
  C:000EH         PUBLIC        _STRLEN
  -------         ENDMOD        STRLEN

  -------         MODULE        ?C?LLDIDATA
  C:3E37H         PUBLIC        ?C?LLDIDATA
  -------         ENDMOD        ?C?LLDIDATA

  -------         MODULE        ?C?LLDPDATA
  C:3E43H         PUBLIC        ?C?LLDPDATA
  -------         ENDMOD        ?C?LLDPDATA

  -------         MODULE        ?C?LLDCODE
  C:3E4FH         PUBLIC        ?C?LLDCODE
  -------         ENDMOD        ?C?LLDCODE

  -------         MODULE        ?C?LSTIDATA
  C:3E5FH         PUBLIC        ?C?LSTIDATA
  -------         ENDMOD        ?C?LSTIDATA

  -------         MODULE        ?C?LSTPDATA
  C:3E6BH         PUBLIC        ?C?LSTPDATA
  -------         ENDMOD        ?C?LSTPDATA

  -------         MODULE        ?C?LSTKIDATA
  C:3E77H         PUBLIC        ?C?LSTKIDATA
  -------         ENDMOD        ?C?LSTKIDATA
BL51 BANKED LINKER/LOCATER V6.22                                                      01/05/2016  18:47:25  PAGE 101



  -------         MODULE        ?C?LSTKPDATA
  C:3E90H         PUBLIC        ?C?LSTKPDATA
  -------         ENDMOD        ?C?LSTKPDATA

  -------         MODULE        ?C?PLDIDATA
  C:3EA9H         PUBLIC        ?C?PLDIDATA
  -------         ENDMOD        ?C?PLDIDATA

  -------         MODULE        ?C?PSTIDATA
  C:3EB2H         PUBLIC        ?C?PSTIDATA
  -------         ENDMOD        ?C?PSTIDATA

  -------         MODULE        ?C?PLDPDATA
  C:3EBBH         PUBLIC        ?C?PLDPDATA
  -------         ENDMOD        ?C?PLDPDATA

  -------         MODULE        ?C?PSTPDATA
  C:3EC4H         PUBLIC        ?C?PSTPDATA
  -------         ENDMOD        ?C?PSTPDATA

  -------         MODULE        ?C?PLDCODE
  C:3ECDH         PUBLIC        ?C?PLDCODE
  -------         ENDMOD        ?C?PLDCODE

Program Size: data=112.5 xdata=4147 code=45920
LINK/LOCATE RUN COMPLETE.  0 WARNING(S),  0 ERROR(S)
