###############################################################################
#                                                                             #
# IAR ANSI C/C++ Compiler V6.10.2.52244/W32 for ARM     19/Nov/2015  13:15:56 #
# Copyright 1999-2010 IAR Systems AB.                                         #
#                                                                             #
#    Cpu mode     =  arm                                                      #
#    Endian       =  little                                                   #
#    Source file  =  C:\DUII\TargetHW\GUI\HEADER_BMP.c                        #
#    Command line =  C:\DUII\TargetHW\GUI\HEADER_BMP.c -D DEBUG=1 -D          #
#                    SDRAM_TARGET=1 -D USB_IS_HIGH_SPEED -D NOPROFILER -D     #
#                    OS_TRACE=0 -D OS_VIEW_ENABLE=0 -lCN                      #
#                    C:\DUII\TargetHW\Release\List\ -o                        #
#                    C:\DUII\TargetHW\Release\Obj\ --endian=little            #
#                    --cpu=ARM926EJ-S -e --fpu=None --dlib_config             #
#                    "C:\Program Files (x86)\IAR Systems\Embedded Workbench   #
#                    6.0\arm\INC\c\DLib_Config_Normal.h" -I                   #
#                    C:\DUII\TargetHW\Application\SEGGERDEMO\ -I              #
#                    C:\DUII\TargetHW\Application\SEGGERDEMO\Src\ -I          #
#                    C:\DUII\TargetHW\Config\ -I C:\DUII\TargetHW\FS\ -I      #
#                    C:\DUII\TargetHW\GUI\ -I C:\DUII\TargetHW\Inc\ -I        #
#                    C:\DUII\TargetHW\OS\ -I C:\DUII\TargetHW\Setup\ -I       #
#                    \DUII\DUII\ -I \DUII\DUII\Graphics\ --cpu_mode arm -Ohs  #
#                    --use_c++_inline --require_prototypes                    #
#    List file    =  C:\DUII\TargetHW\Release\List\HEADER_BMP.lst             #
#    Object file  =  C:\DUII\TargetHW\Release\Obj\HEADER_BMP.o                #
#                                                                             #
#                                                                             #
###############################################################################

C:\DUII\TargetHW\GUI\HEADER_BMP.c
      1          /*********************************************************************
      2          *                SEGGER Microcontroller GmbH & Co. KG                *
      3          *        Solutions for real time microcontroller applications        *
      4          **********************************************************************
      5          *                                                                    *
      6          *        (c) 1996 - 2010  SEGGER Microcontroller GmbH & Co. KG       *
      7          *                                                                    *
      8          *        Internet: www.segger.com    Support:  support@segger.com    *
      9          *                                                                    *
     10          **********************************************************************
     11          
     12          ** emWin V5.06 - Graphical user interface for embedded applications **
     13          emWin is protected by international copyright laws.   Knowledge of the
     14          source code may not be used to write a similar product.  This file may
     15          only be used in accordance with a license and should not be re-
     16          distributed in any way. We appreciate your understanding and fairness.
     17          ----------------------------------------------------------------------
     18          File        : HEADER_StreamedBitmap.c
     19          Purpose     : HEADER streamed bitmap support
     20          ---------------------------END-OF-HEADER------------------------------
     21          */
     22          
     23          #include "HEADER_Private.h"
     24          #include "GUI_Private.h"
     25          
     26          #if GUI_WINSUPPORT
     27          
     28          /*********************************************************************
     29          *
     30          *       Exported functions
     31          *
     32          **********************************************************************
     33          */
     34          /*********************************************************************
     35          *
     36          *       HEADER_SetBMPEx
     37          */

   \                                 In section .text, align 4, keep-with-next
     38          void HEADER_SetBMPEx(HEADER_Handle hObj, unsigned int Index, const void * pBitmap, int x, int y) {
   \                     HEADER_SetBMPEx:
   \   00000000   30402DE9           PUSH     {R4,R5,LR}
   \   00000004   0040A0E1           MOV      R4,R0
   \   00000008   04D04DE2           SUB      SP,SP,#+4
   \   0000000C   0150A0E1           MOV      R5,R1
   \   00000010   0200A0E1           MOV      R0,R2
   \   00000014   0310A0E1           MOV      R1,R3
   \   00000018   10209DE5           LDR      R2,[SP, #+16]
     39            HEADER__SetDrawObj(hObj, Index, GUI_DRAW_BMP_Create(pBitmap, x, y));
   \   0000001C   ........           BL       GUI_DRAW_BMP_Create
   \   00000020   0020A0E1           MOV      R2,R0
   \   00000024   0510A0E1           MOV      R1,R5
   \   00000028   0400A0E1           MOV      R0,R4
   \   0000002C   ........           BL       HEADER__SetDrawObj
     40            WM_InvalidateWindow(hObj);
   \   00000030   0400A0E1           MOV      R0,R4
   \   00000034   04D08DE2           ADD      SP,SP,#+4
   \   00000038   3040BDE8           POP      {R4,R5,LR}
   \   0000003C   ........           B        WM_InvalidateWindow  ;; tailcall
     41          }
     42          
     43          /*********************************************************************
     44          *
     45          *       HEADER_SetBMP
     46          */

   \                                 In section .text, align 4, keep-with-next
     47          void HEADER_SetBMP(HEADER_Handle hObj, unsigned int Index, const void * pBitmap) {
   \                     HEADER_SetBMP:
   \   00000000   30402DE9           PUSH     {R4,R5,LR}
   \   00000004   0040A0E1           MOV      R4,R0
   \   00000008   0150A0E1           MOV      R5,R1
   \   0000000C   0200A0E1           MOV      R0,R2
   \   00000010   04D04DE2           SUB      SP,SP,#+4
     48            HEADER_SetBMPEx(hObj, Index, pBitmap, 0, 0);
   \   00000014   0020A0E3           MOV      R2,#+0
   \   00000018   0010A0E3           MOV      R1,#+0
   \   0000001C   ........           BL       GUI_DRAW_BMP_Create
   \   00000020   0020A0E1           MOV      R2,R0
   \   00000024   0510A0E1           MOV      R1,R5
   \   00000028   0400A0E1           MOV      R0,R4
   \   0000002C   ........           BL       HEADER__SetDrawObj
   \   00000030   0400A0E1           MOV      R0,R4
   \   00000034   04D08DE2           ADD      SP,SP,#+4
   \   00000038   3040BDE8           POP      {R4,R5,LR}
   \   0000003C   ........           B        WM_InvalidateWindow  ;; tailcall
     49          }
     50          
     51          #else                            /* Avoid problems with empty object modules */
     52            void HEADER_BMP_C(void) {}
     53          #endif

   Maximum stack usage in bytes:

     Function        .cstack
     --------        -------
     HEADER_SetBMP       16
     HEADER_SetBMPEx     16


   Section sizes:

     Function/Label  Bytes
     --------------  -----
     HEADER_SetBMPEx   64
     HEADER_SetBMP     64

 
 128 bytes in section .text
 
 128 bytes of CODE memory

Errors: none
Warnings: none
