###############################################################################
#                                                                             #
# IAR ANSI C/C++ Compiler V6.10.2.52244/W32 for ARM     19/Nov/2015  13:09:04 #
# Copyright 1999-2010 IAR Systems AB.                                         #
#                                                                             #
#    Cpu mode     =  arm                                                      #
#    Endian       =  little                                                   #
#    Source file  =  C:\DUII\TargetHW\GUI\LISTVIEW_GetFont.c                  #
#    Command line =  C:\DUII\TargetHW\GUI\LISTVIEW_GetFont.c -D DEBUG=1 -D    #
#                    SDRAM_TARGET=1 -D USB_IS_HIGH_SPEED -D NOPROFILER -D     #
#                    OS_TRACE=0 -D OS_VIEW_ENABLE=0 -lCN                      #
#                    C:\DUII\TargetHW\Release\List\ -o                        #
#                    C:\DUII\TargetHW\Release\Obj\ --endian=little            #
#                    --cpu=ARM926EJ-S -e --fpu=None --dlib_config             #
#                    "C:\Program Files (x86)\IAR Systems\Embedded Workbench   #
#                    6.0\arm\INC\c\DLib_Config_Normal.h" -I                   #
#                    C:\DUII\TargetHW\Application\SEGGERDEMO\ -I              #
#                    C:\DUII\TargetHW\Application\SEGGERDEMO\Src\ -I          #
#                    C:\DUII\TargetHW\Config\ -I C:\DUII\TargetHW\FS\ -I      #
#                    C:\DUII\TargetHW\GUI\ -I C:\DUII\TargetHW\Inc\ -I        #
#                    C:\DUII\TargetHW\OS\ -I C:\DUII\TargetHW\Setup\ -I       #
#                    \DUII\DUII\ -I \DUII\DUII\Graphics\ --cpu_mode arm -Ohs  #
#                    --use_c++_inline --require_prototypes                    #
#    List file    =  C:\DUII\TargetHW\Release\List\LISTVIEW_GetFont.lst       #
#    Object file  =  C:\DUII\TargetHW\Release\Obj\LISTVIEW_GetFont.o          #
#                                                                             #
#                                                                             #
###############################################################################

C:\DUII\TargetHW\GUI\LISTVIEW_GetFont.c
      1          /*********************************************************************
      2          *                SEGGER Microcontroller GmbH & Co. KG                *
      3          *        Solutions for real time microcontroller applications        *
      4          **********************************************************************
      5          *                                                                    *
      6          *        (c) 1996 - 2010  SEGGER Microcontroller GmbH & Co. KG       *
      7          *                                                                    *
      8          *        Internet: www.segger.com    Support:  support@segger.com    *
      9          *                                                                    *
     10          **********************************************************************
     11          
     12          ** emWin V5.06 - Graphical user interface for embedded applications **
     13          emWin is protected by international copyright laws.   Knowledge of the
     14          source code may not be used to write a similar product.  This file may
     15          only be used in accordance with a license and should not be re-
     16          distributed in any way. We appreciate your understanding and fairness.
     17          ----------------------------------------------------------------------
     18          File        : LISTVIEW_GetFont.c
     19          Purpose     : Implementation of LISTVIEW_GetFont
     20          ---------------------------END-OF-HEADER------------------------------
     21          */
     22          
     23          #include <stddef.h>
     24          
     25          #include "LISTVIEW_Private.h"
     26          
     27          #if GUI_WINSUPPORT
     28          
     29          /*********************************************************************
     30          *
     31          *       Public routines
     32          *
     33          **********************************************************************
     34          */
     35          /*********************************************************************
     36          *
     37          *       LISTVIEW_GetFont
     38          */

   \                                 In section .text, align 4, keep-with-next
     39          const GUI_FONT GUI_UNI_PTR * LISTVIEW_GetFont(LISTVIEW_Handle hObj) {
   \                     LISTVIEW_GetFont:
   \   00000000   30402DE9           PUSH     {R4,R5,LR}
   \   00000004   04D04DE2           SUB      SP,SP,#+4
   \   00000008   0040B0E1           MOVS     R4,R0
     40            const GUI_FONT GUI_UNI_PTR * pFont = NULL;
   \   0000000C   0050A0E3           MOV      R5,#+0
     41            if (hObj) {
   \   00000010   0500000A           BEQ      ??LISTVIEW_GetFont_0
     42              LISTVIEW_Obj* pObj;
     43              WM_LOCK();
   \   00000014   ........           BL       GUI_Lock
     44              pObj = LISTVIEW_LOCK_H(hObj);
     45              pFont = pObj->Props.pFont;
   \   00000018   0400A0E1           MOV      R0,R4
   \   0000001C   ........           BL       GUI_ALLOC_LockH
   \   00000020   645090E5           LDR      R5,[R0, #+100]
     46              GUI_UNLOCK_H(pObj);
   \   00000024   ........           BL       GUI_ALLOC_UnlockH
     47              WM_UNLOCK();
   \   00000028   ........           BL       GUI_Unlock
     48            }
     49            return pFont;
   \                     ??LISTVIEW_GetFont_0:
   \   0000002C   0500A0E1           MOV      R0,R5
   \   00000030   04D08DE2           ADD      SP,SP,#+4
   \   00000034   3080BDE8           POP      {R4,R5,PC}       ;; return
     50          }
     51          
     52          #else                            /* Avoid problems with empty object modules */
     53            void LISTVIEW_GetFont_C(void);
     54            void LISTVIEW_GetFont_C(void) {}
     55          #endif
     56          
     57          /*************************** End of file ****************************/

   Maximum stack usage in bytes:

     Function         .cstack
     --------         -------
     LISTVIEW_GetFont     16


   Section sizes:

     Function/Label   Bytes
     --------------   -----
     LISTVIEW_GetFont   56

 
 56 bytes in section .text
 
 56 bytes of CODE memory

Errors: none
Warnings: none
