###############################################################################
#                                                                             #
# IAR ELF Linker V6.10.2.52244/W32 for ARM              02/Feb/2016  18:29:41 #
# Copyright 2007-2010 IAR Systems AB.                                         #
#                                                                             #
#    Output file  =  C:\DUII\TargetHW\Release\Exe\Start_AT91SAM9RL64_V5.out   #
#    Map file     =  C:\DUII\TargetHW\Release\List\Start_AT91SAM9RL64_V5.map  #
#    Command line =  -f C:\DUII\TargetHW\EWE770.tmp                           #
#                    (C:\DUII\TargetHW\OS\os5t_al__dp.a                       #
#                    C:\DUII\TargetHW\OS\os5t_al__r.a                         #
#                    C:\DUII\TargetHW\Release\Obj\0.o                         #
#                    C:\DUII\TargetHW\Release\Obj\1.o                         #
#                    C:\DUII\TargetHW\Release\Obj\2.o                         #
#                    C:\DUII\TargetHW\Release\Obj\3.o                         #
#                    C:\DUII\TargetHW\Release\Obj\4.o                         #
#                    C:\DUII\TargetHW\Release\Obj\5.o                         #
#                    C:\DUII\TargetHW\Release\Obj\AeroGrip.o                  #
#                    C:\DUII\TargetHW\Release\Obj\AeroandTire.o               #
#                    C:\DUII\TargetHW\Release\Obj\Alarm.o                     #
#                    C:\DUII\TargetHW\Release\Obj\Alarm1Active.o              #
#                    C:\DUII\TargetHW\Release\Obj\Alarm2Active.o              #
#                    C:\DUII\TargetHW\Release\Obj\AlarmText.o                 #
#                    C:\DUII\TargetHW\Release\Obj\Analog.o                    #
#                    C:\DUII\TargetHW\Release\Obj\AnalogGaugeButtonOff.o      #
#                    C:\DUII\TargetHW\Release\Obj\AnalogInputSettings.o       #
#                    C:\DUII\TargetHW\Release\Obj\AnalogInputsScale.o         #
#                    C:\DUII\TargetHW\Release\Obj\Analogs.o                   #
#                    C:\DUII\TargetHW\Release\Obj\Archive.o                   #
#                    C:\DUII\TargetHW\Release\Obj\Auto-xRally.o               #
#                    C:\DUII\TargetHW\Release\Obj\AutoOffButton.o             #
#                    C:\DUII\TargetHW\Release\Obj\AutoOn.o                    #
#                    C:\DUII\TargetHW\Release\Obj\AutoOnButton.o              #
#                    C:\DUII\TargetHW\Release\Obj\AutoStartButton.o           #
#                    C:\DUII\TargetHW\Release\Obj\AutoStartSetupText.o        #
#                    C:\DUII\TargetHW\Release\Obj\AutoXAnalogGaugeButtonOn.o  #
#                    C:\DUII\TargetHW\Release\Obj\AutoXDigitalGaugeButtonOn.o #
#                     C:\DUII\TargetHW\Release\Obj\AutoXSweepTachButtonOn.o   #
#                    C:\DUII\TargetHW\Release\Obj\AutocrossStageBackground.o  #
#                    C:\DUII\TargetHW\Release\Obj\AutocrossTouchToStage.o     #
#                    C:\DUII\TargetHW\Release\Obj\BSP.o                       #
#                    C:\DUII\TargetHW\Release\Obj\BUTTON.o                    #
#                    C:\DUII\TargetHW\Release\Obj\BUTTON_BMP.o                #
#                    C:\DUII\TargetHW\Release\Obj\BUTTON_Bitmap.o             #
#                    C:\DUII\TargetHW\Release\Obj\BUTTON_Color.o              #
#                    C:\DUII\TargetHW\Release\Obj\BUTTON_Create.o             #
#                    C:\DUII\TargetHW\Release\Obj\BUTTON_CreateIndirect.o     #
#                    C:\DUII\TargetHW\Release\Obj\BUTTON_Default.o            #
#                    C:\DUII\TargetHW\Release\Obj\BUTTON_Get.o                #
#                    C:\DUII\TargetHW\Release\Obj\BUTTON_GetBitmap.o          #
#                    C:\DUII\TargetHW\Release\Obj\BUTTON_IsPressed.o          #
#                    C:\DUII\TargetHW\Release\Obj\BUTTON_SelfDraw.o           #
#                    C:\DUII\TargetHW\Release\Obj\BUTTON_SetFocusColor.o      #
#                    C:\DUII\TargetHW\Release\Obj\BUTTON_SetTextAlign.o       #
#                    C:\DUII\TargetHW\Release\Obj\BUTTON_Skin.o               #
#                    C:\DUII\TargetHW\Release\Obj\BUTTON_SkinClassic.o        #
#                    C:\DUII\TargetHW\Release\Obj\BUTTON_SkinFlex.o           #
#                    C:\DUII\TargetHW\Release\Obj\BUTTON_StreamedBitmap.o     #
#                    C:\DUII\TargetHW\Release\Obj\BUTTON__SetBitmapObj.o      #
#                    C:\DUII\TargetHW\Release\Obj\Background.o                #
#                    C:\DUII\TargetHW\Release\Obj\BackgroundWithPanel.o       #
#                    C:\DUII\TargetHW\Release\Obj\Banner.o                    #
#                    C:\DUII\TargetHW\Release\Obj\BestLapEver.o               #
#                    C:\DUII\TargetHW\Release\Obj\BestLapSession.o            #
#                    C:\DUII\TargetHW\Release\Obj\BigGrayButton.o             #
#                    C:\DUII\TargetHW\Release\Obj\BigGreenButton.o            #
#                    C:\DUII\TargetHW\Release\Obj\BlackBlankButton.o          #
#                    C:\DUII\TargetHW\Release\Obj\BlackButton.o               #
#                    C:\DUII\TargetHW\Release\Obj\BlueButton.o                #
#                    C:\DUII\TargetHW\Release\Obj\BottomBar.o                 #
#                    C:\DUII\TargetHW\Release\Obj\BrightIcon.o                #
#                    C:\DUII\TargetHW\Release\Obj\BrownInputButton.o          #
#                    C:\DUII\TargetHW\Release\Obj\CHECKBOX.o                  #
#                    C:\DUII\TargetHW\Release\Obj\CHECKBOX_Create.o           #
#                    C:\DUII\TargetHW\Release\Obj\CHECKBOX_CreateIndirect.o   #
#                    C:\DUII\TargetHW\Release\Obj\CHECKBOX_Default.o          #
#                    C:\DUII\TargetHW\Release\Obj\CHECKBOX_GetState.o         #
#                    C:\DUII\TargetHW\Release\Obj\CHECKBOX_GetText.o          #
#                    C:\DUII\TargetHW\Release\Obj\CHECKBOX_Image.o            #
#                    C:\DUII\TargetHW\Release\Obj\CHECKBOX_IsChecked.o        #
#                    C:\DUII\TargetHW\Release\Obj\CHECKBOX_SetBkColor.o       #
#                    C:\DUII\TargetHW\Release\Obj\CHECKBOX_SetBoxBkColor.o    #
#                    C:\DUII\TargetHW\Release\Obj\CHECKBOX_SetDefaultImage.o  #
#                    C:\DUII\TargetHW\Release\Obj\CHECKBOX_SetFocusColor.o    #
#                    C:\DUII\TargetHW\Release\Obj\CHECKBOX_SetFont.o          #
#                    C:\DUII\TargetHW\Release\Obj\CHECKBOX_SetImage.o         #
#                    C:\DUII\TargetHW\Release\Obj\CHECKBOX_SetNumStates.o     #
#                    C:\DUII\TargetHW\Release\Obj\CHECKBOX_SetSpacing.o       #
#                    C:\DUII\TargetHW\Release\Obj\CHECKBOX_SetState.o         #
#                    C:\DUII\TargetHW\Release\Obj\CHECKBOX_SetText.o          #
#                    C:\DUII\TargetHW\Release\Obj\CHECKBOX_SetTextAlign.o     #
#                    C:\DUII\TargetHW\Release\Obj\CHECKBOX_SetTextColor.o     #
#                    C:\DUII\TargetHW\Release\Obj\CHECKBOX_Skin.o             #
#                    C:\DUII\TargetHW\Release\Obj\CHECKBOX_SkinClassic.o      #
#                    C:\DUII\TargetHW\Release\Obj\CHECKBOX_SkinFlex.o         #
#                    C:\DUII\TargetHW\Release\Obj\Camera.o                    #
#                    C:\DUII\TargetHW\Release\Obj\CameraBlankIcon.o           #
#                    C:\DUII\TargetHW\Release\Obj\CameraNotReadyIcon.o        #
#                    C:\DUII\TargetHW\Release\Obj\CameraReadyIcon.o           #
#                    C:\DUII\TargetHW\Release\Obj\CameraRecordIcon.o          #
#                    C:\DUII\TargetHW\Release\Obj\CameraSetupBanner.o         #
#                    C:\DUII\TargetHW\Release\Obj\CameraText.o                #
#                    C:\DUII\TargetHW\Release\Obj\Capital.o                   #
#                    C:\DUII\TargetHW\Release\Obj\CarMetricsBanner.o          #
#                    C:\DUII\TargetHW\Release\Obj\CarMetricsButton.o          #
#                    C:\DUII\TargetHW\Release\Obj\ChaseCamIcon.o              #
#                    C:\DUII\TargetHW\Release\Obj\CheckIcon.o                 #
#                    C:\DUII\TargetHW\Release\Obj\CheckTimesText.o            #
#                    C:\DUII\TargetHW\Release\Obj\ChooseTrack.o               #
#                    C:\DUII\TargetHW\Release\Obj\ChronoGauge.o               #
#                    C:\DUII\TargetHW\Release\Obj\ChronoScreen.o              #
#                    C:\DUII\TargetHW\Release\Obj\Chronometric.o              #
#                    C:\DUII\TargetHW\Release\Obj\Chronometric_NoTrans.o      #
#                    C:\DUII\TargetHW\Release\Obj\Chronometric_NoTrans_2.o    #
#                    C:\DUII\TargetHW\Release\Obj\Chronometric_original.o     #
#                    C:\DUII\TargetHW\Release\Obj\CommSetup.o                 #
#                    C:\DUII\TargetHW\Release\Obj\CommTask.o                  #
#                    C:\DUII\TargetHW\Release\Obj\CompassList.o               #
#                    C:\DUII\TargetHW\Release\Obj\ConfigScreens.o             #
#                    C:\DUII\TargetHW\Release\Obj\ConfigurableGaugeCommon.o   #
#                    C:\DUII\TargetHW\Release\Obj\ControlBase.o               #
#                    C:\DUII\TargetHW\Release\Obj\CustomArc.o                 #
#                    C:\DUII\TargetHW\Release\Obj\DIALOG.o                    #
#                    C:\DUII\TargetHW\Release\Obj\DROPDOWN.o                  #
#                    C:\DUII\TargetHW\Release\Obj\DROPDOWN_AddString.o        #
#                    C:\DUII\TargetHW\Release\Obj\DROPDOWN_Create.o           #
#                    C:\DUII\TargetHW\Release\Obj\DROPDOWN_CreateIndirect.o   #
#                    C:\DUII\TargetHW\Release\Obj\DROPDOWN_Default.o          #
#                    C:\DUII\TargetHW\Release\Obj\DROPDOWN_DeleteItem.o       #
#                    C:\DUII\TargetHW\Release\Obj\DROPDOWN_Expanded.o         #
#                    C:\DUII\TargetHW\Release\Obj\DROPDOWN_GetNumItems.o      #
#                    C:\DUII\TargetHW\Release\Obj\DROPDOWN_InsertString.o     #
#                    C:\DUII\TargetHW\Release\Obj\DROPDOWN_ItemDisabled.o     #
#                    C:\DUII\TargetHW\Release\Obj\DROPDOWN_ItemSpacing.o      #
#                    C:\DUII\TargetHW\Release\Obj\DROPDOWN_SetAutoScroll.o    #
#                    C:\DUII\TargetHW\Release\Obj\DROPDOWN_SetBkColor.o       #
#                    C:\DUII\TargetHW\Release\Obj\DROPDOWN_SetColor.o         #
#                    C:\DUII\TargetHW\Release\Obj\DROPDOWN_SetFont.o          #
#                    C:\DUII\TargetHW\Release\Obj\DROPDOWN_SetScrollbarColor. #
#                    o C:\DUII\TargetHW\Release\Obj\DROPDOWN_SetScrollbarWidt #
#                    h.o C:\DUII\TargetHW\Release\Obj\DROPDOWN_SetTextAlign.o #
#                     C:\DUII\TargetHW\Release\Obj\DROPDOWN_SetTextColor.o    #
#                    C:\DUII\TargetHW\Release\Obj\DROPDOWN_SetTextHeight.o    #
#                    C:\DUII\TargetHW\Release\Obj\DROPDOWN_Skin.o             #
#                    C:\DUII\TargetHW\Release\Obj\DROPDOWN_SkinClassic.o      #
#                    C:\DUII\TargetHW\Release\Obj\DROPDOWN_SkinFlex.o         #
#                    C:\DUII\TargetHW\Release\Obj\DUII_Main.o                 #
#                    C:\DUII\TargetHW\Release\Obj\DarkAsphalt.o               #
#                    C:\DUII\TargetHW\Release\Obj\DarkIcon.o                  #
#                    C:\DUII\TargetHW\Release\Obj\DataHandler.o               #
#                    C:\DUII\TargetHW\Release\Obj\DefaultGauge.o              #
#                    C:\DUII\TargetHW\Release\Obj\DeleteKey.o                 #
#                    C:\DUII\TargetHW\Release\Obj\DialogBox.o                 #
#                    C:\DUII\TargetHW\Release\Obj\DiffRatio.o                 #
#                    C:\DUII\TargetHW\Release\Obj\Digital.o                   #
#                    C:\DUII\TargetHW\Release\Obj\DigitalAlarm.o              #
#                    C:\DUII\TargetHW\Release\Obj\DigitalBarBlueSweep.o       #
#                    C:\DUII\TargetHW\Release\Obj\DigitalDisplay.o            #
#                    C:\DUII\TargetHW\Release\Obj\DigitalGaugeButtonOff.o     #
#                    C:\DUII\TargetHW\Release\Obj\DigitalGaugeScreen.o        #
#                    C:\DUII\TargetHW\Release\Obj\DigitalInputSettings.o      #
#                    C:\DUII\TargetHW\Release\Obj\DigitalStringOutput.o       #
#                    C:\DUII\TargetHW\Release\Obj\Display.o                   #
#                    C:\DUII\TargetHW\Release\Obj\DisplayText.o               #
#                    C:\DUII\TargetHW\Release\Obj\DoubleBlueButton.o          #
#                    C:\DUII\TargetHW\Release\Obj\DragAnalogGaugeButtonOn.o   #
#                    C:\DUII\TargetHW\Release\Obj\DragAutoXScreens.o          #
#                    C:\DUII\TargetHW\Release\Obj\DragButton.o                #
#                    C:\DUII\TargetHW\Release\Obj\DragDigitalGaugeButtonOn.o  #
#                    C:\DUII\TargetHW\Release\Obj\DragStageBackground.o       #
#                    C:\DUII\TargetHW\Release\Obj\DragSweepTachButtonOn.o     #
#                    C:\DUII\TargetHW\Release\Obj\DragTouchToStage.o          #
#                    C:\DUII\TargetHW\Release\Obj\Drive.o                     #
#                    C:\DUII\TargetHW\Release\Obj\DriveButton.o               #
#                    C:\DUII\TargetHW\Release\Obj\DriveMode.o                 #
#                    C:\DUII\TargetHW\Release\Obj\DriveModeBackground.o       #
#                    C:\DUII\TargetHW\Release\Obj\DriveModeBackgroundNewCompa #
#                    ss.o C:\DUII\TargetHW\Release\Obj\DriveModeBackground_Li #
#                    ve.o C:\DUII\TargetHW\Release\Obj\DriveModeScreen.o      #
#                    C:\DUII\TargetHW\Release\Obj\DriveModeSetup.o            #
#                    C:\DUII\TargetHW\Release\Obj\DriveScreen.o               #
#                    C:\DUII\TargetHW\Release\Obj\Driver.o                    #
#                    C:\DUII\TargetHW\Release\Obj\DriverName.o                #
#                    C:\DUII\TargetHW\Release\Obj\DriverText.o                #
#                    C:\DUII\TargetHW\Release\Obj\DualGaugeBackground.o       #
#                    C:\DUII\TargetHW\Release\Obj\DualGaugeScreen.o           #
#                    C:\DUII\TargetHW\Release\Obj\DummyAnalog.o               #
#                    C:\DUII\TargetHW\Release\Obj\DummyDigital.o              #
#                    C:\DUII\TargetHW\Release\Obj\E.o                         #
#                    C:\DUII\TargetHW\Release\Obj\EDIT.o                      #
#                    C:\DUII\TargetHW\Release\Obj\EDITBin.o                   #
#                    C:\DUII\TargetHW\Release\Obj\EDITDec.o                   #
#                    C:\DUII\TargetHW\Release\Obj\EDITFloat.o                 #
#                    C:\DUII\TargetHW\Release\Obj\EDITHex.o                   #
#                    C:\DUII\TargetHW\Release\Obj\EDITUlong.o                 #
#                    C:\DUII\TargetHW\Release\Obj\EDIT_Create.o               #
#                    C:\DUII\TargetHW\Release\Obj\EDIT_CreateIndirect.o       #
#                    C:\DUII\TargetHW\Release\Obj\EDIT_Default.o              #
#                    C:\DUII\TargetHW\Release\Obj\EDIT_EnableBlink.o          #
#                    C:\DUII\TargetHW\Release\Obj\EDIT_GetCursorPixelPos.o    #
#                    C:\DUII\TargetHW\Release\Obj\EDIT_GetCursorPos.o         #
#                    C:\DUII\TargetHW\Release\Obj\EDIT_GetNumChars.o          #
#                    C:\DUII\TargetHW\Release\Obj\EDIT_SetCursorAtChar.o      #
#                    C:\DUII\TargetHW\Release\Obj\EDIT_SetFocussable.o        #
#                    C:\DUII\TargetHW\Release\Obj\EDIT_SetInsertMode.o        #
#                    C:\DUII\TargetHW\Release\Obj\EDIT_SetSel.o               #
#                    C:\DUII\TargetHW\Release\Obj\EDIT_SetTextMode.o          #
#                    C:\DUII\TargetHW\Release\Obj\EDIT_SetpfAddKeyEx.o        #
#                    C:\DUII\TargetHW\Release\Obj\EDIT_SetpfUpdateBuffer.o    #
#                    C:\DUII\TargetHW\Release\Obj\ENE.o                       #
#                    C:\DUII\TargetHW\Release\Obj\ESE.o                       #
#                    C:\DUII\TargetHW\Release\Obj\EngineCylinders.o           #
#                    C:\DUII\TargetHW\Release\Obj\EraseAll.o                  #
#                    C:\DUII\TargetHW\Release\Obj\EraseSD.o                   #
#                    C:\DUII\TargetHW\Release\Obj\F08_1.o                     #
#                    C:\DUII\TargetHW\Release\Obj\F08_ASCII.o                 #
#                    C:\DUII\TargetHW\Release\Obj\F10S_1.o                    #
#                    C:\DUII\TargetHW\Release\Obj\F10S_ASCII.o                #
#                    C:\DUII\TargetHW\Release\Obj\F10_1.o                     #
#                    C:\DUII\TargetHW\Release\Obj\F10_ASCII.o                 #
#                    C:\DUII\TargetHW\Release\Obj\F13B_1.o                    #
#                    C:\DUII\TargetHW\Release\Obj\F13B_ASCII.o                #
#                    C:\DUII\TargetHW\Release\Obj\F13HB_1.o                   #
#                    C:\DUII\TargetHW\Release\Obj\F13HB_ASCII.o               #
#                    C:\DUII\TargetHW\Release\Obj\F13H_1.o                    #
#                    C:\DUII\TargetHW\Release\Obj\F13H_ASCII.o                #
#                    C:\DUII\TargetHW\Release\Obj\F13_1.o                     #
#                    C:\DUII\TargetHW\Release\Obj\F13_ASCII.o                 #
#                    C:\DUII\TargetHW\Release\Obj\F16B_1.o                    #
#                    C:\DUII\TargetHW\Release\Obj\F16B_ASCII.o                #
#                    C:\DUII\TargetHW\Release\Obj\F16_1.o                     #
#                    C:\DUII\TargetHW\Release\Obj\F16_1HK.o                   #
#                    C:\DUII\TargetHW\Release\Obj\F16_ASCII.o                 #
#                    C:\DUII\TargetHW\Release\Obj\F16_HK.o                    #
#                    C:\DUII\TargetHW\Release\Obj\F20B_1.o                    #
#                    C:\DUII\TargetHW\Release\Obj\F20B_ASCII.o                #
#                    C:\DUII\TargetHW\Release\Obj\F20F_ASCII.o                #
#                    C:\DUII\TargetHW\Release\Obj\F20_1.o                     #
#                    C:\DUII\TargetHW\Release\Obj\F20_ASCII.o                 #
#                    C:\DUII\TargetHW\Release\Obj\F24B_1.o                    #
#                    C:\DUII\TargetHW\Release\Obj\F24B_ASCII.o                #
#                    C:\DUII\TargetHW\Release\Obj\F24_1.o                     #
#                    C:\DUII\TargetHW\Release\Obj\F24_ASCII.o                 #
#                    C:\DUII\TargetHW\Release\Obj\F32B_1.o                    #
#                    C:\DUII\TargetHW\Release\Obj\F32B_ASCII.o                #
#                    C:\DUII\TargetHW\Release\Obj\F32_1.o                     #
#                    C:\DUII\TargetHW\Release\Obj\F32_ASCII.o                 #
#                    C:\DUII\TargetHW\Release\Obj\F4x6.o                      #
#                    C:\DUII\TargetHW\Release\Obj\F6x8.o                      #
#                    C:\DUII\TargetHW\Release\Obj\F6x8_1.o                    #
#                    C:\DUII\TargetHW\Release\Obj\F6x8_ASCII.o                #
#                    C:\DUII\TargetHW\Release\Obj\F8x10_ASCII.o               #
#                    C:\DUII\TargetHW\Release\Obj\F8x12_ASCII.o               #
#                    C:\DUII\TargetHW\Release\Obj\F8x13_1.o                   #
#                    C:\DUII\TargetHW\Release\Obj\F8x13_ASCII.o               #
#                    C:\DUII\TargetHW\Release\Obj\F8x15B_1.o                  #
#                    C:\DUII\TargetHW\Release\Obj\F8x15B_ASCII.o              #
#                    C:\DUII\TargetHW\Release\Obj\F8x16.o                     #
#                    C:\DUII\TargetHW\Release\Obj\F8x16_1.o                   #
#                    C:\DUII\TargetHW\Release\Obj\F8x16_ASCII.o               #
#                    C:\DUII\TargetHW\Release\Obj\F8x8.o                      #
#                    C:\DUII\TargetHW\Release\Obj\F8x8_1.o                    #
#                    C:\DUII\TargetHW\Release\Obj\F8x8_ASCII.o                #
#                    C:\DUII\TargetHW\Release\Obj\FAT_API.o                   #
#                    C:\DUII\TargetHW\Release\Obj\FAT_CheckDisk.o             #
#                    C:\DUII\TargetHW\Release\Obj\FAT_Dir.o                   #
#                    C:\DUII\TargetHW\Release\Obj\FAT_DirEntry.o              #
#                    C:\DUII\TargetHW\Release\Obj\FAT_DiskInfo.o              #
#                    C:\DUII\TargetHW\Release\Obj\FAT_Format.o                #
#                    C:\DUII\TargetHW\Release\Obj\FAT_FormatSD.o              #
#                    C:\DUII\TargetHW\Release\Obj\FAT_Ioct.o                  #
#                    C:\DUII\TargetHW\Release\Obj\FAT_LFN.o                   #
#                    C:\DUII\TargetHW\Release\Obj\FAT_Misc.o                  #
#                    C:\DUII\TargetHW\Release\Obj\FAT_Move.o                  #
#                    C:\DUII\TargetHW\Release\Obj\FAT_Open.o                  #
#                    C:\DUII\TargetHW\Release\Obj\FAT_Read.o                  #
#                    C:\DUII\TargetHW\Release\Obj\FAT_Rename.o                #
#                    C:\DUII\TargetHW\Release\Obj\FAT_SetEndOfFile.o          #
#                    C:\DUII\TargetHW\Release\Obj\FAT_VolumeLabel.o           #
#                    C:\DUII\TargetHW\Release\Obj\FAT_Write.o                 #
#                    C:\DUII\TargetHW\Release\Obj\FComic18B_1.o               #
#                    C:\DUII\TargetHW\Release\Obj\FComic18B_ASCII.o           #
#                    C:\DUII\TargetHW\Release\Obj\FComic24B_1.o               #
#                    C:\DUII\TargetHW\Release\Obj\FComic24B_ASCII.o           #
#                    C:\DUII\TargetHW\Release\Obj\FD24x32.o                   #
#                    C:\DUII\TargetHW\Release\Obj\FD32.o                      #
#                    C:\DUII\TargetHW\Release\Obj\FD36x48.o                   #
#                    C:\DUII\TargetHW\Release\Obj\FD48.o                      #
#                    C:\DUII\TargetHW\Release\Obj\FD48x64.o                   #
#                    C:\DUII\TargetHW\Release\Obj\FD60x80.o                   #
#                    C:\DUII\TargetHW\Release\Obj\FD64.o                      #
#                    C:\DUII\TargetHW\Release\Obj\FD80.o                      #
#                    C:\DUII\TargetHW\Release\Obj\FRAMEWIN.o                  #
#                    C:\DUII\TargetHW\Release\Obj\FRAMEWIN_AddMenu.o          #
#                    C:\DUII\TargetHW\Release\Obj\FRAMEWIN_Button.o           #
#                    C:\DUII\TargetHW\Release\Obj\FRAMEWIN_ButtonClose.o      #
#                    C:\DUII\TargetHW\Release\Obj\FRAMEWIN_ButtonMax.o        #
#                    C:\DUII\TargetHW\Release\Obj\FRAMEWIN_ButtonMin.o        #
#                    C:\DUII\TargetHW\Release\Obj\FRAMEWIN_Create.o           #
#                    C:\DUII\TargetHW\Release\Obj\FRAMEWIN_CreateIndirect.o   #
#                    C:\DUII\TargetHW\Release\Obj\FRAMEWIN_Default.o          #
#                    C:\DUII\TargetHW\Release\Obj\FRAMEWIN_Get.o              #
#                    C:\DUII\TargetHW\Release\Obj\FRAMEWIN_IsMinMax.o         #
#                    C:\DUII\TargetHW\Release\Obj\FRAMEWIN_MinMaxRest.o       #
#                    C:\DUII\TargetHW\Release\Obj\FRAMEWIN_SetBorderSize.o    #
#                    C:\DUII\TargetHW\Release\Obj\FRAMEWIN_SetColors.o        #
#                    C:\DUII\TargetHW\Release\Obj\FRAMEWIN_SetFont.o          #
#                    C:\DUII\TargetHW\Release\Obj\FRAMEWIN_SetOwnerDraw.o     #
#                    C:\DUII\TargetHW\Release\Obj\FRAMEWIN_SetResizeable.o    #
#                    C:\DUII\TargetHW\Release\Obj\FRAMEWIN_SetTitleHeight.o   #
#                    C:\DUII\TargetHW\Release\Obj\FRAMEWIN_SetTitleVis.o      #
#                    C:\DUII\TargetHW\Release\Obj\FRAMEWIN_Skin.o             #
#                    C:\DUII\TargetHW\Release\Obj\FRAMEWIN_SkinClassic.o      #
#                    C:\DUII\TargetHW\Release\Obj\FRAMEWIN_SkinFlex.o         #
#                    C:\DUII\TargetHW\Release\Obj\FRAMEWIN__UpdateButtons.o   #
#                    C:\DUII\TargetHW\Release\Obj\FS_AddSpaceHex.o            #
#                    C:\DUII\TargetHW\Release\Obj\FS_AssignCache.o            #
#                    C:\DUII\TargetHW\Release\Obj\FS_Attrib.o                 #
#                    C:\DUII\TargetHW\Release\Obj\FS_CLib.o                   #
#                    C:\DUII\TargetHW\Release\Obj\FS_CRC32.o                  #
#                    C:\DUII\TargetHW\Release\Obj\FS_CacheAll.o               #
#                    C:\DUII\TargetHW\Release\Obj\FS_CacheMan.o               #
#                    C:\DUII\TargetHW\Release\Obj\FS_CacheRW.o                #
#                    C:\DUII\TargetHW\Release\Obj\FS_CacheRWQuota.o           #
#                    C:\DUII\TargetHW\Release\Obj\FS_ConfigIO.o               #
#                    C:\DUII\TargetHW\Release\Obj\FS_ConfigMMC_CM_Atmel_AT91S #
#                    AM9RL64.o C:\DUII\TargetHW\Release\Obj\FS_CopyFile.o     #
#                    C:\DUII\TargetHW\Release\Obj\FS_Core.o                   #
#                    C:\DUII\TargetHW\Release\Obj\FS_CreateDir.o              #
#                    C:\DUII\TargetHW\Release\Obj\FS_Dir.o                    #
#                    C:\DUII\TargetHW\Release\Obj\FS_DirOld.o                 #
#                    C:\DUII\TargetHW\Release\Obj\FS_ErrorNo2Text.o           #
#                    C:\DUII\TargetHW\Release\Obj\FS_ErrorOut.o               #
#                    C:\DUII\TargetHW\Release\Obj\FS_FRead.o                  #
#                    C:\DUII\TargetHW\Release\Obj\FS_FWrite.o                 #
#                    C:\DUII\TargetHW\Release\Obj\FS_Format.o                 #
#                    C:\DUII\TargetHW\Release\Obj\FS_GetFilePos.o             #
#                    C:\DUII\TargetHW\Release\Obj\FS_GetFileSize.o            #
#                    C:\DUII\TargetHW\Release\Obj\FS_GetNumFiles.o            #
#                    C:\DUII\TargetHW\Release\Obj\FS_GetNumOpenFiles.o        #
#                    C:\DUII\TargetHW\Release\Obj\FS_Log.o                    #
#                    C:\DUII\TargetHW\Release\Obj\FS_LogBlock.o               #
#                    C:\DUII\TargetHW\Release\Obj\FS_LogVolume.o              #
#                    C:\DUII\TargetHW\Release\Obj\FS_MAP.o                    #
#                    C:\DUII\TargetHW\Release\Obj\FS_MCI_HW_AT91SAM9RL64.o    #
#                    C:\DUII\TargetHW\Release\Obj\FS_Misc.o                   #
#                    C:\DUII\TargetHW\Release\Obj\FS_Move.o                   #
#                    C:\DUII\TargetHW\Release\Obj\FS_OS_Interface.o           #
#                    C:\DUII\TargetHW\Release\Obj\FS_Partition.o              #
#                    C:\DUII\TargetHW\Release\Obj\FS_Read.o                   #
#                    C:\DUII\TargetHW\Release\Obj\FS_Rename.o                 #
#                    C:\DUII\TargetHW\Release\Obj\FS_SetEndOfFile.o           #
#                    C:\DUII\TargetHW\Release\Obj\FS_SetFilePos.o             #
#                    C:\DUII\TargetHW\Release\Obj\FS_Storage.o                #
#                    C:\DUII\TargetHW\Release\Obj\FS_Time.o                   #
#                    C:\DUII\TargetHW\Release\Obj\FS_Truncate.o               #
#                    C:\DUII\TargetHW\Release\Obj\FS_Unmount.o                #
#                    C:\DUII\TargetHW\Release\Obj\FS_Verify.o                 #
#                    C:\DUII\TargetHW\Release\Obj\FS_Volume.o                 #
#                    C:\DUII\TargetHW\Release\Obj\FS_Warn.o                   #
#                    C:\DUII\TargetHW\Release\Obj\FS_Write.o                  #
#                    C:\DUII\TargetHW\Release\Obj\FS_X_embOS.o                #
#                    C:\DUII\TargetHW\Release\Obj\FS__ECC256.o                #
#                    C:\DUII\TargetHW\Release\Obj\FS_memcpy.o                 #
#                    C:\DUII\TargetHW\Release\Obj\FactoryCheckout.o           #
#                    C:\DUII\TargetHW\Release\Obj\FactoryDefaults.o           #
#                    C:\DUII\TargetHW\Release\Obj\FlashLights.o               #
#                    C:\DUII\TargetHW\Release\Obj\FlashReadWrite.o            #
#                    C:\DUII\TargetHW\Release\Obj\FormatSD.o                  #
#                    C:\DUII\TargetHW\Release\Obj\GMeter.o                    #
#                    C:\DUII\TargetHW\Release\Obj\GMeterBackground.o          #
#                    C:\DUII\TargetHW\Release\Obj\GMeterScreen.o              #
#                    C:\DUII\TargetHW\Release\Obj\GPSInfoScreen.o             #
#                    C:\DUII\TargetHW\Release\Obj\GPSInfoText.o               #
#                    C:\DUII\TargetHW\Release\Obj\GPSsignal.o                 #
#                    C:\DUII\TargetHW\Release\Obj\GRAPH.o                     #
#                    C:\DUII\TargetHW\Release\Obj\GRAPH_CreateIndirect.o      #
#                    C:\DUII\TargetHW\Release\Obj\GRAPH_DATA_XY.o             #
#                    C:\DUII\TargetHW\Release\Obj\GRAPH_DATA_YT.o             #
#                    C:\DUII\TargetHW\Release\Obj\GRAPH_SCALE.o               #
#                    C:\DUII\TargetHW\Release\Obj\GUIAA_Arc.o                 #
#                    C:\DUII\TargetHW\Release\Obj\GUIAA_Char.o                #
#                    C:\DUII\TargetHW\Release\Obj\GUIAA_Char2.o               #
#                    C:\DUII\TargetHW\Release\Obj\GUIAA_Char2Ext.o            #
#                    C:\DUII\TargetHW\Release\Obj\GUIAA_Char2Ext_XBF.o        #
#                    C:\DUII\TargetHW\Release\Obj\GUIAA_Char4.o               #
#                    C:\DUII\TargetHW\Release\Obj\GUIAA_Char4Ext.o            #
#                    C:\DUII\TargetHW\Release\Obj\GUIAA_Char4Ext_XBF.o        #
#                    C:\DUII\TargetHW\Release\Obj\GUIAA_Circle.o              #
#                    C:\DUII\TargetHW\Release\Obj\GUIAA_DrawRoundedRect.o     #
#                    C:\DUII\TargetHW\Release\Obj\GUIAA_FillRoundedRect.o     #
#                    C:\DUII\TargetHW\Release\Obj\GUIAA_Lib.o                 #
#                    C:\DUII\TargetHW\Release\Obj\GUIAA_Line.o                #
#                    C:\DUII\TargetHW\Release\Obj\GUIAA_Poly.o                #
#                    C:\DUII\TargetHW\Release\Obj\GUIAA_PolyOut.o             #
#                    C:\DUII\TargetHW\Release\Obj\GUIAA_SIF2.o                #
#                    C:\DUII\TargetHW\Release\Obj\GUIAA_SIF2Ext.o             #
#                    C:\DUII\TargetHW\Release\Obj\GUIAA_SIF4.o                #
#                    C:\DUII\TargetHW\Release\Obj\GUIAA_SIF4Ext.o             #
#                    C:\DUII\TargetHW\Release\Obj\GUICC_0.o                   #
#                    C:\DUII\TargetHW\Release\Obj\GUICC_1.o                   #
#                    C:\DUII\TargetHW\Release\Obj\GUICC_111.o                 #
#                    C:\DUII\TargetHW\Release\Obj\GUICC_2.o                   #
#                    C:\DUII\TargetHW\Release\Obj\GUICC_222.o                 #
#                    C:\DUII\TargetHW\Release\Obj\GUICC_233.o                 #
#                    C:\DUII\TargetHW\Release\Obj\GUICC_323.o                 #
#                    C:\DUII\TargetHW\Release\Obj\GUICC_332.o                 #
#                    C:\DUII\TargetHW\Release\Obj\GUICC_4.o                   #
#                    C:\DUII\TargetHW\Release\Obj\GUICC_444_12.o              #
#                    C:\DUII\TargetHW\Release\Obj\GUICC_444_12_1.o            #
#                    C:\DUII\TargetHW\Release\Obj\GUICC_444_16.o              #
#                    C:\DUII\TargetHW\Release\Obj\GUICC_5.o                   #
#                    C:\DUII\TargetHW\Release\Obj\GUICC_555.o                 #
#                    C:\DUII\TargetHW\Release\Obj\GUICC_555_Index2Color.o     #
#                    C:\DUII\TargetHW\Release\Obj\GUICC_556.o                 #
#                    C:\DUII\TargetHW\Release\Obj\GUICC_565.o                 #
#                    C:\DUII\TargetHW\Release\Obj\GUICC_565_Index2Color.o     #
#                    C:\DUII\TargetHW\Release\Obj\GUICC_655.o                 #
#                    C:\DUII\TargetHW\Release\Obj\GUICC_666.o                 #
#                    C:\DUII\TargetHW\Release\Obj\GUICC_822216.o              #
#                    C:\DUII\TargetHW\Release\Obj\GUICC_84444.o               #
#                    C:\DUII\TargetHW\Release\Obj\GUICC_8666.o                #
#                    C:\DUII\TargetHW\Release\Obj\GUICC_8666_1.o              #
#                    C:\DUII\TargetHW\Release\Obj\GUICC_888.o                 #
#                    C:\DUII\TargetHW\Release\Obj\GUICC_8888.o                #
#                    C:\DUII\TargetHW\Release\Obj\GUICC_8888_Index2Color.o    #
#                    C:\DUII\TargetHW\Release\Obj\GUICC_888_Index2Color.o     #
#                    C:\DUII\TargetHW\Release\Obj\GUICC_M233.o                #
#                    C:\DUII\TargetHW\Release\Obj\GUICC_M323.o                #
#                    C:\DUII\TargetHW\Release\Obj\GUICC_M332.o                #
#                    C:\DUII\TargetHW\Release\Obj\GUICC_M444_12.o             #
#                    C:\DUII\TargetHW\Release\Obj\GUICC_M444_16.o             #
#                    C:\DUII\TargetHW\Release\Obj\GUICC_M555.o                #
#                    C:\DUII\TargetHW\Release\Obj\GUICC_M555_Index2Color.o    #
#                    C:\DUII\TargetHW\Release\Obj\GUICC_M556.o                #
#                    C:\DUII\TargetHW\Release\Obj\GUICC_M565.o                #
#                    C:\DUII\TargetHW\Release\Obj\GUICC_M565_Index2Color.o    #
#                    C:\DUII\TargetHW\Release\Obj\GUICC_M655.o                #
#                    C:\DUII\TargetHW\Release\Obj\GUICC_M666.o                #
#                    C:\DUII\TargetHW\Release\Obj\GUICC_M8565.o               #
#                    C:\DUII\TargetHW\Release\Obj\GUICC_M888.o                #
#                    C:\DUII\TargetHW\Release\Obj\GUICC_M8888.o               #
#                    C:\DUII\TargetHW\Release\Obj\GUICC_M888_Index2Color.o    #
#                    C:\DUII\TargetHW\Release\Obj\GUIConf.o                   #
#                    C:\DUII\TargetHW\Release\Obj\GUIDEV.o                    #
#                    C:\DUII\TargetHW\Release\Obj\GUIDEV_1.o                  #
#                    C:\DUII\TargetHW\Release\Obj\GUIDEV_16.o                 #
#                    C:\DUII\TargetHW\Release\Obj\GUIDEV_32.o                 #
#                    C:\DUII\TargetHW\Release\Obj\GUIDEV_8.o                  #
#                    C:\DUII\TargetHW\Release\Obj\GUIDEV_AA.o                 #
#                    C:\DUII\TargetHW\Release\Obj\GUIDEV_Auto.o               #
#                    C:\DUII\TargetHW\Release\Obj\GUIDEV_Banding.o            #
#                    C:\DUII\TargetHW\Release\Obj\GUIDEV_Clear.o              #
#                    C:\DUII\TargetHW\Release\Obj\GUIDEV_CmpWithLCD.o         #
#                    C:\DUII\TargetHW\Release\Obj\GUIDEV_CopyFromLCD.o        #
#                    C:\DUII\TargetHW\Release\Obj\GUIDEV_CreateFixed.o        #
#                    C:\DUII\TargetHW\Release\Obj\GUIDEV_GetDataPtr.o         #
#                    C:\DUII\TargetHW\Release\Obj\GUIDEV_GetPos.o             #
#                    C:\DUII\TargetHW\Release\Obj\GUIDEV_GetXSize.o           #
#                    C:\DUII\TargetHW\Release\Obj\GUIDEV_GetYSize.o           #
#                    C:\DUII\TargetHW\Release\Obj\GUIDEV_Measure.o            #
#                    C:\DUII\TargetHW\Release\Obj\GUIDEV_MoveAndFade.o        #
#                    C:\DUII\TargetHW\Release\Obj\GUIDEV_MoveAndFadeWin.o     #
#                    C:\DUII\TargetHW\Release\Obj\GUIDEV_Perspective.o        #
#                    C:\DUII\TargetHW\Release\Obj\GUIDEV_ReadLine.o           #
#                    C:\DUII\TargetHW\Release\Obj\GUIDEV_ReduceYSize.o        #
#                    C:\DUII\TargetHW\Release\Obj\GUIDEV_Rotate.o             #
#                    C:\DUII\TargetHW\Release\Obj\GUIDEV_SetColorConv.o       #
#                    C:\DUII\TargetHW\Release\Obj\GUIDEV_SetOrg.o             #
#                    C:\DUII\TargetHW\Release\Obj\GUIDEV_StaticDevices.o      #
#                    C:\DUII\TargetHW\Release\Obj\GUIDEV_Usage.o              #
#                    C:\DUII\TargetHW\Release\Obj\GUIDEV_UsageBM.o            #
#                    C:\DUII\TargetHW\Release\Obj\GUIDEV_Write.o              #
#                    C:\DUII\TargetHW\Release\Obj\GUIDEV_WriteAlpha.o         #
#                    C:\DUII\TargetHW\Release\Obj\GUIDEV_WriteEx.o            #
#                    C:\DUII\TargetHW\Release\Obj\GUIDEV_WriteToActiveAlpha.o #
#                     C:\DUII\TargetHW\Release\Obj\GUIDEV_WriteToActiveOpaque #
#                    .o C:\DUII\TargetHW\Release\Obj\GUIDEV_XY2PTR.o          #
#                    C:\DUII\TargetHW\Release\Obj\GUIDRV_Lin_1.o              #
#                    C:\DUII\TargetHW\Release\Obj\GUIDRV_Lin_16.o             #
#                    C:\DUII\TargetHW\Release\Obj\GUIDRV_Lin_2.o              #
#                    C:\DUII\TargetHW\Release\Obj\GUIDRV_Lin_24.o             #
#                    C:\DUII\TargetHW\Release\Obj\GUIDRV_Lin_32.o             #
#                    C:\DUII\TargetHW\Release\Obj\GUIDRV_Lin_4.o              #
#                    C:\DUII\TargetHW\Release\Obj\GUIDRV_Lin_8.o              #
#                    C:\DUII\TargetHW\Release\Obj\GUIDRV_Lin_OSX_16.o         #
#                    C:\DUII\TargetHW\Release\Obj\GUIDRV_Lin_OSX_24.o         #
#                    C:\DUII\TargetHW\Release\Obj\GUIDRV_Lin_OSX_32.o         #
#                    C:\DUII\TargetHW\Release\Obj\GUIDRV_Lin_OSY_16.o         #
#                    C:\DUII\TargetHW\Release\Obj\GUIDRV_Lin_OSY_24.o         #
#                    C:\DUII\TargetHW\Release\Obj\GUIDRV_Lin_OSY_32.o         #
#                    C:\DUII\TargetHW\Release\Obj\GUIDRV_Lin_OS_16.o          #
#                    C:\DUII\TargetHW\Release\Obj\GUIDRV_Lin_OS_24.o          #
#                    C:\DUII\TargetHW\Release\Obj\GUIDRV_Lin_OS_32.o          #
#                    C:\DUII\TargetHW\Release\Obj\GUIDRV_Lin_OXY_16.o         #
#                    C:\DUII\TargetHW\Release\Obj\GUIDRV_Lin_OXY_24.o         #
#                    C:\DUII\TargetHW\Release\Obj\GUIDRV_Lin_OXY_32.o         #
#                    C:\DUII\TargetHW\Release\Obj\GUIDRV_Lin_OX_16.o          #
#                    C:\DUII\TargetHW\Release\Obj\GUIDRV_Lin_OX_24.o          #
#                    C:\DUII\TargetHW\Release\Obj\GUIDRV_Lin_OX_32.o          #
#                    C:\DUII\TargetHW\Release\Obj\GUIDRV_Lin_OY_16.o          #
#                    C:\DUII\TargetHW\Release\Obj\GUIDRV_Lin_OY_24.o          #
#                    C:\DUII\TargetHW\Release\Obj\GUIDRV_Lin_OY_32.o          #
#                    C:\DUII\TargetHW\Release\Obj\GUIDRV_NoOpt_1_8.o          #
#                    C:\DUII\TargetHW\Release\Obj\GUIDRV_Win32.o              #
#                    C:\DUII\TargetHW\Release\Obj\GUI_2DLib.o                 #
#                    C:\DUII\TargetHW\Release\Obj\GUI_ALLOC_AllocInit.o       #
#                    C:\DUII\TargetHW\Release\Obj\GUI_ALLOC_AllocZero.o       #
#                    C:\DUII\TargetHW\Release\Obj\GUI_ARRAY.o                 #
#                    C:\DUII\TargetHW\Release\Obj\GUI_ARRAY_DeleteItem.o      #
#                    C:\DUII\TargetHW\Release\Obj\GUI_ARRAY_InsertItem.o      #
#                    C:\DUII\TargetHW\Release\Obj\GUI_ARRAY_ResizeItem.o      #
#                    C:\DUII\TargetHW\Release\Obj\GUI_AddBin.o                #
#                    C:\DUII\TargetHW\Release\Obj\GUI_AddDec.o                #
#                    C:\DUII\TargetHW\Release\Obj\GUI_AddDecMin.o             #
#                    C:\DUII\TargetHW\Release\Obj\GUI_AddDecShift.o           #
#                    C:\DUII\TargetHW\Release\Obj\GUI_AddHex.o                #
#                    C:\DUII\TargetHW\Release\Obj\GUI_Alloc.o                 #
#                    C:\DUII\TargetHW\Release\Obj\GUI_Arc.o                   #
#                    C:\DUII\TargetHW\Release\Obj\GUI_BMP.o                   #
#                    C:\DUII\TargetHW\Release\Obj\GUI_BMP_DrawScaled.o        #
#                    C:\DUII\TargetHW\Release\Obj\GUI_BMP_Serialize.o         #
#                    C:\DUII\TargetHW\Release\Obj\GUI_CalcColorDist.o         #
#                    C:\DUII\TargetHW\Release\Obj\GUI_Char.o                  #
#                    C:\DUII\TargetHW\Release\Obj\GUI_CharLine.o              #
#                    C:\DUII\TargetHW\Release\Obj\GUI_CharM.o                 #
#                    C:\DUII\TargetHW\Release\Obj\GUI_CharP.o                 #
#                    C:\DUII\TargetHW\Release\Obj\GUI_CharPExt.o              #
#                    C:\DUII\TargetHW\Release\Obj\GUI_CharPFrm.o              #
#                    C:\DUII\TargetHW\Release\Obj\GUI_Circ.o                  #
#                    C:\DUII\TargetHW\Release\Obj\GUI_ClearRectEx.o           #
#                    C:\DUII\TargetHW\Release\Obj\GUI_Color2Index.o           #
#                    C:\DUII\TargetHW\Release\Obj\GUI_Color2VisColor.o        #
#                    C:\DUII\TargetHW\Release\Obj\GUI_Core.o                  #
#                    C:\DUII\TargetHW\Release\Obj\GUI_Curs1.o                 #
#                    C:\DUII\TargetHW\Release\Obj\GUI_CursorArrowL.o          #
#                    C:\DUII\TargetHW\Release\Obj\GUI_CursorArrowLI.o         #
#                    C:\DUII\TargetHW\Release\Obj\GUI_CursorArrowLPx.o        #
#                    C:\DUII\TargetHW\Release\Obj\GUI_CursorArrowM.o          #
#                    C:\DUII\TargetHW\Release\Obj\GUI_CursorArrowMI.o         #
#                    C:\DUII\TargetHW\Release\Obj\GUI_CursorArrowMPx.o        #
#                    C:\DUII\TargetHW\Release\Obj\GUI_CursorArrowS.o          #
#                    C:\DUII\TargetHW\Release\Obj\GUI_CursorArrowSI.o         #
#                    C:\DUII\TargetHW\Release\Obj\GUI_CursorArrowSPx.o        #
#                    C:\DUII\TargetHW\Release\Obj\GUI_CursorCrossL.o          #
#                    C:\DUII\TargetHW\Release\Obj\GUI_CursorCrossLI.o         #
#                    C:\DUII\TargetHW\Release\Obj\GUI_CursorCrossLPx.o        #
#                    C:\DUII\TargetHW\Release\Obj\GUI_CursorCrossM.o          #
#                    C:\DUII\TargetHW\Release\Obj\GUI_CursorCrossMI.o         #
#                    C:\DUII\TargetHW\Release\Obj\GUI_CursorCrossMPx.o        #
#                    C:\DUII\TargetHW\Release\Obj\GUI_CursorCrossS.o          #
#                    C:\DUII\TargetHW\Release\Obj\GUI_CursorCrossSI.o         #
#                    C:\DUII\TargetHW\Release\Obj\GUI_CursorCrossSPx.o        #
#                    C:\DUII\TargetHW\Release\Obj\GUI_CursorHeaderM.o         #
#                    C:\DUII\TargetHW\Release\Obj\GUI_CursorHeaderMI.o        #
#                    C:\DUII\TargetHW\Release\Obj\GUI_CursorHeaderMPx.o       #
#                    C:\DUII\TargetHW\Release\Obj\GUI_CursorPal.o             #
#                    C:\DUII\TargetHW\Release\Obj\GUI_CursorPalI.o            #
#                    C:\DUII\TargetHW\Release\Obj\GUI_DRAW.o                  #
#                    C:\DUII\TargetHW\Release\Obj\GUI_DRAW_BITMAP.o           #
#                    C:\DUII\TargetHW\Release\Obj\GUI_DRAW_BMP.o              #
#                    C:\DUII\TargetHW\Release\Obj\GUI_DRAW_STREAMED.o         #
#                    C:\DUII\TargetHW\Release\Obj\GUI_DRAW_Self.o             #
#                    C:\DUII\TargetHW\Release\Obj\GUI_Device.o                #
#                    C:\DUII\TargetHW\Release\Obj\GUI_DispBin.o               #
#                    C:\DUII\TargetHW\Release\Obj\GUI_DispCEOL.o              #
#                    C:\DUII\TargetHW\Release\Obj\GUI_DispChar.o              #
#                    C:\DUII\TargetHW\Release\Obj\GUI_DispChars.o             #
#                    C:\DUII\TargetHW\Release\Obj\GUI_DispHex.o               #
#                    C:\DUII\TargetHW\Release\Obj\GUI_DispString.o            #
#                    C:\DUII\TargetHW\Release\Obj\GUI_DispStringAt.o          #
#                    C:\DUII\TargetHW\Release\Obj\GUI_DispStringAtCEOL.o      #
#                    C:\DUII\TargetHW\Release\Obj\GUI_DispStringHCenter.o     #
#                    C:\DUII\TargetHW\Release\Obj\GUI_DispStringInRect.o      #
#                    C:\DUII\TargetHW\Release\Obj\GUI_DispStringInRectEx.o    #
#                    C:\DUII\TargetHW\Release\Obj\GUI_DispStringInRectWrap.o  #
#                    C:\DUII\TargetHW\Release\Obj\GUI_DispStringLen.o         #
#                    C:\DUII\TargetHW\Release\Obj\GUI_DrawBitmap.o            #
#                    C:\DUII\TargetHW\Release\Obj\GUI_DrawBitmapEx.o          #
#                    C:\DUII\TargetHW\Release\Obj\GUI_DrawBitmapExp.o         #
#                    C:\DUII\TargetHW\Release\Obj\GUI_DrawBitmapHWAlpha.o     #
#                    C:\DUII\TargetHW\Release\Obj\GUI_DrawBitmapMag.o         #
#                    C:\DUII\TargetHW\Release\Obj\GUI_DrawBitmap_24.o         #
#                    C:\DUII\TargetHW\Release\Obj\GUI_DrawBitmap_555.o        #
#                    C:\DUII\TargetHW\Release\Obj\GUI_DrawBitmap_565.o        #
#                    C:\DUII\TargetHW\Release\Obj\GUI_DrawBitmap_888.o        #
#                    C:\DUII\TargetHW\Release\Obj\GUI_DrawBitmap_8888.o       #
#                    C:\DUII\TargetHW\Release\Obj\GUI_DrawFocusRect.o         #
#                    C:\DUII\TargetHW\Release\Obj\GUI_DrawGradient.o          #
#                    C:\DUII\TargetHW\Release\Obj\GUI_DrawGradientRounded.o   #
#                    C:\DUII\TargetHW\Release\Obj\GUI_DrawGraph.o             #
#                    C:\DUII\TargetHW\Release\Obj\GUI_DrawGraphEx.o           #
#                    C:\DUII\TargetHW\Release\Obj\GUI_DrawHLine.o             #
#                    C:\DUII\TargetHW\Release\Obj\GUI_DrawLine.o              #
#                    C:\DUII\TargetHW\Release\Obj\GUI_DrawPie.o               #
#                    C:\DUII\TargetHW\Release\Obj\GUI_DrawPixel.o             #
#                    C:\DUII\TargetHW\Release\Obj\GUI_DrawPoint.o             #
#                    C:\DUII\TargetHW\Release\Obj\GUI_DrawPolygon.o           #
#                    C:\DUII\TargetHW\Release\Obj\GUI_DrawPolyline.o          #
#                    C:\DUII\TargetHW\Release\Obj\GUI_DrawRectEx.o            #
#                    C:\DUII\TargetHW\Release\Obj\GUI_DrawRoundedFrame.o      #
#                    C:\DUII\TargetHW\Release\Obj\GUI_DrawRoundedRect.o       #
#                    C:\DUII\TargetHW\Release\Obj\GUI_DrawVLine.o             #
#                    C:\DUII\TargetHW\Release\Obj\GUI_EditBin.o               #
#                    C:\DUII\TargetHW\Release\Obj\GUI_EditDec.o               #
#                    C:\DUII\TargetHW\Release\Obj\GUI_EditFloat.o             #
#                    C:\DUII\TargetHW\Release\Obj\GUI_EditHex.o               #
#                    C:\DUII\TargetHW\Release\Obj\GUI_EditString.o            #
#                    C:\DUII\TargetHW\Release\Obj\GUI_EnableAlpha.o           #
#                    C:\DUII\TargetHW\Release\Obj\GUI_EncExt.o                #
#                    C:\DUII\TargetHW\Release\Obj\GUI_EncJS.o                 #
#                    C:\DUII\TargetHW\Release\Obj\GUI_ErrorOut.o              #
#                    C:\DUII\TargetHW\Release\Obj\GUI_Exec.o                  #
#                    C:\DUII\TargetHW\Release\Obj\GUI_FillPolygon.o           #
#                    C:\DUII\TargetHW\Release\Obj\GUI_FillRect.o              #
#                    C:\DUII\TargetHW\Release\Obj\GUI_FillRectEx.o            #
#                    C:\DUII\TargetHW\Release\Obj\GUI_FillRoundedRect.o       #
#                    C:\DUII\TargetHW\Release\Obj\GUI_GIF.o                   #
#                    C:\DUII\TargetHW\Release\Obj\GUI_GIF_DrawScaled.o        #
#                    C:\DUII\TargetHW\Release\Obj\GUI_GetBitmapPixelColor.o   #
#                    C:\DUII\TargetHW\Release\Obj\GUI_GetBitmapPixelIndex.o   #
#                    C:\DUII\TargetHW\Release\Obj\GUI_GetBlankCols.o          #
#                    C:\DUII\TargetHW\Release\Obj\GUI_GetClientRect.o         #
#                    C:\DUII\TargetHW\Release\Obj\GUI_GetColor.o              #
#                    C:\DUII\TargetHW\Release\Obj\GUI_GetDispPos.o            #
#                    C:\DUII\TargetHW\Release\Obj\GUI_GetDrawMode.o           #
#                    C:\DUII\TargetHW\Release\Obj\GUI_GetFont.o               #
#                    C:\DUII\TargetHW\Release\Obj\GUI_GetFontInfo.o           #
#                    C:\DUII\TargetHW\Release\Obj\GUI_GetFontSizeY.o          #
#                    C:\DUII\TargetHW\Release\Obj\GUI_GetLineStyle.o          #
#                    C:\DUII\TargetHW\Release\Obj\GUI_GetOrg.o                #
#                    C:\DUII\TargetHW\Release\Obj\GUI_GetStringDistX.o        #
#                    C:\DUII\TargetHW\Release\Obj\GUI_GetTextAlign.o          #
#                    C:\DUII\TargetHW\Release\Obj\GUI_GetTextExtend.o         #
#                    C:\DUII\TargetHW\Release\Obj\GUI_GetTextMode.o           #
#                    C:\DUII\TargetHW\Release\Obj\GUI_GetVersionString.o      #
#                    C:\DUII\TargetHW\Release\Obj\GUI_GetYSizeOfFont.o        #
#                    C:\DUII\TargetHW\Release\Obj\GUI_Goto.o                  #
#                    C:\DUII\TargetHW\Release\Obj\GUI_HOOK.o                  #
#                    C:\DUII\TargetHW\Release\Obj\GUI_Index2Color.o           #
#                    C:\DUII\TargetHW\Release\Obj\GUI_InitLUT.o               #
#                    C:\DUII\TargetHW\Release\Obj\GUI_InvertRect.o            #
#                    C:\DUII\TargetHW\Release\Obj\GUI_IsInFont.o              #
#                    C:\DUII\TargetHW\Release\Obj\GUI_JOYSTICK.o              #
#                    C:\DUII\TargetHW\Release\Obj\GUI_JPEG.o                  #
#                    C:\DUII\TargetHW\Release\Obj\GUI_JPEG_DrawScaled.o       #
#                    C:\DUII\TargetHW\Release\Obj\GUI_Log.o                   #
#                    C:\DUII\TargetHW\Release\Obj\GUI_MOUSE.o                 #
#                    C:\DUII\TargetHW\Release\Obj\GUI_MOUSE_DriverPS2.o       #
#                    C:\DUII\TargetHW\Release\Obj\GUI_MergeRect.o             #
#                    C:\DUII\TargetHW\Release\Obj\GUI_MoveRect.o              #
#                    C:\DUII\TargetHW\Release\Obj\GUI_OnKey.o                 #
#                    C:\DUII\TargetHW\Release\Obj\GUI_PID.o                   #
#                    C:\DUII\TargetHW\Release\Obj\GUI_Pen.o                   #
#                    C:\DUII\TargetHW\Release\Obj\GUI_PolyEnlarge.o           #
#                    C:\DUII\TargetHW\Release\Obj\GUI_PolyMagnify.o           #
#                    C:\DUII\TargetHW\Release\Obj\GUI_PolyRotate.o            #
#                    C:\DUII\TargetHW\Release\Obj\GUI_Realloc.o               #
#                    C:\DUII\TargetHW\Release\Obj\GUI_RectsIntersect.o        #
#                    C:\DUII\TargetHW\Release\Obj\GUI_SIF.o                   #
#                    C:\DUII\TargetHW\Release\Obj\GUI_SIF_Prop.o              #
#                    C:\DUII\TargetHW\Release\Obj\GUI_SIF_PropExt.o           #
#                    C:\DUII\TargetHW\Release\Obj\GUI_SIF_PropExtFrmInfo.o    #
#                    C:\DUII\TargetHW\Release\Obj\GUI_SIF_PropFrm.o           #
#                    C:\DUII\TargetHW\Release\Obj\GUI_SPRITE.o                #
#                    C:\DUII\TargetHW\Release\Obj\GUI_SaveContext.o           #
#                    C:\DUII\TargetHW\Release\Obj\GUI_ScreenSize.o            #
#                    C:\DUII\TargetHW\Release\Obj\GUI_SelectLCD.o             #
#                    C:\DUII\TargetHW\Release\Obj\GUI_SelectLayer.o           #
#                    C:\DUII\TargetHW\Release\Obj\GUI_SetAlpha.o              #
#                    C:\DUII\TargetHW\Release\Obj\GUI_SetClipRect.o           #
#                    C:\DUII\TargetHW\Release\Obj\GUI_SetColor.o              #
#                    C:\DUII\TargetHW\Release\Obj\GUI_SetColorIndex.o         #
#                    C:\DUII\TargetHW\Release\Obj\GUI_SetDecChar.o            #
#                    C:\DUII\TargetHW\Release\Obj\GUI_SetDefault.o            #
#                    C:\DUII\TargetHW\Release\Obj\GUI_SetDrawMode.o           #
#                    C:\DUII\TargetHW\Release\Obj\GUI_SetFont.o               #
#                    C:\DUII\TargetHW\Release\Obj\GUI_SetLBorder.o            #
#                    C:\DUII\TargetHW\Release\Obj\GUI_SetLineStyle.o          #
#                    C:\DUII\TargetHW\Release\Obj\GUI_SetOrg.o                #
#                    C:\DUII\TargetHW\Release\Obj\GUI_SetOrientation.o        #
#                    C:\DUII\TargetHW\Release\Obj\GUI_SetOrientationC0.o      #
#                    C:\DUII\TargetHW\Release\Obj\GUI_SetOrientationC16.o     #
#                    C:\DUII\TargetHW\Release\Obj\GUI_SetOrientationC32.o     #
#                    C:\DUII\TargetHW\Release\Obj\GUI_SetOrientationC8.o      #
#                    C:\DUII\TargetHW\Release\Obj\GUI_SetPixelIndex.o         #
#                    C:\DUII\TargetHW\Release\Obj\GUI_SetTextAlign.o          #
#                    C:\DUII\TargetHW\Release\Obj\GUI_SetTextMode.o           #
#                    C:\DUII\TargetHW\Release\Obj\GUI_SetTextStyle.o          #
#                    C:\DUII\TargetHW\Release\Obj\GUI_Stream.o                #
#                    C:\DUII\TargetHW\Release\Obj\GUI_StreamCreate.o          #
#                    C:\DUII\TargetHW\Release\Obj\GUI_TOUCH.o                 #
#                    C:\DUII\TargetHW\Release\Obj\GUI_TOUCH_DriverAnalog.o    #
#                    C:\DUII\TargetHW\Release\Obj\GUI_TOUCH_StoreState.o      #
#                    C:\DUII\TargetHW\Release\Obj\GUI_TOUCH_StoreUnstable.o   #
#                    C:\DUII\TargetHW\Release\Obj\GUI_Task.o                  #
#                    C:\DUII\TargetHW\Release\Obj\GUI_Time.o                  #
#                    C:\DUII\TargetHW\Release\Obj\GUI_Timer.o                 #
#                    C:\DUII\TargetHW\Release\Obj\GUI_UC.o                    #
#                    C:\DUII\TargetHW\Release\Obj\GUI_UC0.o                   #
#                    C:\DUII\TargetHW\Release\Obj\GUI_UC_ConvertUC2UTF8.o     #
#                    C:\DUII\TargetHW\Release\Obj\GUI_UC_ConvertUTF82UC.o     #
#                    C:\DUII\TargetHW\Release\Obj\GUI_UC_DispString.o         #
#                    C:\DUII\TargetHW\Release\Obj\GUI_UC_EnableBIDI.o         #
#                    C:\DUII\TargetHW\Release\Obj\GUI_UC_EncodeNone.o         #
#                    C:\DUII\TargetHW\Release\Obj\GUI_UC_EncodeUTF8.o         #
#                    C:\DUII\TargetHW\Release\Obj\GUI_Val.o                   #
#                    C:\DUII\TargetHW\Release\Obj\GUI_Valf.o                  #
#                    C:\DUII\TargetHW\Release\Obj\GUI_WaitEvent.o             #
#                    C:\DUII\TargetHW\Release\Obj\GUI_WaitKey.o               #
#                    C:\DUII\TargetHW\Release\Obj\GUI_Warn.o                  #
#                    C:\DUII\TargetHW\Release\Obj\GUI_XBF.o                   #
#                    C:\DUII\TargetHW\Release\Obj\GUI_XBF_Prop.o              #
#                    C:\DUII\TargetHW\Release\Obj\GUI_XBF_PropExt.o           #
#                    C:\DUII\TargetHW\Release\Obj\GUI_XBF_PropFrm.o           #
#                    C:\DUII\TargetHW\Release\Obj\GUI_X_embOS.o               #
#                    C:\DUII\TargetHW\Release\Obj\GUI__AddSpaceHex.o          #
#                    C:\DUII\TargetHW\Release\Obj\GUI__Arabic.o               #
#                    C:\DUII\TargetHW\Release\Obj\GUI__BiDiRouting.o          #
#                    C:\DUII\TargetHW\Release\Obj\GUI__CalcTextRect.o         #
#                    C:\DUII\TargetHW\Release\Obj\GUI__CompactPixelIndices.o  #
#                    C:\DUII\TargetHW\Release\Obj\GUI__DivideRound.o          #
#                    C:\DUII\TargetHW\Release\Obj\GUI__DivideRound32.o        #
#                    C:\DUII\TargetHW\Release\Obj\GUI__DrawBitmap16bpp.o      #
#                    C:\DUII\TargetHW\Release\Obj\GUI__DrawTwinArc.o          #
#                    C:\DUII\TargetHW\Release\Obj\GUI__ExpandPixelIndices.o   #
#                    C:\DUII\TargetHW\Release\Obj\GUI__GetCursorPos.o         #
#                    C:\DUII\TargetHW\Release\Obj\GUI__GetFontSizeY.o         #
#                    C:\DUII\TargetHW\Release\Obj\GUI__GetNumChars.o          #
#                    C:\DUII\TargetHW\Release\Obj\GUI__HandleEOLine.o         #
#                    C:\DUII\TargetHW\Release\Obj\GUI__IntersectRect.o        #
#                    C:\DUII\TargetHW\Release\Obj\GUI__IntersectRects.o       #
#                    C:\DUII\TargetHW\Release\Obj\GUI__Read.o                 #
#                    C:\DUII\TargetHW\Release\Obj\GUI__ReduceRect.o           #
#                    C:\DUII\TargetHW\Release\Obj\GUI__SetPixelAlpha.o        #
#                    C:\DUII\TargetHW\Release\Obj\GUI__SetText.o              #
#                    C:\DUII\TargetHW\Release\Obj\GUI__SinHQ.o                #
#                    C:\DUII\TargetHW\Release\Obj\GUI__Wrap.o                 #
#                    C:\DUII\TargetHW\Release\Obj\GUI__memcpy.o               #
#                    C:\DUII\TargetHW\Release\Obj\GUI__memset.o               #
#                    C:\DUII\TargetHW\Release\Obj\GUI__memset16.o             #
#                    C:\DUII\TargetHW\Release\Obj\GUI__sqrt32.o               #
#                    C:\DUII\TargetHW\Release\Obj\GUI__strcmp.o               #
#                    C:\DUII\TargetHW\Release\Obj\GUI__strlen.o               #
#                    C:\DUII\TargetHW\Release\Obj\GaugeScreen.o               #
#                    C:\DUII\TargetHW\Release\Obj\GearRatio.o                 #
#                    C:\DUII\TargetHW\Release\Obj\GearRatioButton.o           #
#                    C:\DUII\TargetHW\Release\Obj\GearRatioText.o             #
#                    C:\DUII\TargetHW\Release\Obj\GearRatios.o                #
#                    C:\DUII\TargetHW\Release\Obj\Gearing.o                   #
#                    C:\DUII\TargetHW\Release\Obj\GearingScreens.o            #
#                    C:\DUII\TargetHW\Release\Obj\GeneralConfig.o             #
#                    C:\DUII\TargetHW\Release\Obj\GenericGaugeHelp.o          #
#                    C:\DUII\TargetHW\Release\Obj\GoProIcon.o                 #
#                    C:\DUII\TargetHW\Release\Obj\GoRacing.o                  #
#                    C:\DUII\TargetHW\Release\Obj\GoRacingText.o              #
#                    C:\DUII\TargetHW\Release\Obj\GrayButton.o                #
#                    C:\DUII\TargetHW\Release\Obj\GreenButton.o               #
#                    C:\DUII\TargetHW\Release\Obj\GreenCheck.o                #
#                    C:\DUII\TargetHW\Release\Obj\GreenInputButton.o          #
#                    C:\DUII\TargetHW\Release\Obj\GreenSD.o                   #
#                    C:\DUII\TargetHW\Release\Obj\HEADER.o                    #
#                    C:\DUII\TargetHW\Release\Obj\HEADER_BMP.o                #
#                    C:\DUII\TargetHW\Release\Obj\HEADER_Bitmap.o             #
#                    C:\DUII\TargetHW\Release\Obj\HEADER_Color.o              #
#                    C:\DUII\TargetHW\Release\Obj\HEADER_Create.o             #
#                    C:\DUII\TargetHW\Release\Obj\HEADER_CreateIndirect.o     #
#                    C:\DUII\TargetHW\Release\Obj\HEADER_Default.o            #
#                    C:\DUII\TargetHW\Release\Obj\HEADER_GetSel.o             #
#                    C:\DUII\TargetHW\Release\Obj\HEADER_SetDragLimit.o       #
#                    C:\DUII\TargetHW\Release\Obj\HEADER_SetFixed.o           #
#                    C:\DUII\TargetHW\Release\Obj\HEADER_Skin.o               #
#                    C:\DUII\TargetHW\Release\Obj\HEADER_SkinClassic.o        #
#                    C:\DUII\TargetHW\Release\Obj\HEADER_SkinFlex.o           #
#                    C:\DUII\TargetHW\Release\Obj\HEADER_StreamedBitmap.o     #
#                    C:\DUII\TargetHW\Release\Obj\HEADER__SetDrawObj.o        #
#                    C:\DUII\TargetHW\Release\Obj\Help.o                      #
#                    C:\DUII\TargetHW\Release\Obj\HelpDisabled.o              #
#                    C:\DUII\TargetHW\Release\Obj\HelpExitButton.o            #
#                    C:\DUII\TargetHW\Release\Obj\HelpNextButton.o            #
#                    C:\DUII\TargetHW\Release\Obj\HelpNextDisabledButton.o    #
#                    C:\DUII\TargetHW\Release\Obj\HelpPreviousButton.o        #
#                    C:\DUII\TargetHW\Release\Obj\HelpScreens.o               #
#                    C:\DUII\TargetHW\Release\Obj\HoldTime.o                  #
#                    C:\DUII\TargetHW\Release\Obj\ICONVIEW.o                  #
#                    C:\DUII\TargetHW\Release\Obj\InfoButton.o                #
#                    C:\DUII\TargetHW\Release\Obj\InfoButton1.o               #
#                    C:\DUII\TargetHW\Release\Obj\InfoButton2.o               #
#                    C:\DUII\TargetHW\Release\Obj\InfoButton3.o               #
#                    C:\DUII\TargetHW\Release\Obj\InfoButton4.o               #
#                    C:\DUII\TargetHW\Release\Obj\InfoButton5.o               #
#                    C:\DUII\TargetHW\Release\Obj\InputScreens.o              #
#                    C:\DUII\TargetHW\Release\Obj\InputText.o                 #
#                    C:\DUII\TargetHW\Release\Obj\Inputs.o                    #
#                    C:\DUII\TargetHW\Release\Obj\InputsBackground.o          #
#                    C:\DUII\TargetHW\Release\Obj\Instruments.o               #
#                    C:\DUII\TargetHW\Release\Obj\InterTask.o                 #
#                    C:\DUII\TargetHW\Release\Obj\JLINKDCC_HandleDataAbort.o  #
#                    C:\DUII\TargetHW\Release\Obj\JLINKDCC_Process.o          #
#                    C:\DUII\TargetHW\Release\Obj\KeyboardAccess.o            #
#                    C:\DUII\TargetHW\Release\Obj\KeyboardBlank.o             #
#                    C:\DUII\TargetHW\Release\Obj\LCD.o                       #
#                    C:\DUII\TargetHW\Release\Obj\LCD_AA.o                    #
#                    C:\DUII\TargetHW\Release\Obj\LCD_Color.o                 #
#                    C:\DUII\TargetHW\Release\Obj\LCD_ControlCache.o          #
#                    C:\DUII\TargetHW\Release\Obj\LCD_GetColorIndex.o         #
#                    C:\DUII\TargetHW\Release\Obj\LCD_GetEx.o                 #
#                    C:\DUII\TargetHW\Release\Obj\LCD_GetNumDisplays.o        #
#                    C:\DUII\TargetHW\Release\Obj\LCD_GetP.o                  #
#                    C:\DUII\TargetHW\Release\Obj\LCD_GetPixelColor.o         #
#                    C:\DUII\TargetHW\Release\Obj\LCD_Index2ColorEx.o         #
#                    C:\DUII\TargetHW\Release\Obj\LCD_Info.o                  #
#                    C:\DUII\TargetHW\Release\Obj\LCD_Mirror.o                #
#                    C:\DUII\TargetHW\Release\Obj\LCD_MixColors256.o          #
#                    C:\DUII\TargetHW\Release\Obj\LCD_NextPixelAPI.o          #
#                    C:\DUII\TargetHW\Release\Obj\LCD_RLE16.o                 #
#                    C:\DUII\TargetHW\Release\Obj\LCD_RLE4.o                  #
#                    C:\DUII\TargetHW\Release\Obj\LCD_RLE8.o                  #
#                    C:\DUII\TargetHW\Release\Obj\LCD_ReadRect.o              #
#                    C:\DUII\TargetHW\Release\Obj\LCD_Rotate180.o             #
#                    C:\DUII\TargetHW\Release\Obj\LCD_RotateCCW.o             #
#                    C:\DUII\TargetHW\Release\Obj\LCD_RotateCW.o              #
#                    C:\DUII\TargetHW\Release\Obj\LCD_SelectLCD.o             #
#                    C:\DUII\TargetHW\Release\Obj\LCD_Set.o                   #
#                    C:\DUII\TargetHW\Release\Obj\LCD_SetClipRectEx.o         #
#                    C:\DUII\TargetHW\Release\Obj\LCD_UpdateColorIndices.o    #
#                    C:\DUII\TargetHW\Release\Obj\LEDHandler.o                #
#                    C:\DUII\TargetHW\Release\Obj\LISTBOX.o                   #
#                    C:\DUII\TargetHW\Release\Obj\LISTBOX_AddStringH.o        #
#                    C:\DUII\TargetHW\Release\Obj\LISTBOX_Create.o            #
#                    C:\DUII\TargetHW\Release\Obj\LISTBOX_CreateIndirect.o    #
#                    C:\DUII\TargetHW\Release\Obj\LISTBOX_Default.o           #
#                    C:\DUII\TargetHW\Release\Obj\LISTBOX_DeleteItem.o        #
#                    C:\DUII\TargetHW\Release\Obj\LISTBOX_Font.o              #
#                    C:\DUII\TargetHW\Release\Obj\LISTBOX_GetItemText.o       #
#                    C:\DUII\TargetHW\Release\Obj\LISTBOX_GetNumItems.o       #
#                    C:\DUII\TargetHW\Release\Obj\LISTBOX_GetTextAlign.o      #
#                    C:\DUII\TargetHW\Release\Obj\LISTBOX_InsertString.o      #
#                    C:\DUII\TargetHW\Release\Obj\LISTBOX_ItemDisabled.o      #
#                    C:\DUII\TargetHW\Release\Obj\LISTBOX_ItemSpacing.o       #
#                    C:\DUII\TargetHW\Release\Obj\LISTBOX_MultiSel.o          #
#                    C:\DUII\TargetHW\Release\Obj\LISTBOX_ScrollStep.o        #
#                    C:\DUII\TargetHW\Release\Obj\LISTBOX_SetAutoScroll.o     #
#                    C:\DUII\TargetHW\Release\Obj\LISTBOX_SetBkColor.o        #
#                    C:\DUII\TargetHW\Release\Obj\LISTBOX_SetOwner.o          #
#                    C:\DUII\TargetHW\Release\Obj\LISTBOX_SetOwnerDraw.o      #
#                    C:\DUII\TargetHW\Release\Obj\LISTBOX_SetScrollbarColor.o #
#                     C:\DUII\TargetHW\Release\Obj\LISTBOX_SetScrollbarWidth. #
#                    o C:\DUII\TargetHW\Release\Obj\LISTBOX_SetString.o       #
#                    C:\DUII\TargetHW\Release\Obj\LISTBOX_SetTextAlign.o      #
#                    C:\DUII\TargetHW\Release\Obj\LISTBOX_SetTextColor.o      #
#                    C:\DUII\TargetHW\Release\Obj\LISTVIEW.o                  #
#                    C:\DUII\TargetHW\Release\Obj\LISTVIEW_Create.o           #
#                    C:\DUII\TargetHW\Release\Obj\LISTVIEW_CreateIndirect.o   #
#                    C:\DUII\TargetHW\Release\Obj\LISTVIEW_Default.o          #
#                    C:\DUII\TargetHW\Release\Obj\LISTVIEW_DeleteAllRows.o    #
#                    C:\DUII\TargetHW\Release\Obj\LISTVIEW_DeleteColumn.o     #
#                    C:\DUII\TargetHW\Release\Obj\LISTVIEW_DeleteRow.o        #
#                    C:\DUII\TargetHW\Release\Obj\LISTVIEW_DisableRow.o       #
#                    C:\DUII\TargetHW\Release\Obj\LISTVIEW_GetBkColor.o       #
#                    C:\DUII\TargetHW\Release\Obj\LISTVIEW_GetFont.o          #
#                    C:\DUII\TargetHW\Release\Obj\LISTVIEW_GetHeader.o        #
#                    C:\DUII\TargetHW\Release\Obj\LISTVIEW_GetItemText.o      #
#                    C:\DUII\TargetHW\Release\Obj\LISTVIEW_GetNumColumns.o    #
#                    C:\DUII\TargetHW\Release\Obj\LISTVIEW_GetNumRows.o       #
#                    C:\DUII\TargetHW\Release\Obj\LISTVIEW_GetSel.o           #
#                    C:\DUII\TargetHW\Release\Obj\LISTVIEW_GetTextColor.o     #
#                    C:\DUII\TargetHW\Release\Obj\LISTVIEW_InsertRow.o        #
#                    C:\DUII\TargetHW\Release\Obj\LISTVIEW_SetAutoScroll.o    #
#                    C:\DUII\TargetHW\Release\Obj\LISTVIEW_SetBkColor.o       #
#                    C:\DUII\TargetHW\Release\Obj\LISTVIEW_SetColumnWidth.o   #
#                    C:\DUII\TargetHW\Release\Obj\LISTVIEW_SetFixed.o         #
#                    C:\DUII\TargetHW\Release\Obj\LISTVIEW_SetFont.o          #
#                    C:\DUII\TargetHW\Release\Obj\LISTVIEW_SetGridVis.o       #
#                    C:\DUII\TargetHW\Release\Obj\LISTVIEW_SetItemBitmap.o    #
#                    C:\DUII\TargetHW\Release\Obj\LISTVIEW_SetItemColor.o     #
#                    C:\DUII\TargetHW\Release\Obj\LISTVIEW_SetItemText.o      #
#                    C:\DUII\TargetHW\Release\Obj\LISTVIEW_SetLBorder.o       #
#                    C:\DUII\TargetHW\Release\Obj\LISTVIEW_SetRBorder.o       #
#                    C:\DUII\TargetHW\Release\Obj\LISTVIEW_SetRowHeight.o     #
#                    C:\DUII\TargetHW\Release\Obj\LISTVIEW_SetSel.o           #
#                    C:\DUII\TargetHW\Release\Obj\LISTVIEW_SetSort.o          #
#                    C:\DUII\TargetHW\Release\Obj\LISTVIEW_SetTextAlign.o     #
#                    C:\DUII\TargetHW\Release\Obj\LISTVIEW_SetTextColor.o     #
#                    C:\DUII\TargetHW\Release\Obj\LISTVIEW_UserData.o         #
#                    C:\DUII\TargetHW\Release\Obj\LISTWHEEL.o                 #
#                    C:\DUII\TargetHW\Release\Obj\LISTWHEEL_Create.o          #
#                    C:\DUII\TargetHW\Release\Obj\LapHoldTimeButton.o         #
#                    C:\DUII\TargetHW\Release\Obj\LapTimerTask.o              #
#                    C:\DUII\TargetHW\Release\Obj\LapsQualifyButton.o         #
#                    C:\DUII\TargetHW\Release\Obj\LapsQualifyText.o           #
#                    C:\DUII\TargetHW\Release\Obj\LaptimeHold.o               #
#                    C:\DUII\TargetHW\Release\Obj\Launch.o                    #
#                    C:\DUII\TargetHW\Release\Obj\LaunchG-Force-Text.o        #
#                    C:\DUII\TargetHW\Release\Obj\LaunchG-Force.o             #
#                    C:\DUII\TargetHW\Release\Obj\LeftGauge.o                 #
#                    C:\DUII\TargetHW\Release\Obj\LeftHalfDarkAsphalt.o       #
#                    C:\DUII\TargetHW\Release\Obj\LinearGauge.o               #
#                    C:\DUII\TargetHW\Release\Obj\LinearGaugeScreen.o         #
#                    C:\DUII\TargetHW\Release\Obj\LockedSD.o                  #
#                    C:\DUII\TargetHW\Release\Obj\MENU.o                      #
#                    C:\DUII\TargetHW\Release\Obj\MENU_Attach.o               #
#                    C:\DUII\TargetHW\Release\Obj\MENU_CreateIndirect.o       #
#                    C:\DUII\TargetHW\Release\Obj\MENU_Default.o              #
#                    C:\DUII\TargetHW\Release\Obj\MENU_DeleteItem.o           #
#                    C:\DUII\TargetHW\Release\Obj\MENU_DisableItem.o          #
#                    C:\DUII\TargetHW\Release\Obj\MENU_EnableItem.o           #
#                    C:\DUII\TargetHW\Release\Obj\MENU_GetItem.o              #
#                    C:\DUII\TargetHW\Release\Obj\MENU_GetItemText.o          #
#                    C:\DUII\TargetHW\Release\Obj\MENU_GetNumItems.o          #
#                    C:\DUII\TargetHW\Release\Obj\MENU_InsertItem.o           #
#                    C:\DUII\TargetHW\Release\Obj\MENU_Popup.o                #
#                    C:\DUII\TargetHW\Release\Obj\MENU_SetBkColor.o           #
#                    C:\DUII\TargetHW\Release\Obj\MENU_SetBorderSize.o        #
#                    C:\DUII\TargetHW\Release\Obj\MENU_SetFont.o              #
#                    C:\DUII\TargetHW\Release\Obj\MENU_SetItem.o              #
#                    C:\DUII\TargetHW\Release\Obj\MENU_SetTextColor.o         #
#                    C:\DUII\TargetHW\Release\Obj\MENU__FindItem.o            #
#                    C:\DUII\TargetHW\Release\Obj\MESSAGEBOX.o                #
#                    C:\DUII\TargetHW\Release\Obj\MMC_Drv.o                   #
#                    C:\DUII\TargetHW\Release\Obj\MMC_MCI_Atmel.o             #
#                    C:\DUII\TargetHW\Release\Obj\MMC_SD_CardMode_Drv.o       #
#                    C:\DUII\TargetHW\Release\Obj\MULTIEDIT.o                 #
#                    C:\DUII\TargetHW\Release\Obj\MULTIEDIT_Create.o          #
#                    C:\DUII\TargetHW\Release\Obj\MULTIEDIT_CreateIndirect.o  #
#                    C:\DUII\TargetHW\Release\Obj\MULTIPAGE.o                 #
#                    C:\DUII\TargetHW\Release\Obj\MULTIPAGE_Create.o          #
#                    C:\DUII\TargetHW\Release\Obj\MULTIPAGE_CreateIndirect.o  #
#                    C:\DUII\TargetHW\Release\Obj\MULTIPAGE_Default.o         #
#                    C:\DUII\TargetHW\Release\Obj\MULTIPAGE_SetRotation.o     #
#                    C:\DUII\TargetHW\Release\Obj\Main.o                      #
#                    C:\DUII\TargetHW\Release\Obj\MaxRPM.o                    #
#                    C:\DUII\TargetHW\Release\Obj\MediumBlueButton.o          #
#                    C:\DUII\TargetHW\Release\Obj\MediumBlueButtonDark.o      #
#                    C:\DUII\TargetHW\Release\Obj\MediumSpinner.o             #
#                    C:\DUII\TargetHW\Release\Obj\MenuButton.o                #
#                    C:\DUII\TargetHW\Release\Obj\MiniButton.o                #
#                    "C:\DUII\TargetHW\Release\Obj\Mobius Icon.o"             #
#                    C:\DUII\TargetHW\Release\Obj\N.o                         #
#                    C:\DUII\TargetHW\Release\Obj\NE.o                        #
#                    C:\DUII\TargetHW\Release\Obj\NNE.o                       #
#                    C:\DUII\TargetHW\Release\Obj\NNW.o                       #
#                    C:\DUII\TargetHW\Release\Obj\NW.o                        #
#                    C:\DUII\TargetHW\Release\Obj\NarrowSpinner.o             #
#                    C:\DUII\TargetHW\Release\Obj\NewLCDConf.o                #
#                    C:\DUII\TargetHW\Release\Obj\NoAudioSlideout.o           #
#                    C:\DUII\TargetHW\Release\Obj\NoSUIcon.o                  #
#                    C:\DUII\TargetHW\Release\Obj\NoSignal.o                  #
#                    C:\DUII\TargetHW\Release\Obj\NotCapital.o                #
#                    C:\DUII\TargetHW\Release\Obj\NumPadBlank.o               #
#                    C:\DUII\TargetHW\Release\Obj\OS_Error.o                  #
#                    C:\DUII\TargetHW\Release\Obj\OnOffGreen.o                #
#                    C:\DUII\TargetHW\Release\Obj\OnOffWhite.o                #
#                    C:\DUII\TargetHW\Release\Obj\OneEighthOff.o              #
#                    C:\DUII\TargetHW\Release\Obj\OneEighthOn.o               #
#                    C:\DUII\TargetHW\Release\Obj\OneQuarterOff.o             #
#                    C:\DUII\TargetHW\Release\Obj\OneQuarterOn.o              #
#                    C:\DUII\TargetHW\Release\Obj\OneThousandOff.o            #
#                    C:\DUII\TargetHW\Release\Obj\OneThousandOn.o             #
#                    C:\DUII\TargetHW\Release\Obj\OrangeButton.o              #
#                    C:\DUII\TargetHW\Release\Obj\PROGBAR.o                   #
#                    C:\DUII\TargetHW\Release\Obj\PROGBAR_Create.o            #
#                    C:\DUII\TargetHW\Release\Obj\PROGBAR_CreateIndirect.o    #
#                    C:\DUII\TargetHW\Release\Obj\PROGBAR_SetBarColor.o       #
#                    C:\DUII\TargetHW\Release\Obj\PROGBAR_SetFont.o           #
#                    C:\DUII\TargetHW\Release\Obj\PROGBAR_SetMinMax.o         #
#                    C:\DUII\TargetHW\Release\Obj\PROGBAR_SetText.o           #
#                    C:\DUII\TargetHW\Release\Obj\PROGBAR_SetTextAlign.o      #
#                    C:\DUII\TargetHW\Release\Obj\PROGBAR_SetTextColor.o      #
#                    C:\DUII\TargetHW\Release\Obj\PROGBAR_SetTextPos.o        #
#                    C:\DUII\TargetHW\Release\Obj\PROGBAR_Skin.o              #
#                    C:\DUII\TargetHW\Release\Obj\PROGBAR_SkinClassic.o       #
#                    C:\DUII\TargetHW\Release\Obj\PROGBAR_SkinFlex.o          #
#                    C:\DUII\TargetHW\Release\Obj\PersonalizeButton.o         #
#                    C:\DUII\TargetHW\Release\Obj\PersonalizeScreens.o        #
#                    C:\DUII\TargetHW\Release\Obj\PersonalizeText.o           #
#                    C:\DUII\TargetHW\Release\Obj\PowerBandEnd.o              #
#                    C:\DUII\TargetHW\Release\Obj\PowerBandStart.o            #
#                    C:\DUII\TargetHW\Release\Obj\Predictive.o                #
#                    C:\DUII\TargetHW\Release\Obj\PredictiveLapText.o         #
#                    C:\DUII\TargetHW\Release\Obj\PredictiveLapTimer.o        #
#                    C:\DUII\TargetHW\Release\Obj\PredictiveScaleText.o       #
#                    C:\DUII\TargetHW\Release\Obj\Profiler.o                  #
#                    C:\DUII\TargetHW\Release\Obj\ProfilerScreen.o            #
#                    C:\DUII\TargetHW\Release\Obj\RADIO.o                     #
#                    C:\DUII\TargetHW\Release\Obj\RADIO_Create.o              #
#                    C:\DUII\TargetHW\Release\Obj\RADIO_CreateIndirect.o      #
#                    C:\DUII\TargetHW\Release\Obj\RADIO_Default.o             #
#                    C:\DUII\TargetHW\Release\Obj\RADIO_GetText.o             #
#                    C:\DUII\TargetHW\Release\Obj\RADIO_Image.o               #
#                    C:\DUII\TargetHW\Release\Obj\RADIO_SetBkColor.o          #
#                    C:\DUII\TargetHW\Release\Obj\RADIO_SetDefaultImage.o     #
#                    C:\DUII\TargetHW\Release\Obj\RADIO_SetFocusColor.o       #
#                    C:\DUII\TargetHW\Release\Obj\RADIO_SetFont.o             #
#                    C:\DUII\TargetHW\Release\Obj\RADIO_SetGroupId.o          #
#                    C:\DUII\TargetHW\Release\Obj\RADIO_SetImage.o            #
#                    C:\DUII\TargetHW\Release\Obj\RADIO_SetText.o             #
#                    C:\DUII\TargetHW\Release\Obj\RADIO_SetTextColor.o        #
#                    C:\DUII\TargetHW\Release\Obj\RADIO_Skin.o                #
#                    C:\DUII\TargetHW\Release\Obj\RADIO_SkinClassic.o         #
#                    C:\DUII\TargetHW\Release\Obj\RADIO_SkinFlex.o            #
[...]
mparams                 0x021390bdc     0x18  Data  Lc  dlmalloc.o [3]
msgrouting              0x020610f3c      0x4  Data  Gb  CommTask.o [1]
msgrxbuff               0x0210802e8    0x658  Data  Gb  CommTask.o [1]
msgtxbuff               0x021080940    0x220  Data  Gb  CommTask.o [1]
mtx                     0x021390c00     0x14  Data  Lc  xsyslock.o [3]
ndigs                   0x0203e9a58     0x28  Data  Lc  xstoul.o [3]
newName                 0x02116ee9c     0x14  Data  Gb  RaceSetupScreens.o [1]
newSUCameraSelection    0x021175b58      0x1  Data  Lc  VehicleSettingsScreens.o [1]
newScreen               0x021082c9c      0x4  Data  Gb  DataHandler.o [1]
newTDCameraSelection    0x021175b59      0x1  Data  Lc  VehicleSettingsScreens.o [1]
nextScreen              0x021081e50      0x4  Data  Lc  ConfigScreens.o [1]
nonModalPopupCallback   0x0203b6ad8     0xb8  Code  Gb  SystemSettingsScreens.o [1]
notifyCameraChange      0x0203cc50c      0xc  Code  Gb  InterTask.o [1]
notifyConfigChange      0x0203cc500      0xc  Code  Gb  InterTask.o [1]
notifyFinishSet         0x0203cc548      0xc  Code  Gb  InterTask.o [1]
notifyGPS               0x0203cc554      0xc  Code  Gb  InterTask.o [1]
notifyGPSSimChange      0x0203cc518     0x24  Code  Gb  InterTask.o [1]
notifyModeChange        0x0203cc4f4      0xc  Code  Gb  InterTask.o [1]
notifyStartSet          0x0203cc53c      0xc  Code  Gb  InterTask.o [1]
notifyTQM               0x0203cc560     0x14  Code  Gb  InterTask.o [1]
numDrivers              0x02116ee70      0x4  Data  Gb  RaceSetupScreens.o [1]
numLaps                 0x021172dfc      0x4  Data  Gb  RaceSetupScreens.o [1]
numSessions             0x021081e44      0x4  Data  Gb  ConfigScreens.o [1]
numTracks               0x02116ee78      0x4  Data  Gb  RaceSetupScreens.o [1]
numVehicles             0x02116ee74      0x4  Data  Gb  RaceSetupScreens.o [1]
numberOfShortListTracks
                        0x021175928      0x4  Data  Gb  TrackDetect.o [1]
numberOfShortListTracksUser
                        0x02116eb24      0x4  Data  Gb  RaceSetupScreens.o [1]
numberOfTracks          0x02117592c      0x4  Data  Gb  TrackDetect.o [1]
numtouches              0x02138c8cc      0x4  Data  Lc  NewLCDConf.o [1]
offset                  0x02117f450      0x4  Data  Lc  DriveScreen.o [1]
okToUseSDCard           0x02117f372      0x1  Data  Lc  DUII_Main.o [1]
oldScreen               0x02116e374      0x4  Data  Gb  HelpScreens.o [1]
oldScreenType           0x02116e3d0      0x1  Data  Gb  HelpScreens.o [1]
ones                    0x021175b60      0x4  Data  Gb  VehicleSettingsScreens.o [1]
operator delete (void *)
                        0x02040ca3c     0x18  Code  Gb  delop_0.o [4]
operator new (unsigned int)
                        0x02040bc38     0x40  Code  Gb  newop_0.o [4]
originalSUCameraSelection
                        0x021175b56      0x1  Data  Lc  VehicleSettingsScreens.o [1]
originalTDCameraSelection
                        0x021175b57      0x1  Data  Lc  VehicleSettingsScreens.o [1]
outstanding_msg         0x02117ef8c      0x8  Data  Gb  CommTask.o [1]
pAlarmValue             0x021080060      0x4  Data  Lc  AnalogInputSettings.o [1]
pAnalog0Gauge           0x02117f544      0x4  Data  Gb  DualGaugeScreen.o [1]
pAnalog0Gauge           0x021382e24      0x4  Data  Lc  LinearGaugeScreen.o [1]
pAnalog0Red             0x02117f54c      0x4  Data  Lc  DualGaugeScreen.o [1]
pAnalog1Gauge           0x02117f548      0x4  Data  Gb  DualGaugeScreen.o [1]
pAnalog1Gauge           0x021382e28      0x4  Data  Lc  LinearGaugeScreen.o [1]
pAnalog1Red             0x02117f550      0x4  Data  Lc  DualGaugeScreen.o [1]
pAnalog2Gauge           0x021382e2c      0x4  Data  Lc  LinearGaugeScreen.o [1]
pAnalog3Gauge           0x021382e30      0x4  Data  Lc  LinearGaugeScreen.o [1]
pAnimation              0x021082ca4      0x4  Data  Gb  DataHandler.o [1]
pConvert                0x02137f9e0      0x4  Data  Lc  GUIDEV_WriteToActiveAlpha.o [1]
pCurrent                0x02137f9dc      0x4  Data  Lc  GUIDEV_WriteToActiveAlpha.o [1]
pData                   0x021082ca8     0x14  Data  Lc  DigitalGaugeScreen.o [1]
pData                   0x021085150     0x14  Data  Lc  GMeterScreen.o [1]
pData                   0x021085420     0x14  Data  Lc  GaugeScreen.o [1]
pData                   0x02116eaa8     0x14  Data  Lc  RPMSweepScreen.o [1]
pDataEntryKeyboard      0x02138c8e8      0x4  Data  Lc  PersonalizeScreens.o [1]
pDest                   0x02138c8ec      0x4  Data  Lc  PersonalizeScreens.o [1]
pDisplayText            0x02117477c     0x14  Data  Gb  ReviewSessionsScreens.o [1]
pDistance               0x02117f418      0x4  Data  Lc  DragAutoXScreens.o [1]
pDrivers                0x02116eb28     0xcc  Data  Gb  RaceSetupScreens.o [1]
pEighth                 0x02137fcec      0x4  Data  Lc  GearRatios.o [1]
pEntryKeyboard          0x02108553c      0x4  Data  Lc  GearingScreens.o [1]
pEntryKeyboard          0x02116ee80      0x4  Data  Lc  RaceSetupScreens.o [1]
pFifth                  0x02137fce0      0x4  Data  Lc  GearRatios.o [1]
pFirst                  0x02137fcd0      0x4  Data  Lc  GearRatios.o [1]
pFourth                 0x02137fcdc      0x4  Data  Lc  GearRatios.o [1]
pGM                     0x02117f9ac      0x4  Data  Gb  GMeterScreen.o [1]
pGap                    0x02117f414      0x4  Data  Lc  DragAutoXScreens.o [1]
pGauge                  0x02117f424      0x4  Data  Lc  DragAutoXScreens.o [1]
pGauge                  0x02137fc48      0x4  Data  Lc  GaugeScreen.o [1]
pHelpScreens            0x02116e35c      0x4  Data  Gb  HelpScreens.o [1]
pHelpText               0x021081e84      0x4  Data  Gb  ConfigScreens.o [1]
pHelpTitle              0x021081e88      0x4  Data  Gb  ConfigScreens.o [1]
pLapList                0x0211747a0      0x4  Data  Gb  ReviewSessionsScreens.o [1]
pLapTime                0x02117f410      0x4  Data  Lc  DragAutoXScreens.o [1]
pLapTime                0x02137fc54      0x4  Data  Lc  GaugeScreen.o [1]
pLapTimer               0x02117f420      0x4  Data  Lc  DragAutoXScreens.o [1]
pLapTimer               0x02138c934      0x4  Data  Lc  RPMSweepScreen.o [1]
pLaps                   0x021172df8      0x4  Data  Gb  RaceSetupScreens.o [1]
pMPH                    0x02117f430      0x4  Data  Lc  DragAutoXScreens.o [1]
pMPH                    0x02138c930      0x4  Data  Lc  RPMSweepScreen.o [1]
pName                   0x021082cbc     0x14  Data  Lc  DigitalGaugeScreen.o [1]
pName                   0x021085164     0x14  Data  Lc  GMeterScreen.o [1]
pName                   0x021085434     0x14  Data  Lc  GaugeScreen.o [1]
pName                   0x02116eabc     0x14  Data  Lc  RPMSweepScreen.o [1]
pPredictiveLap          0x02117f3e0      0x4  Data  Lc  DigitalGaugeScreen.o [1]
pPredictiveLap          0x02117f428      0x4  Data  Lc  DragAutoXScreens.o [1]
pPredictiveLap          0x02137fc4c      0x4  Data  Lc  GaugeScreen.o [1]
pPredictiveLap          0x02138c938      0x4  Data  Lc  RPMSweepScreen.o [1]
pRed                    0x02117f438      0x4  Data  Lc  DragAutoXScreens.o [1]
pRed                    0x02137fc60      0x4  Data  Lc  GaugeScreen.o [1]
pRed                    0x02138c944      0x4  Data  Lc  RPMSweepScreen.o [1]
pRenameHigh             0x02117f3f8      0x4  Data  Lc  DigitalInputSettings.o [1]
pRenameInput            0x021080058      0x4  Data  Lc  AnalogInputSettings.o [1]
pRenameInput            0x02117f400      0x4  Data  Lc  DigitalInputSettings.o [1]
pRenameLow              0x02117f3fc      0x4  Data  Lc  DigitalInputSettings.o [1]
pRenameUnits            0x02108005c      0x4  Data  Lc  AnalogInputSettings.o [1]
pSFKeyboard             0x021390454      0x4  Data  Lc  SFScreens.o [1]
pScreens                0x02116e378      0x4  Data  Gb  HelpScreens.o [1]
pSecond                 0x02137fcd4      0x4  Data  Lc  GearRatios.o [1]
pSeventh                0x02137fce8      0x4  Data  Lc  GearRatios.o [1]
pSixth                  0x02137fce4      0x4  Data  Lc  GearRatios.o [1]
pSpeed                  0x02117f41c      0x4  Data  Lc  DragAutoXScreens.o [1]
pSpeed                  0x02137fc58      0x4  Data  Lc  GaugeScreen.o [1]
pSweep                  0x02117f42c      0x4  Data  Lc  DragAutoXScreens.o [1]
pSweep                  0x02138c92c      0x4  Data  Lc  RPMSweepScreen.o [1]
pThird                  0x02137fcd8      0x4  Data  Lc  GearRatios.o [1]
pTrackTypes             0x021175990     0x1c  Data  Gb  TrackSettingsScreens.o [1]
pTracksShort            0x02116eb20      0x4  Data  Gb  RaceSetupScreens.o [1]
pUnits                  0x021082cd0     0x14  Data  Lc  DigitalGaugeScreen.o [1]
pUnits                  0x021085178     0x14  Data  Lc  GMeterScreen.o [1]
pUnits                  0x021085448     0x14  Data  Lc  GaugeScreen.o [1]
pUnits                  0x02116ead0     0x14  Data  Lc  RPMSweepScreen.o [1]
pValueHigh              0x02117ee8c      0x4  Data  Lc  AnalogInputsScale.o [1]
pValueLow               0x02117ee88      0x4  Data  Lc  AnalogInputsScale.o [1]
pVehicles               0x02116ebf4    0x25c  Data  Gb  RaceSetupScreens.o [1]
pVoltsHigh              0x02117ee84      0x4  Data  Lc  AnalogInputsScale.o [1]
pVoltsLow               0x02117ee80      0x4  Data  Lc  AnalogInputsScale.o [1]
pYellow                 0x02117f434      0x4  Data  Lc  DragAutoXScreens.o [1]
pYellow                 0x02137fc5c      0x4  Data  Lc  GaugeScreen.o [1]
pYellow                 0x02138c940      0x4  Data  Lc  RPMSweepScreen.o [1]
parentSave              0x021390424      0x4  Data  Gb  SFScreens.o [1]
parseName               0x0203b2abc     0x94  Code  Gb  RaceSetupScreens.o [1]
parseSessionName        0x0203b328c    0x20c  Code  Gb  RaceSetupScreens.o [1]
pdrlancstatus           0x02117f373      0x1  Data  Gb  CommTask.o [1]
peekingScreenHandle     0x0211747c0      0x4  Data  Lc  RunningGauges.o [1]
peekingScreenID         0x0211747c4      0x4  Data  Lc  RunningGauges.o [1]
popupCallback           0x0203a7ff4    0x184  Code  Gb  ConfigScreens.o [1]
popupTitleTextColor     0x0210822b4      0x4  Data  Gb  DUII_Main.o [1]
pows                    0x020410560     0x48  Data  Lc  xdtento.o [5]
predictiveLap           0x02137fc50      0x4  Data  Lc  GaugeScreen.o [1]
predictiveLap           0x02138c964      0x4  Data  Gb  RPMSweepScreen.o [1]
prepend_alloc           0x0203e79b4    0x460  Code  Lc  dlmalloc.o [3]
pressingbutton_semaphore
                        0x021081e34      0x4  Data  Gb  ConfigScreens.o [1]
previousOffset          0x02117f454      0x4  Data  Lc  DriveScreen.o [1]
previous_touch_state    0x021081e4c      0x4  Data  Lc  ConfigScreens.o [1]
processingScreenTransition
                        0x02117f55a      0x1  Data  Gb  ConfigScreens.o [1]
qsort                   0x020414478     0x18  Code  Gb  qsort.o [3]
raceMode                0x021390428      0x1  Data  Gb  SFScreens.o [1]
raceModeState           0x021081e8d      0x1  Data  Gb  ConfigScreens.o [1]
redFirstTime            0x021175b54      0x1  Data  Lc  VehicleSettingsScreens.o [1]
refsectornum            0x02116ea00      0x4  Data  Lc  LapTimerTask.o [1]
reset                   0x0203f636c     0x18  Code  Gb  reset.o [1]
reviewAutoXDisplay      0x021173442      0x1  Data  Gb  RaceSetupScreens.o [1]
reviewDragDisplay       0x021173443      0x1  Data  Gb  RaceSetupScreens.o [1]
reviewDriveDisplay      0x021173441      0x1  Data  Gb  RaceSetupScreens.o [1]
reviewHillDisplay       0x021173444      0x1  Data  Gb  RaceSetupScreens.o [1]
reviewRaceDisplay       0x021173440      0x1  Data  Gb  RaceSetupScreens.o [1]
reviewingSession        0x021081e92      0x1  Data  Gb  ConfigScreens.o [1]
romTrackTable           0x0203de178   0x6978  Data  Gb  TrackDetect.o [1]
rot3                    0x020413dbc     0xb8  Code  Lc  qsort.o [3]
rotate                  0x020413e74     0x74  Code  Lc  qsort.o [3]
rpm                     0x02138c94c      0x4  Data  Gb  RPMSweepScreen.o [1]
rpmListStart            0x021174b9c      0x4  Data  Gb  TachSetupScreens.o [1]
scratchpad              0x021080218     0x80  Data  Gb  CommTask.o [1]
screenID                0x02138c8f0      0x1  Data  Lc  PersonalizeScreens.o [1]
screenIndex             0x02116e37c      0x4  Data  Gb  HelpScreens.o [1]
screen_scrolling        0x021081e30      0x4  Data  Gb  ConfigScreens.o [1]
sdCardManagerStack      0x02138b7ec    0x800  Data  Lc  Main.o [1]
sdCardManagerTCB        0x02138bfec     0x44  Data  Gb  Main.o [1]
sector                  0x02138057c   0x28a0  Data  Lc  LapTimerTask.o [1]
seekhdg                 0x02116ea08      0x4  Data  Lc  LapTimerTask.o [1]
seeklat                 0x02116e9e8      0x8  Data  Lc  LapTimerTask.o [1]
seeklon                 0x02116e9f0      0x8  Data  Lc  LapTimerTask.o [1]
selectedRaceMode        0x021081e8e      0x1  Data  Gb  ConfigScreens.o [1]
selectedSessionSorted   0x021081e78      0x4  Data  Gb  ConfigScreens.o [1]
selectedSessionUnsorted
                        0x021081e3c      0x4  Data  Gb  ConfigScreens.o [1]
selectedTrackName       0x02116eeb0     0x14  Data  Gb  RaceSetupScreens.o [1]
sessionFile             0x0210802dc      0x4  Data  Gb  CommTask.o [1]
sessionName             0x021173464     0x50  Data  Gb  RaceSetupScreens.o [1]
shifting                0x021082c4c      0x4  Data  Gb  DataHandler.o [1]
slideoutState           0x021081e8c      0x1  Data  Gb  ConfigScreens.o [1]
slideoutStepSize        0x021081e18      0x4  Data  Gb  ConfigScreens.o [1]
slideoutStepTime        0x021081e1c      0x4  Data  Gb  ConfigScreens.o [1]
slideoutXPos            0x021081e04      0x4  Data  Gb  ConfigScreens.o [1]
slideoutYPos            0x021081e08      0x4  Data  Gb  ConfigScreens.o [1]
speed                   0x02117f460      0x4  Data  Lc  DriveScreen.o [1]
speed                   0x02116e9f8      0x8  Data  Lc  LapTimerTask.o [1]
speed                   0x02138c960      0x4  Data  Gb  RPMSweepScreen.o [1]
speedDirection          0x021082c48      0x4  Data  Gb  DataHandler.o [1]
speedStr                0x02117f46c     0x20  Data  Lc  DriveScreen.o [1]
speedStr                0x02137fc74     0x14  Data  Gb  GaugeScreen.o [1]
splashScreenStartTime   0x02117f368      0x4  Data  Gb  DUII_Main.o [1]
sprintf                 0x0203d5590     0x58  Code  Gb  sprintf.o [3]
sqrt                    0x0203f103c           Code  Gb  sqrt.o [5]
sqrtl                   0x0203f103c           Code  Gb  sqrt.o [5]
stationaryTimer         0x021081db4     0x14  Data  Gb  CommTask.o [1]
stopRecording           0x02041a1bc     0x10  Code  Lc  CommTask.o [1]
stopTSScan              0x02138c8bc      0x4  Data  Lc  NewLCDConf.o [1]
strcat                  0x0203d55e8     0x34  Code  Gb  strcat.o [3]
strchr                  0x020417b3c           Code  Gb  strchr.o [7]
strcmp                  0x0203cc3f8           Code  Gb  strcmp.o [7]
strcpy                  0x0203d4ecc           Code  Gb  strcpy.o [7]
strlen                  0x0203d54d8           Code  Gb  strlen.o [7]
strncmp                 0x0203e6684     0x4c  Code  Gb  strncmp.o [3]
strncpy                 0x0203dce20           Code  Gb  strncpy.o [7]
suData                  0x02117f74c     0x24  Data  Gb  FlashReadWrite.o [1]
suspendForHelp          0x02116e358      0x4  Data  Gb  HelpScreens.o [1]
swap                    0x020413d24     0x98  Code  Lc  qsort.o [3]
sysData                 0x02117605c     0xf4  Data  Gb  FlashReadWrite.o [1]
sys_alloc               0x0203e80f0    0x218  Code  Lc  dlmalloc.o [3]
syslock_o               0x021390bfc      0x4  Data  Lc  xsyslock.o [3]
systemSettingsPopupScreen
                        0x02139048c      0x4  Data  Gb  SystemSettingsScreens.o [1]
tachLEDPWMSetting       0x02116e930      0x4  Data  Gb  LEDHandler.o [1]
tanf                    0x02041cba0    0x120  Code  Gb  tanf.o [5]
tempCameraIndex         0x021175b4c      0x4  Data  Lc  VehicleSettingsScreens.o [1]
tempCorrection          0x02116e938      0x4  Data  Gb  LEDHandler.o [1]
tempVehicleName         0x021172de4     0x14  Data  Gb  RaceSetupScreens.o [1]
tenths                  0x021175b64      0x4  Data  Gb  VehicleSettingsScreens.o [1]
testCamera              0x021175b08      0x4  Data  Gb  VehicleSettingsScreens.o [1]
testMode                0x02117f35c      0x4  Data  Gb  DUII_Main.o [1]
testfirsttimethrough    0x02117f9d8      0x1  Data  Lc  GPSInfoScreen.o [1]
timeStr                 0x02117f4d0     0x20  Data  Lc  DriveScreen.o [1]
timeString              0x0213904b8     0x10  Data  Gb  Utilities.o [1]
tireCircumference       0x021085648      0xc  Data  Gb  GearingScreens.o [1]
tmalloc_large           0x0203e8310    0x52c  Code  Lc  dlmalloc.o [3]
tmalloc_small           0x0203e883c    0x2e0  Code  Lc  dlmalloc.o [3]
topLEDCenter            0x021380574      0x4  Data  Gb  LEDHandler.o [1]
totalCorrection         0x02116e93c      0x4  Data  Gb  LEDHandler.o [1]
totalWaitForCameraTime  0x021390414      0x4  Data  Lc  SFScreens.o [1]
tqmOpen                 0x0203cc574     0x2c  Code  Gb  InterTask.o [1]
tqmQMem                 0x02138c088    0x800  Data  Gb  Main.o [1]
tqmWrite                0x0203cc5a0     0x2c  Code  Gb  InterTask.o [1]
tqmheader               0x021080b88   0x122c  Data  Gb  CommTask.o [1]
tqmsample               0x02117ef94     0x7c  Data  Gb  CommTask.o [1]
trackData               0x021176230   0x14a0  Data  Gb  FlashReadWrite.o [1]
trackShortList          0x021175284    0x6a4  Data  Gb  TrackDetect.o [1]
trackTable              0x0211776e0   0x7788  Data  Gb  TrackDetect.o [1]
trackTableIndex         0x02116ee84      0x4  Data  Gb  RaceSetupScreens.o [1]
trim                    0x0203e5f48     0x58  Code  Gb  Utilities.o [1]
trimn                   0x0203e5fa0     0x64  Code  Gb  Utilities.o [1]
tripDistStr             0x02117f4f0     0x20  Data  Lc  DriveScreen.o [1]
typeSave                0x021390429      0x1  Data  Gb  SFScreens.o [1]
uSDelay                 0x0203f3328     0x44  Code  Gb  SPI_AT91SAM9RL64.o [1]
unpack_velocities       0x0203f35f0     0x74  Code  Gb  datadecode.o [1]
unsavedSysData          0x021176150     0xe0  Data  Gb  FlashReadWrite.o [1]
upperLEDOnReason        0x02116e8e4     0x18  Data  Gb  LEDHandler.o [1]
userAbort               0x021081e91      0x1  Data  Gb  ConfigScreens.o [1]
valueHighString         0x02117eecc     0x14  Data  Gb  AnalogInputsScale.o [1]
valueLowString          0x02117eeb8     0x14  Data  Gb  AnalogInputsScale.o [1]
vehicleData             0x021175e80    0x1dc  Data  Gb  FlashReadWrite.o [1]
vehicleSelectionChanged
                        0x02116ee98      0x1  Data  Gb  RaceSetupScreens.o [1]
verifyData              0x0203cc63c    0x1ec  Code  Gb  FlashReadWrite.o [1]
voltsHighString         0x02117eea4     0x14  Data  Gb  AnalogInputsScale.o [1]
voltsLowString          0x02117ee90     0x14  Data  Gb  AnalogInputsScale.o [1]
waitedForSF             0x021081e8f      0x1  Data  Lc  ConfigScreens.o [1]
waiting_usb_camera      0x0210802e0      0x4  Data  Gb  CommTask.o [1]
warningLEDPWMSetting    0x02116e92c      0x4  Data  Gb  LEDHandler.o [1]
workString              0x02138c8f4     0x34  Data  Gb  PersonalizeScreens.o [1]
workingOffset           0x02117f458      0x4  Data  Lc  DriveScreen.o [1]
xGStr                   0x02117f498      0xc  Data  Lc  DriveScreen.o [1]
xferSPI                 0x0203f33b8     0x2c  Code  Gb  SPI_AT91SAM9RL64.o [1]
xhistory                0x02138c89c     0x10  Data  Lc  NewLCDConf.o [1]
yGStr                   0x02117f48c      0xc  Data  Lc  DriveScreen.o [1]
yellowFirstTime         0x021175b55      0x1  Data  Lc  VehicleSettingsScreens.o [1]
yhistory                0x02138c8ac     0x10  Data  Lc  NewLCDConf.o [1]


[1] = C:\DUII\TargetHW\Release\Obj
[2] = command line
[3] = dl5E_aln.a
[4] = dlpp5E_al_ne.a
[5] = m5E_al.a
[6] = os5t_al__dp.a
[7] = rt5E_al.a
[8] = shs_l.a

     580 208 bytes of readonly  code memory
   5 780 696 bytes of readonly  data memory
  12 417 216 bytes of readwrite data memory

Errors: none
Warnings: none
