###############################################################################
#                                                                             #
# IAR ANSI C/C++ Compiler V6.10.2.52244/W32 for ARM     19/Nov/2015  13:09:45 #
# Copyright 1999-2010 IAR Systems AB.                                         #
#                                                                             #
#    Cpu mode     =  arm                                                      #
#    Endian       =  little                                                   #
#    Source file  =  C:\DUII\TargetHW\GUI\WM_BringToTop.c                     #
#    Command line =  C:\DUII\TargetHW\GUI\WM_BringToTop.c -D DEBUG=1 -D       #
#                    SDRAM_TARGET=1 -D USB_IS_HIGH_SPEED -D NOPROFILER -D     #
#                    OS_TRACE=0 -D OS_VIEW_ENABLE=0 -lCN                      #
#                    C:\DUII\TargetHW\Release\List\ -o                        #
#                    C:\DUII\TargetHW\Release\Obj\ --endian=little            #
#                    --cpu=ARM926EJ-S -e --fpu=None --dlib_config             #
#                    "C:\Program Files (x86)\IAR Systems\Embedded Workbench   #
#                    6.0\arm\INC\c\DLib_Config_Normal.h" -I                   #
#                    C:\DUII\TargetHW\Application\SEGGERDEMO\ -I              #
#                    C:\DUII\TargetHW\Application\SEGGERDEMO\Src\ -I          #
#                    C:\DUII\TargetHW\Config\ -I C:\DUII\TargetHW\FS\ -I      #
#                    C:\DUII\TargetHW\GUI\ -I C:\DUII\TargetHW\Inc\ -I        #
#                    C:\DUII\TargetHW\OS\ -I C:\DUII\TargetHW\Setup\ -I       #
#                    \DUII\DUII\ -I \DUII\DUII\Graphics\ --cpu_mode arm -Ohs  #
#                    --use_c++_inline --require_prototypes                    #
#    List file    =  C:\DUII\TargetHW\Release\List\WM_BringToTop.lst          #
#    Object file  =  C:\DUII\TargetHW\Release\Obj\WM_BringToTop.o             #
#                                                                             #
#                                                                             #
###############################################################################

C:\DUII\TargetHW\GUI\WM_BringToTop.c
      1          /*********************************************************************
      2          *                SEGGER Microcontroller GmbH & Co. KG                *
      3          *        Solutions for real time microcontroller applications        *
      4          **********************************************************************
      5          *                                                                    *
      6          *        (c) 1996 - 2010  SEGGER Microcontroller GmbH & Co. KG       *
      7          *                                                                    *
      8          *        Internet: www.segger.com    Support:  support@segger.com    *
      9          *                                                                    *
     10          **********************************************************************
     11          
     12          ** emWin V5.06 - Graphical user interface for embedded applications **
     13          emWin is protected by international copyright laws.   Knowledge of the
     14          source code may not be used to write a similar product.  This file may
     15          only be used in accordance with a license and should not be re-
     16          distributed in any way. We appreciate your understanding and fairness.
     17          ----------------------------------------------------------------------
     18          File        : WM_BringToTop.c
     19          Purpose     : Windows manager routine
     20          ----------------------------------------------------------------------
     21          */
     22          
     23          #include "WM_Intern.h"
     24          
     25          #if GUI_WINSUPPORT    /* If 0, WM will not generate any code */
     26          
     27          /*********************************************************************
     28          *
     29          *         Data types
     30          *
     31          **********************************************************************
     32          */
     33          
     34          typedef struct {
     35            GUI_RECT Rect;
     36          } VCDATA;
     37          
     38          /*********************************************************************
     39          *
     40          *         Static code
     41          *
     42          **********************************************************************
     43          */
     44          
     45          /*********************************************************************
     46          *
     47          *       _cbInvalidateOne
     48          */

   \                                 In section .text, align 4, keep-with-next
     49          static void _cbInvalidateOne(WM_HWIN hWin, void * p) {
     50            GUI_USE_PARA(p);
     51            WM_InvalidateWindow(hWin);
   \                     _cbInvalidateOne:
   \   00000000   ........           B        WM_InvalidateWindow  ;; tailcall
     52          }
     53          
     54          /*********************************************************************
     55          *
     56          *       _InvalidateWindowAndDescs
     57          */
     58          static void _InvalidateWindowAndDescs(WM_HWIN hWin) {
     59            WM_InvalidateWindow(hWin);
     60            WM_ForEachDesc(hWin, _cbInvalidateOne, 0);
     61          }
     62          
     63          /*********************************************************************
     64          *
     65          *       _BringToTop
     66          */
     67          static void _BringToTop(WM_HWIN hWin) {
     68            WM_HWIN hNext, hParent;
     69            WM_Obj * pWin, * pNext;
     70            if (hWin) {
     71              pWin = WM_H2P(hWin);
     72              hNext = pWin->hNext;
     73              /* Is window alread on top ? If so, we are done. (Not required, just an optimization) */
     74              if (hNext == 0) {
     75                return;
     76              }
     77              /* For non-top windows, it is good enough if the next one is a stay-on-top-window (Not required, just an optimization) */
     78              if ((pWin->Status & WM_SF_STAYONTOP) == 0) {
     79                pNext = WM_H2P(hNext);
     80                if (pNext->Status & WM_SF_STAYONTOP) {
     81                  return;
     82                }
     83              }
     84              hParent = pWin->hParent;
     85              WM__RemoveWindowFromList(hWin);
     86              WM__InsertWindowIntoList(hWin, hParent);
     87              _InvalidateWindowAndDescs(hWin);
     88            }
     89          }
     90          
     91          /*********************************************************************
     92          *
     93          *         Public code
     94          *
     95          **********************************************************************
     96          */
     97          /*********************************************************************
     98          *
     99          *       WM_BringToTop
    100          */

   \                                 In section .text, align 4, keep-with-next
    101          void WM_BringToTop(WM_HWIN hWin) {
   \                     WM_BringToTop:
   \   00000000   30402DE9           PUSH     {R4,R5,LR}
   \   00000004   04D04DE2           SUB      SP,SP,#+4
   \   00000008   0040A0E1           MOV      R4,R0
    102            WM_LOCK();
   \   0000000C   ........           BL       GUI_Lock
    103            _BringToTop(hWin);
   \   00000010   000054E3           CMP      R4,#+0
   \   00000014   1800000A           BEQ      ??WM_BringToTop_0
   \   00000018   0400A0E1           MOV      R0,R4
   \   0000001C   ........           BL       GUI_ALLOC_h2p
   \   00000020   0050A0E1           MOV      R5,R0
   \   00000024   200095E5           LDR      R0,[R5, #+32]
   \   00000028   000050E3           CMP      R0,#+0
   \   0000002C   1200000A           BEQ      ??WM_BringToTop_0
   \   00000030   2810D5E5           LDRB     R1,[R5, #+40]
   \   00000034   080011E3           TST      R1,#0x8
   \   00000038   0300001A           BNE      ??WM_BringToTop_1
   \   0000003C   ........           BL       GUI_ALLOC_h2p
   \   00000040   2800D0E5           LDRB     R0,[R0, #+40]
   \   00000044   080010E3           TST      R0,#0x8
   \   00000048   0B00001A           BNE      ??WM_BringToTop_0
   \                     ??WM_BringToTop_1:
   \   0000004C   185095E5           LDR      R5,[R5, #+24]
   \   00000050   0400A0E1           MOV      R0,R4
   \   00000054   ........           BL       WM__RemoveWindowFromList
   \   00000058   0510A0E1           MOV      R1,R5
   \   0000005C   0400A0E1           MOV      R0,R4
   \   00000060   ........           BL       WM__InsertWindowIntoList
   \   00000064   0400A0E1           MOV      R0,R4
   \   00000068   ........           BL       WM_InvalidateWindow
   \   0000006C   0020A0E3           MOV      R2,#+0
   \   00000070   ........           LDR      R1,??DataTable0
   \   00000074   0400A0E1           MOV      R0,R4
   \   00000078   ........           BL       WM_ForEachDesc
    104            WM_UNLOCK();
   \                     ??WM_BringToTop_0:
   \   0000007C   04D08DE2           ADD      SP,SP,#+4
   \   00000080   3040BDE8           POP      {R4,R5,LR}
   \   00000084   ........           B        GUI_Unlock       ;; tailcall
    105          }

   \                                 In section .text, align 4, keep-with-next
   \                     ??DataTable0:
   \   00000000   ........           DC32     _cbInvalidateOne
    106          
    107          #else
    108            void WM_BringToTop_c(void) {} /* avoid empty object files */
    109          #endif   /* GUI_WINSUPPORT */
    110          
    111          
    112          /*************************** End of file ****************************/

   Maximum stack usage in bytes:

     Function         .cstack
     --------         -------
     WM_BringToTop        16
     _cbInvalidateOne      8


   Section sizes:

     Function/Label   Bytes
     --------------   -----
     _cbInvalidateOne    4
     WM_BringToTop     136
     ??DataTable0        4

 
 144 bytes in section .text
 
 144 bytes of CODE memory

Errors: none
Warnings: none
