 DUII

 Timestamp is 56b9fa81 (Tue Feb 09 09:41:05 2016)

 Preferred load address is 00400000

 Start         Length     Name                   Class
 0001:00000000 000ac934H .textbss                DATA
 0002:00000000 00162380H .text                   CODE
 0002:00162380 00001544H .text$yc                CODE
 0002:001638c4 00001019H .text$yd                CODE
 0003:00000000 00000104H .CRT$XCA                DATA
 0003:00000104 00000140H .CRT$XCU                DATA
 0003:00000244 00000104H .CRT$XCZ                DATA
 0003:00000348 00000104H .CRT$XIA                DATA
 0003:0000044c 00000118H .CRT$XIC                DATA
 0003:00000564 00000104H .CRT$XIY                DATA
 0003:00000668 00000104H .CRT$XIZ                DATA
 0003:0000076c 00000104H .CRT$XPA                DATA
 0003:00000870 00000104H .CRT$XPX                DATA
 0003:00000974 00000104H .CRT$XPXA               DATA
 0003:00000a78 00000104H .CRT$XPZ                DATA
 0003:00000b7c 00000104H .CRT$XTA                DATA
 0003:00000c80 00000104H .CRT$XTZ                DATA
 0003:00000d90 009e756eH .rdata                  DATA
 0003:009e8300 00000164H .rdata$debug            DATA
 0003:009e8464 0000032fH .rdata$r                DATA
 0003:009e8794 00000104H .rtc$IAA                DATA
 0003:009e8898 00001034H .rtc$IMZ                DATA
 0003:009e98cc 00000104H .rtc$IZZ                DATA
 0003:009e99d0 00000104H .rtc$TAA                DATA
 0003:009e9ad4 00001034H .rtc$TMZ                DATA
 0003:009eab08 00000104H .rtc$TZZ                DATA
 0003:009eac10 00000bd2H .xdata$x                DATA
 0003:009eb7e2 00000000H .edata                  DATA
 0004:00000000 0014c3e7H .data                   DATA
 0004:0014c400 00289834H .bss                    DATA
 0005:00000000 00000050H .idata$2                DATA
 0005:00000050 00000014H .idata$3                DATA
 0005:00000064 000004b4H .idata$4                DATA
 0005:00000518 000004b4H .idata$5                DATA
 0005:000009cc 0000112eH .idata$6                DATA
 0006:00000000 000006b3H .rsrc$01                DATA
 0006:000006c0 001761bcH .rsrc$02                DATA

  Address         Publics by Value              Rva+Base       Lib:Object

 0000:00000000       ___safe_se_handler_table   00000000     <absolute>
 0000:00000000       ___safe_se_handler_count   00000000     <absolute>
 0000:00000000       __except_list              00000000     <absolute>
 0000:00000000       ___ImageBase               00400000     <linker-defined>
 0001:00000000       __enc$textbss$begin        00401000     <linker-defined>
 0001:000ac934       __enc$textbss$end          004ad934     <linker-defined>
 0002:00009670       ??0Alarm@@QAE@_NMMK@Z      004b7670 f   Alarm.obj
 0002:00009700       ??0Alarm@@QAE@_NMMKKW4AlarmType@@PAV0@2@Z 004b7700 f   Alarm.obj
 0002:000097a0       _GetAnalogInputSettingsWindowHandle 004b77a0 f   AnalogInputSettings.obj
 0002:000097e0       _SetAnalogInputSettingsWindowHandle 004b77e0 f   AnalogInputSettings.obj
 0002:00009820       _AISKillKeyboard           004b7820 f   AnalogInputSettings.obj
 0002:00009890       _AnalogInputSettingsCallback 004b7890 f   AnalogInputSettings.obj
 0002:0000a0e0       _DisplayScale              004b80e0 f   AnalogInputSettings.obj
 0002:0000a4a0       _ScalePaint                004b84a0 f   AnalogInputSettings.obj
 0002:0000a8e0       _SetFilteringText          004b88e0 f   AnalogInputSettings.obj
 0002:0000aa20       _DisplayAlarm              004b8a20 f   AnalogInputSettings.obj
 0002:0000ad70       _AlarmPaint                004b8d70 f   AnalogInputSettings.obj
 0002:0000b200       _DisplayRenameInput        004b9200 f   AnalogInputSettings.obj
 0002:0000b300       _RenameInputPaint          004b9300 f   AnalogInputSettings.obj
 0002:0000b330       _DisplayRenameUnits        004b9330 f   AnalogInputSettings.obj
 0002:0000b430       _RenameUnitsPaint          004b9430 f   AnalogInputSettings.obj
 0002:0000b460       _AnalogInputSettingsIgnoreNextKeyRelease 004b9460 f   AnalogInputSettings.obj
 0002:0000b490       _DeleteAnalogKeyboards     004b9490 f   AnalogInputSettings.obj
 0002:0000b550       _ValidateAnalogData        004b9550 f   AnalogInputSettings.obj
 0002:0000b7b0       _InvalidAnalogDataPopUp    004b97b0 f   AnalogInputSettings.obj
 0002:0000b8b0       _GetAnalogInputsScaleWindowHandle 004b98b0 f   AnalogInputsScale.obj
 0002:0000b8f0       _SetAnalogInputsScaleWindowHandle 004b98f0 f   AnalogInputsScale.obj
 0002:0000b930       _SaveData                  004b9930 f   AnalogInputsScale.obj
 0002:0000ba40       _AnalogInputsScaleCallback 004b9a40 f   AnalogInputsScale.obj
 0002:0000bbf0       _DisplayVoltsLow           004b9bf0 f   AnalogInputsScale.obj
 0002:0000bd20       _DisplayVoltsHigh          004b9d20 f   AnalogInputsScale.obj
 0002:0000be50       _DisplayValueLow           004b9e50 f   AnalogInputsScale.obj
 0002:0000bf80       _DisplayValueHigh          004b9f80 f   AnalogInputsScale.obj
 0002:0000c0b0       _VoltsLowPaint             004ba0b0 f   AnalogInputsScale.obj
 0002:0000c0e0       _VoltsHighPaint            004ba0e0 f   AnalogInputsScale.obj
 0002:0000c110       _ValueLowPaint             004ba110 f   AnalogInputsScale.obj
 0002:0000c140       _ValueHighPaint            004ba140 f   AnalogInputsScale.obj
 0002:0000c170       _AnalogInputsScaleIgnoreNextKeyRelease 004ba170 f   AnalogInputsScale.obj
 0002:0000c1a0       _DeleteAnalogScaleKeyboards 004ba1a0 f   AnalogInputsScale.obj
 0002:0000c290       _ArchiveSessions           004ba290 f   Archive.obj
 0002:0000c760       _FileIsNotTQMFile          004ba760 f   Archive.obj
 0002:0000c7e0       _MoveThisFile              004ba7e0 f   Archive.obj
 0002:0000c960       _compare                   004ba960 f   Archive.obj
 0002:0000ca50       _ArchiveSessionsPopup      004baa50 f   Archive.obj
 0002:0000cae0       _ArchiveSessionsCallback   004baae0 f   Archive.obj
 0002:0000cd70       _UserPressedCancel         004bad70 f   Archive.obj
 0002:0000ce70       _SetLastScreen             004bae70 f   ConfigScreens.obj
 0002:0000d050       _GetCurrentWindowHandle    004bb050 f   ConfigScreens.obj
 0002:0000d1c0       _GetLastScreen             004bb1c0 f   ConfigScreens.obj
 0002:0000d490       _GetCurrentScreen          004bb490 f   ConfigScreens.obj
 0002:0000d4e0       _GetNumScreens             004bb4e0 f   ConfigScreens.obj
 0002:0000d6b0       _SetScreenType             004bb6b0 f   ConfigScreens.obj
 0002:0000d6f0       _GetScreenType             004bb6f0 f   ConfigScreens.obj
 0002:0000d730       _GetPrevIndex              004bb730 f   ConfigScreens.obj
 0002:0000d7b0       _GetNextIndex              004bb7b0 f   ConfigScreens.obj
 0002:0000d830       _ValidateRaceScreens       004bb830 f   ConfigScreens.obj
 0002:0000d8f0       _GetNextGaugeScreen        004bb8f0 f   ConfigScreens.obj
 0002:0000d9a0       _GetPrevGaugeScreen        004bb9a0 f   ConfigScreens.obj
 0002:0000da40       _InactiveGaugeScreen       004bba40 f   ConfigScreens.obj
 0002:0000dae0       _GaugeScreenIndexToID      004bbae0 f   ConfigScreens.obj
 0002:0000dbc0       __cbMainCallback           004bbbc0 f   ConfigScreens.obj
 0002:0000e290       _UpdateSessionListView     004bc290 f   ConfigScreens.obj
 0002:0000e370       _IncrementSessionType      004bc370 f   ConfigScreens.obj
 0002:0000e400       _SetSessionSelection       004bc400 f   ConfigScreens.obj
 0002:0000e480       _StartPressed              004bc480 f   ConfigScreens.obj
 0002:0000e4f0       _FinishPressed             004bc4f0 f   ConfigScreens.obj
 0002:0000e550       _GetConfigWindowHandle     004bc550 f   ConfigScreens.obj
 0002:0000e590       _SetConfigWindowHandle     004bc590 f   ConfigScreens.obj
 0002:0000e5d0       _ProcessScreenExit         004bc5d0 f   ConfigScreens.obj
 0002:0000e8d0       _MoveRight                 004bc8d0 f   ConfigScreens.obj
 0002:0000eee0       _ProcessScreenMovement     004bcee0 f   ConfigScreens.obj
 0002:0000f610       _ProcessSlideoutKeyPress   004bd610 f   ConfigScreens.obj
 0002:0000f7a0       _StartSlideout             004bd7a0 f   ConfigScreens.obj
 0002:0000f910       _CloseSlider               004bd910 f   ConfigScreens.obj
 0002:0000f970       _DeleteSlideout            004bd970 f   ConfigScreens.obj
 0002:0000fa50       _CheckSlideoutTimer        004bda50 f   ConfigScreens.obj
 0002:0000fc30       _SetSpritePositions        004bdc30 f   ConfigScreens.obj
 0002:0000fd10       _SlideOutDeployed          004bdd10 f   ConfigScreens.obj
 0002:0000fd60       _SlideOutVisible           004bdd60 f   ConfigScreens.obj
 0002:0000fdb0       _TouchPosIsBackKey         004bddb0 f   ConfigScreens.obj
 0002:0000fe70       _TouchPosIsBackKey2        004bde70 f   ConfigScreens.obj
 0002:0000fed0       _TouchPosIsReset           004bded0 f   ConfigScreens.obj
 0002:0000ff40       _StartBackKeyTimer         004bdf40 f   ConfigScreens.obj
 0002:0000ff90       _BackTimerExpired          004bdf90 f   ConfigScreens.obj
 0002:00010010       _StartConfigKeyTimer       004be010 f   ConfigScreens.obj
 0002:000100e0       _ConfigTimerExpired        004be0e0 f   ConfigScreens.obj
 0002:00010160       _CheckForInfoKey           004be160 f   ConfigScreens.obj
 0002:00011090       _ShowHelpPopup             004bf090 f   ConfigScreens.obj
 0002:00011130       _HelpCallback              004bf130 f   ConfigScreens.obj
 0002:00011330       _DisplayNewScreenList      004bf330 f   ConfigScreens.obj
 0002:00011830       _DisplayGoRacing           004bf830 f   ConfigScreens.obj
 0002:000119c0       _SetRecordModeGraphic      004bf9c0 f   ConfigScreens.obj
 0002:00011a50       _DisplayRaceSetup          004bfa50 f   ConfigScreens.obj
 0002:00011bb0       _DisplayReviewSessions     004bfbb0 f   ConfigScreens.obj
 0002:00012070       _SetButtonColors           004c0070 f   ConfigScreens.obj
 0002:000121f0       _PopulateSessionLISTVIEW   004c01f0 f   ConfigScreens.obj
 0002:000124f0       _DateTimeSort              004c04f0 f   ConfigScreens.obj
 0002:00012650       _GetMins                   004c0650 f   ConfigScreens.obj
 0002:00012800       _LapTimeSort               004c0800 f   ConfigScreens.obj
 0002:00012860       _DisplaySystemSettings     004c0860 f   ConfigScreens.obj
 0002:00012a40       _GoRacingPaint             004c0a40 f   ConfigScreens.obj
 0002:00012ad0       _RaceSetupPaint            004c0ad0 f   ConfigScreens.obj
 0002:00012b60       _ReviewSessionsPaint       004c0b60 f   ConfigScreens.obj
 0002:00012c20       _SystemSettingsPaint       004c0c20 f   ConfigScreens.obj
 0002:00012cb0       _CS_IsVisible              004c0cb0 f   ConfigScreens.obj
 0002:00012d60       _GetCurrentScreenID        004c0d60 f   ConfigScreens.obj
 0002:00012e50       _ConfigScreensIgnoreNextKeyRelease 004c0e50 f   ConfigScreens.obj
 0002:00012e90       _popupCallback             004c0e90 f   ConfigScreens.obj
 0002:000130f0       _ExitRecord                004c10f0 f   ConfigScreens.obj
 0002:000131f0       _DisplaySavingData         004c11f0 f   ConfigScreens.obj
 0002:00013290       _SetUserMode               004c1290 f   ConfigScreens.obj
 0002:000132f0       _CheckForStopRecord        004c12f0 f   ConfigScreens.obj
 0002:00013340       _SaveRaceMode              004c1340 f   ConfigScreens.obj
 0002:000133a0       _ConvertRaceModeToSessionType 004c13a0 f   ConfigScreens.obj
 0002:00013420       _GaugeScreensIgnoreNextKeyRelease 004c1420 f   ConfigScreens.obj
 0002:00013460       _GoRacingStateMachine      004c1460 f   ConfigScreens.obj
 0002:00013840       _DisplayClosestTracks      004c1840 f   ConfigScreens.obj
 0002:00013940       _ProceedToRaceMode         004c1940 f   ConfigScreens.obj
 0002:00013b70       _StartupGoToRaceMode       004c1b70 f   ConfigScreens.obj
 0002:00013c50       _GetSystemStatsHelpText    004c1c50 f   ConfigScreens.obj
 0002:00013ff0       _GetStorageStatsHelpText   004c1ff0 f   ConfigScreens.obj
 0002:00014050       _GetAnalogInputText        004c2050 f   ConfigScreens.obj
 0002:00014110       _GetDigitalInputText       004c2110 f   ConfigScreens.obj
 0002:000141d0       _NotSupportedPopup         004c21d0 f   ConfigScreens.obj
 0002:00014270       _AnyGaugeScreen            004c2270 f   ConfigScreens.obj
 0002:000142d0       _AnyNonDragGaugeScreen     004c22d0 f   ConfigScreens.obj
 0002:00014330       _DetermineAnalogScreenSelection 004c2330 f   ConfigScreens.obj
 0002:000143b0       _ScreenIsConfigurable      004c23b0 f   ConfigurableGaugeCommon.obj
 0002:00014410       _ConfigureGauge            004c2410 f   ConfigurableGaugeCommon.obj
 0002:00014470       _ButtonPressIsOnConfigurableGauge 004c2470 f   ConfigurableGaugeCommon.obj
 0002:00014540       _ProcessGaugeButton        004c2540 f   ConfigurableGaugeCommon.obj
 0002:00014800       _GetConfigurableItem       004c2800 f   ConfigurableGaugeCommon.obj
 0002:00014840       _SetConfigurableItem       004c2840 f   ConfigurableGaugeCommon.obj
 0002:00014890       _ShowInput                 004c2890 f   ConfigurableGaugeCommon.obj
 0002:00014bc0       _ShowDigitalInput          004c2bc0 f   ConfigurableGaugeCommon.obj
 0002:00014df0       _ShowOtherInput            004c2df0 f   ConfigurableGaugeCommon.obj
 0002:000150c0       _FormatAnalogData          004c30c0 f   ConfigurableGaugeCommon.obj
 0002:00015280       _ShowTime                  004c3280 f   ConfigurableGaugeCommon.obj
 0002:00015580       _GetInputID                004c3580 f   ConfigurableGaugeCommon.obj
 0002:00015600       _DisplayConfigurableItem   004c3600 f   ConfigurableGaugeCommon.obj
 0002:00015a30       ??0ControlBase@@QAE@HHPAD0PAVAlarm@@@Z 004c3a30 f   ControlBase.obj
 0002:00015ad0       ?SetValue@ControlBase@@QAEXM@Z 004c3ad0 f   ControlBase.obj
 0002:00015b20       ?GetValue@ControlBase@@QAEMXZ 004c3b20 f   ControlBase.obj
 0002:00015b60       _GL_DrawArc2               004c3b60 f   CustomArc.obj
 0002:00016710       _GUI_DrawArc2              004c4710 f   CustomArc.obj
 0002:000167c0       _GetRawValue               004c47c0 f   DataHandler.obj
 0002:00016860       _GetValue                  004c4860 f   DataHandler.obj
 0002:00016c50       _SimStartSession           004c4c50 f   DataHandler.obj
 0002:00016dc0       _DummyTick                 004c4dc0 f   DataHandler.obj
 0002:00017810       _CalcSpeed                 004c5810 f   DataHandler.obj
 0002:000178a0       _InitCommSimulatorTask     004c58a0 f   DataHandler.obj
 0002:00017930       _dataTickCallback          004c5930 f   DataHandler.obj
 0002:000179c0       _SetGear                   004c59c0 f   DataHandler.obj
 0002:00017b90       _DrawSignalStrength        004c5b90 f   DataHandler.obj
 0002:00017da0       _GetCameraIcon             004c5da0 f   DataHandler.obj
 0002:00017e60       _GetSUStatusIcon           004c5e60 f   DataHandler.obj
 0002:00017eb0       _SlideoutGetSignalStrengthIcon 004c5eb0 f   DataHandler.obj
 0002:00017f10       _GetSignalStrengthIcon     004c5f10 f   DataHandler.obj
 0002:00018000       _ForceSDBusy               004c6000 f   DataHandler.obj
 0002:00018070       _ResetNewScreen            004c6070 f   DataHandler.obj
 0002:000180d0       _DrawInfo                  004c60d0 f   DataHandler.obj
 0002:00018270       _f_to_c                    004c6270 f   DataHandler.obj
 0002:000182d0       _c_to_f                    004c62d0 f   DataHandler.obj
 0002:00018330       _GetTimeString             004c6330 f   DataHandler.obj
 0002:00018510       _ResetTrip                 004c6510 f   DataHandler.obj
 0002:00018560       _ResetMax                  004c6560 f   DataHandler.obj
 0002:000185e0       _ShowDialog                004c65e0 f   DialogBox.obj
 0002:00018870       ??0DigitalDisplay@@QAE@HHHHPAD0MMHHW4DigitalOptions@@PAVAlarm@@_NUGUI_FONT@@4J@Z 004c6870 f   DigitalDisplay.obj
 0002:000189c0       ??0DigitalDisplay@@QAE@HHHHPAD0MMHHW4DigitalOptions@@PAVAlarm@@_NJ@Z 004c69c0 f   DigitalDisplay.obj
 0002:00018b10       ??1DigitalDisplay@@QAE@XZ  004c6b10 f   DigitalDisplay.obj
 0002:00018b70       ?DrawControl@DigitalDisplay@@QAEXXZ 004c6b70 f   DigitalDisplay.obj
 0002:00018ea0       ?GetDisplayText@DigitalDisplay@@AAEPADXZ 004c6ea0 f   DigitalDisplay.obj
 0002:00018fd0       ?SetValue@DigitalDisplay@@QAEXM@Z 004c6fd0 f   DigitalDisplay.obj
 0002:00019020       ?GetMaxTextLength@DigitalDisplay@@AAEHXZ 004c7020 f   DigitalDisplay.obj
 0002:00019170       ?PickFont@DigitalDisplay@@AAEXXZ 004c7170 f   DigitalDisplay.obj
 0002:000193b0       ?DrawToMemArea@DigitalDisplay@@QAEJXZ 004c73b0 f   DigitalDisplay.obj
 0002:00019910       __cbDigitalGaugeCallback   004c7910 f   DigitalGaugeScreen.obj
 0002:00019e60       ??_GPredictiveLapTimer@@QAEPAXI@Z 004c7e60 f i DigitalGaugeScreen.obj
 0002:00019ed0       ?DGDrawConfigRect@@YAXXZ   004c7ed0 f   DigitalGaugeScreen.obj
 0002:00019fa0       _Display_DigitalGaugeScreen 004c7fa0 f   DigitalGaugeScreen.obj
 0002:0001a140       _IfDigitalConfigGaugePressed 004c8140 f   DigitalGaugeScreen.obj
 0002:0001a1c0       _GetDigitalInputSettingsWindowHandle 004c81c0 f   DigitalInputSettings.obj
 0002:0001a200       _SetDigitalInputSettingsWindowHandle 004c8200 f   DigitalInputSettings.obj
 0002:0001a240       _DigitalInputSettingsCallback 004c8240 f   DigitalInputSettings.obj
 0002:0001a570       _DigDisplayAlarm           004c8570 f   DigitalInputSettings.obj
 0002:0001a700       _DigAlarmPaint             004c8700 f   DigitalInputSettings.obj
 0002:0001aa50       _DigDisplayRenameInput     004c8a50 f   DigitalInputSettings.obj
 0002:0001ab50       _DigRenameInputPaint       004c8b50 f   DigitalInputSettings.obj
 0002:0001ab80       _DisplayRenameHigh         004c8b80 f   DigitalInputSettings.obj
 0002:0001ac80       _RenameHighPaint           004c8c80 f   DigitalInputSettings.obj
 0002:0001acb0       _DisplayRenameLow          004c8cb0 f   DigitalInputSettings.obj
 0002:0001adb0       _RenameLowPaint            004c8db0 f   DigitalInputSettings.obj
 0002:0001ade0       _DigitalInputSettingsIgnoreNextKeyRelease 004c8de0 f   DigitalInputSettings.obj
 0002:0001ae10       _DeleteDigitalKeyboards    004c8e10 f   DigitalInputSettings.obj
 0002:0001aed0       ??0DigitalStringOutput@@QAE@HHHHW4DigitalOptions@@JUGUI_FONT@@K@Z 004c8ed0 f   DigitalStringOutput.obj
 0002:0001b040       ??1DigitalStringOutput@@QAE@XZ 004c9040 f   DigitalStringOutput.obj
 0002:0001b0a0       ?DrawControl@DigitalStringOutput@@QAEXXZ 004c90a0 f   DigitalStringOutput.obj
 0002:0001b160       ?GetDisplayText@DigitalStringOutput@@AAEPADXZ 004c9160 f   DigitalStringOutput.obj
 0002:0001b2a0       ?SetValue@DigitalStringOutput@@QAEXPAD@Z 004c92a0 f   DigitalStringOutput.obj
 0002:0001b300       ?PickFont@DigitalStringOutput@@AAEXXZ 004c9300 f   DigitalStringOutput.obj
 0002:0001b4e0       ?DrawToMemArea@DigitalStringOutput@@QAEJXZ 004c94e0 f   DigitalStringOutput.obj
 0002:0001b600       ?DAXRPMSweepCallback@@YAXPAUWM_MESSAGE@@@Z 004c9600 f   DragAutoXScreens.obj
 0002:0001bdb0       ??_GDigitalDisplay@@QAEPAXI@Z 004c9db0 f i DragAutoXScreens.obj
 0002:0001be20       ??_GRPMSweep@@QAEPAXI@Z    004c9e20 f i DragAutoXScreens.obj
 0002:0001be90       ??_GDigitalStringOutput@@QAEPAXI@Z 004c9e90 f i DragAutoXScreens.obj
 0002:0001bf00       _Display_DAXRPMSweepScreen 004c9f00 f   DragAutoXScreens.obj
 0002:0001c4c0       ?DAXAnalogCallback@@YAXPAUWM_MESSAGE@@@Z 004ca4c0 f   DragAutoXScreens.obj
 0002:0001cea0       ??_GGauge@@QAEPAXI@Z       004caea0 f i DragAutoXScreens.obj
 0002:0001cf10       _Display_DAXGaugeScreen    004caf10 f   DragAutoXScreens.obj
 0002:0001d490       ?DAXDigitalCallback@@YAXPAUWM_MESSAGE@@@Z 004cb490 f   DragAutoXScreens.obj
 0002:0001dce0       ?SetColor@DigitalStringOutput@@QAEXK@Z 004cbce0 f i DragAutoXScreens.obj
 0002:0001dd30       _Display_DAXDigitalGaugeScreen 004cbd30 f   DragAutoXScreens.obj
 0002:0001e1b0       __cbDriveCallback          004cc1b0 f   DriveScreen.obj
 0002:0001eba0       _Display_DriveScreen       004ccba0 f   DriveScreen.obj
 0002:0001ee30       __cbDualGaugeCallback      004cce30 f   DualGaugeScreen.obj
 0002:0001f290       _Display_DualGaugeScreen   004cd290 f   DualGaugeScreen.obj
 0002:0001f3e0       _CreateAnalogInputGauge    004cd3e0 f   DualGaugeScreen.obj
 0002:0001f810       ?GetInput@@YAHH@Z          004cd810 f   DualGaugeScreen.obj
 0002:0001f8a0       ?GetInputID@@YA?AW4GlobalDataIndexType@@H@Z 004cd8a0 f   DualGaugeScreen.obj
 0002:0001f920       _MainTask                  004cd920 f   DUII_Main.obj
 0002:0001fd70       _ConfigureForNoSDCard      004cdd70 f   DUII_Main.obj
 0002:0001fde0       _SetPopupDefaults          004cdde0 f   DUII_Main.obj
 0002:000200b0       _SDCardRemoved             004ce0b0 f   DUII_Main.obj
 0002:00020160       _SDCardReinserted          004ce160 f   DUII_Main.obj
 0002:00020210       _ReFlashYorN               004ce210 f   DUII_Main.obj
 0002:000203d0       _PowerOffUnit              004ce3d0 f   DUII_Main.obj
 0002:000204d0       _SaveFilesAndPowerDown     004ce4d0 f   DUII_Main.obj
 0002:00020530       _InitializeTraqmateFiles   004ce530 f   DUII_Main.obj
 0002:00020690       _local_itoa                004ce690 f   DUII_Main.obj
 0002:00020740       _reverse                   004ce740 f   DUII_Main.obj
 0002:00020800       _NewSWVersion              004ce800 f   DUII_Main.obj
 0002:00020b30       _UserWantsToUpdateSF       004ceb30 f   DUII_Main.obj
 0002:00020bd0       _InitializeTraqmateData    004cebd0 f   DUII_Main.obj
 0002:00020c50       _DisplayInvalidFilesPopup  004cec50 f   DUII_Main.obj
 0002:00020df0       _AskAndDoFormatSDCard      004cedf0 f   DUII_Main.obj
 0002:00020e80       _CreateProgressBar         004cee80 f   DUII_Main.obj
 0002:00020fa0       _RepaintSplash             004cefa0 f   DUII_Main.obj
 0002:00020ff0       _DisplaySplashScreen1      004ceff0 f   DUII_Main.obj
 0002:00021080       _DisplaySplashScreen3      004cf080 f   DUII_Main.obj
 0002:00021580       _DisplayAnalogStatus       004cf580 f   DUII_Main.obj
 0002:000216a0       _ReadDataStructures        004cf6a0 f   FlashReadWrite.obj
 0002:000216f0       _ReadSDCardData            004cf6f0 f   FlashReadWrite.obj
 0002:000217c0       _verifyData                004cf7c0 f   FlashReadWrite.obj
 0002:00021ae0       _UpgradeSysData00_01       004cfae0 f   FlashReadWrite.obj
 0002:00021c60       _UpgradeSysData01_02       004cfc60 f   FlashReadWrite.obj
 0002:00021dd0       _UpgradeVehicleData00_01   004cfdd0 f   FlashReadWrite.obj
 0002:00022070       _UpdateAnalogInputData     004d0070 f   FlashReadWrite.obj
 0002:000223a0       _SetDefaultTempCalData     004d03a0 f   FlashReadWrite.obj
 0002:00022410       _WriteDataStructures       004d0410 f   FlashReadWrite.obj
 0002:00022460       _WriteUserDataEvent        004d0460 f   FlashReadWrite.obj
 0002:000227c0       _FRWWriteFile              004d07c0 f   FlashReadWrite.obj
 0002:00022870       _ConfigureHomeDirectory    004d0870 f   FlashReadWrite.obj
 0002:000229b0       _InitializeDirectoryStructure 004d09b0 f   FlashReadWrite.obj
 0002:00022aa0       _InitializeData            004d0aa0 f   FlashReadWrite.obj
 0002:00022b10       _SetDefaultSystemData      004d0b10 f   FlashReadWrite.obj
 0002:00022c20       _SetMandatoryDefaultSelections 004d0c20 f   FlashReadWrite.obj
 0002:00022cb0       _SetDefaultDriverData      004d0cb0 f   FlashReadWrite.obj
 0002:00022d20       _SetDefaultTrackData       004d0d20 f   FlashReadWrite.obj
 0002:00022da0       _SetDefaultVehicleData     004d0da0 f   FlashReadWrite.obj
 0002:00022fa0       _SetDefaultAnalogInputData 004d0fa0 f   FlashReadWrite.obj
 0002:00023420       _SetDefaultDigitalInputData 004d1420 f   FlashReadWrite.obj
 0002:00023640       _SetDefaultTach            004d1640 f   FlashReadWrite.obj
 0002:000236b0       _SetDefaultGears           004d16b0 f   FlashReadWrite.obj
 0002:00023750       _InitializeCriticalVariables 004d1750 f   FlashReadWrite.obj
 0002:00023840       _AddPath                   004d1840 f   FlashReadWrite.obj
 0002:00023920       _ConvertToFilename         004d1920 f   FlashReadWrite.obj
 0002:00023990       _ReloadData                004d1990 f   FlashReadWrite.obj
 0002:00023ce0       _FRWReadFile               004d1ce0 f   FlashReadWrite.obj
 0002:00023da0       _AnyFilesFound             004d1da0 f   FlashReadWrite.obj
 0002:00023eb0       _CreateAllFiles            004d1eb0 f   FlashReadWrite.obj
 0002:00024060       _DeleteAllFiles            004d2060 f   FlashReadWrite.obj
 0002:00024240       _DisplayUpdatedVehicleDataPopup 004d2240 f   FlashReadWrite.obj
 0002:00024340       ??0Gauge@@QAE@HHHMMPAD00PAVAlarm@@MMHHDJPBUGUI_BITMAP@@@Z 004d2340 f   gauge.obj
 0002:000246a0       ??1Gauge@@QAE@XZ           004d26a0 f   gauge.obj
 0002:00024710       ?CreateGaugeBackground@Gauge@@AAEXXZ 004d2710 f   gauge.obj
 0002:000257a0       ?cos@@YAMM@Z               004d37a0 f i gauge.obj
 0002:00025800       _cosf                      004d3800 f i gauge.obj
 0002:00025870       ?sin@@YAMM@Z               004d3870 f i gauge.obj
 0002:000258d0       _sinf                      004d38d0 f i gauge.obj
 0002:00025940       ?SetValue@Gauge@@QAEXM@Z   004d3940 f   gauge.obj
 0002:00025990       ?ShowDigital@Gauge@@QAEX_N@Z 004d3990 f   gauge.obj
 0002:000259f0       ?GetValue@Gauge@@QAEMXZ    004d39f0 f   gauge.obj
 0002:00025a30       ?SetPrecision@Gauge@@QAEXH@Z 004d3a30 f   gauge.obj
 0002:00025a80       ?DrawControl@Gauge@@QAEXXZ 004d3a80 f   gauge.obj
 0002:00025ae0       ?DrawToMemArea@Gauge@@QAEJXZ 004d3ae0 f   gauge.obj
 0002:00025b40       ?CommonDraw@Gauge@@AAEX_N@Z 004d3b40 f   gauge.obj
 0002:00026220       __cbGaugeCallback          004d4220 f   GaugeScreen.obj
 0002:00026cd0       ?GSDrawConfigrect@@YAXXZ   004d4cd0 f   GaugeScreen.obj
 0002:00026da0       _Display_GaugeScreen       004d4da0 f   GaugeScreen.obj
 0002:00027330       _IfAnalogConfigGaugePressed 004d5330 f   GaugeScreen.obj
 0002:000273b0       _GetGearingWindowHandle    004d53b0 f   GearingScreens.obj
 0002:000273f0       _SetGearingWindowHandle    004d53f0 f   GearingScreens.obj
 0002:00027430       _GearingScreensCallback    004d5430 f   GearingScreens.obj
 0002:000279c0       _ButtonToScreenID          004d59c0 f   GearingScreens.obj
 0002:00027aa0       _GetTireSizeScreenWindowHandle 004d5aa0 f   GearingScreens.obj
 0002:00027ae0       _DisplayTireCircumference  004d5ae0 f   GearingScreens.obj
 0002:00027bc0       _GetTireCircumferenceString 004d5bc0 f   GearingScreens.obj
 0002:00027c90       _TCKeyboardSaveButton      004d5c90 f   GearingScreens.obj
 0002:00027d50       _TCKillKeyboard            004d5d50 f   GearingScreens.obj
 0002:00027df0       _DisplayTireSize           004d5df0 f   GearingScreens.obj
 0002:00028200       _UpdateTireCircumference   004d6200 f   GearingScreens.obj
 0002:00028280       _DisplayTireSizeSelection  004d6280 f   GearingScreens.obj
 0002:000283d0       _DisplayDiffRatio          004d63d0 f   GearingScreens.obj
 0002:000284d0       _DisplayTransRatio         004d64d0 f   GearingScreens.obj
 0002:00028800       _SetGearButtonText         004d6800 f   GearingScreens.obj
 0002:000288f0       _DisplayHelp               004d68f0 f   GearingScreens.obj
 0002:00028920       _TireSizePaint             004d6920 f   GearingScreens.obj
 0002:00028ad0       _DiffRatioPaint            004d6ad0 f   GearingScreens.obj
 0002:00028be0       _TransRatioPaint           004d6be0 f   GearingScreens.obj
 0002:00028db0       _HelpPaint                 004d6db0 f   GearingScreens.obj
 0002:00028f50       _TireSizeSelectionPaint    004d6f50 f   GearingScreens.obj
 0002:00029110       _GearingIgnoreNextKeyRelease 004d7110 f   GearingScreens.obj
 0002:00029140       _GetGearRatiosWindowHandle 004d7140 f   GearRatios.obj
 0002:00029180       _SetGearRatiosWindowHandle 004d7180 f   GearRatios.obj
 0002:000291c0       _GearRatiosSaveData        004d71c0 f   GearRatios.obj
 0002:00029330       _GearRatiosCallback        004d7330 f   GearRatios.obj
 0002:00029500       _DisplayFirst              004d7500 f   GearRatios.obj
 0002:000295b0       _DisplaySecond             004d75b0 f   GearRatios.obj
 0002:00029660       _DisplayThird              004d7660 f   GearRatios.obj
 0002:00029710       _DisplayFourth             004d7710 f   GearRatios.obj
 0002:000297c0       _DisplayFifth              004d77c0 f   GearRatios.obj
 0002:00029870       _DisplaySixth              004d7870 f   GearRatios.obj
 0002:00029920       _DisplaySeventh            004d7920 f   GearRatios.obj
 0002:000299d0       _DisplayEighth             004d79d0 f   GearRatios.obj
 0002:00029a80       _FirstPaint                004d7a80 f   GearRatios.obj
 0002:00029ab0       _SecondPaint               004d7ab0 f   GearRatios.obj
 0002:00029ae0       _ThirdPaint                004d7ae0 f   GearRatios.obj
 0002:00029b10       _FourthPaint               004d7b10 f   GearRatios.obj
 0002:00029b40       _FifthPaint                004d7b40 f   GearRatios.obj
 0002:00029b70       _SixthPaint                004d7b70 f   GearRatios.obj
 0002:00029ba0       _SeventhPaint              004d7ba0 f   GearRatios.obj
 0002:00029bd0       _EighthPaint               004d7bd0 f   GearRatios.obj
 0002:00029c00       _GearRatiosIgnoreNextKeyRelease 004d7c00 f   GearRatios.obj
 0002:00029c30       _DeleteGearRatiosKeyboards 004d7c30 f   GearRatios.obj
 0002:00029dc0       _GetGeneralConfinScreenWindowHandle 004d7dc0 f   GeneralConfig.obj
 0002:00029e00       _Display_GeneralConfig     004d7e00 f   GeneralConfig.obj
 0002:0002a2c0       _SystemError               004d82c0 f   GeneralConfig.obj
 0002:0002a300       _GeneralConfigIgnoreNextKeyRelease 004d8300 f   GeneralConfig.obj
 0002:0002a340       ??0GMeter@@QAE@H@Z         004d8340 f   GMeter.obj
 0002:0002a490       ??1GMeter@@QAE@XZ          004d8490 f   GMeter.obj
 0002:0002a4f0       ?DrawControl@GMeter@@QAEXXZ 004d84f0 f   GMeter.obj
 0002:0002abc0       ?CreateBackground@GMeter@@AAEXXZ 004d8bc0 f   GMeter.obj
 0002:0002ac30       ?SetValue@GMeter@@QAEXMM@Z 004d8c30 f   GMeter.obj
 0002:0002ae30       __cbGMeterCallback         004d8e30 f   GMeterScreen.obj
 0002:0002b0f0       ??_GGMeter@@QAEPAXI@Z      004d90f0 f i GMeterScreen.obj
 0002:0002b160       ?GMDrawConfigRect@@YAXXZ   004d9160 f   GMeterScreen.obj
 0002:0002b230       _Display_GMeterScreen      004d9230 f   GMeterScreen.obj
 0002:0002b390       _IfGMeterConfigGaugePressed 004d9390 f   GMeterScreen.obj
 0002:0002b410       _GPSInfoCallback           004d9410 f   GPSInfoScreen.obj
 0002:0002bb30       _DisplayGPSInfo            004d9b30 f   GPSInfoScreen.obj
 0002:0002bc20       _TestInfoCallback          004d9c20 f   GPSInfoScreen.obj
 0002:0002be80       _DisplayTestInfo           004d9e80 f   GPSInfoScreen.obj
 0002:0002bf70       _CreateHelpSelection       004d9f70 f   HelpScreens.obj
 0002:0002c410       _DeleteHelpScreen          004da410 f   HelpScreens.obj
 0002:0002c4b0       _HelpSelectionCallback     004da4b0 f   HelpScreens.obj
 0002:0002c6b0       _DisplayHelpScreenTutorial 004da6b0 f   HelpScreens.obj
 0002:0002c900       _HelpScreenCallback        004da900 f   HelpScreens.obj
 0002:0002cb00       _UpdateButtonGraphics      004dab00 f   HelpScreens.obj
 0002:0002cc40       _DrawJPEGSplash            004dac40 f   HelpScreens.obj
 0002:0002cca0       _GetInputsWindowHandle     004daca0 f   InputScreens.obj
 0002:0002cce0       _SetInputsWindowHandle     004dace0 f   InputScreens.obj
 0002:0002cd20       _InputsScreensCallback     004dad20 f   InputScreens.obj
 0002:0002d170       _DisplayAnalog0            004db170 f   InputScreens.obj
 0002:0002d1c0       _DisplayAnalog1            004db1c0 f   InputScreens.obj
 0002:0002d210       _DisplayAnalog2            004db210 f   InputScreens.obj
 0002:0002d260       _DisplayAnalog3            004db260 f   InputScreens.obj
 0002:0002d2b0       _SetAnalogEnableButtonText 004db2b0 f   InputScreens.obj
 0002:0002d3b0       _SetDigitalEnableButtonText 004db3b0 f   InputScreens.obj
 0002:0002d4b0       _Analog0Paint              004db4b0 f   InputScreens.obj
 0002:0002d500       _Analog1Paint              004db500 f   InputScreens.obj
 0002:0002d550       _Analog2Paint              004db550 f   InputScreens.obj
 0002:0002d5a0       _Analog3Paint              004db5a0 f   InputScreens.obj
 0002:0002d5f0       _DisplayAnalog             004db5f0 f   InputScreens.obj
 0002:0002d880       _AnalogPaint               004db880 f   InputScreens.obj
 0002:0002e0b0       _DisplayDigital            004dc0b0 f   InputScreens.obj
 0002:0002e340       _DigitalPaint              004dc340 f   InputScreens.obj
 0002:0002e800       _DisplayDigital4           004dc800 f   InputScreens.obj
 0002:0002e850       _DisplayDigital5           004dc850 f   InputScreens.obj
 0002:0002e8a0       _Digital4Paint             004dc8a0 f   InputScreens.obj
 0002:0002e8f0       _Digital5Paint             004dc8f0 f   InputScreens.obj
 0002:0002e980       _InputsIgnoreNextKeyRelease 004dc980 f   InputScreens.obj
 0002:0002e9b0       _ScreenIDToInput           004dc9b0 f   InputScreens.obj
 0002:0002ea60       _GetAnalogInput            004dca60 f   InputScreens.obj
 0002:0002ec90       _GetDigitalText            004dcc90 f   InputScreens.obj
 0002:0002eda0       _GetAlarmTriggerText       004dcda0 f   InputScreens.obj
 0002:0002ee60       _InputCleanUpKeyboards     004dce60 f   InputScreens.obj
 0002:0002eeb0       _notifyModeChange          004dceb0 f   InterTask.obj
 0002:0002eee0       _notifyConfigChange        004dcee0 f   InterTask.obj
 0002:0002ef10       _notifyCameraChange        004dcf10 f   InterTask.obj
 0002:0002ef40       _notifyGPSSimChange        004dcf40 f   InterTask.obj
 0002:0002ef70       _notifyStartSet            004dcf70 f   InterTask.obj
 0002:0002efa0       _notifyFinishSet           004dcfa0 f   InterTask.obj
 0002:0002efd0       _notifyGPS                 004dcfd0 f   InterTask.obj
 0002:0002f000       _notifyTQM                 004dd000 f   InterTask.obj
 0002:0002f030       _tqmOpen                   004dd030 f   InterTask.obj
 0002:0002f070       _tqmWrite                  004dd070 f   InterTask.obj
 0002:0002f0b0       ??0Keyboard@@QAE@HHHHW4Keyboard_Type@@PAD1DHHJD@Z 004dd0b0 f   keyboard.obj
 0002:0002f3a0       ?SetupKeyboard@Keyboard@@QAEXW4Keyboard_Type@@@Z 004dd3a0 f   keyboard.obj
 0002:0002fe70       ?SetBtnStd@Keyboard@@AAEXJ@Z 004dde70 f   keyboard.obj
 0002:0002ff20       ?ChangeKeyboardCase@Keyboard@@QAEX_N@Z 004ddf20 f   keyboard.obj
 0002:00030060       ?GetValue@Keyboard@@QAEXPADH@Z 004de060 f   keyboard.obj
 0002:000300d0       ??1Keyboard@@QAE@XZ        004de0d0 f   keyboard.obj
 0002:00030180       ?_cbKeyboardCallback@@YAXPAUWM_MESSAGE@@@Z 004de180 f   keyboard.obj
 0002:00030610       ?SaveData@@YAXHPAVKeyboard@@@Z 004de610 f   keyboard.obj
 0002:00030700       _CreateKeyboard            004de700 f   KeyboardAccess.obj
 0002:00030820       _DestroyKeyboard           004de820 f   KeyboardAccess.obj
 0002:000308d0       ??_GKeyboard@@QAEPAXI@Z    004de8d0 f i KeyboardAccess.obj
 0002:00030940       _SetTachLEDs               004de940 f   LEDHandler.obj
 0002:00030ac0       _CenterOn                  004deac0 f   LEDHandler.obj
 0002:00030bd0       _Level1On                  004debd0 f   LEDHandler.obj
 0002:00030c50       _Level2On                  004dec50 f   LEDHandler.obj
 0002:00030cd0       _Level3On                  004decd0 f   LEDHandler.obj
 0002:00030d50       _Level3Off                 004ded50 f   LEDHandler.obj
 0002:00030dd0       _Level2Off                 004dedd0 f   LEDHandler.obj
 0002:00030e50       _Level1Off                 004dee50 f   LEDHandler.obj
 0002:00030ed0       _CenterOff                 004deed0 f   LEDHandler.obj
 0002:00030f50       _WarningLEDOff             004def50 f   LEDHandler.obj
 0002:00030ff0       _WarningLEDOn              004deff0 f   LEDHandler.obj
 0002:00031140       _InAlarm                   004df140 f   LEDHandler.obj
 0002:00031320       _SetWarningLED             004df320 f   LEDHandler.obj
 0002:000316d0       _SuspendEnvironmentalUpdates 004df6d0 f   LEDHandler.obj
 0002:00031710       _ResumeEnvironmentalUpdates 004df710 f   LEDHandler.obj
 0002:00031750       _AutoAdjustOn              004df750 f   LEDHandler.obj
 0002:00031780       _RecordAmbientLight        004df780 f   LEDHandler.obj
 0002:000317d0       _GetNormalizedLightIntensity 004df7d0 f   LEDHandler.obj
 0002:00031810       _SuspendLEDUpdates         004df810 f   LEDHandler.obj
 0002:000318b0       _ResumeLEDUpdates          004df8b0 f   LEDHandler.obj
 0002:00031960       _TurnOffLEDs               004df960 f   LEDHandler.obj
 0002:000319e0       _LEDSystemShutdown         004df9e0 f   LEDHandler.obj
 0002:00031a30       _CalculateTempCorrection   004dfa30 f   LEDHandler.obj
 0002:00031c90       _InitializeLEDStructures   004dfc90 f   LEDHandler.obj
 0002:00031d00       _InitializeLEDs            004dfd00 f   LEDHandler.obj
 0002:00031d30       _WarningPopupInit          004dfd30 f   LEDHandler.obj
 0002:00031e60       _CheckWarningPopups        004dfe60 f   LEDHandler.obj
 0002:00031f60       _CreateWarningPopup        004dff60 f   LEDHandler.obj
 0002:00032000       _DeleteWarningPopup        004e0000 f   LEDHandler.obj
 0002:00032100       _DrawWarningPopups         004e0100 f   LEDHandler.obj
 0002:00032220       _UpdateWarningPopup        004e0220 f   LEDHandler.obj
 0002:00032570       _DecreaseLEDBrightness     004e0570 f   LEDHandler.obj
 0002:000325e0       _IncreaseLEDBrightness     004e05e0 f   LEDHandler.obj
 0002:00032640       _DecreaseBacklightBrightness 004e0640 f   LEDHandler.obj
 0002:000326d0       _IncreaseBacklightBrightness 004e06d0 f   LEDHandler.obj
 0002:00032760       ??0LinearGauge@@QAE@HHHHMMHMHMPAD0HJ_N@Z 004e0760 f   LinearGauge.obj
 0002:000328a0       ??1LinearGauge@@QAE@XZ     004e08a0 f   LinearGauge.obj
 0002:000328e0       ?CreateGaugeBackground@LinearGauge@@AAEXXZ 004e08e0 f   LinearGauge.obj
 0002:00032e90       ?SetValue@LinearGauge@@QAEXM@Z 004e0e90 f   LinearGauge.obj
 0002:00033650       ?DrawBackground@LinearGauge@@QAEXXZ 004e1650 f   LinearGauge.obj
 0002:000336a0       __cbLinearGaugeCallback    004e16a0 f   LinearGaugeScreen.obj
 0002:00033b90       ??_GLinearGauge@@QAEPAXI@Z 004e1b90 f i LinearGaugeScreen.obj
 0002:00033c00       _DisplayMultiAnalogGaugesScreen 004e1c00 f   LinearGaugeScreen.obj
 0002:00033da0       _CreateLinearInputGauge    004e1da0 f   LinearGaugeScreen.obj
 0002:00034030       _GetPersonalizeEntryWindowHandle 004e2030 f   PersonalizeScreens.obj
 0002:00034070       _SetPersonalizeEntryWindowHandle 004e2070 f   PersonalizeScreens.obj
 0002:000340b0       _PersonalizeSaveData       004e20b0 f   PersonalizeScreens.obj
 0002:00034370       _LoadPersonalizationData   004e2370 f   PersonalizeScreens.obj
 0002:000344e0       _trimCR                    004e24e0 f   PersonalizeScreens.obj
 0002:00034560       _PersonalizeEntryCB        004e2560 f   PersonalizeScreens.obj
 0002:00034730       _PasswordTooSmallPopUp     004e2730 f   PersonalizeScreens.obj
 0002:000347a0       _DisplayNewKeyboardScreen  004e27a0 f   PersonalizeScreens.obj
 0002:00034b10       _PersonalizeIgnoreNextKeyRelease 004e2b10 f   PersonalizeScreens.obj
 0002:00034b40       _DeletePersonalizeKeyboards 004e2b40 f   PersonalizeScreens.obj
 0002:00034bb0       ??0PredictiveLapTimer@@QAE@HHHHMMJ@Z 004e2bb0 f   PredictiveLapTimer.obj
 0002:00034d00       ??1PredictiveLapTimer@@QAE@XZ 004e2d00 f   PredictiveLapTimer.obj
 0002:00034d70       ?CreateBackground@PredictiveLapTimer@@AAEXXZ 004e2d70 f   PredictiveLapTimer.obj
 0002:00034f90       ?DrawControl@PredictiveLapTimer@@QAEXXZ 004e2f90 f   PredictiveLapTimer.obj
 0002:00035480       ?GetRect@PredictiveLapTimer@@QAEXPAULCD_RECT@@@Z 004e3480 f i PredictiveLapTimer.obj
 0002:00035510       ?SetValue@PredictiveLapTimer@@QAEXM@Z 004e3510 f   PredictiveLapTimer.obj
 0002:00035560       ?SetValue@PredictiveLapTimer@@QAEXPAD@Z 004e3560 f   PredictiveLapTimer.obj
 0002:000355b0       ?DrawToMemArea@PredictiveLapTimer@@QAEJXZ 004e35b0 f   PredictiveLapTimer.obj
 0002:00035a30       _GetRaceSetupScreensWindowHandle 004e3a30 f   RaceSetupScreens.obj
 0002:00035a70       _SetRaceSetupScreensWindowHandle 004e3a70 f   RaceSetupScreens.obj
 0002:00035ab0       _RSSKillKeyboard           004e3ab0 f   RaceSetupScreens.obj
 0002:00035b60       _GetTrackSelectionWindowHandle 004e3b60 f   RaceSetupScreens.obj
 0002:00035bc0       _TryAgainKeyboard          004e3bc0 f   RaceSetupScreens.obj
 0002:00035d10       _DisplayKeyboard           004e3d10 f   RaceSetupScreens.obj
 0002:00035f10       _CreateNewEntry            004e3f10 f   RaceSetupScreens.obj
 0002:000360e0       _CheckForDuplicateName     004e40e0 f   RaceSetupScreens.obj
 0002:000362a0       _EditTypeToFileType        004e42a0 f   RaceSetupScreens.obj
 0002:00036310       _GetTrackNumber            004e4310 f   RaceSetupScreens.obj
 0002:000363c0       _FindLastTrackOfCurrentType 004e43c0 f   RaceSetupScreens.obj
 0002:000364e0       _AutoCreateNewTrack        004e44e0 f   RaceSetupScreens.obj
 0002:00036560       _CreateNewTrack            004e4560 f   RaceSetupScreens.obj
 0002:000366b0       _RenameCurrentEntry        004e46b0 f   RaceSetupScreens.obj
 0002:00036950       _ValidateName              004e4950 f   RaceSetupScreens.obj
 0002:000369c0       _UpdateList                004e49c0 f   RaceSetupScreens.obj
 0002:00036bb0       _RaceSetupScreensCallback  004e4bb0 f   RaceSetupScreens.obj
 0002:00037570       _ChangeVehicle             004e5570 f   RaceSetupScreens.obj
 0002:00037620       _FinishLoadingTrackData    004e5620 f   RaceSetupScreens.obj
 0002:00037690       _ExitTrackSelectionScreen  004e5690 f   RaceSetupScreens.obj
 0002:000376e0       _GetRadiusText             004e56e0 f   RaceSetupScreens.obj
 0002:000377a0       _SelectThisTrack           004e57a0 f   RaceSetupScreens.obj
 0002:00037940       _CheckWorkingTrackName     004e5940 f   RaceSetupScreens.obj
 0002:000379b0       _SetWorkingTrackName       004e59b0 f   RaceSetupScreens.obj
 0002:00037a10       _ClearWorkingTrackName     004e5a10 f   RaceSetupScreens.obj
 0002:00037a50       _DisplayDriverSelection    004e5a50 f   RaceSetupScreens.obj
 0002:00037dc0       _DisplayVehicleSelection   004e5dc0 f   RaceSetupScreens.obj
 0002:000381d0       _DisplayTrackSelection     004e61d0 f   RaceSetupScreens.obj
 0002:00038250       _FinishDisplayTrackSelection 004e6250 f   RaceSetupScreens.obj
 0002:00038870       _CreateSprites             004e6870 f   RaceSetupScreens.obj
 0002:00038910       _DeleteSprites             004e6910 f   RaceSetupScreens.obj
 0002:000389b0       _HideSprites               004e69b0 f   RaceSetupScreens.obj
 0002:00038a70       _UnhideSprites             004e6a70 f   RaceSetupScreens.obj
 0002:00038b10       _UpdateTrackList           004e6b10 f   RaceSetupScreens.obj
 0002:00038e20       _DisplayAlphaList          004e6e20 f   RaceSetupScreens.obj
 0002:00039170       _GetNumTracks              004e7170 f   RaceSetupScreens.obj
 0002:000391b0       _SetTrackTypeButtonText    004e71b0 f   RaceSetupScreens.obj
 0002:00039310       _TrackSelectionPaint       004e7310 f   RaceSetupScreens.obj
 0002:000393f0       _DisplayLapsSelection      004e73f0 f   RaceSetupScreens.obj
 0002:000396b0       _LapsSelectionPaint        004e76b0 f   RaceSetupScreens.obj
 0002:000397f0       _DriverSelectionPaint      004e77f0 f   RaceSetupScreens.obj
 0002:00039880       _VehicleSelectionPaint     004e7880 f   RaceSetupScreens.obj
 0002:00039950       _RaceSetupIgnoreNextKeyRelease 004e7950 f   RaceSetupScreens.obj
 0002:00039990       _GetSessionName            004e7990 f   RaceSetupScreens.obj
 0002:00039b10       _DeleteSession             004e7b10 f   RaceSetupScreens.obj
 0002:00039c10       _CreateLapsList            004e7c10 f   RaceSetupScreens.obj
 0002:00039d70       _CreateDummyLapList        004e7d70 f   RaceSetupScreens.obj
 0002:00039de0       _ReadAllSessionData        004e7de0 f   RaceSetupScreens.obj
 0002:0003a2d0       _GetBestLapAutocross       004e82d0 f   RaceSetupScreens.obj
 0002:0003a340       _CreateFileList            004e8340 f   RaceSetupScreens.obj
 0002:0003a6c0       _SaveBestLap               004e86c0 f   RaceSetupScreens.obj
 0002:0003a980       _GetBestLap                004e8980 f   RaceSetupScreens.obj
 0002:0003ab40       _GetAutoxTime              004e8b40 f   RaceSetupScreens.obj
 0002:0003ac00       _GetDragTime               004e8c00 f   RaceSetupScreens.obj
 0002:0003ad60       _DeleteFileList            004e8d60 f   RaceSetupScreens.obj
 0002:0003aef0       _DeleteBestLaps            004e8ef0 f   RaceSetupScreens.obj
 0002:0003af70       _GetBestLapNumber          004e8f70 f   RaceSetupScreens.obj
 0002:0003afb0       _parseName                 004e8fb0 f   RaceSetupScreens.obj
 0002:0003b180       _ValidFileName             004e9180 f   RaceSetupScreens.obj
 0002:0003b300       _ValidRaceSession          004e9300 f   RaceSetupScreens.obj
 0002:0003b490       _FindSelection             004e9490 f   RaceSetupScreens.obj
 0002:0003b5a0       _InvalidName               004e95a0 f   RaceSetupScreens.obj
 0002:0003b630       _ResetAllFileLists         004e9630 f   RaceSetupScreens.obj
 0002:0003b710       _CreateTrackList           004e9710 f   RaceSetupScreens.obj
 0002:0003b970       _SetTrackTableDefaultData  004e9970 f   RaceSetupScreens.obj
 0002:0003baf0       _SessionTypeToTrackType    004e9af0 f   RaceSetupScreens.obj
 0002:0003bbe0       _TrackTypeToSessionType    004e9be0 f   RaceSetupScreens.obj
 0002:0003bcb0       _FindFile                  004e9cb0 f   RaceSetupScreens.obj
 0002:0003bd50       _parseSessionName          004e9d50 f   RaceSetupScreens.obj
 0002:0003c160       _GetNextString             004ea160 f   RaceSetupScreens.obj
 0002:0003c1e0       _GetNextChar               004ea1e0 f   RaceSetupScreens.obj
 0002:0003c280       _GetNextNum                004ea280 f   RaceSetupScreens.obj
 0002:0003c320       _ValidSessionType          004ea320 f   RaceSetupScreens.obj
 0002:0003c3c0       _GetSessionCharacter       004ea3c0 f   RaceSetupScreens.obj
 0002:0003c4a0       _GetSessionData            004ea4a0 f   RaceSetupScreens.obj
 0002:0003c5e0       _GetSessionNameData        004ea5e0 f   RaceSetupScreens.obj
 0002:0003c720       _ClearSessionNameData      004ea720 f   RaceSetupScreens.obj
 0002:0003c780       _FindNewestFile            004ea780 f   RaceSetupScreens.obj
 0002:0003ca50       _RaceSetupPopup            004eaa50 f   RaceSetupScreens.obj
 0002:0003cd10       _TooManySessionsPopup      004ead10 f   RaceSetupScreens.obj
 0002:0003cdd0       _RSDeleteDriver            004eadd0 f   RaceSetupScreens.obj
 0002:0003cf10       _RSDeleteVehicle           004eaf10 f   RaceSetupScreens.obj
 0002:0003d050       _RSDeleteTrack             004eb050 f   RaceSetupScreens.obj
 0002:0003d230       _RSDeleteFile              004eb230 f   RaceSetupScreens.obj
 0002:0003d300       _GetSessionText            004eb300 f   RaceSetupScreens.obj
 0002:0003d380       _GetSelectedReviewModeText 004eb380 f   RaceSetupScreens.obj
 0002:0003d460       _InitReviewDisplayTypes    004eb460 f   RaceSetupScreens.obj
 0002:0003d4c0       _SetBestTimeButtonText     004eb4c0 f   RaceSetupScreens.obj
 0002:0003d9a0       _GetSessionDataString      004eb9a0 f   RaceSetupScreens.obj
 0002:0003da90       _GetStringNumber           004eba90 f   RaceSetupScreens.obj
 0002:0003dbf0       _IncrementDisplayType      004ebbf0 f   RaceSetupScreens.obj
 0002:0003dd90       _GetReviewSessionsWindowHandle 004ebd90 f   ReviewSessionsScreens.obj
 0002:0003ddd0       _SetReviewSessionsWindowHandle 004ebdd0 f   ReviewSessionsScreens.obj
 0002:0003de10       _ReviewSessionsScreensCallback 004ebe10 f   ReviewSessionsScreens.obj
 0002:0003e000       _DisplaySessionDetailsScreen 004ec000 f   ReviewSessionsScreens.obj
 0002:0003e1a0       _ReturnFromReviewSessionsScreen 004ec1a0 f   ReviewSessionsScreens.obj
 0002:0003e270       _DisplayDataPanel          004ec270 f   ReviewSessionsScreens.obj
 0002:0003e850       _CreateTextBox             004ec850 f   ReviewSessionsScreens.obj
 0002:0003e960       _SetReviewTypeButtonText   004ec960 f   ReviewSessionsScreens.obj
 0002:0003e9d0       _SessionDetailsPaint       004ec9d0 f   ReviewSessionsScreens.obj
 0002:0003eee0       _ReviewSessionsIgnoreNextKeyRelease 004ecee0 f   ReviewSessionsScreens.obj
 0002:0003ef10       ??0RPMSweep@@QAE@HHHHHHHHPAVAlarm@@_N@Z 004ecf10 f   RPMSweep.obj
 0002:0003f010       ??1RPMSweep@@QAE@XZ        004ed010 f   RPMSweep.obj
 0002:0003f070       ?DrawControl@RPMSweep@@QAEXXZ 004ed070 f   RPMSweep.obj
 0002:0003f170       ?CreateBackground@RPMSweep@@AAEXXZ 004ed170 f   RPMSweep.obj
 0002:00040500       ?atan@@YAMM@Z              004ee500 f i RPMSweep.obj
 0002:00040560       _atanf                     004ee560 f i RPMSweep.obj
 0002:000405d0       ?ceil@@YAMM@Z              004ee5d0 f i RPMSweep.obj
 0002:00040630       _ceilf                     004ee630 f i RPMSweep.obj
 0002:000406a0       ?SetValue@RPMSweep@@QAEXM@Z 004ee6a0 f   RPMSweep.obj
 0002:000407d0       ?tan@@YAMM@Z               004ee7d0 f i RPMSweep.obj
 0002:00040830       _tanf                      004ee830 f i RPMSweep.obj
 0002:000408a0       ?GetPixelsFromValue@RPMSweep@@AAEHM@Z 004ee8a0 f   RPMSweep.obj
 0002:00040930       ?SetGear@RPMSweep@@QAEXH@Z 004ee930 f   RPMSweep.obj
 0002:000409c0       ?GetXIntersect@RPMSweep@@AAEHMMMHHHHH@Z 004ee9c0 f   RPMSweep.obj
 0002:00040b40       ?sqrt@@YAMM@Z              004eeb40 f i RPMSweep.obj
 0002:00040ba0       _sqrtf                     004eeba0 f i RPMSweep.obj
 0002:00040c10       ?SweepHighlightConfigGauge@@YAXXZ 004eec10 f   RPMSweepScreen.obj
 0002:00040ce0       __cbRPMSweepCallback       004eece0 f   RPMSweepScreen.obj
 0002:00041660       _Display_RPMSweepScreen    004ef660 f   RPMSweepScreen.obj
 0002:00041c60       _IfRPMSweepConfigGaugePressed 004efc60 f   RPMSweepScreen.obj
 0002:00041ce0       ?UpdatePredictiveLapControl@@YAXPAVPredictiveLapTimer@@M@Z 004efce0 f   RPMSweepScreen.obj
 0002:00041eb0       _GetRunningGaugesWindowHandle 004efeb0 f   RunningGauges.obj
 0002:00041ef0       _SetRunningGaugesWindowHandle 004efef0 f   RunningGauges.obj
 0002:00041f30       _GaugesScreensCallback     004eff30 f   RunningGauges.obj
 0002:00041fc0       _RunningGauges             004effc0 f   RunningGauges.obj
 0002:00042130       _rgDeleteScreen            004f0130 f   RunningGauges.obj
 0002:000421c0       _DisplaySFKeyboard         004f01c0 f   SFScreens.obj
 0002:000424b0       _SFScreensSaveData         004f04b0 f   SFScreens.obj
 0002:00042600       _SFScreensCallback         004f0600 f   SFScreens.obj
 0002:00042780       _SFScreensIgnoreNextKeyRelease 004f0780 f   SFScreens.obj
 0002:000427b0       _DeleteSFScreensKeyboards  004f07b0 f   SFScreens.obj
 0002:00042820       _ValidateSFCoordinates     004f0820 f   SFScreens.obj
 0002:00042bb0       _InvalidSFDataPopUp        004f0bb0 f   SFScreens.obj
 0002:00042c20       _DisplayWaitingForCameraScreen 004f0c20 f   SFScreens.obj
 0002:00042f50       _DisplayAutoXStageScreen   004f0f50 f   SFScreens.obj
 0002:00043320       _DisplayDragStageScreen    004f1320 f   SFScreens.obj
 0002:00043550       _SetDistanceButtonGraphics 004f1550 f   SFScreens.obj
 0002:000436b0       _SetGaugeButtonGraphics    004f16b0 f   SFScreens.obj
 0002:000438a0       _DisplayLaunchScreen       004f18a0 f   SFScreens.obj
 0002:00043b40       _LaunchDetected            004f1b40 f   SFScreens.obj
 0002:00043ba0       _DisplayTapAtSFScreen      004f1ba0 f   SFScreens.obj
 0002:00043ca0       _GetSFWindowHandle         004f1ca0 f   SFScreens.obj
 0002:00043ce0       _GetLaunchScreenWindowHandle 004f1ce0 f   SFScreens.obj
 0002:00043d20       _GetStageWindowHandle      004f1d20 f   SFScreens.obj
 0002:00043e20       _DisplayWaitingForSatellites 004f1e20 f   SFScreens.obj
 0002:00044160       _HaveSatelliteReception    004f2160 f   SFScreens.obj
 0002:000441e0       _KillWaitingForSatelliteScreen 004f21e0 f   SFScreens.obj
 0002:000442b0       _GetDragAutoXGaugesWindowHandle 004f22b0 f   SFScreens.obj
 0002:000442f0       _DragAutoXGauges           004f22f0 f   SFScreens.obj
 0002:000443e0       _DisplayStdListScreen      004f23e0 f   StandardList.obj
 0002:00044cd0       _DisplayTripleListScreen   004f2cd0 f   StandardList.obj
 0002:00045090       _GetButtonID               004f3090 f   StandardList.obj
 0002:00045140       _GetSystemSettingsWindowHandle 004f3140 f   SystemSettingsScreens.obj
 0002:00045180       _SetSystemSettingsWindowHandle 004f3180 f   SystemSettingsScreens.obj
 0002:000451c0       _SystemSettingsScreensCallback 004f31c0 f   SystemSettingsScreens.obj
 0002:00045cc0       _DisplayLapMeter           004f3cc0 f   SystemSettingsScreens.obj
 0002:00045d40       _DisplayDisplaySelection   004f3d40 f   SystemSettingsScreens.obj
 0002:00045f10       _setOnOffButtonColors      004f3f10 f   SystemSettingsScreens.obj
 0002:00046060       _DisplayAutoStartSelection 004f4060 f   SystemSettingsScreens.obj
 0002:000462a0       _GetAutoOnText             004f42a0 f   SystemSettingsScreens.obj
 0002:00046320       _GetLapMeterText           004f4320 f   SystemSettingsScreens.obj
 0002:00046360       _DisplayUnitsSelection     004f4360 f   SystemSettingsScreens.obj
 0002:00046620       _GetGPSSimulateStr         004f4620 f   SystemSettingsScreens.obj
 0002:00046680       _GetDaylightSavingsStr     004f4680 f   SystemSettingsScreens.obj
 0002:000466e0       _DisplayTimeSelection      004f46e0 f   SystemSettingsScreens.obj
 0002:00046980       _DisplayStorageSelection   004f4980 f   SystemSettingsScreens.obj
 0002:00046ae0       _LapMeterPaint             004f4ae0 f   SystemSettingsScreens.obj
 0002:00046b90       _AutoStartSelectionPaint   004f4b90 f   SystemSettingsScreens.obj
 0002:00046f50       _PaintRecordSpeed          004f4f50 f   SystemSettingsScreens.obj
 0002:000470b0       _GetRecordStopTime         004f50b0 f   SystemSettingsScreens.obj
 0002:00047120       _SetRecordStopTime         004f5120 f   SystemSettingsScreens.obj
 0002:00047190       _GetRecordStopTimeString   004f5190 f   SystemSettingsScreens.obj
 0002:00047210       _GetRecordSpeed            004f5210 f   SystemSettingsScreens.obj
 0002:00047250       _SetRecordSpeed            004f5250 f   SystemSettingsScreens.obj
 0002:000472a0       _DisplayRecordSpeed        004f52a0 f   SystemSettingsScreens.obj
 0002:000475a0       _GetRecordSpeedString      004f55a0 f   SystemSettingsScreens.obj
 0002:000477f0       _DisplaySelectionPaint     004f57f0 f   SystemSettingsScreens.obj
 0002:00047a10       _UnitsSelectionPaint       004f5a10 f   SystemSettingsScreens.obj
 0002:00047b50       _TimeSelectionPaint        004f5b50 f   SystemSettingsScreens.obj
 0002:00047c60       _StorageSelectionPaint     004f5c60 f   SystemSettingsScreens.obj
 0002:00047d30       _SystemSettingsIgnoreNextKeyRelease 004f5d30 f   SystemSettingsScreens.obj
 0002:00047d70       _SystemSettingsPopUp       004f5d70 f   SystemSettingsScreens.obj
 0002:000482b0       _DeleteSystemSettingsPopUp 004f62b0 f   SystemSettingsScreens.obj
 0002:00048310       _nonModalPopupCallback     004f6310 f   SystemSettingsScreens.obj
 0002:00048470       _FormatSDCard              004f6470 f   SystemSettingsScreens.obj
 0002:00048510       _RestoreFactoryDefaults    004f6510 f   SystemSettingsScreens.obj
 0002:00048620       _EraseAllSessions          004f6620 f   SystemSettingsScreens.obj
 0002:00048810       _ClearNameStruct           004f6810 f   SystemSettingsScreens.obj
 0002:00048880       _ValidSessionFileName      004f6880 f   SystemSettingsScreens.obj
 0002:00048950       _PersonalizationCB         004f6950 f   SystemSettingsScreens.obj
 0002:00048ba0       _DisplayPersonalizationScreen 004f6ba0 f   SystemSettingsScreens.obj
 0002:00048c20       _ReturnToPersonalizationScreen 004f6c20 f   SystemSettingsScreens.obj
 0002:00049530       _PersonalizeScreenExit     004f7530 f   SystemSettingsScreens.obj
 0002:000495e0       _WiFiChangedPopUp          004f75e0 f   SystemSettingsScreens.obj
 0002:00049650       _SetCurrentTempButtonText  004f7650 f   SystemSettingsScreens.obj
 0002:000497e0       _SSSButtonToScreenID       004f77e0 f   SystemSettingsScreens.obj
 0002:000498b0       _CylindersToIndex          004f78b0 f   TachSetupScreens.obj
 0002:00049940       _IndexToCylinders          004f7940 f   TachSetupScreens.obj
 0002:000499d0       _GetCylindersText          004f79d0 f   TachSetupScreens.obj
 0002:00049a30       _GetTachSetupWindowHandle  004f7a30 f   TachSetupScreens.obj
 0002:00049a70       _SetTachSetupWindowHandle  004f7a70 f   TachSetupScreens.obj
 0002:00049ab0       _TachSetupScreensCallback  004f7ab0 f   TachSetupScreens.obj
 0002:00049f00       _DisplayWarningRPM         004f7f00 f   TachSetupScreens.obj
 0002:0004a030       _BuildRPMList              004f8030 f   TachSetupScreens.obj
 0002:0004a100       _DisplayRedline            004f8100 f   TachSetupScreens.obj
 0002:0004a1c0       _DisplayCylinders          004f81c0 f   TachSetupScreens.obj
 0002:0004a250       _DisplayPowerEnd           004f8250 f   TachSetupScreens.obj
 0002:0004a280       _DisplayMaxRPM             004f8280 f   TachSetupScreens.obj
 0002:0004a350       _WarningRPMPaint           004f8350 f   TachSetupScreens.obj
 0002:0004a400       _RedlinePaint              004f8400 f   TachSetupScreens.obj
 0002:0004a4b0       _CylindersPaint            004f84b0 f   TachSetupScreens.obj
 0002:0004a560       _PowerEndPaint             004f8560 f   TachSetupScreens.obj
 0002:0004a610       _MaxRPMPaint               004f8610 f   TachSetupScreens.obj
 0002:0004a700       _TachSetupIgnoreNextKeyRelease 004f8700 f   TachSetupScreens.obj
 0002:0004a730       _CreateTracks              004f8730 f   TrackDetect.obj
 0002:0004a7e0       _ReadTracks                004f87e0 f   TrackDetect.obj
 0002:0004aae0       _AddTrack                  004f8ae0 f   TrackDetect.obj
 0002:0004ae50       _DeleteTrack               004f8e50 f   TrackDetect.obj
 0002:0004afb0       _CurrentTrackInRange       004f8fb0 f   TrackDetect.obj
 0002:0004b110       _GetClosestTracks          004f9110 f   TrackDetect.obj
 0002:0004b5f0       _UpdateSFLines             004f95f0 f   TrackDetect.obj
 0002:0004ba20       _Display_TrackSettingMainScreen 004f9a20 f   TrackSettingsScreens.obj
 0002:0004be80       _GetTrackSettingMainWindowHandle 004f9e80 f   TrackSettingsScreens.obj
 0002:0004bec0       _SetTrackSettingMainWindowHandle 004f9ec0 f   TrackSettingsScreens.obj
 0002:0004bf00       _GetTrackSettingsWindowHandle 004f9f00 f   TrackSettingsScreens.obj
 0002:0004bf40       _SetTrackSettingsWindowHandle 004f9f40 f   TrackSettingsScreens.obj
 0002:0004bf80       _TrackSettingsScreensCallback 004f9f80 f   TrackSettingsScreens.obj
 0002:0004c490       _TSButtonToScreenID        004fa490 f   TrackSettingsScreens.obj
 0002:0004c5b0       _DisplayTrackType          004fa5b0 f   TrackSettingsScreens.obj
 0002:0004c640       _DisplayHoldTime           004fa640 f   TrackSettingsScreens.obj
 0002:0004c6c0       _TrackTypePaint            004fa6c0 f   TrackSettingsScreens.obj
 0002:0004c770       _HoldTimePaint             004fa770 f   TrackSettingsScreens.obj
 0002:0004c820       _SetLatButtonText          004fa820 f   TrackSettingsScreens.obj
 0002:0004c8f0       _SetLongButtonText         004fa8f0 f   TrackSettingsScreens.obj
 0002:0004c9c0       _SetHeadButtonText         004fa9c0 f   TrackSettingsScreens.obj
 0002:0004ca90       _SetFinishLatButtonText    004faa90 f   TrackSettingsScreens.obj
 0002:0004cb70       _SetFinishLongButtonText   004fab70 f   TrackSettingsScreens.obj
 0002:0004cc50       _SetFinishHeadButtonText   004fac50 f   TrackSettingsScreens.obj
 0002:0004cd30       _DisplayStartFinish        004fad30 f   TrackSettingsScreens.obj
 0002:0004d0f0       _StartFinishPaint          004fb0f0 f   TrackSettingsScreens.obj
 0002:0004d3e0       _OpenCourse                004fb3e0 f   TrackSettingsScreens.obj
 0002:0004d440       _NeedToEditStartFinish     004fb440 f   TrackSettingsScreens.obj
 0002:0004d4b0       _NeedToDisplayFinish       004fb4b0 f   TrackSettingsScreens.obj
 0002:0004d550       _DisplayResetPL            004fb550 f   TrackSettingsScreens.obj
 0002:0004d660       _ResetPLPaint              004fb660 f   TrackSettingsScreens.obj
 0002:0004d8b0       _TrackSettingsIgnoreNextKeyRelease 004fb8b0 f   TrackSettingsScreens.obj
 0002:0004d8f0       _okToResetSF               004fb8f0 f   TrackSettingsScreens.obj
 0002:0004d960       _CourseTypeToIndex         004fb960 f   TrackSettingsScreens.obj
 0002:0004da10       _IndexToCourseType         004fba10 f   TrackSettingsScreens.obj
 0002:0004dad0       _formatElapsedTime         004fbad0 f   Utilities.obj
 0002:0004dc40       _formatLapTime             004fbc40 f   Utilities.obj
 0002:0004ddb0       _trim                      004fbdb0 f   Utilities.obj
 0002:0004de80       _trimn                     004fbe80 f   Utilities.obj
 0002:0004dee0       _EnsurePositive            004fbee0 f   Utilities.obj
 0002:0004df50       _GetPredictiveScale        004fbf50 f   Utilities.obj
 0002:0004e000       _iSort                     004fc000 f   Utilities.obj
 0002:0004e0e0       _fSort                     004fc0e0 f   Utilities.obj
 0002:0004e1d0       _CalculateScaleTop         004fc1d0 f   Utilities.obj
 0002:0004e240       _kmc_stricmp               004fc240 f   Utilities.obj
 0002:0004e330       _Display_VehicleSettingMainScreen 004fc330 f   VehicleSettingsScreens.obj
 0002:0004e780       _GetVehicleSettingMainWindowHandle 004fc780 f   VehicleSettingsScreens.obj
 0002:0004e7c0       _SetVehicleSettingMainWindowHandle 004fc7c0 f   VehicleSettingsScreens.obj
 0002:0004e800       _GetVehicleSettingsWindowHandle 004fc800 f   VehicleSettingsScreens.obj
 0002:0004e840       _SetVehicleSettingsWindowHandle 004fc840 f   VehicleSettingsScreens.obj
 0002:0004e880       _VehicleSettingsScreensCallback 004fc880 f   VehicleSettingsScreens.obj
 0002:0004f440       _TestCameras               004fd440 f   VehicleSettingsScreens.obj
 0002:0004f630       _DisplayTachSelection      004fd630 f   VehicleSettingsScreens.obj
 0002:0004f9e0       _SetRedlineButtonText      004fd9e0 f   VehicleSettingsScreens.obj
 0002:0004fab0       _SetYellowButtonText       004fdab0 f   VehicleSettingsScreens.obj
 0002:0004fb80       _SetNumCylsButtonText      004fdb80 f   VehicleSettingsScreens.obj
 0002:0004fbe0       _ResetSliderParams         004fdbe0 f   VehicleSettingsScreens.obj
 0002:0004fd20       _TachSelectionPaint        004fdd20 f   VehicleSettingsScreens.obj
 0002:00050040       _DisplayWeightSelection    004fe040 f   VehicleSettingsScreens.obj
 0002:00050170       _RSDisplayInputsSelection  004fe170 f   VehicleSettingsScreens.obj
 0002:000501f0       _DisplayInputsSelection    004fe1f0 f   VehicleSettingsScreens.obj
 0002:000504e0       _InputsSelectionPaint      004fe4e0 f   VehicleSettingsScreens.obj
 0002:00050800       _DisplayGearRatio          004fe800 f   VehicleSettingsScreens.obj
 0002:00050a20       _GearRatioPaint            004fea20 f   VehicleSettingsScreens.obj
 0002:00051020       _WeightSelectionPaint      004ff020 f   VehicleSettingsScreens.obj
 0002:00051100       _GetAeroGripWindowHandle   004ff100 f   VehicleSettingsScreens.obj
 0002:00051140       _CreateAeroGripScreen      004ff140 f   VehicleSettingsScreens.obj
 0002:00051320       _AeroGripScreenCallback    004ff320 f   VehicleSettingsScreens.obj
 0002:00051520       _AeroGripScreenPaint       004ff520 f   VehicleSettingsScreens.obj
 0002:000517e0       _DisplayCarMetricsSelection 004ff7e0 f   VehicleSettingsScreens.obj
 0002:00051b40       _CarMetricsSelectionPaint  004ffb40 f   VehicleSettingsScreens.obj
 0002:00051e40       _UpdateAll                 004ffe40 f   VehicleSettingsScreens.obj
 0002:00051ea0       _UpdateTime                004ffea0 f   VehicleSettingsScreens.obj
 0002:00052020       _UpdateDistance            00500020 f   VehicleSettingsScreens.obj
 0002:00052250       _UpdateRPM                 00500250 f   VehicleSettingsScreens.obj
 0002:00052340       _DisplayCameraSetupSelection 00500340 f   VehicleSettingsScreens.obj
 0002:00052580       _CameraSetupPaint          00500580 f   VehicleSettingsScreens.obj
 0002:000529c0       _CustomDelay               005009c0 f   VehicleSettingsScreens.obj
 0002:00052a80       _GetFullCameraText         00500a80 f   VehicleSettingsScreens.obj
 0002:00052b60       _GetCameraName             00500b60 f   VehicleSettingsScreens.obj
 0002:00052c00       _GetTraqdashCameraName     00500c00 f   VehicleSettingsScreens.obj
 0002:00052c90       _ValidateCameraData        00500c90 f   VehicleSettingsScreens.obj
 0002:00052dd0       _CreateTraqdashCamScreen   00500dd0 f   VehicleSettingsScreens.obj
 0002:000531c0       _SetCameraButtonColors     005011c0 f   VehicleSettingsScreens.obj
 0002:00053320       _GetTraqdashCamWindowHandle 00501320 f   VehicleSettingsScreens.obj
 0002:00053590       _TraqdashCamPaint          00501590 f   VehicleSettingsScreens.obj
 0002:00053950       _VehicleSettingsIgnoreNextKeyRelease 00501950 f   VehicleSettingsScreens.obj
 0002:00053990       _ValidateVehicleData       00501990 f   VehicleSettingsScreens.obj
 0002:00053c00       _ValidateCamera            00501c00 f   VehicleSettingsScreens.obj
 0002:00053e30       _ValidateDiffRatio         00501e30 f   VehicleSettingsScreens.obj
 0002:00053eb0       _AutoFixTach               00501eb0 f   VehicleSettingsScreens.obj
 0002:00053ff0       _AutoFixGears              00501ff0 f   VehicleSettingsScreens.obj
 0002:000541c0       _AutoFixWeight             005021c0 f   VehicleSettingsScreens.obj
 0002:00054200       _VehicleSettingsPopUp      00502200 f   VehicleSettingsScreens.obj
 0002:00054420       _SetAnalogColorAndText     00502420 f   VehicleSettingsScreens.obj
 0002:000545d0       _SetDigitalColorAndText    005025d0 f   VehicleSettingsScreens.obj
 0002:000546e0       _GetCameraSelectionWindowHandle 005026e0 f   VehicleSettingsScreens.obj
 0002:00054720       _CreateCameraSelection     00502720 f   VehicleSettingsScreens.obj
 0002:00054ac0       _CameraSelectionCallback   00502ac0 f   VehicleSettingsScreens.obj
 0002:00054c30       _GetCameraDelayWindowHandle 00502c30 f   VehicleSettingsScreens.obj
 0002:00054c70       _CreateCameraDelay         00502c70 f   VehicleSettingsScreens.obj
 0002:00054f60       _SetCameraDelay            00502f60 f   VehicleSettingsScreens.obj
 0002:00054fc0       _CameraDelayCallback       00502fc0 f   VehicleSettingsScreens.obj
 0002:00055270       _UpdateCameraVariables     00503270 f   VehicleSettingsScreens.obj
 0002:000552c0       _GetSUCam                  005032c0 f   VehicleSettingsScreens.obj
 0002:00055300       _GetTDCam                  00503300 f   VehicleSettingsScreens.obj
 0002:00055340       _opendir                   00503340 f   dirent.obj
 0002:00055580       _closedir                  00503580 f   dirent.obj
 0002:00055630       _readdir                   00503630 f   dirent.obj
 0002:000557d0       _rewinddir                 005037d0 f   dirent.obj
 0002:000558a0       _telldir                   005038a0 f   dirent.obj
 0002:00055930       _seekdir                   00503930 f   dirent.obj
 0002:000559f0       _GUI_X_Config              005039f0 f   GUIConf.obj
 0002:00055a60       _LCD_X_Config              00503a60 f   LCDConf.obj
 0002:00055b00       _LCD_X_DisplayDriver       00503b00 f   LCDConf.obj
 0002:00055cf0       _SIM_X_Config              00503cf0 f   SIMConf.obj
 0002:00055d60       _SIM_Powerkey_CB           00503d60 f   SIMConf.obj
 0002:00055db0       _SIM_Init                  00503db0 f   SIMConf.obj
 0002:00055e10       _SIM_Tick                  00503e10 f   SIMConf.obj
 0002:00055e50       _GUI_AA_DrawArc            00503e50 f   GUIAA_Arc.obj
 0002:00056030       _GUIPROPAA_DispChar        00504030 f   GUIAA_Char.obj
 0002:00056420       _GUIPROPAA_GetCharDistX    00504420 f   GUIAA_Char.obj
 0002:000564e0       _GUIPROPAA_GetFontInfo     005044e0 f   GUIAA_Char.obj
 0002:00056530       _GUIPROPAA_IsInFont        00504530 f   GUIAA_Char.obj
 0002:000565a0       _GUI_AA__DrawCharAA2       005045a0 f   GUIAA_Char2.obj
 0002:00056b00       _GUIPROP_AA2_DispChar      00504b00 f   GUIAA_Char2.obj
 0002:00056c90       _GUIPROP_AA2_GetCharDistX  00504c90 f   GUIAA_Char2.obj
 0002:00056d30       _GUIPROP_AA2_GetFontInfo   00504d30 f   GUIAA_Char2.obj
 0002:00056d80       _GUIPROP_AA2_IsInFont      00504d80 f   GUIAA_Char2.obj
 0002:00056df0       _GUIPROP_AA2_EXT_DispChar  00504df0 f   GUIAA_Char2Ext.obj
 0002:000576b0       _GUI_AA__DrawCharAA4       005056b0 f   GUIAA_Char4.obj
 0002:00057ab0       _GUIPROP_AA4_DispChar      00505ab0 f   GUIAA_Char4.obj
 0002:00057c40       _GUIPROP_AA4_GetCharDistX  00505c40 f   GUIAA_Char4.obj
 0002:00057ce0       _GUIPROP_AA4_GetFontInfo   00505ce0 f   GUIAA_Char4.obj
 0002:00057d30       _GUIPROP_AA4_IsInFont      00505d30 f   GUIAA_Char4.obj
 0002:00057da0       _GUIPROP_AA4_EXT_DispChar  00505da0 f   GUIAA_Char4Ext.obj
 0002:00058660       _GL_FillCircleAA_HiRes     00506660 f   GUIAA_Circle.obj
 0002:000588e0       _GUI_AA_FillCircle         005068e0 f   GUIAA_Circle.obj
 0002:00058a50       _GUI_AA_DrawRoundedRect    00506a50 f   GUIAA_DrawRoundedRect.obj
 0002:00058c10       _GUI_AA_FillRoundedRect    00506c10 f   GUIAA_FillRoundedRect.obj
 0002:00059090       _GUI_AA_Init               00507090 f   GUIAA_Lib.obj
 0002:00059770       _GUI_AA_Init_HiRes         00507770 f   GUIAA_Lib.obj
 0002:000597f0       _GUI_AA_SetFactor          005077f0 f   GUIAA_Lib.obj
 0002:00059840       _GUI_AA_GetFactor          00507840 f   GUIAA_Lib.obj
 0002:00059880       _GUI_AA_DisableHiRes       00507880 f   GUIAA_Lib.obj
 0002:000598c0       _GUI_AA_EnableHiRes        005078c0 f   GUIAA_Lib.obj
 0002:00059900       _GUI_AA_HiRes2Pixel        00507900 f   GUIAA_Lib.obj
 0002:00059970       _GUI_AA_Exit               00507970 f   GUIAA_Lib.obj
 0002:000599d0       _GUI_AA_DrawLine           005079d0 f   GUIAA_Line.obj
 0002:00059ca0       _GUI_AA_FillPolygon        00507ca0 f   GUIAA_Poly.obj
 0002:0005a060       _GUI_AA_DrawPolyOutlineEx  00508060 f   GUIAA_PolyOut.obj
 0002:0005a140       _GUI_AA_DrawPolyOutline    00508140 f   GUIAA_PolyOut.obj
 0002:0005c4a0       _LCD_Color2Index_8666      0050a4a0 f   GUICC_8666.obj
 0002:0005c5c0       _LCD_Index2Color_8666      0050a5c0 f   GUICC_8666.obj
 0002:0005e030       _LCD_SetLUTEx              0050c030 f   GUICC_0.obj
 0002:0005e0c0       _LCD_SetLUT                0050c0c0 f   GUICC_0.obj
 0002:0005e220       _LCD_Index2Color_555       0050c220 f   GUICC_555_Index2Color.obj
 0002:0005e2e0       _LCD_Index2Color_565       0050c2e0 f   GUICC_565_Index2Color.obj
 0002:0005e4a0       _LCD_Index2Color_8888      0050c4a0 f   GUICC_8888_Index2Color.obj
 0002:0005e4e0       _LCD_Index2Color_888       0050c4e0 f   GUICC_888_Index2Color.obj
 0002:0005e520       _LCD_Index2Color_M555      0050c520 f   GUICC_M555_Index2Color.obj
 0002:0005e5e0       _LCD_Index2Color_M565      0050c5e0 f   GUICC_M565_Index2Color.obj
 0002:0005e6a0       _LCD_Index2Color_M888      0050c6a0 f   GUICC_M888_Index2Color.obj
 0002:0005e720       _GUI_MoveRel               0050c720 f   GUI_2DLib.obj
 0002:0005e780       _GL_MoveTo                 0050c780 f   GUI_2DLib.obj
 0002:0005e7d0       _GUI_MoveTo                0050c7d0 f   GUI_2DLib.obj
 0002:0005e840       _GUI_DrawRect              0050c840 f   GUI_2DLib.obj
 0002:0005ea30       _GUI_AddBin                0050ca30 f   GUI_AddBin.obj
 0002:0005eb00       _GUI_AddDec                0050cb00 f   GUI_AddDec.obj
 0002:0005eb60       _GUI_AddDecMin             0050cb60 f   GUI_AddDecMin.obj
 0002:0005ebd0       _GUI_Long2Len              0050cbd0 f   GUI_AddDecShift.obj
 0002:0005ec80       _GUI_AddSign               0050cc80 f   GUI_AddDecShift.obj
 0002:0005ece0       _GUI_AddDecShift           0050cce0 f   GUI_AddDecShift.obj
 0002:0005ef40       _GUI_AddHex                0050cf40 f   GUI_AddHex.obj
 0002:0005eff0       _GUI_ALLOC_p2h             0050cff0 f   GUI_Alloc.obj
 0002:0005f040       _GUI_ALLOC_FreeFixedBlock  0050d040 f   GUI_Alloc.obj
 0002:0005f0b0       _GUI_ALLOC_GetFixedBlock   0050d0b0 f   GUI_Alloc.obj
 0002:0005ff70       _GUI_ALLOC_AllocNoInit     0050df70 f   GUI_Alloc.obj
 0002:00060260       _GUI_ALLOC_h2p             0050e260 f   GUI_Alloc.obj
 0002:00060300       _GUI_ALLOC_LockH           0050e300 f   GUI_Alloc.obj
 0002:00060360       _GUI_ALLOC_UnlockH         0050e360 f   GUI_Alloc.obj
 0002:000603d0       _GUI_ALLOC_GetNumFreeBytes 0050e3d0 f   GUI_Alloc.obj
 0002:00060420       _GUI_ALLOC_GetNumFreeBlocks 0050e420 f   GUI_Alloc.obj
 0002:00060470       _GUI_ALLOC_GetNumUsedBytes 0050e470 f   GUI_Alloc.obj
 0002:000604d0       _GUI_ALLOC_GetNumUsedBlocks 0050e4d0 f   GUI_Alloc.obj
 0002:00060530       _GUI_ALLOC_GetMaxSize      0050e530 f   GUI_Alloc.obj
 0002:000606f0       _GUI_ALLOC_RequestSize     0050e6f0 f   GUI_Alloc.obj
 0002:00060780       _GUI_ALLOC_Lock            0050e780 f   GUI_Alloc.obj
 0002:000607c0       _GUI_ALLOC_Unlock          0050e7c0 f   GUI_Alloc.obj
 0002:00060800       _GUI_ALLOC_AssignMemory    0050e800 f   GUI_Alloc.obj
 0002:00060850       _GUI_ALLOC_SetAvBlockSize  0050e850 f   GUI_Alloc.obj
 0002:000608a0       _GUI_ALLOC_GetSize         0050e8a0 f   GUI_Alloc.obj
 0002:00060960       _GUI_ALLOC_Free            0050e960 f   GUI_Alloc.obj
 0002:00060b00       _GUI_ALLOC_FreePtr         0050eb00 f   GUI_Alloc.obj
 0002:00060b60       _GUI_ALLOC_FreePtrArray    0050eb60 f   GUI_Alloc.obj
 0002:00060be0       _GUI_ALLOC_AllocInit       0050ebe0 f   GUI_ALLOC_AllocInit.obj
 0002:00060ca0       _GUI_ALLOC_AllocZero       0050eca0 f   GUI_ALLOC_AllocZero.obj
 0002:00060d20       _GL_DrawArc                0050ed20 f   GUI_Arc.obj
 0002:000617c0       _GUI_DrawArc               0050f7c0 f   GUI_Arc.obj
 0002:00061f50       _GUI_BMP__ReadPalette      0050ff50 f   GUI_BMP.obj
 0002:00062070       _GUI_BMP__ReadData         00510070 f   GUI_BMP.obj
 0002:00062120       _GUI_BMP__GetData          00510120 f   GUI_BMP.obj
 0002:00062170       _GUI_BMP__Init             00510170 f   GUI_BMP.obj
 0002:000623f0       _GUI_BMP_GetXSizeEx        005103f0 f   GUI_BMP.obj
 0002:000624d0       _GUI_BMP_GetXSize          005104d0 f   GUI_BMP.obj
 0002:00062570       _GUI_BMP_GetYSizeEx        00510570 f   GUI_BMP.obj
 0002:00062660       _GUI_BMP_GetYSize          00510660 f   GUI_BMP.obj
 0002:00062700       _GUI_BMP_DrawEx            00510700 f   GUI_BMP.obj
 0002:00064080       _GUI_BMP_Draw              00512080 f   GUI_BMP.obj
 0002:00064130       _GUI_BMP_DrawScaledEx      00512130 f   GUI_BMP_DrawScaled.obj
 0002:00065dc0       _GUI_BMP_DrawScaled        00513dc0 f   GUI_BMP_DrawScaled.obj
 0002:00065e70       _GUI_BMP_SerializeEx       00513e70 f   GUI_BMP_Serialize.obj
 0002:00066420       _GUI_BMP_Serialize         00514420 f   GUI_BMP_Serialize.obj
 0002:00066490       _GUI_CalcColorDist         00514490 f   GUI_CalcColorDist.obj
 0002:000665a0       _GUI_DispNextLine          005145a0 f   GUI_Char.obj
 0002:00066610       _GL_DispChar               00514610 f   GUI_Char.obj
 0002:000666c0       _GUI_GetYAdjust            005146c0 f   GUI_Char.obj
 0002:00066780       _GUI_GetFontDistY          00514780 f   GUI_Char.obj
 0002:000667d0       _GUI_GetCharDistX          005147d0 f   GUI_Char.obj
 0002:00066880       _GUI__GetLineNumChars      00514880 f   GUI_CharLine.obj
 0002:00066970       _GUI__GetOverlap           00514970 f   GUI_CharLine.obj
 0002:00066a60       _GUI__GetLineDistX         00514a60 f   GUI_CharLine.obj
 0002:00066b80       _GUI__DispLine             00514b80 f   GUI_CharLine.obj
 0002:00066e60       _GUIMONO_DispChar          00514e60 f   GUI_CharM.obj
 0002:000671e0       _GUIMONO_GetCharDistX      005151e0 f   GUI_CharM.obj
 0002:00067230       _GUIMONO_GetFontInfo       00515230 f   GUI_CharM.obj
 0002:00067280       _GUIMONO_IsInFont          00515280 f   GUI_CharM.obj
 0002:00067360       _GUIPROP__FindChar         00515360 f   GUI_CharP.obj
 0002:000673d0       _GUIPROP_DispChar          005153d0 f   GUI_CharP.obj
 0002:00067610       _GUIPROP_GetCharDistX      00515610 f   GUI_CharP.obj
 0002:000676c0       _GUIPROP_GetFontInfo       005156c0 f   GUI_CharP.obj
 0002:00067710       _GUIPROP_IsInFont          00515710 f   GUI_CharP.obj
 0002:00067780       _GUIPROP_EXT__FindChar     00515780 f   GUI_CharPExt.obj
 0002:000677f0       _GUIPROP_EXT_DispChar      005157f0 f   GUI_CharPExt.obj
 0002:00067980       _GUIPROP_EXT_GetCharDistX  00515980 f   GUI_CharPExt.obj
 0002:00067a40       _GUIPROP_EXT_GetFontInfo   00515a40 f   GUI_CharPExt.obj
 0002:00067a90       _GUIPROP_EXT_IsInFont      00515a90 f   GUI_CharPExt.obj
 0002:00067b00       _GUIPROP_EXT_GetCharInfo   00515b00 f   GUI_CharPExt.obj
 0002:00067bb0       _GUIPROP_FRM_DispChar      00515bb0 f   GUI_CharPFrm.obj
 0002:00067e50       _GUIPROP_FRM_GetCharDistX  00515e50 f   GUI_CharPFrm.obj
 0002:00067f10       _GUIPROP_FRM_GetFontInfo   00515f10 f   GUI_CharPFrm.obj
 0002:00067f60       _GUIPROP_FRM_IsInFont      00515f60 f   GUI_CharPFrm.obj
 0002:00067fd0       _GL_DrawCircle             00515fd0 f   GUI_Circ.obj
 0002:000682b0       _GUI_DrawCircle            005162b0 f   GUI_Circ.obj
 0002:000683b0       _GL_FillCircle             005163b0 f   GUI_Circ.obj
 0002:000685a0       _GUI_FillCircle            005165a0 f   GUI_Circ.obj
 0002:00068640       _GL_FillEllipse            00516640 f   GUI_Circ.obj
 0002:000687d0       _GUI_FillEllipse           005167d0 f   GUI_Circ.obj
 0002:00068900       _GL_DrawEllipse            00516900 f   GUI_Circ.obj
 0002:00068c20       _GUI_DrawEllipse           00516c20 f   GUI_Circ.obj
 0002:00068db0       _GUI_ClearRectEx           00516db0 f   GUI_ClearRectEx.obj
 0002:00068e20       _GUI_Color2Index           00516e20 f   GUI_Color2Index.obj
 0002:00068e80       _GUI_Color2VisColor        00516e80 f   GUI_Color2VisColor.obj
 0002:00068ef0       _GUI_ColorIsAvailable      00516ef0 f   GUI_Color2VisColor.obj
 0002:00068f50       _GUI_CalcVisColorError     00516f50 f   GUI_Color2VisColor.obj
 0002:00068fb0       _GUI_SetDefaultFont        00516fb0 f   GUI_Core.obj
 0002:00068ff0       _GUI_ClearRect             00516ff0 f   GUI_Core.obj
 0002:00069130       _GUI_Clear                 00517130 f   GUI_Core.obj
 0002:000691a0       _GUI__Config               005171a0 f   GUI_Core.obj
 0002:00069210       _GUI_Init                  00517210 f   GUI_Core.obj
 0002:000693e0       _GUI_CURSOR_SelectEx       005173e0 f   GUI_Curs1.obj
 0002:00069690       _GUI_CURSOR_HideEx         00517690 f   GUI_Curs1.obj
 0002:00069820       _GUI_CURSOR_ShowEx         00517820 f   GUI_Curs1.obj
 0002:000698b0       _GUI_CURSOR_GetStateEx     005178b0 f   GUI_Curs1.obj
 0002:00069900       _GUI_CURSOR_SetPositionEx  00517900 f   GUI_Curs1.obj
 0002:00069a70       _GUI_CURSOR_Select         00517a70 f   GUI_Curs1.obj
 0002:00069ad0       _GUI_CURSOR_Hide           00517ad0 f   GUI_Curs1.obj
 0002:00069b30       _GUI_CURSOR_Show           00517b30 f   GUI_Curs1.obj
 0002:00069b90       _GUI_CURSOR_GetState       00517b90 f   GUI_Curs1.obj
 0002:00069bf0       _GUI_CURSOR_SetPosition    00517bf0 f   GUI_Curs1.obj
 0002:00069c50       _GUI_DEVICE__GetpDevice    00517c50 f   GUI_Device.obj
 0002:00069cd0       _GUI_DEVICE__GetpDriver    00517cd0 f   GUI_Device.obj
 0002:00069d50       _GUI_DEVICE_Delete         00517d50 f   GUI_Device.obj
 0002:00069da0       _GUI_DEVICE_Create         00517da0 f   GUI_Device.obj
[...]
 0004:003d4634       __nhandle                  013d3634     <common>
 0004:003d4680       ___pioinfo                 013d3680     <common>
 0004:003d4780       ___env_initialized         013d3780     <common>
 0004:003d4790       ___onexitend               013d3790     <common>
 0004:003d4794       ___onexitbegin             013d3794     <common>
 0004:003d4798       ___mbctype_initialized     013d3798     <common>
 0004:003d479c       ___dyn_tls_init_callback   013d379c     <common>
 0004:003d47a0       __pDestructExceptionObject 013d37a0     <common>
 0004:003d47ac       ___piob                    013d37ac     <common>
 0004:003d4b00       __bufin                    013d3b00     <common>
 0004:003d5b00       __nstream                  013d4b00     <common>
 0004:003d5b04       ___use_sse2_mathfcns       013d4b04     <common>
 0004:003d5b10       __pmatherr                 013d4b10     <common>
 0004:003d5b1c       ___sse2_available          013d4b1c     <common>
 0004:003d5b28       ___setlc_active            013d4b28     <common>
 0004:003d5b38       ___unguarded_readlc_active 013d4b38     <common>
 0004:003d5b3c       __acmdln                   013d4b3c     <common>
 0004:003d5b4c       __NoHeapEnableTerminationOnCorruption 013d4b4c     <common>
 0004:003d5b60       _LCDSIM_aLCDColorBlack     013d4b60     <common>
 0004:003d5bc4       _hMap                      013d4bc4     <common>
 0004:003d5be0       _LCDSIM_aLCDColorWhite     013d4be0     <common>
 0004:003d5c20       _SIM_GUI_hInst             013d4c20     <common>
 0004:003d5c30       _SIM_GUI_hWndMain          013d4c30     <common>
 0005:00000000       __IMPORT_DESCRIPTOR_WINMM  013d5000     winmm:WINMM.dll
 0005:00000014       __IMPORT_DESCRIPTOR_KERNEL32 013d5014     kernel32:KERNEL32.dll
 0005:00000028       __IMPORT_DESCRIPTOR_USER32 013d5028     user32:USER32.dll
 0005:0000003c       __IMPORT_DESCRIPTOR_GDI32  013d503c     gdi32:GDI32.dll
 0005:00000050       __NULL_IMPORT_DESCRIPTOR   013d5050     winmm:WINMM.dll
 0005:00000518       __imp__Rectangle@20        013d5518     gdi32:GDI32.dll
 0005:0000051c       __imp__GetObjectA@12       013d551c     gdi32:GDI32.dll
 0005:00000520       __imp__GetStockObject@4    013d5520     gdi32:GDI32.dll
 0005:00000524       __imp__TextOutA@20         013d5524     gdi32:GDI32.dll
 0005:00000528       __imp__DeleteDC@4          013d5528     gdi32:GDI32.dll
 0005:0000052c       __imp__BitBlt@36           013d552c     gdi32:GDI32.dll
 0005:00000530       __imp__SelectObject@8      013d5530     gdi32:GDI32.dll
 0005:00000534       __imp__CreateCompatibleDC@4 013d5534     gdi32:GDI32.dll
 0005:00000538       __imp__LineTo@12           013d5538     gdi32:GDI32.dll
 0005:0000053c       __imp__MoveToEx@16         013d553c     gdi32:GDI32.dll
 0005:00000540       __imp__CreatePen@12        013d5540     gdi32:GDI32.dll
 0005:00000544       __imp__StretchBlt@44       013d5544     gdi32:GDI32.dll
 0005:00000548       __imp__CreateSolidBrush@4  013d5548     gdi32:GDI32.dll
 0005:0000054c       __imp__CreateCompatibleBitmap@12 013d554c     gdi32:GDI32.dll
 0005:00000550       __imp__ExtFloodFill@20     013d5550     gdi32:GDI32.dll
 0005:00000554       __imp__SetDIBitsToDevice@48 013d5554     gdi32:GDI32.dll
 0005:00000558       __imp__StretchDIBits@52    013d5558     gdi32:GDI32.dll
 0005:0000055c       __imp__SetStretchBltMode@8 013d555c     gdi32:GDI32.dll
 0005:00000560       __imp__SetPixel@16         013d5560     gdi32:GDI32.dll
 0005:00000564       __imp__GetDIBits@28        013d5564     gdi32:GDI32.dll
 0005:00000568       __imp__CombineRgn@16       013d5568     gdi32:GDI32.dll
 0005:0000056c       __imp__CreateRectRgn@16    013d556c     gdi32:GDI32.dll
 0005:00000570       __imp__OffsetRgn@12        013d5570     gdi32:GDI32.dll
 0005:00000574       __imp__SetTextColor@8      013d5574     gdi32:GDI32.dll
 0005:00000578       __imp__GetTextExtentPoint32A@16 013d5578     gdi32:GDI32.dll
 0005:0000057c       __imp__DeleteObject@4      013d557c     gdi32:GDI32.dll
 0005:00000580       \177GDI32_NULL_THUNK_DATA  013d5580     gdi32:GDI32.dll
 0005:000005c0       __imp__IsDebuggerPresent@0 013d55c0     kernel32:KERNEL32.dll
 0005:000005c4       __imp__MultiByteToWideChar@24 013d55c4     kernel32:KERNEL32.dll
 0005:000005c8       __imp__lstrlenA@4          013d55c8     kernel32:KERNEL32.dll
 0005:000005cc       __imp__GetProcAddress@8    013d55cc     kernel32:KERNEL32.dll
 0005:000005d0       __imp__LoadLibraryW@4      013d55d0     kernel32:KERNEL32.dll
 0005:000005d4       __imp__FileTimeToLocalFileTime@8 013d55d4     kernel32:KERNEL32.dll
 0005:000005d8       __imp__FindFirstFileExA@24 013d55d8     kernel32:KERNEL32.dll
 0005:000005dc       __imp__GetCommandLineA@0   013d55dc     kernel32:KERNEL32.dll
 0005:000005e0       __imp__HeapSetInformation@16 013d55e0     kernel32:KERNEL32.dll
 0005:000005e4       __imp__GetStartupInfoW@4   013d55e4     kernel32:KERNEL32.dll
 0005:000005e8       __imp__EncodePointer@4     013d55e8     kernel32:KERNEL32.dll
 0005:000005ec       __imp__DecodePointer@4     013d55ec     kernel32:KERNEL32.dll
 0005:000005f0       __imp__UnhandledExceptionFilter@4 013d55f0     kernel32:KERNEL32.dll
 0005:000005f4       __imp__SetUnhandledExceptionFilter@4 013d55f4     kernel32:KERNEL32.dll
 0005:000005f8       __imp__TerminateProcess@8  013d55f8     kernel32:KERNEL32.dll
 0005:000005fc       __imp__GetCurrentProcess@0 013d55fc     kernel32:KERNEL32.dll
 0005:00000600       __imp__GetCPInfo@8         013d5600     kernel32:KERNEL32.dll
 0005:00000604       __imp__InterlockedIncrement@4 013d5604     kernel32:KERNEL32.dll
 0005:00000608       __imp__InterlockedDecrement@4 013d5608     kernel32:KERNEL32.dll
 0005:0000060c       __imp__GetACP@0            013d560c     kernel32:KERNEL32.dll
 0005:00000610       __imp__GetOEMCP@0          013d5610     kernel32:KERNEL32.dll
 0005:00000614       __imp__IsValidCodePage@4   013d5614     kernel32:KERNEL32.dll
 0005:00000618       __imp__TlsAlloc@0          013d5618     kernel32:KERNEL32.dll
 0005:0000061c       __imp__TlsGetValue@4       013d561c     kernel32:KERNEL32.dll
 0005:00000620       __imp__TlsSetValue@8       013d5620     kernel32:KERNEL32.dll
 0005:00000624       __imp__TlsFree@4           013d5624     kernel32:KERNEL32.dll
 0005:00000628       __imp__GetModuleHandleW@4  013d5628     kernel32:KERNEL32.dll
 0005:0000062c       __imp__SetLastError@4      013d562c     kernel32:KERNEL32.dll
 0005:00000630       __imp__GetCurrentThreadId@0 013d5630     kernel32:KERNEL32.dll
 0005:00000634       __imp__GetCurrentThread@0  013d5634     kernel32:KERNEL32.dll
 0005:00000638       __imp__LCMapStringW@24     013d5638     kernel32:KERNEL32.dll
 0005:0000063c       __imp__IsProcessorFeaturePresent@4 013d563c     kernel32:KERNEL32.dll
 0005:00000640       __imp__GetTimeZoneInformation@4 013d5640     kernel32:KERNEL32.dll
 0005:00000644       __imp__EnterCriticalSection@4 013d5644     kernel32:KERNEL32.dll
 0005:00000648       __imp__LeaveCriticalSection@4 013d5648     kernel32:KERNEL32.dll
 0005:0000064c       __imp__InitializeCriticalSectionAndSpinCount@8 013d564c     kernel32:KERNEL32.dll
 0005:00000650       __imp__RtlUnwind@16        013d5650     kernel32:KERNEL32.dll
 0005:00000654       __imp__GetConsoleCP@0      013d5654     kernel32:KERNEL32.dll
 0005:00000658       __imp__GetConsoleMode@8    013d5658     kernel32:KERNEL32.dll
 0005:0000065c       __imp__ExitProcess@4       013d565c     kernel32:KERNEL32.dll
 0005:00000660       __imp__DeleteCriticalSection@4 013d5660     kernel32:KERNEL32.dll
 0005:00000664       __imp__FatalAppExitA@8     013d5664     kernel32:KERNEL32.dll
 0005:00000668       __imp__SetHandleCount@4    013d5668     kernel32:KERNEL32.dll
 0005:0000066c       __imp__GetStdHandle@4      013d566c     kernel32:KERNEL32.dll
 0005:00000670       __imp__GetFileType@4       013d5670     kernel32:KERNEL32.dll
 0005:00000674       __imp__GetModuleFileNameW@12 013d5674     kernel32:KERNEL32.dll
 0005:00000678       __imp__HeapCreate@12       013d5678     kernel32:KERNEL32.dll
 0005:0000067c       __imp__HeapDestroy@4       013d567c     kernel32:KERNEL32.dll
 0005:00000680       __imp__WideCharToMultiByte@32 013d5680     kernel32:KERNEL32.dll
 0005:00000684       __imp__GetProcessHeap@0    013d5684     kernel32:KERNEL32.dll
 0005:00000688       __imp__VirtualQuery@12     013d5688     kernel32:KERNEL32.dll
 0005:0000068c       __imp__GetFullPathNameA@16 013d568c     kernel32:KERNEL32.dll
 0005:00000690       __imp__GetFileInformationByHandle@8 013d5690     kernel32:KERNEL32.dll
 0005:00000694       __imp__PeekNamedPipe@24    013d5694     kernel32:KERNEL32.dll
 0005:00000698       __imp__GetCurrentDirectoryW@8 013d5698     kernel32:KERNEL32.dll
 0005:0000069c       __imp__SetCurrentDirectoryW@4 013d569c     kernel32:KERNEL32.dll
 0005:000006a0       __imp__GetModuleFileNameA@12 013d56a0     kernel32:KERNEL32.dll
 0005:000006a4       __imp__FreeEnvironmentStringsW@4 013d56a4     kernel32:KERNEL32.dll
 0005:000006a8       __imp__GetEnvironmentStringsW@0 013d56a8     kernel32:KERNEL32.dll
 0005:000006ac       __imp__QueryPerformanceCounter@4 013d56ac     kernel32:KERNEL32.dll
 0005:000006b0       __imp__GetTickCount@0      013d56b0     kernel32:KERNEL32.dll
 0005:000006b4       __imp__GetCurrentProcessId@0 013d56b4     kernel32:KERNEL32.dll
 0005:000006b8       __imp__GetStringTypeW@16   013d56b8     kernel32:KERNEL32.dll
 0005:000006bc       __imp__GetUserDefaultLCID@0 013d56bc     kernel32:KERNEL32.dll
 0005:000006c0       __imp__GetLocaleInfoW@16   013d56c0     kernel32:KERNEL32.dll
 0005:000006c4       __imp__GetLocaleInfoA@16   013d56c4     kernel32:KERNEL32.dll
 0005:000006c8       __imp__EnumSystemLocalesA@8 013d56c8     kernel32:KERNEL32.dll
 0005:000006cc       __imp__IsValidLocale@8     013d56cc     kernel32:KERNEL32.dll
 0005:000006d0       __imp__HeapSize@12         013d56d0     kernel32:KERNEL32.dll
 0005:000006d4       __imp__SetStdHandle@8      013d56d4     kernel32:KERNEL32.dll
 0005:000006d8       __imp__FlushFileBuffers@4  013d56d8     kernel32:KERNEL32.dll
 0005:000006dc       __imp__WriteConsoleW@20    013d56dc     kernel32:KERNEL32.dll
 0005:000006e0       __imp__CompareStringW@24   013d56e0     kernel32:KERNEL32.dll
 0005:000006e4       __imp__SetEnvironmentVariableA@8 013d56e4     kernel32:KERNEL32.dll
 0005:000006e8       __imp__SetConsoleCtrlHandler@8 013d56e8     kernel32:KERNEL32.dll
 0005:000006ec       __imp__InterlockedExchange@8 013d56ec     kernel32:KERNEL32.dll
 0005:000006f0       __imp__GetDriveTypeW@4     013d56f0     kernel32:KERNEL32.dll
 0005:000006f4       __imp__SetEndOfFile@4      013d56f4     kernel32:KERNEL32.dll
 0005:000006f8       __imp__HeapReAlloc@16      013d56f8     kernel32:KERNEL32.dll
 0005:000006fc       __imp__CreateFileW@28      013d56fc     kernel32:KERNEL32.dll
 0005:00000700       __imp__ResumeThread@4      013d5700     kernel32:KERNEL32.dll
 0005:00000704       __imp__SetThreadPriority@8 013d5704     kernel32:KERNEL32.dll
 0005:00000708       __imp__CreateThread@24     013d5708     kernel32:KERNEL32.dll
 0005:0000070c       __imp__ExitThread@4        013d570c     kernel32:KERNEL32.dll
 0005:00000710       __imp__TerminateThread@8   013d5710     kernel32:KERNEL32.dll
 0005:00000714       __imp__SuspendThread@4     013d5714     kernel32:KERNEL32.dll
 0005:00000718       __imp__GlobalUnlock@4      013d5718     kernel32:KERNEL32.dll
 0005:0000071c       __imp__GlobalLock@4        013d571c     kernel32:KERNEL32.dll
 0005:00000720       __imp__GlobalAlloc@8       013d5720     kernel32:KERNEL32.dll
 0005:00000724       __imp__OutputDebugStringA@4 013d5724     kernel32:KERNEL32.dll
 0005:00000728       __imp__CreateMutexA@12     013d5728     kernel32:KERNEL32.dll
 0005:0000072c       __imp__WaitForSingleObject@8 013d572c     kernel32:KERNEL32.dll
 0005:00000730       __imp__ReleaseMutex@4      013d5730     kernel32:KERNEL32.dll
 0005:00000734       __imp__GlobalFree@4        013d5734     kernel32:KERNEL32.dll
 0005:00000738       __imp__MapViewOfFile@20    013d5738     kernel32:KERNEL32.dll
 0005:0000073c       __imp__CreateFileMappingA@24 013d573c     kernel32:KERNEL32.dll
 0005:00000740       __imp__OpenFileMappingA@12 013d5740     kernel32:KERNEL32.dll
 0005:00000744       __imp__RaiseException@16   013d5744     kernel32:KERNEL32.dll
 0005:00000748       __imp__HeapFree@12         013d5748     kernel32:KERNEL32.dll
 0005:0000074c       __imp__HeapAlloc@12        013d574c     kernel32:KERNEL32.dll
 0005:00000750       __imp__GetSystemTimeAsFileTime@4 013d5750     kernel32:KERNEL32.dll
 0005:00000754       __imp__Sleep@4             013d5754     kernel32:KERNEL32.dll
 0005:00000758       __imp__DeleteFileA@4       013d5758     kernel32:KERNEL32.dll
 0005:0000075c       __imp__CompareFileTime@8   013d575c     kernel32:KERNEL32.dll
 0005:00000760       __imp__CreateFileA@28      013d5760     kernel32:KERNEL32.dll
 0005:00000764       __imp__GetFileTime@16      013d5764     kernel32:KERNEL32.dll
 0005:00000768       __imp__FileTimeToSystemTime@8 013d5768     kernel32:KERNEL32.dll
 0005:0000076c       __imp__SystemTimeToTzSpecificLocalTime@12 013d576c     kernel32:KERNEL32.dll
 0005:00000770       __imp__GetDriveTypeA@4     013d5770     kernel32:KERNEL32.dll
 0005:00000774       __imp__OpenFile@12         013d5774     kernel32:KERNEL32.dll
 0005:00000778       __imp__ReadFile@20         013d5778     kernel32:KERNEL32.dll
 0005:0000077c       __imp__CloseHandle@4       013d577c     kernel32:KERNEL32.dll
 0005:00000780       __imp__SetFilePointer@16   013d5780     kernel32:KERNEL32.dll
 0005:00000784       __imp__WriteFile@20        013d5784     kernel32:KERNEL32.dll
 0005:00000788       __imp__MoveFileA@8         013d5788     kernel32:KERNEL32.dll
 0005:0000078c       __imp__SetCurrentDirectoryA@4 013d578c     kernel32:KERNEL32.dll
 0005:00000790       __imp__FindFirstFileA@8    013d5790     kernel32:KERNEL32.dll
 0005:00000794       __imp__FindNextFileA@8     013d5794     kernel32:KERNEL32.dll
 0005:00000798       __imp__FindClose@4         013d5798     kernel32:KERNEL32.dll
 0005:0000079c       __imp__CreateDirectoryA@8  013d579c     kernel32:KERNEL32.dll
 0005:000007a0       __imp__GetLastError@0      013d57a0     kernel32:KERNEL32.dll
 0005:000007a4       __imp__FreeLibrary@4       013d57a4     kernel32:KERNEL32.dll
 0005:000007a8       \177KERNEL32_NULL_THUNK_DATA 013d57a8     kernel32:KERNEL32.dll
 0005:00000834       __imp__BringWindowToTop@4  013d5834     user32:USER32.dll
 0005:00000838       __imp__GetParent@4         013d5838     user32:USER32.dll
 0005:0000083c       __imp__GetClassNameA@12    013d583c     user32:USER32.dll
 0005:00000840       __imp__SendMessageA@16     013d5840     user32:USER32.dll
 0005:00000844       __imp__CopyAcceleratorTableA@12 013d5844     user32:USER32.dll
 0005:00000848       __imp__RegisterClassExA@4  013d5848     user32:USER32.dll
 0005:0000084c       __imp__LoadCursorA@8       013d584c     user32:USER32.dll
 0005:00000850       __imp__LoadIconA@8         013d5850     user32:USER32.dll
 0005:00000854       __imp__DefWindowProcA@16   013d5854     user32:USER32.dll
 0005:00000858       __imp__SetTimer@16         013d5858     user32:USER32.dll
 0005:0000085c       __imp__EndPaint@8          013d585c     user32:USER32.dll
 0005:00000860       __imp__BeginPaint@8        013d5860     user32:USER32.dll
 0005:00000864       __imp__MoveWindow@24       013d5864     user32:USER32.dll
 0005:00000868       __imp__GetCapture@0        013d5868     user32:USER32.dll
 0005:0000086c       __imp__SetCapture@4        013d586c     user32:USER32.dll
 0005:00000870       __imp__ReleaseCapture@0    013d5870     user32:USER32.dll
 0005:00000874       __imp__PostQuitMessage@4   013d5874     user32:USER32.dll
 0005:00000878       __imp__EnableMenuItem@12   013d5878     user32:USER32.dll
 0005:0000087c       __imp__DialogBoxParamA@20  013d587c     user32:USER32.dll
 0005:00000880       __imp__SetDlgItemTextA@12  013d5880     user32:USER32.dll
 0005:00000884       __imp__SetWindowTextA@8    013d5884     user32:USER32.dll
 0005:00000888       __imp__EndDialog@8         013d5888     user32:USER32.dll
 0005:0000088c       __imp__WindowFromPoint@8   013d588c     user32:USER32.dll
 0005:00000890       __imp__KillTimer@8         013d5890     user32:USER32.dll
 0005:00000894       __imp__LoadBitmapA@8       013d5894     user32:USER32.dll
 0005:00000898       __imp__ReleaseDC@8         013d5898     user32:USER32.dll
 0005:0000089c       __imp__FillRect@12         013d589c     user32:USER32.dll
 0005:000008a0       __imp__GetDC@4             013d58a0     user32:USER32.dll
 0005:000008a4       __imp__GetKeyState@4       013d58a4     user32:USER32.dll
 0005:000008a8       __imp__ToAscii@20          013d58a8     user32:USER32.dll
 0005:000008ac       __imp__MapVirtualKeyA@8    013d58ac     user32:USER32.dll
 0005:000008b0       __imp__GetKeyboardState@4  013d58b0     user32:USER32.dll
 0005:000008b4       __imp__GetClassInfoExA@12  013d58b4     user32:USER32.dll
 0005:000008b8       __imp__CloseClipboard@0    013d58b8     user32:USER32.dll
 0005:000008bc       __imp__SetClipboardData@8  013d58bc     user32:USER32.dll
 0005:000008c0       __imp__EmptyClipboard@0    013d58c0     user32:USER32.dll
 0005:000008c4       __imp__OpenClipboard@4     013d58c4     user32:USER32.dll
 0005:000008c8       __imp__GetWindowDC@4       013d58c8     user32:USER32.dll
 0005:000008cc       __imp__SetWindowRgn@12     013d58cc     user32:USER32.dll
 0005:000008d0       __imp__GetWindowRgn@8      013d58d0     user32:USER32.dll
 0005:000008d4       __imp__DrawTextA@20        013d58d4     user32:USER32.dll
 0005:000008d8       __imp__SetWindowPos@28     013d58d8     user32:USER32.dll
 0005:000008dc       __imp__EnumChildWindows@12 013d58dc     user32:USER32.dll
 0005:000008e0       __imp__wsprintfA           013d58e0     user32:USER32.dll
 0005:000008e4       __imp__FindWindowExA@16    013d58e4     user32:USER32.dll
 0005:000008e8       __imp__GetClientRect@8     013d58e8     user32:USER32.dll
 0005:000008ec       __imp__GetSystemMetrics@4  013d58ec     user32:USER32.dll
 0005:000008f0       __imp__LoadImageA@24       013d58f0     user32:USER32.dll
 0005:000008f4       __imp__LoadMenuA@8         013d58f4     user32:USER32.dll
 0005:000008f8       __imp__GetSubMenu@8        013d58f8     user32:USER32.dll
 0005:000008fc       __imp__GetDesktopWindow@0  013d58fc     user32:USER32.dll
 0005:00000900       __imp__GetWindowRect@8     013d5900     user32:USER32.dll
 0005:00000904       __imp__CreateWindowExA@48  013d5904     user32:USER32.dll
 0005:00000908       __imp__SetWindowLongA@12   013d5908     user32:USER32.dll
 0005:0000090c       __imp__ShowWindow@8        013d590c     user32:USER32.dll
 0005:00000910       __imp__LoadAcceleratorsA@8 013d5910     user32:USER32.dll
 0005:00000914       __imp__GetMessageA@16      013d5914     user32:USER32.dll
 0005:00000918       __imp__TranslateMessage@4  013d5918     user32:USER32.dll
 0005:0000091c       __imp__DispatchMessageA@4  013d591c     user32:USER32.dll
 0005:00000920       __imp__GetWindowLongA@8    013d5920     user32:USER32.dll
 0005:00000924       __imp__ClientToScreen@8    013d5924     user32:USER32.dll
 0005:00000928       __imp__TrackPopupMenu@28   013d5928     user32:USER32.dll
 0005:0000092c       __imp__DestroyWindow@4     013d592c     user32:USER32.dll
 0005:00000930       __imp__InvalidateRect@12   013d5930     user32:USER32.dll
 0005:00000934       __imp__IsWindowVisible@4   013d5934     user32:USER32.dll
 0005:00000938       __imp__MessageBoxA@16      013d5938     user32:USER32.dll
 0005:0000093c       \177USER32_NULL_THUNK_DATA 013d593c     user32:USER32.dll
 0005:0000099c       __imp__timeGetTime@0       013d599c     winmm:WINMM.dll
 0005:000009a0       \177WINMM_NULL_THUNK_DATA  013d59a0     winmm:WINMM.dll

 entry point at        0002:00003e9e

